 S0C    S1C    S0U    S1U      EC       EU        OC         OU       PC     PU    YGC     YGCT    FGC    FGCT     GCT   
43648.0 43648.0  0.0   25711.2 87424.0  80484.7   349568.0   153978.1  147068.0 88351.1     57    2.133  20      0.742    2.875
43648.0 43648.0  0.0   25711.2 87424.0  81130.5   349568.0   153978.1  147068.0 88351.1     57    2.133  20      0.742    2.875
43648.0 43648.0  0.0   25711.2 87424.0  81130.5   349568.0   153978.1  147068.0 88351.1     57    2.133  20      0.742    2.875
43648.0 43648.0  0.0   25711.2 87424.0  81450.2   349568.0   153978.1  147068.0 88351.1     57    2.133  20      0.742    2.875
43648.0 43648.0  0.0   25711.2 87424.0  81450.2   349568.0   153978.1  147068.0 88351.1     57    2.133  20      0.742    2.875
43648.0 43648.0  0.0   25711.2 87424.0  81673.8   349568.0   153978.1  147068.0 88353.9     57    2.133  20      0.742    2.875
43648.0 43648.0  0.0   25711.2 87424.0  82688.0   349568.0   153978.1  147068.0 88354.1     57    2.133  20      0.742    2.875
43648.0 43648.0  0.0   25711.2 87424.0  83332.5   349568.0   153978.1  147068.0 88354.3     57    2.133  20      0.742    2.875
43648.0 43648.0  0.0   25711.2 87424.0  87105.3   349568.0   153978.1  147068.0 88371.9     57    2.133  20      0.742    2.875
43648.0 43648.0 27740.1  0.0   87424.0  62861.3   349568.0   153978.1  147068.0 89650.0     58    2.198  20      0.742    2.940
43648.0 43648.0 27740.1  0.0   87424.0  81685.7   349568.0   153978.1  147068.0 89748.2     58    2.198  20      0.742    2.940
43648.0 43648.0  0.0   35895.6 87424.0   3445.1   349568.0   153978.1  147068.0 89766.6     59    2.274  20      0.742    3.016
43648.0 43648.0  0.0   35895.6 87424.0  34166.4   349568.0   153978.1  147068.0 90483.0     59    2.274  20      0.742    3.016
43648.0 43648.0 22511.7  0.0   87424.0   795.4    349568.0   161384.9  147068.0 91457.1     60    2.383  20      0.742    3.125
43648.0 43648.0 22511.7  0.0   87424.0  18398.0   349568.0   161384.9  147068.0 91521.9     60    2.383  20      0.742    3.125
43648.0 43648.0 22511.7  0.0   87424.0  36832.0   349568.0   161384.9  147068.0 91563.4     60    2.383  20      0.742    3.125
43648.0 43648.0  0.0   28357.2 87424.0  57523.9   349568.0   161384.9  147068.0 92790.2     61    2.427  20      0.742    3.169
43648.0 43648.0  0.0   25855.3 87424.0   7847.1   349568.0   165836.8  147068.0 95285.6     63    2.555  20      0.742    3.297
43648.0 43648.0  0.0   28766.9 87424.0  20840.7   349568.0   165836.8  147068.0 95586.2     67    2.681  20      0.742    3.423
43648.0 43648.0 16798.0  0.0   87424.0   3082.3   349568.0   175273.6  147068.0 95678.4     74    2.938  20      0.742    3.680
43648.0 43648.0 14808.0  0.0   87424.0   8928.6   349568.0   171643.9  160840.0 96517.6     84    3.109  22      0.839    3.947
43648.0 43648.0  0.0   25043.2 87424.0  24251.0   349568.0   172747.5  161312.0 96793.3     93    3.265  24      0.907    4.171
43648.0 43648.0  0.0   11221.4 87424.0  50744.9   349568.0   184526.6  161312.0 96836.0    105    3.472  25      0.939    4.411
43648.0 43648.0 8195.2  0.0   87424.0  71442.4   349568.0   189580.1  161312.0 97038.3    114    3.633  26      0.976    4.609
43648.0 43648.0  0.0   20427.0 87424.0    0.0     349568.0   192412.9  161792.0 97143.2    129    3.839  27      1.006    4.845
43648.0 43648.0  0.0   21064.7 87424.0    0.0     349568.0   200806.2  161792.0 97221.1    143    4.080  27      1.006    5.086
43648.0 43648.0 19048.7  0.0   87424.0  53103.1   349568.0   210686.3  161792.0 97291.0    158    4.410  27      1.006    5.416
43648.0 43648.0  0.0   26066.4 87424.0  47269.6   349568.0   221866.5  161792.0 97354.9    173    4.782  27      1.006    5.788
43648.0 43648.0 30821.6  0.0   87424.0  62248.4   396384.0   239464.1  162568.0 97592.8    190    5.138  29      1.083    6.222
43648.0 43648.0 18976.2  0.0   87424.0  22979.2   396384.0   263738.8  162568.0 97666.4    206    5.425  29      1.083    6.508
43648.0 43648.0  0.0   12329.3 87424.0  49416.0   425872.0   260535.9  162784.0 97672.8    219    5.634  31      1.158    6.793
43648.0 43648.0  0.0   12485.3 87424.0    0.0     425872.0   264881.1  162784.0 97685.0    227    5.830  31      1.158    6.989
43648.0 43648.0 13440.3  0.0   87424.0  76828.1   437724.0   263601.1  162976.0 97692.4    236    6.011  33      1.282    7.293
43648.0 43648.0  0.0   17964.5 87424.0  25207.3   437724.0   269825.7  162976.0 97800.1    245    6.237  33      1.282    7.518
43648.0 43648.0 19311.3  0.0   87424.0    0.0     437724.0   277464.6  162976.0 97804.2    254    6.478  33      1.282    7.759
43648.0 43648.0  0.0   15730.6 87424.0  40648.5   437724.0   283650.1  162976.0 97804.8    261    6.675  33      1.282    7.957
43648.0 43648.0  0.0   15130.5 87424.0  51054.8   437724.0   290922.0  162976.0 97808.2    269    6.847  33      1.282    8.128
43648.0 43648.0 15634.4  0.0   87424.0   9660.4   437724.0   293953.0  162976.0 97810.5    276    7.025  34      1.375    8.400
43648.0 43648.0  0.0   15384.7 87424.0  61990.6   496608.0   299066.9  163168.0 97821.3    287    7.249  35      1.442    8.691
43648.0 43648.0  0.0   26496.7 87424.0  17438.5   496608.0   309539.9  163168.0 97824.1    303    7.591  35      1.442    9.033
43648.0 43648.0  0.0   26579.6 87424.0  32253.8   496608.0   323993.5  163168.0 97828.0    315    7.868  35      1.442    9.310
43648.0 43648.0  0.0   26232.8 87424.0    0.0     496608.0   339443.3  163168.0 97830.5    329    8.132  36      1.483    9.615
43648.0 43648.0 27298.9  0.0   87424.0   5849.1   568188.0   351827.8  163168.0 97845.8    346    8.450  37      1.515    9.965
43648.0 43648.0 35774.5  0.0   87424.0  62985.4   568188.0   378616.0  163168.0 97868.6    366    8.895  37      1.515   10.411
43648.0 43648.0 31863.4  0.0   87424.0  77595.8   568188.0   403402.4  163168.0 97893.2    386    9.366  38      1.558   10.924
43648.0 43648.0  0.0   28556.8 87424.0  74015.4   678372.0   449460.6  163168.0 97909.6    411    9.908  39      1.594   11.502
43648.0 43648.0 30193.4  0.0   87424.0    0.0     699072.0   480153.7  163360.0 97950.3    436   10.463  41      1.662   12.125
43648.0 43648.0  0.0   27428.1 87424.0  66738.3   699072.0   496608.9  163360.0 97961.2    457   10.886  43      1.735   12.621
43648.0 43648.0  0.0   22451.5 87424.0  80233.8   699072.0   502094.0  163360.0 97987.7    467   11.171  45      1.864   13.035
43648.0 43648.0 28953.3  0.0   87424.0  58989.9   699072.0   510784.8  163360.0 97990.9    478   11.498  47      1.937   13.435
43648.0 43648.0  0.0   23117.2 87424.0  83156.8   699072.0   520496.4  163360.0 97995.2    488   11.749  48      1.992   13.741
43648.0 43648.0  0.0   22098.5 87424.0  65200.7   699072.0   529146.5  163360.0 97996.7    499   11.998  49      2.021   14.018
43648.0 43648.0 18072.4  0.0   87424.0  70297.4   699072.0   532655.0  163360.0 97998.2    506   12.229  50      2.067   14.296
43648.0 43648.0  0.0   13887.6 87424.0  28009.2   699072.0   540523.9  163360.0 98012.0    517   12.523  51      2.124   14.647
43648.0 43648.0  0.0   20753.4 87424.0  63283.4   699072.0   551959.4  163360.0 98023.0    531   12.765  51      2.124   14.889
43648.0 43648.0 24031.6  0.0   87424.0  84991.4   699072.0   562178.8  163360.0 98026.9    546   13.130  52      2.168   15.298
43648.0 43648.0 30526.6  0.0   87424.0  24110.3   699072.0   571497.4  163552.0 98035.5    558   13.438  53      2.226   15.663
43648.0 43648.0  0.0   33553.6 87424.0  25963.1   699072.0   592050.3  163552.0 98049.8    575   13.867  54      2.274   16.141
43648.0 43648.0 28489.2  0.0   87424.0  63250.5   699072.0   606528.5  163552.0 98053.4    590   14.238  55      2.312   16.550
43648.0 43648.0  0.0   27400.0 87424.0  45021.8   699072.0   627561.6  163552.0 98059.3    603   14.565  56      2.371   16.936
43648.0 43648.0  0.0   21278.8 87424.0  22283.8   699072.0   645553.0  163552.0 98079.7    621   14.948  58      2.448   17.396
43648.0 43648.0 26170.4  0.0   87424.0  42719.3   699072.0   656747.9  163552.0 98134.1    640   15.333  59      2.481   17.813
43648.0 43648.0 20852.7  0.0   87424.0  34525.3   699072.0   670646.5  163744.0 98142.4    656   15.632  61      2.554   18.186
43648.0 43648.0  0.0   10174.4 87424.0  28535.9   699072.0   676081.3  163744.0 98143.2    665   15.873  61      2.554   18.427
43648.0 43648.0 18775.6  0.0   87424.0  25844.9   699072.0   681534.7  163744.0 98149.9    678   16.208  62      2.629   18.837
43648.0 43648.0 30171.1  0.0   87424.0  36254.6   699072.0   689179.8  163744.0 98154.4    696   16.586  63      2.660   19.246
43648.0 43648.0  0.0   14925.6 87424.0   7834.0   699072.0   693582.6  163744.0 97991.5    712   16.872  68      2.957   19.829
43648.0 43648.0  0.0   18497.1 87424.0    0.0     699072.0   697498.4  163744.0 97992.6    728   17.155  72      3.062   20.217
87360.0 87360.0 70046.1  0.0   174784.0 174784.0  699072.0   699071.9  163744.0 97983.5    729   17.250  76      6.282   23.532
87360.0 87360.0 87359.8  0.0   174784.0 174784.0  699072.0   699071.9  163744.0 97988.1    729   17.250  81      9.426   26.675
87360.0 87360.0  0.0    0.0   174784.0 166211.8  699072.0   699072.0  163744.0 97988.6    729   17.250  84     13.207   30.457
87360.0 87360.0 14755.6  0.0   174784.0 174784.0  699072.0   699072.0  163744.0 97990.9    729   17.250  88     16.340   33.590
87360.0 87360.0 18200.3  0.0   174784.0 174784.0  699072.0   699072.0  163744.0 97990.9    729   17.250  92     19.523   36.773
87360.0 87360.0 31061.2  0.0   174784.0 174784.0  699072.0   699045.0  163744.0 97991.1    729   17.250  96     22.866   40.116
87360.0 87360.0  0.0   45832.8 174784.0 121761.7  699072.0   697434.8  163744.0 97995.7    730   17.429  100    26.069   43.498
87360.0 87360.0  0.0   87360.0 174784.0 174784.0  699072.0   699072.0  163744.0 97997.0    734   18.338  103    27.460   45.798
87360.0 87360.0  0.0   87360.0 174784.0 174784.0  699072.0   699072.0  163744.0 97997.0    734   18.338  107    31.480   49.818
87360.0 87360.0  0.0   87359.9 174784.0 174784.0  699072.0   699072.0  163744.0 97893.2    734   18.338  111    35.010   53.347
87360.0 87360.0  0.0   87360.0 174784.0 174784.0  699072.0   699072.0  163744.0 97873.2    734   18.338  115    38.290   56.628
87360.0 87360.0  0.0   17286.2 174784.0 174784.0  699072.0   698717.8  163744.0 97863.0    734   18.338  118    42.285   60.623
87360.0 87360.0  0.0    0.0   174784.0 51733.6   699072.0   697514.7  163744.0 97841.9    734   18.338  122    45.756   64.094
87360.0 87360.0  0.0   87360.0 174784.0 174784.0  699072.0   698966.1  163744.0 97842.1    734   18.338  125    47.335   65.672
87360.0 87360.0  0.0   87360.0 174784.0 174784.0  699072.0   698977.9  163744.0 97842.1    734   18.338  129    51.646   69.984
87360.0 87360.0  0.0   87360.0 174784.0 174784.0  699072.0   698989.9  163744.0 97845.6    734   18.338  133    54.972   73.309
87360.0 87360.0  0.0   87360.0 174784.0 174784.0  699072.0   698914.2  163744.0 97847.4    734   18.338  137    58.178   76.515
87360.0 87360.0  0.0    0.0   174784.0 141625.9  699072.0   699072.0  163744.0 97840.6    736   18.878  140    61.730   80.608
87360.0 87360.0  0.0   4662.9 174784.0 174784.0  699072.0   699072.0  163744.0 97835.6    736   18.878  144    64.957   83.836
87360.0 87360.0  0.0   23051.9 174784.0 174784.0  699072.0   699072.0  163744.0 97835.8    736   18.878  148    68.455   87.333
87360.0 87360.0  0.0   28531.6 174784.0 174784.0  699072.0   699072.0  163744.0 97842.5    736   18.878  152    72.029   90.907
87360.0 87360.0  0.0   23763.8 174784.0 174784.0  699072.0   699072.0  163744.0 97793.3    736   18.878  156    75.705   94.584
87360.0 87360.0  0.0   87360.0 174784.0 174784.0  699072.0   699071.9  163744.0 97793.3    736   18.878  159    77.492   96.370
87360.0 87360.0  0.0   87359.9 174784.0 174784.0  699072.0   699072.0  163744.0 97794.1    736   18.878  163    81.828  100.706
87360.0 87360.0  0.0   87360.0 174784.0 174784.0  699072.0   699072.0  163744.0 97766.6    736   18.878  167    85.465  104.343
87360.0 87360.0  0.0   87360.0 174784.0 174784.0  699072.0   699072.0  163744.0 97766.6    736   18.878  171    89.062  107.940
87360.0 87360.0  0.0   87359.8 174784.0 174784.0  699072.0   699072.0  163744.0 97766.6    736   18.878  175    92.953  111.831
87360.0 87360.0  0.0   87360.0 174784.0 174784.0  699072.0   699072.0  163744.0 97766.6    736   18.878  179    96.884  115.762
87360.0 87360.0  0.0   87360.0 174784.0 174784.0  699072.0   699071.9  163744.0 97769.9    736   18.878  183   100.791  119.670
87360.0 87360.0  0.0   87360.0 174784.0 174784.0  699072.0   699072.0  163744.0 97770.3    736   18.878  187   104.702  123.580
87360.0 87360.0  0.0   87359.8 174784.0 174784.0  699072.0   699072.0  163744.0 97770.3    736   18.878  191   108.376  127.254
87360.0 87360.0  0.0   87360.0 174784.0 174784.0  699072.0   699072.0  163744.0 97771.9    736   18.878  195   112.415  131.294
87360.0 87360.0  0.0   87359.9 174784.0 174784.0  699072.0   699072.0  163744.0 97772.2    736   18.878  199   116.026  134.904
87360.0 87360.0  0.0   87360.0 174784.0 174784.0  699072.0   699072.0  163744.0 97772.2    736   18.878  203   119.648  138.526
87360.0 87360.0  0.0   38129.7 174784.0 174784.0  699072.0   699072.0  163744.0 97772.2    736   18.878  206   124.339  143.217
87360.0 87360.0  0.0   44091.1 174784.0 174784.0  699072.0   699071.9  163744.0 97817.6    736   18.878  210   128.215  147.093
87360.0 87360.0  0.0   2146.7 174784.0 174784.0  699072.0   699072.0  163744.0 97817.6    736   18.878  214   132.101  150.979
87360.0 87360.0  0.0   78207.0 174784.0 174784.0  699072.0   699071.8  163744.0 97817.6    736   18.878  218   135.627  154.505
87360.0 87360.0  0.0   17120.9 174784.0 174784.0  699072.0   699072.0  163744.0 97817.6    736   18.878  222   139.716  158.595
87360.0 87360.0  0.0   87360.0 174784.0 174784.0  699072.0   699071.9  163744.0 97817.6    736   18.878  225   142.250  161.129
87360.0 87360.0  0.0   87360.0 174784.0 174784.0  699072.0   699072.0  163744.0 97817.6    736   18.878  229   146.002  164.880
87360.0 87360.0  0.0   87360.0 174784.0 174784.0  699072.0   699072.0  163744.0 97817.6    736   18.878  233   149.602  168.481
87360.0 87360.0  0.0   87360.0 174784.0 174784.0  699072.0   699072.0  163744.0 97817.6    736   18.878  237   153.386  172.264
87360.0 87360.0  0.0   87360.0 174784.0 174784.0  699072.0   699072.0  163744.0 97823.0    736   18.878  241   156.945  175.823
87360.0 87360.0  0.0   87347.9 174784.0 174784.0  699072.0   699071.9  163744.0 97823.0    736   18.878  245   161.099  179.977
87360.0 87360.0  0.0   87360.0 174784.0 174784.0  699072.0   699072.0  163744.0 97823.0    736   18.878  249   164.691  183.569
87360.0 87360.0  0.0   87359.8 174784.0 174784.0  699072.0   699071.6  163744.0 97824.8    736   18.878  253   168.631  187.509
87360.0 87360.0  0.0   14828.3 174784.0 174784.0  699072.0   699071.9  163744.0 97826.6    736   18.878  258   174.065  192.943
87360.0 87360.0  0.0   82895.7 174784.0 174784.0  699072.0   699072.0  163744.0 97826.6    736   18.878  263   177.584  196.462
87360.0 87360.0  0.0   28258.9 174784.0 174784.0  699072.0   699072.0  163744.0 97826.6    736   18.878  266   181.419  200.297
87360.0 87360.0  0.0   43739.1 174784.0 174784.0  699072.0   699072.0  163744.0 97826.6    736   18.878  270   185.431  204.310
87360.0 87360.0  0.0   87360.0 174784.0 174784.0  699072.0   699071.9  163744.0 97827.2    736   18.878  273   187.979  206.857
87360.0 87360.0  0.0   87360.0 174784.0 174784.0  699072.0   699072.0  163744.0 97827.2    736   18.878  277   192.270  211.148
87360.0 87360.0  0.0   87360.0 174784.0 174784.0  699072.0   699071.9  163744.0 97828.3    736   18.878  281   196.190  215.068
87360.0 87360.0  0.0   87358.6 174784.0 174784.0  699072.0   699072.0  163744.0 97828.3    736   18.878  285   200.972  219.850
87360.0 87360.0  0.0   45323.8 174784.0 174784.0  699072.0   699071.8  163744.0 97828.3    736   18.878  288   205.185  224.063
87360.0 87360.0 35812.9  0.0   174784.0 174784.0  699072.0   699072.0  163744.0 97828.3    737   19.364  292   209.222  228.586
87360.0 87360.0 26161.7  0.0   174784.0 174784.0  699072.0   699071.9  163744.0 97828.3    737   19.364  296   213.215  232.580
87360.0 87360.0 21128.0  0.0   174784.0 174784.0  699072.0   699072.0  163744.0 97828.3    737   19.364  300   216.929  236.294
87360.0 87360.0  0.0    0.0   174784.0 141618.9  699072.0   699072.0  163744.0 97828.3    737   19.364  304   220.961  240.326
87360.0 87360.0 87359.9  0.0   174784.0 174784.0  699072.0   699071.9  163744.0 97828.3    737   19.364  307   223.160  242.524
87360.0 87360.0 87360.0  0.0   174784.0 174784.0  699072.0   699072.0  163744.0 97828.6    737   19.364  311   227.100  246.464
87360.0 87360.0 87360.0  0.0   174784.0 174784.0  699072.0   699072.0  163744.0 97828.6    737   19.364  315   231.390  250.754
87360.0 87360.0 87360.0  0.0   174784.0 174784.0  699072.0   699072.0  163744.0 97828.6    737   19.364  319   234.992  254.356
87360.0 87360.0 87360.0  0.0   174784.0 174784.0  699072.0   699071.9  163744.0 97828.6    737   19.364  323   239.392  258.756
87360.0 87360.0 87359.9  0.0   174784.0 174784.0  699072.0   699072.0  163744.0 97828.6    737   19.364  327   243.018  262.383
87360.0 87360.0 87360.0  0.0   174784.0 174784.0  699072.0   699072.0  163744.0 97828.6    737   19.364  331   246.315  265.679
87360.0 87360.0 44946.6  0.0   174784.0 174784.0  699072.0   699071.9  163744.0 97828.6    737   19.364  334   249.892  269.256
87360.0 87360.0  0.0    0.0   174784.0 119966.4  699072.0   699071.8  163744.0 97828.6    737   19.364  338   253.497  272.862
87360.0 87360.0  0.0    0.0   174784.0 118895.3  699072.0   699072.0  163744.0 97828.6    737   19.364  342   257.023  276.387
87360.0 87360.0 87360.0  0.0   174784.0 174784.0  699072.0   699072.0  163744.0 97828.7    737   19.364  345   259.212  278.577
87360.0 87360.0 87359.9  0.0   174784.0 174784.0  699072.0   699071.9  163744.0 97828.7    737   19.364  349   262.808  282.173
87360.0 87360.0 87360.0  0.0   174784.0 174784.0  699072.0   699072.0  163744.0 97828.7    737   19.364  353   266.194  285.559
87360.0 87360.0  0.0    0.0   174784.0 121591.1  699072.0   699071.8  163744.0 97828.7    737   19.364  358   271.366  290.731
87360.0 87360.0 87356.3  0.0   174784.0 174784.0  699072.0   699072.0  163744.0 97828.7    737   19.364  361   273.357  292.722
87360.0 87360.0 87360.0  0.0   174784.0 174784.0  699072.0   699071.9  163744.0 97828.7    737   19.364  365   277.008  296.373
87360.0 87360.0 38194.1  0.0   174784.0 174784.0  699072.0   699072.0  163744.0 97828.7    737   19.364  370   282.084  301.448
87360.0 87360.0 75774.8  0.0   174784.0 174784.0  699072.0   699072.0  163744.0 97829.2    737   19.364  374   285.498  304.862
87360.0 87360.0 61882.7  0.0   174784.0 174784.0  699072.0   699072.0  163744.0 97829.2    737   19.364  378   288.824  308.188
87360.0 87360.0 87359.0  0.0   174784.0 174784.0  699072.0   699071.8  163744.0 97831.0    737   19.364  383   292.205  311.569
87360.0 87360.0 75650.1  0.0   174784.0 174784.0  699072.0   699071.6  163744.0 97831.0    737   19.364  385   294.179  313.544
87360.0 87360.0  0.0    0.0   174784.0 173557.0  699072.0   699072.0  163744.0 97831.0    738   19.364  389   297.870  317.234
87360.0 87360.0 87360.0  0.0   174784.0 174784.0  699072.0   699071.5  163744.0 97831.0    739   19.364  393   300.020  319.384
87360.0 87360.0 76394.9  0.0   174784.0 174784.0  699072.0   699071.9  163744.0 97831.0    739   19.364  395   302.469  321.833
87360.0 87360.0 87346.0  0.0   174784.0 174784.0  699072.0   699071.9  163744.0 97831.0    740   19.364  396   302.469  321.833
87360.0 87360.0 87360.0  0.0   174784.0 174784.0  699072.0   699072.0  163744.0 97831.0    741   19.365  399   305.099  324.464
87360.0 87360.0 62286.1  0.0   174784.0 174784.0  699072.0   694957.5  163744.0 97831.0    741   19.365  401   307.772  327.137
87360.0 87360.0  0.0   87360.0 174784.0 174784.0  699072.0   699071.8  163744.0 97831.0    742   20.183  404   309.532  329.714
87360.0 87360.0  0.0   87360.0 174784.0 174784.0  699072.0   699072.0  163744.0 97831.0    742   20.183  408   312.665  332.848
87360.0 87360.0  0.0   87360.0 174784.0 174784.0  699072.0   699071.7  163744.0 97831.0    742   20.183  412   315.981  336.164
87360.0 87360.0  0.0   87360.0 174784.0 174784.0  699072.0   699071.6  163744.0 97831.0    743   20.183  415   317.913  338.096
87360.0 87360.0  0.0   87360.0 174784.0 174784.0  699072.0   699071.8  163744.0 97831.8    743   20.183  420   321.457  341.640
87360.0 87360.0  0.0   87360.0 174784.0 174784.0  699072.0   699071.8  163744.0 97833.3    744   20.183  423   323.312  343.495
87360.0 87360.0  0.0   72285.7 174784.0 174784.0  699072.0   699071.4  163744.0 97836.7    744   20.183  425   326.437  346.620
87360.0 87360.0  0.0   87360.0 174784.0 174784.0  699072.0   699071.7  163744.0 97836.7    746   20.183  429   328.591  348.773
87360.0 87360.0  0.0    0.0   174784.0 172364.8  699072.0   699072.0  163744.0 97836.7    746   20.183  432   332.425  352.607
87360.0 87360.0  0.0   87360.0 174784.0 174784.0  699072.0   699072.0  163744.0 97836.7    746   20.183  435   334.051  354.234
87360.0 87360.0  0.0   87360.0 174784.0 174784.0  699072.0   699071.9  163744.0 97837.5    746   20.183  439   338.116  358.299
87360.0 87360.0  0.0   87360.0 174784.0 174784.0  699072.0   699072.0  163744.0 97837.6    746   20.183  443   342.197  362.380
87360.0 87360.0  0.0    0.0   174784.0 151052.5  699072.0   699072.0  163744.0 97837.5    746   20.183  446   346.529  366.712
87360.0 87360.0  0.0   87347.0 174784.0 174784.0  699072.0   699072.0  163744.0 97837.5    746   20.183  449   348.234  368.417
87360.0 87360.0  0.0    0.0   174784.0 174682.0  699072.0   699072.0  163744.0 97840.8    746   20.183  454   353.198  373.381
87360.0 87360.0  0.0   38869.2 174784.0 174784.0  699072.0   699072.0  163744.0 97840.8    746   20.183  458   356.561  376.744
87360.0 87360.0  0.0   19014.4 174784.0 174784.0  699072.0   699072.0  163744.0 97840.8    746   20.183  462   360.364  380.547
87360.0 87360.0  0.0   79553.0 174784.0 174784.0  699072.0   699071.7  163744.0 97840.8    746   20.183  466   363.493  383.676
87360.0 87360.0  0.0   87359.9 174784.0 174784.0  699072.0   699071.7  163744.0 97840.8    746   20.183  471   366.786  386.969
87360.0 87360.0  0.0   62169.8 174784.0 174784.0  699072.0   699072.0  163744.0 97840.8    746   20.183  474   370.635  390.817
87360.0 87360.0  0.0    0.0   174784.0 167560.8  699072.0   695089.6  163744.0 97840.8    746   20.183  478   374.368  394.551
87360.0 87360.0  0.0   87360.0 174784.0 174784.0  699072.0   698916.4  163744.0 97840.8    746   20.183  481   376.139  396.322
87360.0 87360.0  0.0   87360.0 174784.0 174784.0  699072.0   699031.2  163744.0 97841.0    746   20.183  485   379.949  400.132
87360.0 87360.0  0.0   87360.0 174784.0 174784.0  699072.0   698888.4  163744.0 97841.0    746   20.183  489   383.541  403.724
87360.0 87360.0  0.0   24626.6 174784.0 174784.0  699072.0   695328.2  163744.0 97841.0    746   20.183  492   387.382  407.565
87360.0 87360.0  0.0   87360.0 174784.0 174784.0  699072.0   695351.7  163744.0 97841.0    747   20.183  496   389.701  409.884
87360.0 87360.0  0.0   54862.2 174784.0 174784.0  699072.0   695234.4  163744.0 97841.0    747   20.183  498   392.212  412.395
87360.0 87360.0  0.0    0.0   174784.0 171818.0  699072.0   695187.9  163744.0 97842.6    748   20.183  500   394.147  414.330
87360.0 87360.0  0.0   87360.0 174784.0 174784.0  699072.0   699022.1  163744.0 97842.6    748   20.183  504   395.782  415.965
87360.0 87360.0  0.0   54618.5 174784.0 174784.0  699072.0   695438.4  163744.0 97842.6    748   20.183  507   399.335  419.518
87360.0 87360.0  0.0   55876.9 174784.0 174784.0  699072.0   695397.9  163744.0 97842.6    748   20.183  508   399.456  419.639
87360.0 87360.0  0.0   60501.9 174784.0 174784.0  699072.0   695397.9  163744.0 97842.6    748   20.183  508   399.456  419.639
87360.0 87360.0  0.0   65684.0 174784.0 174784.0  699072.0   695397.9  163744.0 97842.6    748   20.183  508   399.456  419.639
87360.0 87360.0  0.0   66396.4 174784.0 174784.0  699072.0   695397.9  163744.0 97842.6    748   20.183  508   399.456  419.639
87360.0 87360.0  0.0   66542.2 174784.0 174784.0  699072.0   695397.9  163744.0 97842.6    748   20.183  508   399.456  419.639
87360.0 87360.0  0.0   66696.1 174784.0 174784.0  699072.0   695397.9  163744.0 97842.6    748   20.183  508   399.456  419.639
87360.0 87360.0  0.0   66907.9 174784.0 174784.0  699072.0   695397.9  163744.0 97842.6    748   20.183  508   399.456  419.639
87360.0 87360.0  0.0   69552.4 174784.0 174784.0  699072.0   695397.9  163744.0 97842.6    748   20.183  508   399.456  419.639
87360.0 87360.0  0.0   74362.3 174784.0 174784.0  699072.0   695397.9  163744.0 97842.6    748   20.183  508   399.456  419.639
87360.0 87360.0  0.0   74397.8 174784.0 174784.0  699072.0   695397.9  163744.0 97842.6    748   20.183  508   399.456  419.639
87360.0 87360.0  0.0   87360.0 174784.0 174784.0  699072.0   695397.9  163744.0 97842.6    749   20.183  509   399.456  419.639
87360.0 87360.0  0.0    0.0   174784.0 140359.9  699072.0   695374.8  163744.0 97842.6    750   20.183  513   403.541  423.724
87360.0 87360.0  0.0   804.3  174784.0 174784.0  699072.0   695374.4  163744.0 97842.6    750   20.183  514   403.899  424.082
87360.0 87360.0  0.0   804.3  174784.0 174784.0  699072.0   695374.4  163744.0 97842.6    750   20.183  514   403.899  424.082
87360.0 87360.0  0.0   6616.2 174784.0 174784.0  699072.0   695374.4  163744.0 97842.7    750   20.183  514   403.899  424.082
87360.0 87360.0  0.0   87359.9 174784.0 174784.0  699072.0   695374.4  163744.0 97842.7    751   20.183  515   403.899  424.082
87360.0 87360.0  0.0   87359.8 174784.0 174784.0  699072.0   699072.0  163744.0 97842.6    751   20.183  517   406.047  426.230
87360.0 87360.0  0.0   87360.0 174784.0 174784.0  699072.0   699072.0  163744.0 97842.6    751   20.183  521   410.063  430.246
87360.0 87360.0  0.0    0.0   174784.0 169954.6  699072.0   699071.9  163744.0 97842.6    751   20.183  523   412.620  432.803
87360.0 87360.0  0.0    0.0   174784.0 173632.5  699072.0   699071.9  163744.0 97842.6    751   20.183  523   412.620  432.803
87360.0 87360.0  0.0   3195.1 174784.0 174784.0  699072.0   699071.9  163744.0 97842.6    751   20.183  523   412.620  432.803
87360.0 87360.0  0.0   3228.0 174784.0 174784.0  699072.0   699071.9  163744.0 97842.6    751   20.183  523   412.620  432.803
87360.0 87360.0  0.0   3373.9 174784.0 174784.0  699072.0   699071.9  163744.0 97842.6    751   20.183  523   412.620  432.803
87360.0 87360.0  0.0   87359.7 174784.0 174784.0  699072.0   699071.9  163744.0 97842.6    752   20.183  524   412.620  432.803
87360.0 87360.0  0.0   42344.3 174784.0 174784.0  699072.0   699072.0  163744.0 97842.6    752   20.183  526   414.354  434.537
87360.0 87360.0  0.0   43493.3 174784.0 174784.0  699072.0   699072.0  163744.0 97842.6    752   20.183  526   414.354  434.537
87360.0 87360.0  0.0   45245.1 174784.0 174784.0  699072.0   699072.0  163744.0 97842.6    752   20.183  526   414.354  434.537
87360.0 87360.0  0.0   45310.1 174784.0 174784.0  699072.0   699072.0  163744.0 97842.6    752   20.183  526   414.354  434.537
87360.0 87360.0  0.0   45457.5 174784.0 174784.0  699072.0   699072.0  163744.0 97842.6    752   20.183  526   414.354  434.537
87360.0 87360.0  0.0   48064.9 174784.0 174784.0  699072.0   699072.0  163744.0 97842.6    752   20.183  526   414.354  434.537
87360.0 87360.0  0.0   48386.8 174784.0 174784.0  699072.0   699072.0  163744.0 97842.6    752   20.183  526   414.354  434.537
87360.0 87360.0  0.0   49938.9 174784.0 174784.0  699072.0   699072.0  163744.0 97842.6    752   20.183  526   414.354  434.537
87360.0 87360.0  0.0   55709.6 174784.0 174784.0  699072.0   699072.0  163744.0 97843.4    752   20.183  526   414.354  434.537
87360.0 87360.0  0.0   55767.2 174784.0 174784.0  699072.0   699072.0  163744.0 97843.4    752   20.183  526   414.354  434.537
87360.0 87360.0  0.0   55914.7 174784.0 174784.0  699072.0   699072.0  163744.0 97843.4    752   20.183  526   414.354  434.537
87360.0 87360.0  0.0   55988.1 174784.0 174784.0  699072.0   699072.0  163744.0 97843.4    752   20.183  526   414.354  434.537
87360.0 87360.0  0.0   56107.5 174784.0 174784.0  699072.0   699072.0  163744.0 97843.4    752   20.183  526   414.354  434.537
87360.0 87360.0  0.0   56179.7 174784.0 174784.0  699072.0   699072.0  163744.0 97843.4    752   20.183  526   414.354  434.537
87360.0 87360.0  0.0   87360.0 174784.0 174784.0  699072.0   699072.0  163744.0 97844.8    753   20.183  527   414.354  434.537
87360.0 87360.0  0.0   87359.9 174784.0 174784.0  699072.0   699071.9  163744.0 97844.8    754   20.183  530   416.501  436.684
87360.0 87360.0  0.0   87360.0 174784.0 174784.0  699072.0   699072.0  163744.0 97844.8    754   20.183  534   419.623  439.806
87360.0 87360.0  0.0   41628.3 174784.0 174784.0  699072.0   699072.0  163744.0 97844.8    754   20.183  536   421.421  441.604
87360.0 87360.0  0.0   41777.3 174784.0 174784.0  699072.0   699072.0  163744.0 97844.8    754   20.183  536   421.421  441.604
87360.0 87360.0  0.0   59717.4 174784.0 174784.0  699072.0   699072.0  163744.0 97844.8    754   20.183  536   421.421  441.604
87360.0 87360.0  0.0    0.0   174784.0 133896.3  699072.0   699072.0  163744.0 97844.8    755   20.183  538   423.273  443.457
87360.0 87360.0  0.0    0.0   174784.0 155843.1  699072.0   699072.0  163744.0 97844.8    756   20.183  542   424.846  445.030
87360.0 87360.0  0.0    0.0   174784.0 157774.9  699072.0   699072.0  163744.0 97844.8    756   20.183  542   424.959  445.142
87360.0 87360.0  0.0    0.0   174784.0 160461.2  699072.0   699072.0  163744.0 97844.8    756   20.183  542   424.959  445.142
87360.0 87360.0  0.0    0.0   174784.0 162788.8  699072.0   699072.0  163744.0 97845.9    756   20.183  542   424.959  445.142
87360.0 87360.0  0.0    0.0   174784.0 162861.2  699072.0   699072.0  163744.0 97845.9    756   20.183  542   424.959  445.142
87360.0 87360.0  0.0    0.0   174784.0 169557.8  699072.0   699072.0  163744.0 97845.9    756   20.183  542   424.959  445.142
87360.0 87360.0  0.0    0.0   174784.0 171102.4  699072.0   699072.0  163744.0 97845.9    756   20.183  542   424.959  445.142
87360.0 87360.0  0.0   21786.0 174784.0 174784.0  699072.0   699072.0  163744.0 97845.9    757   20.183  544   426.569  446.752
87360.0 87360.0  0.0   43140.9 174784.0 174784.0  699072.0   699072.0  163744.0 97845.9    757   20.183  545   426.688  446.871
87360.0 87360.0  0.0   85919.7 174784.0 174784.0  699072.0   699072.0  163744.0 97845.9    757   20.183  545   426.688  446.871
87360.0 87360.0  0.0   87359.7 174784.0 174784.0  699072.0   699071.9  163744.0 97845.9    759   20.183  549   428.708  448.891
87360.0 87360.0  0.0   87359.7 174784.0 174784.0  699072.0   699071.9  163744.0 97845.9    759   20.183  553   432.304  452.488
87360.0 87360.0  0.0   56134.7 174784.0 174784.0  699072.0   699071.6  163744.0 97845.9    759   20.183  555   434.242  454.426
87360.0 87360.0  0.0   6238.1 174784.0 174784.0  699072.0   699072.0  163744.0 97845.9    760   20.183  557   436.489  456.673
87360.0 87360.0  0.0    0.0   174784.0 158350.7  699072.0   699072.0  163744.0 97845.9    761   20.183  562   439.914  460.098
87360.0 87360.0  0.0    0.0   174784.0 138966.9  699072.0   699072.0  163744.0 97845.9    761   20.183  566   443.137  463.320
87360.0 87360.0  0.0    0.0   174784.0 171954.8  699072.0   699071.9  163744.0 97845.9    762   20.183  569   445.208  465.391
87360.0 87360.0  0.0   19113.7 174784.0 174784.0  699072.0   699071.9  163744.0 97846.1    762   20.183  570   445.336  465.520
87360.0 87360.0  0.0   52284.2 174784.0 174784.0  699072.0   699072.0  163744.0 97847.5    763   20.183  572   447.116  467.299
87360.0 87360.0  0.0   73255.5 174784.0 174784.0  699072.0   699072.0  163744.0 97847.5    763   20.183  573   447.236  467.419
87360.0 87360.0  0.0   74882.0 174784.0 174784.0  699072.0   699072.0  163744.0 97847.5    763   20.183  573   447.236  467.419
87360.0 87360.0  0.0   77542.6 174784.0 174784.0  699072.0   699072.0  163744.0 97847.5    763   20.183  573   447.236  467.419
87360.0 87360.0  0.0   79944.1 174784.0 174784.0  699072.0   699072.0  163744.0 97847.5    763   20.183  573   447.236  467.419
87360.0 87360.0  0.0   83074.8 174784.0 174784.0  699072.0   699072.0  163744.0 97847.5    763   20.183  573   447.236  467.419
87360.0 87360.0  0.0   87359.9 174784.0 174784.0  699072.0   699072.0  163744.0 97849.0    764   20.183  574   447.236  467.419
87360.0 87360.0  0.0   19349.0 174784.0 174784.0  699072.0   699072.0  163744.0 97849.0    765   20.184  578   450.663  470.846
87360.0 87360.0  0.0   19350.5 174784.0 174784.0  699072.0   699072.0  163744.0 97849.9    765   20.184  579   450.782  470.966
87360.0 87360.0  0.0   20768.6 174784.0 174784.0  699072.0   699072.0  163744.0 97849.9    765   20.184  579   450.782  470.966
87360.0 87360.0  0.0   22258.1 174784.0 174784.0  699072.0   699072.0  163744.0 97849.9    765   20.184  579   450.782  470.966
87360.0 87360.0  0.0   26760.0 174784.0 174784.0  699072.0   699072.0  163744.0 97849.9    765   20.184  579   450.782  470.966
87360.0 87360.0  0.0   42570.3 174784.0 174784.0  699072.0   699072.0  163744.0 97849.9    765   20.184  579   450.782  470.966
87360.0 87360.0  0.0   7760.1 174784.0 174784.0  699072.0   699072.0  163744.0 97849.9    766   20.184  581   452.949  473.133
87360.0 87360.0  0.0   87359.8 174784.0 174784.0  699072.0   699072.0  163744.0 97849.9    766   20.184  584   454.889  475.072
87360.0 87360.0  0.0   57722.0 174784.0 174784.0  699072.0   699072.0  163744.0 97849.9    766   20.184  588   458.534  478.717
87360.0 87360.0  0.0   85952.8 174784.0 174784.0  699072.0   699072.0  163744.0 97849.9    767   20.184  589   458.534  478.717
87360.0 87360.0  0.0   76056.2 174784.0 174784.0  699072.0   699072.0  163744.0 97851.7    767   20.184  591   460.800  480.983
87360.0 87360.0  0.0   53909.2 174784.0 174784.0  699072.0   699072.0  163744.0 97851.7    768   20.184  595   464.172  484.355
87360.0 87360.0  0.0    0.0   174784.0 153195.3  699072.0   699072.0  163744.0 97851.7    768   20.184  599   468.199  488.383
87360.0 87360.0  0.0   18366.6 174784.0 174784.0  699072.0   699072.0  163744.0 97851.7    768   20.184  600   468.325  488.509
87360.0 87360.0  0.0   56245.1 174784.0 174784.0  699072.0   699072.0  163744.0 97851.7    768   20.184  600   468.325  488.509
87360.0 87360.0  0.0   78109.8 174784.0 174784.0  699072.0   699071.8  163744.0 97852.5    769   20.184  603   470.811  490.995
87360.0 87360.0  0.0   23079.3 174784.0 174784.0  699072.0   699071.9  163744.0 97852.5    770   20.184  606   472.876  493.059
87360.0 87360.0  0.0   87359.8 174784.0 174784.0  699072.0   699072.0  163744.0 97852.5    771   20.184  609   474.937  495.120
87360.0 87360.0  0.0   1869.1 174784.0 174784.0  699072.0   699072.0  163744.0 97852.5    771   20.184  612   479.255  499.438
87360.0 87360.0  0.0   12121.2 174784.0 174784.0  699072.0   699072.0  163744.0 97852.5    771   20.184  616   482.943  503.127
87360.0 87360.0  0.0   61870.7 174784.0 174784.0  699072.0   699071.6  163744.0 97852.5    771   20.184  619   484.823  505.007
87360.0 87360.0  0.0   87359.9 174784.0 174784.0  699072.0   699072.0  163744.0 97852.5    772   20.184  622   486.667  506.851
87360.0 87360.0  0.0   87359.9 174784.0 174784.0  699072.0   699072.0  163744.0 97852.5    772   20.184  626   491.026  511.210
87360.0 87360.0  0.0   33777.0 174784.0 174784.0  699072.0   699071.4  163744.0 97852.5    772   20.184  628   493.150  513.333
87360.0 87360.0  0.0   34628.8 174784.0 174784.0  699072.0   699071.4  163744.0 97852.5    772   20.184  628   493.150  513.333
87360.0 87360.0  0.0   69730.5 174784.0 174784.0  699072.0   699071.4  163744.0 97852.5    772   20.184  628   493.150  513.333
87360.0 87360.0  0.0   87359.9 174784.0 174784.0  699072.0   699071.9  163744.0 97852.6    773   20.184  631   495.054  515.238
87360.0 87360.0  0.0    0.0   174784.0 169406.5  699072.0   699072.0  163744.0 97852.6    773   20.184  633   497.004  517.187
87360.0 87360.0  0.0    0.0   174784.0 172917.4  699072.0   699072.0  163744.0 97852.6    773   20.184  633   497.004  517.187
87360.0 87360.0  0.0    62.5  174784.0 174784.0  699072.0   699072.0  163744.0 97852.6    773   20.184  633   497.004  517.187
87360.0 87360.0  0.0   87359.8 174784.0 174784.0  699072.0   699072.0  163744.0 97852.6    774   20.184  634   497.004  517.188
87360.0 87360.0  0.0   18596.9 174784.0 174784.0  699072.0   699071.9  163744.0 97852.5    774   20.184  637   501.277  521.461
87360.0 87360.0  0.0   87360.0 174784.0 174784.0  699072.0   699072.0  163744.0 97852.5    775   20.184  641   503.111  523.295
87360.0 87360.0  0.0   87360.0 174784.0 174784.0  699072.0   699071.9  163744.0 97852.5    775   20.184  645   506.944  527.128
87360.0 87360.0  0.0   55367.8 174784.0 174784.0  699072.0   699071.9  163744.0 97855.7    775   20.184  648   510.701  530.885
87360.0 87360.0  0.0   6558.8 174784.0 174784.0  699072.0   699071.9  163744.0 97855.7    776   20.184  652   512.830  533.014
87360.0 87360.0  0.0   87359.9 174784.0 174784.0  699072.0   699071.9  163744.0 97855.7    777   20.184  655   514.630  534.814
87360.0 87360.0  0.0    0.0   174784.0 154987.0  699072.0   699071.9  163744.0 97855.7    777   20.184  658   519.267  539.451
87360.0 87360.0  0.0   66427.8 174784.0 174784.0  699072.0   699072.0  163744.0 97855.7    777   20.184  661   521.843  542.027
87360.0 87360.0  0.0   11924.9 174784.0 174784.0  699072.0   699072.0  163744.0 97855.7    778   20.184  665   525.234  545.418
87360.0 87360.0  0.0   59699.2 174784.0 174784.0  699072.0   699071.1  163744.0 97855.7    778   20.184  668   527.231  547.415
87360.0 87360.0  0.0   87360.0 174784.0 174784.0  699072.0   699072.0  163744.0 97855.7    779   20.184  672   529.429  549.613
87360.0 87360.0  0.0   384.4  174784.0 174784.0  699072.0   699071.9  163744.0 97856.0    779   20.184  675   533.122  553.306
87360.0 87360.0  0.0   87359.9 174784.0 174784.0  699072.0   699072.0  163744.0 97856.0    780   20.184  679   535.155  555.339
87360.0 87360.0  0.0   87359.9 174784.0 174784.0  699072.0   699072.0  163744.0 97856.0    780   20.184  683   538.683  558.867
87360.0 87360.0  0.0   87360.0 174784.0 174784.0  699072.0   699072.0  163744.0 97856.0    780   20.184  687   542.422  562.606
87360.0 87360.0  0.0   21931.9 174784.0 174784.0  699072.0   699072.0  163744.0 97856.0    780   20.184  690   546.445  566.629
87360.0 87360.0  0.0   87359.8 174784.0 174784.0  699072.0   699072.0  163744.0 97856.0    780   20.184  693   548.387  568.571
87360.0 87360.0  0.0   87360.0 174784.0 174784.0  699072.0   699072.0  163744.0 97858.3    780   20.184  697   552.546  572.730
87360.0 87360.0  0.0   52347.8 174784.0 174784.0  699072.0   699071.9  163744.0 97861.6    781   20.184  701   556.870  577.054
87360.0 87360.0  0.0   87359.7 174784.0 174784.0  699072.0   699071.9  163744.0 97861.6    781   20.184  704   558.937  579.121
87360.0 87360.0  0.0    0.0   174784.0 161055.3  699072.0   699072.0  163744.0 97861.6    781   20.184  707   564.266  584.450
87360.0 87360.0  0.0   87359.8 174784.0 174784.0  699072.0   699072.0  163744.0 97861.6    781   20.184  710   566.619  586.803
87360.0 87360.0  0.0   87360.0 174784.0 174784.0  699072.0   699072.0  163744.0 97861.6    781   20.184  714   570.807  590.991
87360.0 87360.0  0.0   87359.5 174784.0 174784.0  699072.0   699071.9  163744.0 97861.6    781   20.184  717   572.736  592.920
87360.0 87360.0  0.0   60389.0 174784.0 174784.0  699072.0   699071.9  163744.0 97861.6    781   20.184  721   576.734  596.918
87360.0 87360.0  0.0   87360.0 174784.0 174784.0  699072.0   699072.0  163744.0 97861.6    782   20.184  724   578.684  598.868
87360.0 87360.0  0.0   87360.0 174784.0 174784.0  699072.0   699072.0  163744.0 97861.6    782   20.184  728   583.443  603.627
87360.0 87360.0  0.0   60504.3 174784.0 174784.0  699072.0   699072.0  163744.0 97861.6    782   20.184  731   587.664  607.848
87360.0 87360.0  0.0   73345.8 174784.0 174784.0  699072.0   699071.9  163744.0 97862.3    783   20.184  734   590.014  610.199
87360.0 87360.0  0.0   1431.2 174784.0 174784.0  699072.0   699072.0  163744.0 97862.3    783   20.184  738   594.118  614.303
87360.0 87360.0  0.0   87359.8 174784.0 174784.0  699072.0   699072.0  163744.0 97862.3    783   20.184  741   596.148  616.333
87360.0 87360.0  0.0   87360.0 174784.0 174784.0  699072.0   699071.9  163744.0 97862.3    783   20.184  745   599.932  620.116
87360.0 87360.0  0.0   46338.2 174784.0 174784.0  699072.0   698047.6  163744.0 97862.3    783   20.184  747   601.783  621.968
87360.0 87360.0  0.0   51796.0 174784.0 174784.0  699072.0   698047.6  163744.0 97862.3    783   20.184  747   601.783  621.968
87360.0 87360.0  0.0    0.0   174784.0 170492.3  699072.0   699072.0  163744.0 97862.3    784   20.184  749   603.826  624.010
87360.0 87360.0  0.0   87360.0 174784.0 174784.0  699072.0   699072.0  163744.0 97862.3    784   20.184  752   605.391  625.576
87360.0 87360.0  0.0   33334.6 174784.0 174784.0  699072.0   698047.9  163744.0 97862.3    784   20.184  756   608.766  628.951
87360.0 87360.0  0.0   34596.1 174784.0 174784.0  699072.0   698047.9  163744.0 97862.3    784   20.184  756   608.766  628.951
87360.0 87360.0  0.0   34656.9 174784.0 174784.0  699072.0   698047.9  163744.0 97862.3    784   20.184  756   608.766  628.951
87360.0 87360.0  0.0   83167.0 174784.0 174784.0  699072.0   698047.9  163744.0 97862.3    785   20.184  757   608.766  628.951
87360.0 87360.0  0.0   40352.9 174784.0 174784.0  699072.0   699072.0  163744.0 97862.3    785   20.184  760   612.674  632.858
87360.0 87360.0  0.0   44807.6 174784.0 174784.0  699072.0   699071.9  163744.0 97862.3    785   20.184  761   612.792  632.977
87360.0 87360.0  0.0   87359.8 174784.0 174784.0  699072.0   699071.9  163744.0 97862.3    786   20.184  762   612.792  632.977
87360.0 87360.0  0.0   17947.1 174784.0 174784.0  699072.0   699072.0  163744.0 97862.3    787   20.184  766   617.020  637.204
87360.0 87360.0  0.0   87359.9 174784.0 174784.0  699072.0   699072.0  163744.0 97862.3    787   20.184  768   619.397  639.581
87360.0 87360.0  0.0   72182.3 174784.0 174784.0  699072.0   699072.0  163744.0 97862.3    787   20.184  771   624.129  644.313
87360.0 87360.0  0.0   51356.5 174784.0 174784.0  699072.0   699072.0  163744.0 97862.7    787   20.184  772   625.558  645.743
87360.0 87360.0  0.0   52986.0 174784.0 174784.0  699072.0   699072.0  163744.0 97862.7    787   20.184  772   625.558  645.743
87360.0 87360.0  0.0   87360.0 174784.0 174784.0  699072.0   699072.0  163744.0 97862.7    787   20.184  773   625.558  645.743
87360.0 87360.0  0.0   87360.0 174784.0 174784.0  699072.0   699072.0  163744.0 97862.7    787   20.184  775   627.660  647.844
87360.0 87360.0  0.0   62646.5 174784.0 174784.0  699072.0   699033.7  163744.0 97862.7    787   20.184  777   630.136  650.320
87360.0 87360.0  0.0   65814.4 174784.0 174784.0  699072.0   699033.7  163744.0 97862.7    787   20.184  777   630.136  650.320
87360.0 87360.0  0.0   69133.8 174784.0 174784.0  699072.0   699033.7  163744.0 97862.7    787   20.184  777   630.136  650.320
87360.0 87360.0  0.0   71255.9 174784.0 174784.0  699072.0   699033.7  163744.0 97862.7    787   20.184  777   630.136  650.320
87360.0 87360.0  0.0   72365.7 174784.0 174784.0  699072.0   699033.7  163744.0 97862.7    787   20.184  777   630.136  650.320
87360.0 87360.0  0.0   87360.0 174784.0 174784.0  699072.0   699071.9  163744.0 97862.7    789   20.184  781   632.310  652.495
87360.0 87360.0  0.0   83318.4 174784.0 174784.0  699072.0   699071.9  163744.0 97862.7    789   20.184  783   634.110  654.295
87360.0 87360.0  0.0   86853.9 174784.0 174784.0  699072.0   699071.9  163744.0 97862.7    789   20.184  783   634.110  654.295
87360.0 87360.0  0.0   10703.1 174784.0 174784.0  699072.0   699071.9  163744.0 97862.7    790   20.185  785   636.036  656.220
87360.0 87360.0  0.0   29338.7 174784.0 174784.0  699072.0   699071.9  163744.0 97862.7    790   20.185  785   636.036  656.220
87360.0 87360.0  0.0   87360.0 174784.0 174784.0  699072.0   699071.9  163744.0 97862.7    790   20.185  786   636.036  656.220
87360.0 87360.0  0.0   15564.8 174784.0 174784.0  699072.0   699072.0  163744.0 97862.7    790   20.185  791   641.998  662.182
87360.0 87360.0  0.0   87360.0 174784.0 174784.0  699072.0   699072.0  163744.0 97862.7    790   20.185  796   645.078  665.262
87360.0 87360.0  0.0   57510.0 174784.0 174784.0  699072.0   699072.0  163744.0 97862.7    790   20.185  799   649.199  669.383
87360.0 87360.0  0.0   72961.8 174784.0 174784.0  699072.0   699072.0  163744.0 97862.7    790   20.185  803   652.802  672.986
87360.0 87360.0  0.0   12958.1 174784.0 174784.0  699072.0   699072.0  163744.0 97862.7    790   20.185  807   657.057  677.242
87360.0 87360.0  0.0   87359.7 174784.0 174784.0  699072.0   699071.9  163744.0 97862.7    790   20.185  810   659.289  679.474
87360.0 87360.0  0.0   87359.9 174784.0 174784.0  699072.0   699071.9  163744.0 97862.7    790   20.185  814   663.346  683.531
87360.0 87360.0  0.0   87360.0 174784.0 174784.0  699072.0   699072.0  163744.0 97862.7    790   20.185  818   667.006  687.190
87360.0 87360.0  0.0   87359.7 174784.0 174784.0  699072.0   699072.0  163744.0 97862.7    790   20.185  822   671.540  691.724
87360.0 87360.0  0.0   76155.5 174784.0 174784.0  699072.0   699071.9  163744.0 97862.7    790   20.185  825   675.530  695.714
87360.0 87360.0  0.0   87359.9 174784.0 174784.0  699072.0   699071.9  163744.0 97862.7    790   20.185  830   679.234  699.419
87360.0 87360.0  0.0   81264.0 174784.0 174784.0  699072.0   699072.0  163744.0 97862.7    790   20.185  833   683.266  703.450
87360.0 87360.0  0.0   87360.0 174784.0 174784.0  699072.0   699072.0  163744.0 97862.7    790   20.185  838   686.472  706.656
87360.0 87360.0  0.0   78542.5 174784.0 174784.0  699072.0   699072.0  163744.0 97862.7    790   20.185  841   690.752  710.937
87360.0 87360.0  0.0   87360.0 174784.0 174784.0  699072.0   699072.0  163744.0 97862.7    790   20.185  845   693.853  714.037
87360.0 87360.0  0.0   87351.6 174784.0 174784.0  699072.0   699072.0  163744.0 97862.7    790   20.185  849   697.611  717.795
87360.0 87360.0  0.0   87359.9 174784.0 174784.0  699072.0   699072.0  163744.0 97862.7    790   20.185  853   700.860  721.044
87360.0 87360.0  0.0   45470.3 174784.0 174784.0  699072.0   699071.9  163744.0 97862.7    790   20.185  858   706.256  726.440
87360.0 87360.0  0.0   87359.9 174784.0 174784.0  699072.0   699071.9  163744.0 97862.7    790   20.185  861   708.308  728.493
87360.0 87360.0  0.0   61873.4 174784.0 174784.0  699072.0   699071.9  163744.0 97862.7    790   20.185  865   713.938  734.123
87360.0 87360.0  0.0   87359.9 174784.0 174784.0  699072.0   699071.9  163744.0 97862.7    790   20.185  869   717.460  737.644
87360.0 87360.0  0.0   87360.0 174784.0 174784.0  699072.0   699072.0  163744.0 97862.7    790   20.185  873   721.035  741.220
87360.0 87360.0  0.0   77302.8 174784.0 174784.0  699072.0   699050.2  163744.0 97896.8    790   20.185  877   724.570  744.755
87360.0 87360.0  0.0   87359.7 174784.0 174784.0  699072.0   699071.9  163744.0 97896.8    792   20.185  881   727.230  747.415
87360.0 87360.0  0.0   63625.4 174784.0 174784.0  699072.0   699071.9  163744.0 97924.0    792   20.185  885   730.732  750.916
87360.0 87360.0  0.0   70564.3 174784.0 174784.0  699072.0   699071.9  163744.0 97924.0    792   20.185  885   730.732  750.916
87360.0 87360.0  0.0   74031.3 174784.0 174784.0  699072.0   699071.9  163744.0 97924.0    792   20.185  885   730.732  750.916
87360.0 87360.0  0.0   46758.6 174784.0 174784.0  699072.0   699071.7  163744.0 98020.5    793   20.185  887   732.811  752.995
87360.0 87360.0  0.0   87359.9 174784.0 174784.0  699072.0   699071.7  163744.0 98020.5    794   20.185  891   734.835  755.020
87360.0 87360.0  0.0   87360.0 174784.0 174784.0  699072.0   699071.9  163744.0 98020.5    794   20.185  894   738.321  758.506
87360.0 87360.0  0.0   46429.0 174784.0 174784.0  699072.0   699071.9  163744.0 98023.5    794   20.185  898   742.165  762.349
87360.0 87360.0  0.0   35232.2 174784.0 174784.0  699072.0   699071.8  163744.0 98054.6    795   20.185  900   744.277  764.461
87360.0 87360.0  0.0   87360.0 174784.0 174784.0  699072.0   699071.9  163744.0 98068.1    795   20.185  901   744.277  764.461
87360.0 87360.0  0.0   87359.9 174784.0 174784.0  699072.0   699072.0  163744.0 98068.1    795   20.185  905   750.019  770.204
87360.0 87360.0  0.0   87359.8 174784.0 174784.0  699072.0   699071.9  163744.0 98068.1    795   20.185  909   753.450  773.634
87360.0 87360.0  0.0   87359.9 174784.0 174784.0  699072.0   699072.0  163744.0 98068.1    795   20.185  912   756.787  776.972
87360.0 87360.0  0.0   87359.9 174784.0 174784.0  699072.0   699072.0  163744.0 98068.1    795   20.185  915   760.756  780.941
87360.0 87360.0  0.0   87359.6 174784.0 174784.0  699072.0   699071.9  163744.0 98068.1    796   20.185  920   764.570  784.755
87360.0 87360.0  0.0   32121.3 174784.0 174784.0  699072.0   699071.9  163744.0 98068.1    796   20.185  924   769.505  789.689
87360.0 87360.0  0.0   29450.2 174784.0 174784.0  699072.0   699072.0  163744.0 98068.7    796   20.185  927   773.876  794.060
87360.0 87360.0  0.0   47237.4 174784.0 174784.0  699072.0   699072.0  163744.0 98068.7    796   20.185  930   777.991  798.175
87360.0 87360.0  0.0   87360.0 174784.0 174784.0  699072.0   699072.0  163744.0 98068.7    796   20.185  935   781.487  801.672
87360.0 87360.0  0.0   87359.9 174784.0 174784.0  699072.0   699072.0  163744.0 98068.7    796   20.185  938   785.043  805.228
87360.0 87360.0  0.0   37157.7 174784.0 174784.0  699072.0   699072.0  163744.0 98068.7    796   20.185  943   790.427  810.612
87360.0 87360.0  0.0   87359.9 174784.0 174784.0  699072.0   699072.0  163744.0 98070.6    796   20.185  947   794.151  814.336
87360.0 87360.0  0.0   87360.0 174784.0 174784.0  699072.0   699072.0  163744.0 98109.3    796   20.185  951   798.318  818.503
87360.0 87360.0  0.0   87359.9 174784.0 174784.0  699072.0   699072.0  163744.0 98110.1    796   20.185  955   802.623  822.807
87360.0 87360.0  0.0   62817.1 174784.0 174784.0  699072.0   699072.0  163744.0 98110.1    796   20.185  958   807.429  827.614
87360.0 87360.0  0.0   66230.9 174784.0 174784.0  699072.0   699071.9  163744.0 98110.1    796   20.185  962   811.683  831.868
87360.0 87360.0  0.0   57874.4 174784.0 174784.0  699072.0   699071.9  163744.0 98110.1    796   20.185  966   816.075  836.260
87360.0 87360.0  0.0   87359.8 174784.0 174784.0  699072.0   699071.9  163744.0 98110.1    796   20.185  970   819.764  839.949
87360.0 87360.0  0.0   87360.0 174784.0 174784.0  699072.0   699072.0  163744.0 98111.0    796   20.185  974   824.219  844.403
87360.0 87360.0  0.0   87360.0 174784.0 174784.0  699072.0   699072.0  163744.0 98104.2    796   20.185  977   828.177  848.362
87360.0 87360.0  0.0   87360.0 174784.0 174784.0  699072.0   699072.0  163744.0 98104.2    796   20.185  981   833.268  853.453
87360.0 87360.0  0.0   56766.3 174784.0 174784.0  699072.0   699071.9  163744.0 98108.5    796   20.185  984   838.364  858.548
87360.0 87360.0  0.0   87360.0 174784.0 174784.0  699072.0   699072.0  163744.0 98108.5    796   20.185  989   842.597  862.782
87360.0 87360.0  0.0   87360.0 174784.0 174784.0  699072.0   699072.0  163744.0 98108.5    796   20.185  992   846.588  866.773
87360.0 87360.0  0.0   87359.9 174784.0 174784.0  699072.0   699072.0  163744.0 98109.6    796   20.185  996   850.484  870.668
87360.0 87360.0  0.0   87360.0 174784.0 174784.0  699072.0   699072.0  163744.0 97988.4    796   20.185 1000   854.680  874.865
87360.0 87360.0  0.0   87359.7 174784.0 174784.0  699072.0   699072.0  163744.0 97989.0    796   20.185 1004   859.043  879.228
87360.0 87360.0  0.0   87354.5 174784.0 174784.0  699072.0   699072.0  163744.0 97989.0    796   20.185 1008   863.559  883.744
87360.0 87360.0  0.0   87360.0 174784.0 174784.0  699072.0   699072.0  163744.0 97989.0    796   20.185 1012   867.770  887.954
87360.0 87360.0  0.0   87360.0 174784.0 174784.0  699072.0   699071.9  163744.0 97989.0    796   20.185 1016   872.299  892.484
87360.0 87360.0  0.0   49143.9 174784.0 174784.0  699072.0   699071.9  163744.0 97989.0    796   20.185 1021   878.564  898.748
87360.0 87360.0  0.0   87360.0 174784.0 174784.0  699072.0   699072.0  163744.0 97989.7    796   20.185 1026   883.040  903.225
87360.0 87360.0  0.0   87359.9 174784.0 174784.0  699072.0   699072.0  163744.0 97989.7    796   20.185 1030   887.580  907.765
87360.0 87360.0  0.0   78127.8 174784.0 174784.0  699072.0   699072.0  163744.0 97989.7    796   20.185 1033   892.430  912.615
87360.0 87360.0  0.0   87359.8 174784.0 174784.0  699072.0   699072.0  163744.0 97989.7    796   20.185 1038   896.789  916.974
87360.0 87360.0  0.0   52153.0 174784.0 174784.0  699072.0   699072.0  163744.0 97989.7    796   20.185 1041   901.477  921.662
87360.0 87360.0  0.0   50517.4 174784.0 174784.0  699072.0   699071.9  163744.0 97989.8    796   20.185 1045   906.154  926.339
87360.0 87360.0  0.0   87359.8 174784.0 174784.0  699072.0   699071.9  163744.0 97965.4    796   20.185 1050   910.442  930.627
87360.0 87360.0  0.0   87360.0 174784.0 174784.0  699072.0   699071.9  163744.0 97965.4    796   20.185 1054   914.982  935.167
87360.0 87360.0  0.0   87359.9 174784.0 174784.0  699072.0   699071.9  163744.0 97965.4    796   20.185 1058   919.517  939.702
87360.0 87360.0  0.0   49834.1 174784.0 174784.0  699072.0   699072.0  163744.0 97965.4    796   20.185 1061   924.278  944.463
87360.0 87360.0  0.0   87359.9 174784.0 174784.0  699072.0   699072.0  163744.0 97965.6    796   20.185 1064   926.775  946.960
87360.0 87360.0  0.0   87359.8 174784.0 174784.0  699072.0   699072.0  163744.0 97965.6    796   20.185 1068   932.177  952.362
87360.0 87360.0  0.0   87359.9 174784.0 174784.0  699072.0   699072.0  163744.0 97965.6    796   20.185 1072   936.460  956.645
87360.0 87360.0  0.0   87360.0 174784.0 174784.0  699072.0   699071.9  163744.0 97965.6    796   20.185 1076   940.622  960.807
87360.0 87360.0  0.0   87359.9 174784.0 174784.0  699072.0   699072.0  163744.0 97965.6    796   20.185 1080   945.054  965.238
87360.0 87360.0  0.0   52513.1 174784.0 174784.0  699072.0   699072.0  163744.0 97928.5    796   20.185 1085   951.650  971.835
87360.0 87360.0  0.0   87360.0 174784.0 174784.0  699072.0   699072.0  163744.0 97928.5    796   20.185 1090   955.973  976.158
87360.0 87360.0  0.0   87360.0 174784.0 174784.0  699072.0   699072.0  163744.0 97928.5    796   20.185 1094   960.017  980.202
87360.0 87360.0  0.0   87360.0 174784.0 174784.0  699072.0   699072.0  163744.0 97928.5    796   20.185 1098   964.783  984.968
87360.0 87360.0  0.0   87360.0 174784.0 174784.0  699072.0   699072.0  163744.0 97928.5    796   20.185 1102   969.168  989.353
87360.0 87360.0  0.0   87360.0 174784.0 174784.0  699072.0   699071.9  163744.0 97909.2    796   20.185 1106   973.713  993.898
87360.0 87360.0  0.0   87360.0 174784.0 174784.0  699072.0   699071.9  163744.0 97909.2    796   20.185 1108   976.973  997.158
87360.0 87360.0  0.0   87360.0 174784.0 174784.0  699072.0   699072.0  163744.0 97909.2    796   20.185 1112   982.609 1002.793
87360.0 87360.0  0.0   87360.0 174784.0 174784.0  699072.0   699071.9  163744.0 97909.2    796   20.185 1116   986.729 1006.914
87360.0 87360.0  0.0   87359.7 174784.0 174784.0  699072.0   699072.0  163744.0 97909.2    796   20.185 1120   990.889 1011.074
87360.0 87360.0  0.0   87360.0 174784.0 174784.0  699072.0   699072.0  163744.0 97909.6    796   20.185 1124   995.962 1016.147
87360.0 87360.0  0.0   87360.0 174784.0 174784.0  699072.0   699072.0  163744.0 97909.6    796   20.185 1128  1000.822 1021.007
87360.0 87360.0  0.0   87360.0 174784.0 174784.0  699072.0   699071.9  163744.0 97909.6    796   20.185 1132  1004.813 1024.998
87360.0 87360.0  0.0   87360.0 174784.0 174784.0  699072.0   699071.9  163744.0 97909.6    796   20.185 1136  1008.675 1028.860
87360.0 87360.0  0.0   87359.9 174784.0 174784.0  699072.0   699072.0  163744.0 97909.6    796   20.185 1140  1012.783 1032.968
87360.0 87360.0  0.0   87360.0 174784.0 174784.0  699072.0   699071.9  163744.0 97909.6    796   20.185 1144  1016.586 1036.771
87360.0 87360.0  0.0   87360.0 174784.0 174784.0  699072.0   699072.0  163744.0 97909.6    796   20.185 1148  1021.027 1041.212
87360.0 87360.0  0.0   87359.9 174784.0 174784.0  699072.0   699072.0  163744.0 97909.6    796   20.185 1152  1024.844 1045.029
87360.0 87360.0  0.0   87360.0 174784.0 174784.0  699072.0   699072.0  163744.0 97909.6    796   20.185 1155  1028.943 1049.128
87360.0 87360.0  0.0   87359.9 174784.0 174784.0  699072.0   699072.0  163744.0 97909.6    796   20.185 1159  1032.723 1052.907
87360.0 87360.0  0.0   31578.0 174784.0 174784.0  699072.0   699072.0  163744.0 97909.6    796   20.185 1164  1038.499 1058.684
87360.0 87360.0  0.0   66587.6 174784.0 174784.0  699072.0   699072.0  163744.0 97913.1    796   20.185 1167  1040.830 1061.014
87360.0 87360.0  0.0   66658.6 174784.0 174784.0  699072.0   699072.0  163744.0 97913.1    796   20.185 1167  1040.830 1061.014
87360.0 87360.0  0.0   69251.9 174784.0 174784.0  699072.0   699072.0  163744.0 97913.1    796   20.185 1167  1040.830 1061.014
