 S0C    S1C    S0U    S1U      EC       EU        OC         OU       PC     PU    YGC     YGCT    FGC    FGCT     GCT   
43648.0 43648.0 35456.9  0.0   87424.0  20740.6   349568.0   148057.3  116236.0 82412.2     56    2.049  18      0.631    2.680
43648.0 43648.0 35456.9  0.0   87424.0  22795.7   349568.0   148057.3  116236.0 82445.7     56    2.049  18      0.631    2.680
43648.0 43648.0 35456.9  0.0   87424.0  23670.0   349568.0   148057.3  116236.0 82448.7     56    2.049  18      0.631    2.680
43648.0 43648.0 35456.9  0.0   87424.0  23670.0   349568.0   148057.3  116236.0 82448.7     56    2.049  18      0.631    2.680
43648.0 43648.0 35456.9  0.0   87424.0  24544.2   349568.0   148057.3  116236.0 82448.7     56    2.049  18      0.631    2.680
43648.0 43648.0 35456.9  0.0   87424.0  25864.3   349568.0   148057.3  116236.0 82455.9     56    2.049  18      0.631    2.680
43648.0 43648.0  0.0   25311.0 87424.0   3565.1   349568.0   156138.3  116236.0 86932.2     57    2.185  18      0.631    2.816
43648.0 43648.0  0.0   25311.0 87424.0   3904.1   349568.0   156138.3  116236.0 86932.2     57    2.185  18      0.631    2.816
43648.0 43648.0  0.0   25311.0 87424.0  13757.2   349568.0   156138.3  116236.0 87016.0     57    2.185  18      0.631    2.816
43648.0 43648.0  0.0   25311.0 87424.0  20729.3   349568.0   156138.3  116236.0 87084.1     57    2.185  18      0.631    2.816
43648.0 43648.0  0.0   25311.0 87424.0  21752.1   349568.0   156138.3  116236.0 87094.9     57    2.185  18      0.631    2.816
43648.0 43648.0  0.0   25311.0 87424.0  21752.1   349568.0   156138.3  116236.0 87094.9     57    2.185  18      0.631    2.816
43648.0 43648.0  0.0   25311.0 87424.0  22206.8   349568.0   156138.3  116236.0 87094.9     57    2.185  18      0.631    2.816
43648.0 43648.0  0.0   25311.0 87424.0  23579.7   349568.0   156138.3  116236.0 87095.6     57    2.185  18      0.631    2.816
43648.0 43648.0  0.0   25311.0 87424.0  25385.7   349568.0   156138.3  116236.0 87099.0     57    2.185  18      0.631    2.816
43648.0 43648.0  0.0   25311.0 87424.0  27889.6   349568.0   156138.3  116236.0 87127.3     57    2.185  18      0.631    2.816
43648.0 43648.0  0.0   25311.0 87424.0  28335.5   349568.0   156138.3  116236.0 87127.3     57    2.185  18      0.631    2.816
43648.0 43648.0  0.0   25311.0 87424.0  29074.3   349568.0   156138.3  116236.0 87131.2     57    2.185  18      0.631    2.816
43648.0 43648.0  0.0   25311.0 87424.0  39214.0   349568.0   156138.3  116236.0 88125.3     57    2.185  18      0.631    2.816
43648.0 43648.0  0.0   25311.0 87424.0  78492.3   349568.0   156138.3  146940.0 89375.9     57    2.185  18      0.631    2.816
43648.0 43648.0  0.0   25311.0 87424.0  85800.4   349568.0   156138.3  146940.0 89401.1     57    2.185  18      0.631    2.816
43648.0 43648.0 36148.2  0.0   87424.0   5592.8   349568.0   156138.3  146940.0 89452.0     58    2.262  18      0.631    2.892
43648.0 43648.0 36148.2  0.0   87424.0   8196.2   349568.0   156138.3  146940.0 89459.3     58    2.262  18      0.631    2.892
43648.0 43648.0 36148.2  0.0   87424.0   8872.3   349568.0   156138.3  146940.0 89459.3     58    2.262  18      0.631    2.892
43648.0 43648.0 36148.2  0.0   87424.0   9318.2   349568.0   156138.3  146940.0 89461.2     58    2.262  18      0.631    2.892
43648.0 43648.0 36148.2  0.0   87424.0  25057.8   349568.0   156138.3  146940.0 89766.8     58    2.262  18      0.631    2.892
43648.0 43648.0 36148.2  0.0   87424.0  77642.3   349568.0   156138.3  146940.0 91080.2     58    2.262  19      0.670    2.932
43648.0 43648.0 36148.2  0.0   87424.0  85469.5   349568.0   156138.3  146940.0 91106.1     58    2.262  19      0.670    2.932
43648.0 43648.0  0.0   22250.6 87424.0  15758.8   349568.0   162808.0  146940.0 91160.7     59    2.362  19      0.670    3.032
43648.0 43648.0  0.0   22250.6 87424.0  17180.6   349568.0   162808.0  146940.0 91162.5     59    2.362  19      0.670    3.032
43648.0 43648.0  0.0   22250.6 87424.0  68685.5   349568.0   162808.0  146940.0 92164.4     59    2.362  19      0.670    3.032
43648.0 43648.0 39227.3  0.0   87424.0  71987.5   349568.0   162808.0  146940.0 93856.3     60    2.438  19      0.670    3.108
43648.0 43648.0  0.0   24323.6 87424.0  64356.4   349568.0   168204.3  146940.0 94548.5     65    2.640  19      0.670    3.311
43648.0 43648.0 32970.8  0.0   87424.0   4880.4   349568.0   168204.3  146940.0 95224.4     66    2.668  19      0.670    3.339
43648.0 43648.0 32970.8  0.0   87424.0   5261.7   349568.0   168204.3  146940.0 95224.4     66    2.668  19      0.670    3.339
43648.0 43648.0 32970.8  0.0   87424.0   5854.7   349568.0   168204.3  146940.0 95224.4     66    2.668  19      0.670    3.339
43648.0 43648.0 32970.8  0.0   87424.0  29935.2   349568.0   168204.3  146940.0 95347.1     66    2.668  19      0.670    3.339
43648.0 43648.0 32970.8  0.0   87424.0  31213.2   349568.0   168204.3  146940.0 95348.0     66    2.668  19      0.670    3.339
43648.0 43648.0 32970.8  0.0   87424.0  33011.2   349568.0   168204.3  146940.0 95348.0     66    2.668  19      0.670    3.339
43648.0 43648.0 32970.8  0.0   87424.0  37268.4   349568.0   168204.3  146940.0 95359.6     66    2.668  19      0.670    3.339
43648.0 43648.0  0.0   37830.2 87424.0   4125.3   349568.0   168204.3  146940.0 95438.5     67    2.747  19      0.670    3.417
43648.0 43648.0  0.0   30838.4 87424.0  13130.0   349568.0   171620.1  146940.0 95606.8     69    2.917  19      0.670    3.587
43648.0 43648.0 39956.2  0.0   87424.0  18605.9   349568.0   171620.1  146940.0 95760.2     70    2.964  19      0.670    3.634
43648.0 43648.0 39956.2  0.0   87424.0  20763.0   349568.0   171620.1  146940.0 95761.9     70    2.964  19      0.670    3.634
43648.0 43648.0 39956.2  0.0   87424.0  36973.9   349568.0   171620.1  146940.0 95784.6     70    2.964  19      0.670    3.634
43648.0 43648.0 39956.2  0.0   87424.0  39045.9   349568.0   171620.1  146940.0 95797.7     70    2.964  19      0.670    3.634
43648.0 43648.0 39956.2  0.0   87424.0  39263.3   349568.0   171620.1  146940.0 95797.7     70    2.964  19      0.670    3.634
43648.0 43648.0 39956.2  0.0   87424.0  39297.3   349568.0   171620.1  146940.0 95797.7     70    2.964  19      0.670    3.634
43648.0 43648.0 39956.2  0.0   87424.0  43616.2   349568.0   171620.1  146940.0 95802.9     70    2.964  19      0.670    3.634
43648.0 43648.0 39956.2  0.0   87424.0  45596.6   349568.0   171620.1  146940.0 95803.8     70    2.964  19      0.670    3.634
43648.0 43648.0 39956.2  0.0   87424.0  47985.6   349568.0   171620.1  146940.0 95805.9     70    2.964  19      0.670    3.634
43648.0 43648.0  0.0   31241.9 87424.0   5174.5   349568.0   177267.7  146940.0 95843.2     71    3.043  19      0.670    3.714
43648.0 43648.0 21671.5  0.0   87424.0  73123.2   349568.0   177267.7  146940.0 95976.9     72    3.113  20      0.735    3.847
43648.0 43648.0 21671.5  0.0   87424.0  73448.5   349568.0   177267.7  146940.0 95976.9     72    3.113  20      0.735    3.847
43648.0 43648.0 21671.5  0.0   87424.0  73913.8   349568.0   177267.7  146940.0 95976.9     72    3.113  20      0.735    3.847
43648.0 43648.0 21671.5  0.0   87424.0  75296.2   349568.0   177267.7  146940.0 95976.9     72    3.113  20      0.735    3.847
43648.0 43648.0 21671.5  0.0   87424.0  80794.1   349568.0   177267.7  146940.0 95982.7     72    3.113  20      0.735    3.847
43648.0 43648.0 21671.5  0.0   87424.0  80914.5   349568.0   177267.7  146940.0 95985.0     72    3.113  20      0.735    3.847
43648.0 43648.0  0.0   33105.6 87424.0   6786.7   349568.0   177267.7  146940.0 96027.6     73    3.170  20      0.735    3.905
43648.0 43648.0  0.0   27234.9 87424.0  38912.3   349568.0   180062.7  160080.0 96050.8     75    3.273  20      0.735    4.007
43648.0 43648.0 26205.9  0.0   87424.0  56860.5   349568.0   180540.6  160080.0 96105.5     78    3.353  20      0.735    4.088
43648.0 43648.0 26205.9  0.0   87424.0  72696.8   349568.0   180540.6  160080.0 96115.9     78    3.353  20      0.735    4.088
43648.0 43648.0 26205.9  0.0   87424.0  85026.5   349568.0   180540.6  160080.0 96121.1     78    3.353  20      0.735    4.088
43648.0 43648.0  0.0   31925.7 87424.0   212.3    349568.0   180540.7  160080.0 96126.3     79    3.397  20      0.735    4.131
43648.0 43648.0  0.0   31925.7 87424.0   4441.7   349568.0   180540.7  160080.0 96127.8     79    3.397  20      0.735    4.131
43648.0 43648.0 21777.7  0.0   87424.0  68563.0   349568.0   183940.2  160080.0 96144.1     80    3.453  20      0.735    4.187
43648.0 43648.0  0.0   27131.4 87424.0  25666.2   349568.0   183940.2  160080.0 96155.2     81    3.486  20      0.735    4.221
43648.0 43648.0  0.0   27131.4 87424.0  25681.8   349568.0   183940.2  160080.0 96155.2     81    3.486  20      0.735    4.221
43648.0 43648.0  0.0   27131.4 87424.0  29258.2   349568.0   183940.2  160080.0 96155.3     81    3.486  20      0.735    4.221
43648.0 43648.0  0.0   27131.4 87424.0  30790.3   349568.0   183940.2  160080.0 96155.3     81    3.486  20      0.735    4.221
43648.0 43648.0  0.0   27131.4 87424.0  30952.6   349568.0   183940.2  160080.0 96155.3     81    3.486  20      0.735    4.221
43648.0 43648.0  0.0   27131.4 87424.0  50312.9   349568.0   183940.2  160080.0 96181.7     81    3.486  20      0.735    4.221
43648.0 43648.0  0.0   27131.4 87424.0  50515.1   349568.0   183940.2  160080.0 96182.7     81    3.486  20      0.735    4.221
43648.0 43648.0  0.0   27131.4 87424.0  51641.3   349568.0   183940.2  160080.0 96182.7     81    3.486  20      0.735    4.221
43648.0 43648.0  0.0   27131.4 87424.0  52768.5   349568.0   183940.2  160080.0 96182.7     81    3.486  20      0.735    4.221
43648.0 43648.0  0.0   27131.4 87424.0  55306.5   349568.0   183940.2  160080.0 96183.0     81    3.486  20      0.735    4.221
43648.0 43648.0  0.0   27131.4 87424.0  55557.0   349568.0   183940.2  160080.0 96183.0     81    3.486  20      0.735    4.221
43648.0 43648.0  0.0   27131.4 87424.0  55763.9   349568.0   183940.2  160080.0 96185.6     81    3.486  20      0.735    4.221
43648.0 43648.0  0.0   27131.4 87424.0  56099.0   349568.0   183940.2  160080.0 96185.7     81    3.486  20      0.735    4.221
43648.0 43648.0  0.0   27131.4 87424.0  56101.0   349568.0   183940.2  160080.0 96185.7     81    3.486  20      0.735    4.221
43648.0 43648.0  0.0   27131.4 87424.0  57326.8   349568.0   183940.2  160080.0 96185.7     81    3.486  20      0.735    4.221
43648.0 43648.0  0.0   27131.4 87424.0  57367.2   349568.0   183940.2  160080.0 96185.7     81    3.486  20      0.735    4.221
43648.0 43648.0  0.0   27131.4 87424.0  57571.0   349568.0   183940.2  160080.0 96187.6     81    3.486  20      0.735    4.221
43648.0 43648.0  0.0   27131.4 87424.0  57612.1   349568.0   183940.2  160080.0 96187.6     81    3.486  20      0.735    4.221
43648.0 43648.0  0.0   27131.4 87424.0  57959.4   349568.0   183940.2  160080.0 96187.6     81    3.486  20      0.735    4.221
43648.0 43648.0  0.0   27131.4 87424.0  59022.4   349568.0   183940.2  160080.0 96191.3     81    3.486  20      0.735    4.221
43648.0 43648.0  0.0   27131.4 87424.0  60149.2   349568.0   183940.2  160080.0 96191.3     81    3.486  20      0.735    4.221
43648.0 43648.0  0.0   27131.4 87424.0  62641.0   349568.0   183940.2  160080.0 96194.8     81    3.486  20      0.735    4.221
43648.0 43648.0  0.0   27131.4 87424.0  62805.0   349568.0   183940.2  160080.0 96194.8     81    3.486  20      0.735    4.221
43648.0 43648.0  0.0   27131.4 87424.0  63010.0   349568.0   183940.2  160080.0 96194.8     81    3.486  20      0.735    4.221
43648.0 43648.0  0.0   27131.4 87424.0  63212.6   349568.0   183940.2  160080.0 96194.8     81    3.486  20      0.735    4.221
43648.0 43648.0  0.0   27131.4 87424.0  63218.7   349568.0   183940.2  160080.0 96194.8     81    3.486  20      0.735    4.221
43648.0 43648.0  0.0   27131.4 87424.0  64299.5   349568.0   183940.2  160080.0 96194.8     81    3.486  20      0.735    4.221
43648.0 43648.0  0.0   27131.4 87424.0  64340.0   349568.0   183940.2  160080.0 96194.8     81    3.486  20      0.735    4.221
43648.0 43648.0  0.0   27131.4 87424.0  64501.9   349568.0   183940.2  160080.0 96194.8     81    3.486  20      0.735    4.221
43648.0 43648.0  0.0   27131.4 87424.0  64542.6   349568.0   183940.2  160080.0 96194.8     81    3.486  20      0.735    4.221
43648.0 43648.0  0.0   27131.4 87424.0  64745.8   349568.0   183940.2  160080.0 96194.8     81    3.486  20      0.735    4.221
43648.0 43648.0  0.0   27131.4 87424.0  65778.8   349568.0   183940.2  160080.0 96194.8     81    3.486  20      0.735    4.221
43648.0 43648.0  0.0   27131.4 87424.0  66873.6   349568.0   183940.2  160080.0 96206.2     81    3.486  20      0.735    4.221
43648.0 43648.0  0.0   27131.4 87424.0  68617.8   349568.0   183940.2  160080.0 96206.2     81    3.486  20      0.735    4.221
43648.0 43648.0  0.0   27131.4 87424.0  69344.2   349568.0   183940.2  160080.0 96209.3     81    3.486  20      0.735    4.221
43648.0 43648.0  0.0   27131.4 87424.0  69551.9   349568.0   183940.2  160080.0 96209.3     81    3.486  20      0.735    4.221
43648.0 43648.0  0.0   27131.4 87424.0  69754.3   349568.0   183940.2  160080.0 96209.3     81    3.486  20      0.735    4.221
43648.0 43648.0  0.0   27131.4 87424.0  69756.3   349568.0   183940.2  160080.0 96209.3     81    3.486  20      0.735    4.221
43648.0 43648.0  0.0   27131.4 87424.0  70878.4   349568.0   183940.2  160080.0 96209.3     81    3.486  20      0.735    4.221
43648.0 43648.0  0.0   27131.4 87424.0  70918.8   349568.0   183940.2  160080.0 96209.3     81    3.486  20      0.735    4.221
43648.0 43648.0  0.0   27131.4 87424.0  71082.8   349568.0   183940.2  160080.0 96209.5     81    3.486  20      0.735    4.221
43648.0 43648.0  0.0   27131.4 87424.0  71123.5   349568.0   183940.2  160080.0 96209.5     81    3.486  20      0.735    4.221
43648.0 43648.0  0.0   27131.4 87424.0  71326.9   349568.0   183940.2  160080.0 96209.5     81    3.486  20      0.735    4.221
43648.0 43648.0  0.0   27131.4 87424.0  72389.4   349568.0   183940.2  160080.0 96210.2     81    3.486  20      0.735    4.221
43648.0 43648.0  0.0   27131.4 87424.0  73552.0   349568.0   183940.2  160080.0 96210.3     81    3.486  20      0.735    4.221
43648.0 43648.0  0.0   27131.4 87424.0  74930.9   349568.0   183940.2  160080.0 96224.4     81    3.486  20      0.735    4.221
43648.0 43648.0  0.0   27131.4 87424.0  77449.4   349568.0   183940.2  160080.0 96226.2     81    3.486  20      0.735    4.221
43648.0 43648.0  0.0   27131.4 87424.0  77655.6   349568.0   183940.2  160080.0 96226.2     81    3.486  20      0.735    4.221
43648.0 43648.0  0.0   27131.4 87424.0  77901.4   349568.0   183940.2  160080.0 96226.2     81    3.486  20      0.735    4.221
43648.0 43648.0  0.0   27131.4 87424.0  77903.4   349568.0   183940.2  160080.0 96226.2     81    3.486  20      0.735    4.221
43648.0 43648.0  0.0   27131.4 87424.0  79091.9   349568.0   183940.2  160080.0 96226.3     81    3.486  20      0.735    4.221
43648.0 43648.0  0.0   27131.4 87424.0  79136.4   349568.0   183940.2  160080.0 96226.3     81    3.486  20      0.735    4.221
43648.0 43648.0  0.0   27131.4 87424.0  79298.3   349568.0   183940.2  160080.0 96226.3     81    3.486  20      0.735    4.221
43648.0 43648.0  0.0   27131.4 87424.0  79339.5   349568.0   183940.2  160080.0 96226.3     81    3.486  20      0.735    4.221
43648.0 43648.0  0.0   27131.4 87424.0  79542.1   349568.0   183940.2  160080.0 96226.9     81    3.486  20      0.735    4.221
43648.0 43648.0  0.0   27131.4 87424.0  80575.6   349568.0   183940.2  160080.0 96227.1     81    3.486  20      0.735    4.221
43648.0 43648.0  0.0   27131.4 87424.0  81696.9   349568.0   183940.2  160080.0 96227.8     81    3.486  20      0.735    4.221
43648.0 43648.0  0.0   27131.4 87424.0  81737.2   349568.0   183940.2  160080.0 96227.8     81    3.486  20      0.735    4.221
43648.0 43648.0  0.0   27131.4 87424.0  84341.9   349568.0   183940.2  160080.0 96230.6     81    3.486  20      0.735    4.221
43648.0 43648.0  0.0   27131.4 87424.0  84513.0   349568.0   183940.2  160080.0 96230.6     81    3.486  20      0.735    4.221
43648.0 43648.0  0.0   27131.4 87424.0  84672.6   349568.0   183940.2  160080.0 96230.6     81    3.486  20      0.735    4.221
43648.0 43648.0  0.0   27131.4 87424.0  84674.6   349568.0   183940.2  160080.0 96230.6     81    3.486  20      0.735    4.221
43648.0 43648.0  0.0   27131.4 87424.0  85354.2   349568.0   183940.2  160080.0 96231.4     81    3.486  20      0.735    4.221
43648.0 43648.0  0.0   27131.4 87424.0  85394.2   349568.0   183940.2  160080.0 96231.4     81    3.486  20      0.735    4.221
43648.0 43648.0  0.0   27131.4 87424.0  85564.3   349568.0   183940.2  160080.0 96231.4     81    3.486  20      0.735    4.221
43648.0 43648.0  0.0   27131.4 87424.0  85605.0   349568.0   183940.2  160080.0 96231.4     81    3.486  20      0.735    4.221
43648.0 43648.0  0.0   27131.4 87424.0  85764.5   349568.0   183940.2  160080.0 96232.0     81    3.486  20      0.735    4.221
43648.0 43648.0  0.0   27131.4 87424.0  86799.1   349568.0   183940.2  160080.0 96232.2     81    3.486  20      0.735    4.221
43648.0 43648.0  0.0   27131.4 87424.0  87424.0   349568.0   183940.2  160080.0 96232.2     81    3.486  20      0.735    4.221
43648.0 43648.0 25804.1  0.0   87424.0    46.5    349568.0   184922.5  160080.0 96232.2     82    3.534  20      0.735    4.268
43648.0 43648.0 25804.1  0.0   87424.0   2881.1   349568.0   184922.5  160080.0 96232.2     82    3.534  20      0.735    4.268
43648.0 43648.0 25804.1  0.0   87424.0   3145.6   349568.0   184922.5  160080.0 96232.2     82    3.534  20      0.735    4.268
43648.0 43648.0 25804.1  0.0   87424.0   3397.0   349568.0   184922.5  160080.0 96232.2     82    3.534  20      0.735    4.268
43648.0 43648.0 25804.1  0.0   87424.0   3405.9   349568.0   184922.5  160080.0 96232.2     82    3.534  20      0.735    4.268
43648.0 43648.0 25804.1  0.0   87424.0   4513.2   349568.0   184922.5  160080.0 96232.2     82    3.534  20      0.735    4.268
43648.0 43648.0 25804.1  0.0   87424.0   4585.4   349568.0   184922.5  160080.0 96232.5     82    3.534  20      0.735    4.268
43648.0 43648.0 25804.1  0.0   87424.0   4799.2   349568.0   184922.5  160080.0 96232.5     82    3.534  20      0.735    4.268
43648.0 43648.0 25804.1  0.0   87424.0   4839.8   349568.0   184922.5  160080.0 96232.5     82    3.534  20      0.735    4.268
43648.0 43648.0 25804.1  0.0   87424.0   5023.6   349568.0   184922.5  160080.0 96232.5     82    3.534  20      0.735    4.268
43648.0 43648.0 25804.1  0.0   87424.0   6127.9   349568.0   184922.5  160080.0 96232.5     82    3.534  20      0.735    4.268
43648.0 43648.0 25804.1  0.0   87424.0   7129.0   349568.0   184922.5  160080.0 96232.5     82    3.534  20      0.735    4.268
43648.0 43648.0 25804.1  0.0   87424.0   7166.7   349568.0   184922.5  160080.0 96232.5     82    3.534  20      0.735    4.268
43648.0 43648.0 25804.1  0.0   87424.0  11005.8   349568.0   184922.5  160080.0 96234.0     82    3.534  20      0.735    4.268
43648.0 43648.0 25804.1  0.0   87424.0  11251.7   349568.0   184922.5  160080.0 96234.0     82    3.534  20      0.735    4.268
43648.0 43648.0 25804.1  0.0   87424.0  11528.9   349568.0   184922.5  160080.0 96234.0     82    3.534  20      0.735    4.268
43648.0 43648.0 25804.1  0.0   87424.0  11528.9   349568.0   184922.5  160080.0 96234.0     82    3.534  20      0.735    4.268
43648.0 43648.0 25804.1  0.0   87424.0  12543.4   349568.0   184922.5  160080.0 96234.4     82    3.534  20      0.735    4.268
43648.0 43648.0 25804.1  0.0   87424.0  12583.1   349568.0   184922.5  160080.0 96234.4     82    3.534  20      0.735    4.268
43648.0 43648.0 25804.1  0.0   87424.0  12699.5   349568.0   184922.5  160080.0 96234.4     82    3.534  20      0.735    4.268
43648.0 43648.0 25804.1  0.0   87424.0  12738.0   349568.0   184922.5  160080.0 96234.4     82    3.534  20      0.735    4.268
43648.0 43648.0 25804.1  0.0   87424.0  13004.8   349568.0   184922.5  160080.0 96234.6     82    3.534  20      0.735    4.268
43648.0 43648.0 25804.1  0.0   87424.0  14066.6   349568.0   184922.5  160080.0 96234.6     82    3.534  20      0.735    4.268
43648.0 43648.0 25804.1  0.0   87424.0  14977.8   349568.0   184922.5  160080.0 96234.6     82    3.534  20      0.735    4.268
43648.0 43648.0 25804.1  0.0   87424.0  15017.7   349568.0   184922.5  160080.0 96234.6     82    3.534  20      0.735    4.268
43648.0 43648.0 25804.1  0.0   87424.0  17617.4   349568.0   184922.5  160080.0 96234.9     82    3.534  20      0.735    4.268
43648.0 43648.0 25804.1  0.0   87424.0  17858.8   349568.0   184922.5  160080.0 96234.9     82    3.534  20      0.735    4.268
43648.0 43648.0 25804.1  0.0   87424.0  18026.8   349568.0   184922.5  160080.0 96234.9     82    3.534  20      0.735    4.268
43648.0 43648.0 25804.1  0.0   87424.0  18028.9   349568.0   184922.5  160080.0 96234.9     82    3.534  20      0.735    4.268
43648.0 43648.0 25804.1  0.0   87424.0  18931.9   349568.0   184922.5  160080.0 96234.9     82    3.534  20      0.735    4.268
43648.0 43648.0 25804.1  0.0   87424.0  18969.9   349568.0   184922.5  160080.0 96234.9     82    3.534  20      0.735    4.268
43648.0 43648.0 25804.1  0.0   87424.0  19073.2   349568.0   184922.5  160080.0 96235.1     82    3.534  20      0.735    4.268
43648.0 43648.0 25804.1  0.0   87424.0  19111.7   349568.0   184922.5  160080.0 96235.1     82    3.534  20      0.735    4.268
43648.0 43648.0 25804.1  0.0   87424.0  19297.2   349568.0   184922.5  160080.0 96235.1     82    3.534  20      0.735    4.268
43648.0 43648.0 25804.1  0.0   87424.0  20298.0   349568.0   184922.5  160080.0 96235.7     82    3.534  20      0.735    4.268
43648.0 43648.0 25804.1  0.0   87424.0  21265.4   349568.0   184922.5  160080.0 96235.7     82    3.534  20      0.735    4.268
43648.0 43648.0 25804.1  0.0   87424.0  21603.2   349568.0   184922.5  160080.0 96235.7     82    3.534  20      0.735    4.268
43648.0 43648.0 25804.1  0.0   87424.0  24186.1   349568.0   184922.5  160080.0 96243.7     82    3.534  20      0.735    4.268
43648.0 43648.0 25804.1  0.0   87424.0  24427.4   349568.0   184922.5  160080.0 96243.7     82    3.534  20      0.735    4.268
43648.0 43648.0 25804.1  0.0   87424.0  24595.4   349568.0   184922.5  160080.0 96243.7     82    3.534  20      0.735    4.268
43648.0 43648.0 25804.1  0.0   87424.0  24597.5   349568.0   184922.5  160080.0 96243.7     82    3.534  20      0.735    4.268
43648.0 43648.0 25804.1  0.0   87424.0  25509.2   349568.0   184922.5  160080.0 96243.9     82    3.534  20      0.735    4.268
43648.0 43648.0 25804.1  0.0   87424.0  25547.2   349568.0   184922.5  160080.0 96243.9     82    3.534  20      0.735    4.268
43648.0 43648.0 25804.1  0.0   87424.0  25695.3   349568.0   184922.5  160080.0 96247.2     82    3.534  20      0.735    4.268
43648.0 43648.0 25804.1  0.0   87424.0  25735.8   349568.0   184922.5  160080.0 96247.2     82    3.534  20      0.735    4.268
43648.0 43648.0 25804.1  0.0   87424.0  25901.4   349568.0   184922.5  160080.0 96247.9     82    3.534  20      0.735    4.268
43648.0 43648.0 25804.1  0.0   87424.0  26963.8   349568.0   184922.5  160080.0 96247.9     82    3.534  20      0.735    4.268
43648.0 43648.0 25804.1  0.0   87424.0  27925.1   349568.0   184922.5  160080.0 96247.9     82    3.534  20      0.735    4.268
43648.0 43648.0 25804.1  0.0   87424.0  27965.9   349568.0   184922.5  160080.0 96247.9     82    3.534  20      0.735    4.268
43648.0 43648.0 25804.1  0.0   87424.0  30573.5   349568.0   184922.5  160080.0 96248.3     82    3.534  20      0.735    4.268
43648.0 43648.0 25804.1  0.0   87424.0  30814.1   349568.0   184922.5  160080.0 96250.3     82    3.534  20      0.735    4.268
43648.0 43648.0 25804.1  0.0   87424.0  31060.7   349568.0   184922.5  160080.0 96250.5     82    3.534  20      0.735    4.268
43648.0 43648.0 25804.1  0.0   87424.0  31060.7   349568.0   184922.5  160080.0 96250.5     82    3.534  20      0.735    4.268
43648.0 43648.0 25804.1  0.0   87424.0  31975.3   349568.0   184922.5  160080.0 96250.5     82    3.534  20      0.735    4.268
43648.0 43648.0 25804.1  0.0   87424.0  32015.4   349568.0   184922.5  160080.0 96250.5     82    3.534  20      0.735    4.268
43648.0 43648.0 25804.1  0.0   87424.0  32136.0   349568.0   184922.5  160080.0 96250.5     82    3.534  20      0.735    4.268
43648.0 43648.0 25804.1  0.0   87424.0  32174.5   349568.0   184922.5  160080.0 96250.5     82    3.534  20      0.735    4.268
43648.0 43648.0 25804.1  0.0   87424.0  32426.8   349568.0   184922.5  160080.0 96250.5     82    3.534  20      0.735    4.268
43648.0 43648.0 25804.1  0.0   87424.0  33490.2   349568.0   184922.5  160080.0 96250.7     82    3.534  20      0.735    4.268
43648.0 43648.0 25804.1  0.0   87424.0  34488.0   349568.0   184922.5  160080.0 96250.7     82    3.534  20      0.735    4.268
43648.0 43648.0 25804.1  0.0   87424.0  34525.8   349568.0   184922.5  160080.0 96250.7     82    3.534  20      0.735    4.268
43648.0 43648.0 25804.1  0.0   87424.0  37088.8   349568.0   184922.5  160080.0 96251.8     82    3.534  20      0.735    4.268
43648.0 43648.0 25804.1  0.0   87424.0  37327.1   349568.0   184922.5  160080.0 96251.8     82    3.534  20      0.735    4.268
43648.0 43648.0 25804.1  0.0   87424.0  37579.5   349568.0   184922.5  160080.0 96251.8     82    3.534  20      0.735    4.268
43648.0 43648.0 25804.1  0.0   87424.0  37583.6   349568.0   184922.5  160080.0 96251.8     82    3.534  20      0.735    4.268
43648.0 43648.0 25804.1  0.0   87424.0  38580.3   349568.0   184922.5  160080.0 96251.8     82    3.534  20      0.735    4.268
43648.0 43648.0 25804.1  0.0   87424.0  38620.3   349568.0   184922.5  160080.0 96251.8     82    3.534  20      0.735    4.268
43648.0 43648.0 25804.1  0.0   87424.0  38778.0   349568.0   184922.5  160080.0 96251.9     82    3.534  20      0.735    4.268
43648.0 43648.0 25804.1  0.0   87424.0  38818.6   349568.0   184922.5  160080.0 96251.9     82    3.534  20      0.735    4.268
43648.0 43648.0 25804.1  0.0   87424.0  38975.3   349568.0   184922.5  160080.0 96251.9     82    3.534  20      0.735    4.268
43648.0 43648.0 25804.1  0.0   87424.0  39974.3   349568.0   184922.5  160080.0 96251.9     82    3.534  20      0.735    4.268
43648.0 43648.0 25804.1  0.0   87424.0  40886.0   349568.0   184922.5  160080.0 96251.9     82    3.534  20      0.735    4.268
43648.0 43648.0 25804.1  0.0   87424.0  40925.8   349568.0   184922.5  160080.0 96251.9     82    3.534  20      0.735    4.268
43648.0 43648.0 25804.1  0.0   87424.0  43554.4   349568.0   184922.5  160080.0 96253.5     82    3.534  20      0.735    4.268
43648.0 43648.0 25804.1  0.0   87424.0  43732.2   349568.0   184922.5  160080.0 96253.5     82    3.534  20      0.735    4.268
43648.0 43648.0 25804.1  0.0   87424.0  43896.8   349568.0   184922.5  160080.0 96253.7     82    3.534  20      0.735    4.268
43648.0 43648.0 25804.1  0.0   87424.0  43898.9   349568.0   184922.5  160080.0 96253.7     82    3.534  20      0.735    4.268
43648.0 43648.0 25804.1  0.0   87424.0  44844.5   349568.0   184922.5  160080.0 96253.7     82    3.534  20      0.735    4.268
43648.0 43648.0 25804.1  0.0   87424.0  44884.6   349568.0   184922.5  160080.0 96253.7     82    3.534  20      0.735    4.268
43648.0 43648.0 25804.1  0.0   87424.0  45005.7   349568.0   184922.5  160080.0 96253.7     82    3.534  20      0.735    4.268
43648.0 43648.0 25804.1  0.0   87424.0  45044.2   349568.0   184922.5  160080.0 96253.7     82    3.534  20      0.735    4.268
43648.0 43648.0 25804.1  0.0   87424.0  45208.3   349568.0   184922.5  160080.0 96253.7     82    3.534  20      0.735    4.268
43648.0 43648.0 25804.1  0.0   87424.0  46271.8   349568.0   184922.5  160080.0 96256.8     82    3.534  20      0.735    4.268
43648.0 43648.0 25804.1  0.0   87424.0  47266.7   349568.0   184922.5  160080.0 96256.8     82    3.534  20      0.735    4.268
43648.0 43648.0 25804.1  0.0   87424.0  47304.4   349568.0   184922.5  160080.0 96256.8     82    3.534  20      0.735    4.268
43648.0 43648.0 25804.1  0.0   87424.0  49886.3   349568.0   184922.5  160080.0 96259.1     82    3.534  20      0.735    4.268
43648.0 43648.0 25804.1  0.0   87424.0  50041.0   349568.0   184922.5  160080.0 96259.1     82    3.534  20      0.735    4.268
43648.0 43648.0 25804.1  0.0   87424.0  50195.8   349568.0   184922.5  160080.0 96259.1     82    3.534  20      0.735    4.268
43648.0 43648.0 25804.1  0.0   87424.0  50197.8   349568.0   184922.5  160080.0 96259.1     82    3.534  20      0.735    4.268
43648.0 43648.0 25804.1  0.0   87424.0  51112.4   349568.0   184922.5  160080.0 96259.5     82    3.534  20      0.735    4.268
43648.0 43648.0 25804.1  0.0   87424.0  51154.5   349568.0   184922.5  160080.0 96259.5     82    3.534  20      0.735    4.268
43648.0 43648.0 25804.1  0.0   87424.0  51282.1   349568.0   184922.5  160080.0 96259.5     82    3.534  20      0.735    4.268
43648.0 43648.0 25804.1  0.0   87424.0  51319.9   349568.0   184922.5  160080.0 96259.5     82    3.534  20      0.735    4.268
43648.0 43648.0 25804.1  0.0   87424.0  51479.4   349568.0   184922.5  160080.0 96259.5     82    3.534  20      0.735    4.268
43648.0 43648.0 25804.1  0.0   87424.0  52478.6   349568.0   184922.5  160080.0 96260.5     82    3.534  20      0.735    4.268
43648.0 43648.0 25804.1  0.0   87424.0  53480.8   349568.0   184922.5  160080.0 96260.5     82    3.534  20      0.735    4.268
43648.0 43648.0 25804.1  0.0   87424.0  55096.8   349568.0   184922.5  160080.0 96262.8     82    3.534  20      0.735    4.268
43648.0 43648.0 25804.1  0.0   87424.0  57664.6   349568.0   184922.5  160080.0 96263.0     82    3.534  20      0.735    4.268
43648.0 43648.0 25804.1  0.0   87424.0  57817.0   349568.0   184922.5  160080.0 96263.0     82    3.534  20      0.735    4.268
43648.0 43648.0 25804.1  0.0   87424.0  58018.9   349568.0   184922.5  160080.0 96263.1     82    3.534  20      0.735    4.268
43648.0 43648.0 25804.1  0.0   87424.0  58018.9   349568.0   184922.5  160080.0 96263.1     82    3.534  20      0.735    4.268
43648.0 43648.0 25804.1  0.0   87424.0  58951.0   349568.0   184922.5  160080.0 96263.1     82    3.534  20      0.735    4.268
43648.0 43648.0 25804.1  0.0   87424.0  58991.0   349568.0   184922.5  160080.0 96263.1     82    3.534  20      0.735    4.268
43648.0 43648.0 25804.1  0.0   87424.0  59208.9   349568.0   184922.5  160080.0 96263.1     82    3.534  20      0.735    4.268
43648.0 43648.0 25804.1  0.0   87424.0  59249.5   349568.0   184922.5  160080.0 96263.1     82    3.534  20      0.735    4.268
43648.0 43648.0 25804.1  0.0   87424.0  59491.5   349568.0   184922.5  160080.0 96263.1     82    3.534  20      0.735    4.268
43648.0 43648.0 25804.1  0.0   87424.0  60553.8   349568.0   184922.5  160080.0 96264.4     82    3.534  20      0.735    4.268
43648.0 43648.0 25804.1  0.0   87424.0  61550.1   349568.0   184922.5  160080.0 96264.4     82    3.534  20      0.735    4.268
43648.0 43648.0 25804.1  0.0   87424.0  61590.0   349568.0   184922.5  160080.0 96264.4     82    3.534  20      0.735    4.268
43648.0 43648.0 25804.1  0.0   87424.0  64214.6   349568.0   184922.5  160080.0 96265.7     82    3.534  20      0.735    4.268
43648.0 43648.0 25804.1  0.0   87424.0  64453.5   349568.0   184922.5  160080.0 96265.7     82    3.534  20      0.735    4.268
43648.0 43648.0 25804.1  0.0   87424.0  64640.3   349568.0   184922.5  160080.0 96265.7     82    3.534  20      0.735    4.268
43648.0 43648.0 25804.1  0.0   87424.0  64644.5   349568.0   184922.5  160080.0 96265.7     82    3.534  20      0.735    4.268
43648.0 43648.0 25804.1  0.0   87424.0  65697.3   349568.0   184922.5  160080.0 96265.7     82    3.534  20      0.735    4.268
43648.0 43648.0 25804.1  0.0   87424.0  65737.4   349568.0   184922.5  160080.0 96265.7     82    3.534  20      0.735    4.268
43648.0 43648.0 25804.1  0.0   87424.0  65945.8   349568.0   184922.5  160080.0 96269.0     82    3.534  20      0.735    4.268
43648.0 43648.0 25804.1  0.0   87424.0  65984.3   349568.0   184922.5  160080.0 96269.0     82    3.534  20      0.735    4.268
43648.0 43648.0 25804.1  0.0   87424.0  66183.6   349568.0   184922.5  160080.0 96269.0     82    3.534  20      0.735    4.268
43648.0 43648.0 25804.1  0.0   87424.0  67247.5   349568.0   184922.5  160080.0 96275.4     82    3.534  20      0.735    4.268
43648.0 43648.0 25804.1  0.0   87424.0  68190.9   349568.0   184922.5  160080.0 96275.4     82    3.534  20      0.735    4.268
43648.0 43648.0 25804.1  0.0   87424.0  68228.7   349568.0   184922.5  160080.0 96275.4     82    3.534  20      0.735    4.268
43648.0 43648.0 25804.1  0.0   87424.0  70775.0   349568.0   184922.5  160080.0 96275.4     82    3.534  20      0.735    4.268
43648.0 43648.0 25804.1  0.0   87424.0  70930.8   349568.0   184922.5  160080.0 96275.4     82    3.534  20      0.735    4.268
43648.0 43648.0 25804.1  0.0   87424.0  71094.7   349568.0   184922.5  160080.0 96275.4     82    3.534  20      0.735    4.268
43648.0 43648.0 25804.1  0.0   87424.0  71094.7   349568.0   184922.5  160080.0 96275.4     82    3.534  20      0.735    4.268
43648.0 43648.0 25804.1  0.0   87424.0  71708.7   349568.0   184922.5  160080.0 96275.4     82    3.534  20      0.735    4.268
43648.0 43648.0 25804.1  0.0   87424.0  71748.7   349568.0   184922.5  160080.0 96275.4     82    3.534  20      0.735    4.268
43648.0 43648.0 25804.1  0.0   87424.0  71874.3   349568.0   184922.5  160080.0 96275.4     82    3.534  20      0.735    4.268
43648.0 43648.0 25804.1  0.0   87424.0  71918.9   349568.0   184922.5  160080.0 96275.4     82    3.534  20      0.735    4.268
43648.0 43648.0 25804.1  0.0   87424.0  72108.4   349568.0   184922.5  160080.0 96275.4     82    3.534  20      0.735    4.268
43648.0 43648.0 25804.1  0.0   87424.0  73107.4   349568.0   184922.5  160080.0 96275.4     82    3.534  20      0.735    4.268
43648.0 43648.0 25804.1  0.0   87424.0  73782.2   349568.0   184922.5  160080.0 96275.4     82    3.534  20      0.735    4.268
43648.0 43648.0 25804.1  0.0   87424.0  73822.1   349568.0   184922.5  160080.0 96275.4     82    3.534  20      0.735    4.268
43648.0 43648.0 25804.1  0.0   87424.0  76357.0   349568.0   184922.5  160080.0 96281.4     82    3.534  20      0.735    4.268
43648.0 43648.0 25804.1  0.0   87424.0  76540.5   349568.0   184922.5  160080.0 96281.4     82    3.534  20      0.735    4.268
43648.0 43648.0 25804.1  0.0   87424.0  76678.9   349568.0   184922.5  160080.0 96281.4     82    3.534  20      0.735    4.268
43648.0 43648.0 25804.1  0.0   87424.0  76680.9   349568.0   184922.5  160080.0 96281.4     82    3.534  20      0.735    4.268
43648.0 43648.0 25804.1  0.0   87424.0  77300.1   349568.0   184922.5  160080.0 96281.4     82    3.534  20      0.735    4.268
43648.0 43648.0 25804.1  0.0   87424.0  77340.3   349568.0   184922.5  160080.0 96281.4     82    3.534  20      0.735    4.268
43648.0 43648.0 25804.1  0.0   87424.0  77544.9   349568.0   184922.5  160080.0 96281.4     82    3.534  20      0.735    4.268
43648.0 43648.0 25804.1  0.0   87424.0  77582.9   349568.0   184922.5  160080.0 96281.4     82    3.534  20      0.735    4.268
43648.0 43648.0 25804.1  0.0   87424.0  77752.8   349568.0   184922.5  160080.0 96281.4     82    3.534  20      0.735    4.268
43648.0 43648.0 25804.1  0.0   87424.0  78816.1   349568.0   184922.5  160080.0 96281.4     82    3.534  20      0.735    4.268
43648.0 43648.0 25804.1  0.0   87424.0  79483.9   349568.0   184922.5  160080.0 96281.7     82    3.534  20      0.735    4.268
43648.0 43648.0 25804.1  0.0   87424.0  79521.9   349568.0   184922.5  160080.0 96281.7     82    3.534  20      0.735    4.268
43648.0 43648.0 25804.1  0.0   87424.0  82119.3   349568.0   184922.5  160080.0 96283.0     82    3.534  20      0.735    4.268
43648.0 43648.0 25804.1  0.0   87424.0  82326.5   349568.0   184922.5  160080.0 96283.4     82    3.534  20      0.735    4.268
43648.0 43648.0 25804.1  0.0   87424.0  82483.2   349568.0   184922.5  160080.0 96283.4     82    3.534  20      0.735    4.268
43648.0 43648.0 25804.1  0.0   87424.0  82483.2   349568.0   184922.5  160080.0 96283.4     82    3.534  20      0.735    4.268
43648.0 43648.0 25804.1  0.0   87424.0  83104.9   349568.0   184922.5  160080.0 96283.4     82    3.534  20      0.735    4.268
43648.0 43648.0 25804.1  0.0   87424.0  83144.9   349568.0   184922.5  160080.0 96283.4     82    3.534  20      0.735    4.268
43648.0 43648.0 25804.1  0.0   87424.0  83295.2   349568.0   184922.5  160080.0 96283.4     82    3.534  20      0.735    4.268
43648.0 43648.0 25804.1  0.0   87424.0  83333.7   349568.0   184922.5  160080.0 96283.4     82    3.534  20      0.735    4.268
43648.0 43648.0 25804.1  0.0   87424.0  83531.2   349568.0   184922.5  160080.0 96283.4     82    3.534  20      0.735    4.268
43648.0 43648.0 25804.1  0.0   87424.0  84596.9   349568.0   184922.5  160080.0 96283.4     82    3.534  20      0.735    4.268
43648.0 43648.0 25804.1  0.0   87424.0  85304.0   349568.0   184922.5  160080.0 96283.7     82    3.534  20      0.735    4.268
43648.0 43648.0 25804.1  0.0   87424.0  85342.0   349568.0   184922.5  160080.0 96283.7     82    3.534  20      0.735    4.268
43648.0 43648.0  0.0   24703.9 87424.0   1016.6   349568.0   187986.4  160080.0 96284.7     83    3.593  20      0.735    4.328
43648.0 43648.0  0.0   24703.9 87424.0   1255.1   349568.0   187986.4  160080.0 96284.9     83    3.593  20      0.735    4.328
43648.0 43648.0  0.0   24703.9 87424.0   1528.5   349568.0   187986.4  160080.0 96284.9     83    3.593  20      0.735    4.328
43648.0 43648.0  0.0   24703.9 87424.0   1535.0   349568.0   187986.4  160080.0 96284.9     83    3.593  20      0.735    4.328
43648.0 43648.0  0.0   24703.9 87424.0   2486.6   349568.0   187986.4  160080.0 96284.9     83    3.593  20      0.735    4.328
43648.0 43648.0  0.0   24703.9 87424.0   2524.2   349568.0   187986.4  160080.0 96284.9     83    3.593  20      0.735    4.328
43648.0 43648.0  0.0   24703.9 87424.0   2711.3   349568.0   187986.4  160080.0 96284.9     83    3.593  20      0.735    4.328
43648.0 43648.0  0.0   24703.9 87424.0   2747.0   349568.0   187986.4  160080.0 96284.9     83    3.593  20      0.735    4.328
43648.0 43648.0  0.0   24703.9 87424.0   3003.9   349568.0   187986.4  160080.0 96284.9     83    3.593  20      0.735    4.328
43648.0 43648.0  0.0   24703.9 87424.0   4115.8   349568.0   187986.4  160080.0 96284.9     83    3.593  20      0.735    4.328
43648.0 43648.0  0.0   24703.9 87424.0   4993.6   349568.0   187986.4  160080.0 96284.9     83    3.593  20      0.735    4.328
43648.0 43648.0  0.0   24703.9 87424.0   5031.2   349568.0   187986.4  160080.0 96284.9     83    3.593  20      0.735    4.328
43648.0 43648.0  0.0   24703.9 87424.0   7870.3   349568.0   187986.4  160080.0 96285.5     83    3.593  20      0.735    4.328
43648.0 43648.0  0.0   24703.9 87424.0   8085.3   349568.0   187986.4  160080.0 96285.5     83    3.593  20      0.735    4.328
43648.0 43648.0  0.0   24703.9 87424.0   8280.1   349568.0   187986.4  160080.0 96285.5     83    3.593  20      0.735    4.328
43648.0 43648.0  0.0   24703.9 87424.0   8282.1   349568.0   187986.4  160080.0 96285.5     83    3.593  20      0.735    4.328
43648.0 43648.0  0.0   24703.9 87424.0   9202.5   349568.0   187986.4  160080.0 96285.5     83    3.593  20      0.735    4.328
43648.0 43648.0  0.0   24703.9 87424.0   9259.1   349568.0   187986.4  160080.0 96285.5     83    3.593  20      0.735    4.328
43648.0 43648.0  0.0   24703.9 87424.0   9439.8   349568.0   187986.4  160080.0 96287.0     83    3.593  20      0.735    4.328
43648.0 43648.0  0.0   24703.9 87424.0   9475.3   349568.0   187986.4  160080.0 96287.0     83    3.593  20      0.735    4.328
43648.0 43648.0  0.0   24703.9 87424.0   9667.1   349568.0   187986.4  160080.0 96287.0     83    3.593  20      0.735    4.328
43648.0 43648.0  0.0   24703.9 87424.0  10749.5   349568.0   187986.4  160080.0 96287.0     83    3.593  20      0.735    4.328
43648.0 43648.0  0.0   24703.9 87424.0  11653.2   349568.0   187986.4  160080.0 96287.0     83    3.593  20      0.735    4.328
43648.0 43648.0  0.0   24703.9 87424.0  11724.4   349568.0   187986.4  160080.0 96287.0     83    3.593  20      0.735    4.328
43648.0 43648.0  0.0   24703.9 87424.0  14547.2   349568.0   187986.4  160080.0 96288.7     83    3.593  20      0.735    4.328
43648.0 43648.0  0.0   24703.9 87424.0  14731.7   349568.0   187986.4  160080.0 96288.7     83    3.593  20      0.735    4.328
43648.0 43648.0  0.0   24703.9 87424.0  14928.3   349568.0   187986.4  160080.0 96288.7     83    3.593  20      0.735    4.328
43648.0 43648.0  0.0   24703.9 87424.0  14930.4   349568.0   187986.4  160080.0 96288.7     83    3.593  20      0.735    4.328
43648.0 43648.0  0.0   24703.9 87424.0  15794.1   349568.0   187986.4  160080.0 96288.7     83    3.593  20      0.735    4.328
43648.0 43648.0  0.0   24703.9 87424.0  15831.9   349568.0   187986.4  160080.0 96288.7     83    3.593  20      0.735    4.328
43648.0 43648.0  0.0   24703.9 87424.0  15994.4   349568.0   187986.4  160080.0 96288.7     83    3.593  20      0.735    4.328
43648.0 43648.0  0.0   24703.9 87424.0  16030.5   349568.0   187986.4  160080.0 96288.7     83    3.593  20      0.735    4.328
43648.0 43648.0  0.0   24703.9 87424.0  16226.3   349568.0   187986.4  160080.0 96288.7     83    3.593  20      0.735    4.328
43648.0 43648.0  0.0   24703.9 87424.0  17175.9   349568.0   187986.4  160080.0 96289.1     83    3.593  20      0.735    4.328
43648.0 43648.0  0.0   24703.9 87424.0  18077.8   349568.0   187986.4  160080.0 96290.0     83    3.593  20      0.735    4.328
43648.0 43648.0  0.0   24703.9 87424.0  18115.4   349568.0   187986.4  160080.0 96290.0     83    3.593  20      0.735    4.328
43648.0 43648.0  0.0   24703.9 87424.0  20703.7   349568.0   187986.4  160080.0 96292.2     83    3.593  20      0.735    4.328
43648.0 43648.0  0.0   24703.9 87424.0  20909.1   349568.0   187986.4  160080.0 96292.2     83    3.593  20      0.735    4.328
43648.0 43648.0  0.0   24703.9 87424.0  21099.3   349568.0   187986.4  160080.0 96293.2     83    3.593  20      0.735    4.328
43648.0 43648.0  0.0   24703.9 87424.0  21103.4   349568.0   187986.4  160080.0 96293.2     83    3.593  20      0.735    4.328
43648.0 43648.0  0.0   24703.9 87424.0  21970.1   349568.0   187986.4  160080.0 96293.2     83    3.593  20      0.735    4.328
43648.0 43648.0  0.0   24703.9 87424.0  22005.6   349568.0   187986.4  160080.0 96293.4     83    3.593  20      0.735    4.328
43648.0 43648.0  0.0   24703.9 87424.0  22162.2   349568.0   187986.4  160080.0 96293.4     83    3.593  20      0.735    4.328
43648.0 43648.0  0.0   24703.9 87424.0  22199.9   349568.0   187986.4  160080.0 96293.4     83    3.593  20      0.735    4.328
43648.0 43648.0  0.0   24703.9 87424.0  22390.5   349568.0   187986.4  160080.0 96293.4     83    3.593  20      0.735    4.328
43648.0 43648.0  0.0   24703.9 87424.0  23473.2   349568.0   187986.4  160080.0 96295.7     83    3.593  20      0.735    4.328
43648.0 43648.0  0.0   24703.9 87424.0  24301.4   349568.0   187986.4  160080.0 96295.7     83    3.593  20      0.735    4.328
43648.0 43648.0  0.0   24703.9 87424.0  24339.0   349568.0   187986.4  160080.0 96295.7     83    3.593  20      0.735    4.328
43648.0 43648.0  0.0   24703.9 87424.0  26936.8   349568.0   187986.4  160080.0 96295.7     83    3.593  20      0.735    4.328
43648.0 43648.0  0.0   24703.9 87424.0  27123.8   349568.0   187986.4  160080.0 96295.7     83    3.593  20      0.735    4.328
43648.0 43648.0  0.0   24703.9 87424.0  27341.2   349568.0   187986.4  160080.0 96295.7     83    3.593  20      0.735    4.328
43648.0 43648.0  0.0   24703.9 87424.0  27349.4   349568.0   187986.4  160080.0 96295.7     83    3.593  20      0.735    4.328
43648.0 43648.0  0.0   24703.9 87424.0  28227.6   349568.0   187986.4  160080.0 96295.7     83    3.593  20      0.735    4.328
43648.0 43648.0  0.0   24703.9 87424.0  28265.3   349568.0   187986.4  160080.0 96295.7     83    3.593  20      0.735    4.328
43648.0 43648.0  0.0   24703.9 87424.0  28421.9   349568.0   187986.4  160080.0 96295.7     83    3.593  20      0.735    4.328
43648.0 43648.0  0.0   24703.9 87424.0  28457.4   349568.0   187986.4  160080.0 96295.7     83    3.593  20      0.735    4.328
43648.0 43648.0  0.0   24703.9 87424.0  28673.9   349568.0   187986.4  160080.0 96295.9     83    3.593  20      0.735    4.328
43648.0 43648.0  0.0   24703.9 87424.0  29758.7   349568.0   187986.4  160080.0 96295.9     83    3.593  20      0.735    4.328
43648.0 43648.0  0.0   24703.9 87424.0  30644.5   349568.0   187986.4  160080.0 96295.9     83    3.593  20      0.735    4.328
43648.0 43648.0  0.0   24703.9 87424.0  32543.7   349568.0   187986.4  160080.0 96297.2     83    3.593  20      0.735    4.328
43648.0 43648.0  0.0   24703.9 87424.0  34865.6   349568.0   187986.4  160080.0 96297.7     83    3.593  20      0.735    4.328
43648.0 43648.0  0.0   24703.9 87424.0  35070.1   349568.0   187986.4  160080.0 96297.7     83    3.593  20      0.735    4.328
43648.0 43648.0  0.0   24703.9 87424.0  35249.4   349568.0   187986.4  160080.0 96298.4     83    3.593  20      0.735    4.328
43648.0 43648.0  0.0   24703.9 87424.0  35249.4   349568.0   187986.4  160080.0 96298.4     83    3.593  20      0.735    4.328
43648.0 43648.0  0.0   24703.9 87424.0  36142.2   349568.0   187986.4  160080.0 96298.4     83    3.593  20      0.735    4.328
43648.0 43648.0  0.0   24703.9 87424.0  36179.9   349568.0   187986.4  160080.0 96298.4     83    3.593  20      0.735    4.328
43648.0 43648.0  0.0   24703.9 87424.0  36337.0   349568.0   187986.4  160080.0 96298.4     83    3.593  20      0.735    4.328
43648.0 43648.0  0.0   24703.9 87424.0  36372.7   349568.0   187986.4  160080.0 96298.4     83    3.593  20      0.735    4.328
43648.0 43648.0  0.0   24703.9 87424.0  36562.5   349568.0   187986.4  160080.0 96298.4     83    3.593  20      0.735    4.328
43648.0 43648.0  0.0   24703.9 87424.0  37511.9   349568.0   187986.4  160080.0 96298.4     83    3.593  20      0.735    4.328
43648.0 43648.0  0.0   24703.9 87424.0  38388.2   349568.0   187986.4  160080.0 96298.4     83    3.593  20      0.735    4.328
43648.0 43648.0  0.0   24703.9 87424.0  38424.5   349568.0   187986.4  160080.0 96298.4     83    3.593  20      0.735    4.328
43648.0 43648.0  0.0   24703.9 87424.0  41062.4   349568.0   187986.4  160080.0 96299.0     83    3.593  20      0.735    4.328
43648.0 43648.0  0.0   24703.9 87424.0  41248.8   349568.0   187986.4  160080.0 96299.0     83    3.593  20      0.735    4.328
43648.0 43648.0  0.0   24703.9 87424.0  41402.2   349568.0   187986.4  160080.0 96299.0     83    3.593  20      0.735    4.328
43648.0 43648.0  0.0   24703.9 87424.0  41402.2   349568.0   187986.4  160080.0 96299.0     83    3.593  20      0.735    4.328
43648.0 43648.0  0.0   24703.9 87424.0  42282.2   349568.0   187986.4  160080.0 96299.0     83    3.593  20      0.735    4.328
43648.0 43648.0  0.0   24703.9 87424.0  42324.1   349568.0   187986.4  160080.0 96299.0     83    3.593  20      0.735    4.328
43648.0 43648.0  0.0   24703.9 87424.0  42502.9   349568.0   187986.4  160080.0 96299.0     83    3.593  20      0.735    4.328
43648.0 43648.0  0.0   24703.9 87424.0  42538.7   349568.0   187986.4  160080.0 96299.0     83    3.593  20      0.735    4.328
43648.0 43648.0  0.0   24703.9 87424.0  42743.2   349568.0   187986.4  160080.0 96299.0     83    3.593  20      0.735    4.328
43648.0 43648.0  0.0   24703.9 87424.0  43827.5   349568.0   187986.4  160080.0 96299.8     83    3.593  20      0.735    4.328
43648.0 43648.0  0.0   24703.9 87424.0  44671.3   349568.0   187986.4  160080.0 96300.0     83    3.593  20      0.735    4.328
43648.0 43648.0  0.0   24703.9 87424.0  44709.4   349568.0   187986.4  160080.0 96300.0     83    3.593  20      0.735    4.328
43648.0 43648.0  0.0   24703.9 87424.0  47315.2   349568.0   187986.4  160080.0 96300.7     83    3.593  20      0.735    4.328
43648.0 43648.0  0.0   24703.9 87424.0  47520.5   349568.0   187986.4  160080.0 96300.7     83    3.593  20      0.735    4.328
43648.0 43648.0  0.0   24703.9 87424.0  47649.5   349568.0   187986.4  160080.0 96300.9     83    3.593  20      0.735    4.328
43648.0 43648.0  0.0   24703.9 87424.0  47649.5   349568.0   187986.4  160080.0 96300.9     83    3.593  20      0.735    4.328
43648.0 43648.0  0.0   24703.9 87424.0  48340.4   349568.0   187986.4  160080.0 96301.0     83    3.593  20      0.735    4.328
43648.0 43648.0  0.0   24703.9 87424.0  48378.0   349568.0   187986.4  160080.0 96301.0     83    3.593  20      0.735    4.328
43648.0 43648.0  0.0   24703.9 87424.0  48497.4   349568.0   187986.4  160080.0 96301.0     83    3.593  20      0.735    4.328
43648.0 43648.0  0.0   24703.9 87424.0  48532.9   349568.0   187986.4  160080.0 96301.0     83    3.593  20      0.735    4.328
43648.0 43648.0  0.0   24703.9 87424.0  48769.5   349568.0   187986.4  160080.0 96301.0     83    3.593  20      0.735    4.328
43648.0 43648.0  0.0   24703.9 87424.0  49855.0   349568.0   187986.4  160080.0 96301.0     83    3.593  20      0.735    4.328
43648.0 43648.0  0.0   24703.9 87424.0  50695.3   349568.0   187986.4  160080.0 96301.0     83    3.593  20      0.735    4.328
43648.0 43648.0  0.0   24703.9 87424.0  50731.1   349568.0   187986.4  160080.0 96301.0     83    3.593  20      0.735    4.328
43648.0 43648.0  0.0   24703.9 87424.0  53281.0   349568.0   187986.4  160080.0 96301.6     83    3.593  20      0.735    4.328
43648.0 43648.0  0.0   24703.9 87424.0  53479.2   349568.0   187986.4  160080.0 96301.6     83    3.593  20      0.735    4.328
43648.0 43648.0  0.0   24703.9 87424.0  53676.9   349568.0   187986.4  160080.0 96301.6     83    3.593  20      0.735    4.328
43648.0 43648.0  0.0   24703.9 87424.0  53676.9   349568.0   187986.4  160080.0 96301.6     83    3.593  20      0.735    4.328
43648.0 43648.0  0.0   24703.9 87424.0  54583.3   349568.0   187986.4  160080.0 96301.6     83    3.593  20      0.735    4.328
43648.0 43648.0  0.0   24703.9 87424.0  54621.0   349568.0   187986.4  160080.0 96301.6     83    3.593  20      0.735    4.328
43648.0 43648.0  0.0   24703.9 87424.0  54778.3   349568.0   187986.4  160080.0 96301.6     83    3.593  20      0.735    4.328
43648.0 43648.0  0.0   24703.9 87424.0  54817.9   349568.0   187986.4  160080.0 96301.6     83    3.593  20      0.735    4.328
43648.0 43648.0  0.0   24703.9 87424.0  55012.1   349568.0   187986.4  160080.0 96301.6     83    3.593  20      0.735    4.328
43648.0 43648.0  0.0   24703.9 87424.0  55961.4   349568.0   187986.4  160080.0 96301.6     83    3.593  20      0.735    4.328
43648.0 43648.0  0.0   24703.9 87424.0  56864.1   349568.0   187986.4  160080.0 96301.6     83    3.593  20      0.735    4.328
43648.0 43648.0  0.0   24703.9 87424.0  56901.9   349568.0   187986.4  160080.0 96301.9     83    3.593  20      0.735    4.328
43648.0 43648.0  0.0   24703.9 87424.0  59532.8   349568.0   187986.4  160080.0 96304.4     83    3.593  20      0.735    4.328
43648.0 43648.0  0.0   24703.9 87424.0  59699.6   349568.0   187986.4  160080.0 96304.4     83    3.593  20      0.735    4.328
43648.0 43648.0  0.0   24703.9 87424.0  59889.4   349568.0   187986.4  160080.0 96304.4     83    3.593  20      0.735    4.328
43648.0 43648.0  0.0   24703.9 87424.0  59891.4   349568.0   187986.4  160080.0 96304.4     83    3.593  20      0.735    4.328
43648.0 43648.0  0.0   24703.9 87424.0  60793.9   349568.0   187986.4  160080.0 96304.4     83    3.593  20      0.735    4.328
43648.0 43648.0  0.0   24703.9 87424.0  60829.6   349568.0   187986.4  160080.0 96304.4     83    3.593  20      0.735    4.328
43648.0 43648.0  0.0   24703.9 87424.0  60949.5   349568.0   187986.4  160080.0 96304.4     83    3.593  20      0.735    4.328
43648.0 43648.0  0.0   24703.9 87424.0  61026.7   349568.0   187986.4  160080.0 96304.4     83    3.593  20      0.735    4.328
43648.0 43648.0  0.0   24703.9 87424.0  61181.8   349568.0   187986.4  160080.0 96304.4     83    3.593  20      0.735    4.328
43648.0 43648.0  0.0   24703.9 87424.0  62264.2   349568.0   187986.4  160080.0 96304.4     83    3.593  20      0.735    4.328
43648.0 43648.0  0.0   24703.9 87424.0  63169.1   349568.0   187986.4  160080.0 96304.4     83    3.593  20      0.735    4.328
43648.0 43648.0  0.0   24703.9 87424.0  63206.6   349568.0   187986.4  160080.0 96304.4     83    3.593  20      0.735    4.328
43648.0 43648.0  0.0   24703.9 87424.0  65821.6   349568.0   187986.4  160080.0 96308.7     83    3.593  20      0.735    4.328
43648.0 43648.0  0.0   24703.9 87424.0  66008.1   349568.0   187986.4  160080.0 96308.7     83    3.593  20      0.735    4.328
43648.0 43648.0  0.0   24703.9 87424.0  66225.0   349568.0   187986.4  160080.0 96308.9     83    3.593  20      0.735    4.328
43648.0 43648.0  0.0   24703.9 87424.0  66231.5   349568.0   187986.4  160080.0 96308.9     83    3.593  20      0.735    4.328
43648.0 43648.0  0.0   24703.9 87424.0  67110.9   349568.0   187986.4  160080.0 96309.3     83    3.593  20      0.735    4.328
43648.0 43648.0  0.0   24703.9 87424.0  67146.4   349568.0   187986.4  160080.0 96309.3     83    3.593  20      0.735    4.328
43648.0 43648.0  0.0   24703.9 87424.0  67311.0   349568.0   187986.4  160080.0 96309.3     83    3.593  20      0.735    4.328
43648.0 43648.0  0.0   24703.9 87424.0  67348.6   349568.0   187986.4  160080.0 96309.3     83    3.593  20      0.735    4.328
43648.0 43648.0  0.0   24703.9 87424.0  67566.9   349568.0   187986.4  160080.0 96309.3     83    3.593  20      0.735    4.328
43648.0 43648.0  0.0   24703.9 87424.0  68649.8   349568.0   187986.4  160080.0 96309.3     83    3.593  20      0.735    4.328
43648.0 43648.0  0.0   24703.9 87424.0  69407.4   349568.0   187986.4  160080.0 96309.5     83    3.593  20      0.735    4.328
43648.0 43648.0  0.0   24703.9 87424.0  69445.2   349568.0   187986.4  160080.0 96309.5     83    3.593  20      0.735    4.328
43648.0 43648.0  0.0   24703.9 87424.0  72079.5   349568.0   187986.4  160080.0 96313.4     83    3.593  20      0.735    4.328
43648.0 43648.0  0.0   24703.9 87424.0  72291.2   349568.0   187986.4  160080.0 96313.4     83    3.593  20      0.735    4.328
43648.0 43648.0  0.0   24703.9 87424.0  72509.9   349568.0   187986.4  160080.0 96313.4     83    3.593  20      0.735    4.328
43648.0 43648.0  0.0   24703.9 87424.0  72511.9   349568.0   187986.4  160080.0 96313.4     83    3.593  20      0.735    4.328
43648.0 43648.0  0.0   24703.9 87424.0  73392.6   349568.0   187986.4  160080.0 96313.4     83    3.593  20      0.735    4.328
43648.0 43648.0  0.0   24703.9 87424.0  73449.3   349568.0   187986.4  160080.0 96313.4     83    3.593  20      0.735    4.328
43648.0 43648.0  0.0   24703.9 87424.0  73603.5   349568.0   187986.4  160080.0 96313.4     83    3.593  20      0.735    4.328
43648.0 43648.0  0.0   24703.9 87424.0  73676.8   349568.0   187986.4  160080.0 96313.4     83    3.593  20      0.735    4.328
43648.0 43648.0  0.0   24703.9 87424.0  73892.0   349568.0   187986.4  160080.0 96313.4     83    3.593  20      0.735    4.328
43648.0 43648.0  0.0   24703.9 87424.0  74845.2   349568.0   187986.4  160080.0 96313.8     83    3.593  20      0.735    4.328
43648.0 43648.0  0.0   24703.9 87424.0  75722.4   349568.0   187986.4  160080.0 96315.3     83    3.593  20      0.735    4.328
43648.0 43648.0  0.0   24703.9 87424.0  75760.1   349568.0   187986.4  160080.0 96315.3     83    3.593  20      0.735    4.328
43648.0 43648.0  0.0   24703.9 87424.0  78408.5   349568.0   187986.4  160080.0 96315.7     83    3.593  20      0.735    4.328
43648.0 43648.0  0.0   24703.9 87424.0  78597.6   349568.0   187986.4  160080.0 96315.7     83    3.593  20      0.735    4.328
43648.0 43648.0  0.0   24703.9 87424.0  78787.9   349568.0   187986.4  160080.0 96315.7     83    3.593  20      0.735    4.328
43648.0 43648.0  0.0   24703.9 87424.0  78787.9   349568.0   187986.4  160080.0 96315.7     83    3.593  20      0.735    4.328
43648.0 43648.0  0.0   24703.9 87424.0  79657.2   349568.0   187986.4  160080.0 96315.7     83    3.593  20      0.735    4.328
43648.0 43648.0  0.0   24703.9 87424.0  79694.8   349568.0   187986.4  160080.0 96315.7     83    3.593  20      0.735    4.328
43648.0 43648.0  0.0   24703.9 87424.0  79882.8   349568.0   187986.4  160080.0 96315.7     83    3.593  20      0.735    4.328
43648.0 43648.0  0.0   24703.9 87424.0  79918.3   349568.0   187986.4  160080.0 96315.7     83    3.593  20      0.735    4.328
43648.0 43648.0  0.0   24703.9 87424.0  80048.8   349568.0   187986.4  160080.0 96315.7     83    3.593  20      0.735    4.328
43648.0 43648.0  0.0   24703.9 87424.0  81157.6   349568.0   187986.4  160080.0 96315.7     83    3.593  20      0.735    4.328
43648.0 43648.0  0.0   24703.9 87424.0  81951.1   349568.0   187986.4  160080.0 96315.7     83    3.593  20      0.735    4.328
43648.0 43648.0  0.0   24703.9 87424.0  81988.8   349568.0   187986.4  160080.0 96315.7     83    3.593  20      0.735    4.328
43648.0 43648.0  0.0   24703.9 87424.0  84341.5   349568.0   187986.4  160080.0 96317.5     83    3.593  20      0.735    4.328
43648.0 43648.0  0.0   24703.9 87424.0  84569.3   349568.0   187986.4  160080.0 96317.5     83    3.593  20      0.735    4.328
