 S0C    S1C    S0U    S1U      EC       EU        OC         OU       PC     PU    YGC     YGCT    FGC    FGCT     GCT   
43648.0 43648.0 43648.0  0.0   87424.0  28750.8   349568.0   144694.0  117324.0 82465.7     56    2.503  18      0.809    3.313
43648.0 43648.0 43648.0  0.0   87424.0  31084.5   349568.0   144694.0  117324.0 82495.6     56    2.503  18      0.809    3.313
43648.0 43648.0 43648.0  0.0   87424.0  31084.5   349568.0   144694.0  117324.0 82495.6     56    2.503  18      0.809    3.313
43648.0 43648.0 43648.0  0.0   87424.0  31958.8   349568.0   144694.0  117324.0 82495.6     56    2.503  18      0.809    3.313
43648.0 43648.0 43648.0  0.0   87424.0  31958.8   349568.0   144694.0  117324.0 82495.6     56    2.503  18      0.809    3.313
43648.0 43648.0  0.0   31092.0 87424.0   5864.0   349568.0   148573.7  117324.0 86958.7     57    2.601  18      0.809    3.410
43648.0 43648.0  0.0   31092.0 87424.0  10422.7   349568.0   148573.7  117324.0 86977.1     57    2.601  18      0.809    3.410
43648.0 43648.0  0.0   31092.0 87424.0  14354.7   349568.0   148573.7  117324.0 86991.6     57    2.601  18      0.809    3.410
43648.0 43648.0  0.0   31092.0 87424.0  18812.6   349568.0   148573.7  117324.0 87017.2     57    2.601  18      0.809    3.410
43648.0 43648.0  0.0   31092.0 87424.0  26412.9   349568.0   148573.7  117324.0 87106.1     57    2.601  18      0.809    3.410
43648.0 43648.0  0.0   31092.0 87424.0  26858.8   349568.0   148573.7  117324.0 87110.0     57    2.601  18      0.809    3.410
43648.0 43648.0  0.0   31092.0 87424.0  27432.6   349568.0   148573.7  117324.0 87110.0     57    2.601  18      0.809    3.410
43648.0 43648.0  0.0   31092.0 87424.0  27432.6   349568.0   148573.7  117324.0 87110.0     57    2.601  18      0.809    3.410
43648.0 43648.0  0.0   31092.0 87424.0  29282.0   349568.0   148573.7  117324.0 87119.9     57    2.601  18      0.809    3.410
43648.0 43648.0  0.0   31092.0 87424.0  29282.0   349568.0   148573.7  117324.0 87119.9     57    2.601  18      0.809    3.410
43648.0 43648.0  0.0   31092.0 87424.0  32355.1   349568.0   148573.7  117324.0 87143.6     57    2.601  18      0.809    3.410
43648.0 43648.0  0.0   31092.0 87424.0  32355.1   349568.0   148573.7  117324.0 87143.6     57    2.601  18      0.809    3.410
43648.0 43648.0  0.0   31092.0 87424.0  33024.0   349568.0   148573.7  117324.0 87145.8     57    2.601  18      0.809    3.410
43648.0 43648.0  0.0   31092.0 87424.0  34049.7   349568.0   148573.7  117324.0 87147.7     57    2.601  18      0.809    3.410
43648.0 43648.0  0.0   31092.0 87424.0  35766.2   349568.0   148573.7  117324.0 87148.2     57    2.601  18      0.809    3.410
43648.0 43648.0  0.0   31092.0 87424.0  35766.2   349568.0   148573.7  117324.0 87148.2     57    2.601  18      0.809    3.410
43648.0 43648.0  0.0   31092.0 87424.0  36340.1   349568.0   148573.7  117324.0 87148.4     57    2.601  18      0.809    3.410
43648.0 43648.0  0.0   31092.0 87424.0  36638.8   349568.0   148573.7  117324.0 87148.4     57    2.601  18      0.809    3.410
43648.0 43648.0  0.0   31092.0 87424.0  36638.8   349568.0   148573.7  117324.0 87150.8     57    2.601  18      0.809    3.410
43648.0 43648.0  0.0   31092.0 87424.0  36638.8   349568.0   148573.7  117324.0 87150.8     57    2.601  18      0.809    3.410
43648.0 43648.0  0.0   31092.0 87424.0  38042.7   349568.0   148573.7  117324.0 87150.8     57    2.601  18      0.809    3.410
43648.0 43648.0  0.0   31092.0 87424.0  38170.5   349568.0   148573.7  117324.0 87150.8     57    2.601  18      0.809    3.410
43648.0 43648.0  0.0   31092.0 87424.0  40545.4   349568.0   148573.7  145260.0 87156.0     57    2.601  18      0.809    3.410
43648.0 43648.0  0.0   31092.0 87424.0  40545.4   349568.0   148573.7  145260.0 87156.0     57    2.601  18      0.809    3.410
43648.0 43648.0  0.0   31092.0 87424.0  41104.3   349568.0   148573.7  145260.0 87170.0     57    2.601  18      0.809    3.410
43648.0 43648.0  0.0   31092.0 87424.0  42258.9   349568.0   148573.7  145260.0 87171.7     57    2.601  18      0.809    3.410
43648.0 43648.0  0.0   31092.0 87424.0  43752.2   349568.0   148573.7  145260.0 87173.5     57    2.601  18      0.809    3.410
43648.0 43648.0  0.0   31092.0 87424.0  43752.2   349568.0   148573.7  145260.0 87173.5     57    2.601  18      0.809    3.410
43648.0 43648.0  0.0   31092.0 87424.0  43752.2   349568.0   148573.7  145260.0 87174.9     57    2.601  18      0.809    3.410
43648.0 43648.0  0.0   31092.0 87424.0  43752.2   349568.0   148573.7  145260.0 87174.9     57    2.601  18      0.809    3.410
43648.0 43648.0  0.0   31092.0 87424.0  43835.4   349568.0   148573.7  145260.0 87175.1     57    2.601  18      0.809    3.410
43648.0 43648.0  0.0   31092.0 87424.0  43963.5   349568.0   148573.7  145260.0 87175.1     57    2.601  18      0.809    3.410
43648.0 43648.0  0.0   31092.0 87424.0  45366.1   349568.0   148573.7  145260.0 87175.3     57    2.601  18      0.809    3.410
43648.0 43648.0  0.0   31092.0 87424.0  45366.1   349568.0   148573.7  145260.0 87175.3     57    2.601  18      0.809    3.410
43648.0 43648.0  0.0   31092.0 87424.0  48348.1   349568.0   148573.7  145260.0 87182.4     57    2.601  18      0.809    3.410
43648.0 43648.0  0.0   31092.0 87424.0  48348.1   349568.0   148573.7  145260.0 87182.4     57    2.601  18      0.809    3.410
43648.0 43648.0  0.0   31092.0 87424.0  48476.0   349568.0   148573.7  145260.0 87182.4     57    2.601  18      0.809    3.410
43648.0 43648.0  0.0   31092.0 87424.0  49491.1   349568.0   148573.7  145260.0 87183.3     57    2.601  18      0.809    3.410
43648.0 43648.0  0.0   31092.0 87424.0  51768.0   349568.0   148573.7  145260.0 87184.6     57    2.601  18      0.809    3.410
43648.0 43648.0  0.0   31092.0 87424.0  52130.2   349568.0   148573.7  145260.0 87188.1     57    2.601  18      0.809    3.410
43648.0 43648.0  0.0   31092.0 87424.0  52481.1   349568.0   148573.7  145260.0 87188.3     57    2.601  18      0.809    3.410
43648.0 43648.0  0.0   31092.0 87424.0  52481.1   349568.0   148573.7  145260.0 87188.3     57    2.601  18      0.809    3.410
43648.0 43648.0  0.0   31092.0 87424.0  52481.1   349568.0   148573.7  145260.0 87188.5     57    2.601  18      0.809    3.410
43648.0 43648.0  0.0   31092.0 87424.0  52481.1   349568.0   148573.7  145260.0 87188.5     57    2.601  18      0.809    3.410
43648.0 43648.0  0.0   31092.0 87424.0  53752.8   349568.0   148573.7  145260.0 87188.6     57    2.601  18      0.809    3.410
43648.0 43648.0  0.0   31092.0 87424.0  53752.8   349568.0   148573.7  145260.0 87188.6     57    2.601  18      0.809    3.410
43648.0 43648.0  0.0   31092.0 87424.0  56388.9   349568.0   148573.7  145260.0 87209.7     57    2.601  18      0.809    3.410
43648.0 43648.0  0.0   31092.0 87424.0  56388.9   349568.0   148573.7  145260.0 87209.7     57    2.601  18      0.809    3.410
43648.0 43648.0  0.0   31092.0 87424.0  56388.9   349568.0   148573.7  145260.0 87212.8     57    2.601  18      0.809    3.410
43648.0 43648.0  0.0   31092.0 87424.0  57403.1   349568.0   148573.7  145260.0 87217.9     57    2.601  18      0.809    3.410
43648.0 43648.0  0.0   31092.0 87424.0  58807.0   349568.0   148573.7  145260.0 87219.8     57    2.601  18      0.809    3.410
43648.0 43648.0  0.0   31092.0 87424.0  58934.8   349568.0   148573.7  145260.0 87219.8     57    2.601  18      0.809    3.410
43648.0 43648.0  0.0   31092.0 87424.0  59456.9   349568.0   148573.7  145260.0 87219.8     57    2.601  18      0.809    3.410
43648.0 43648.0  0.0   31092.0 87424.0  59903.0   349568.0   148573.7  145260.0 87219.8     57    2.601  18      0.809    3.410
43648.0 43648.0  0.0   31092.0 87424.0  60349.5   349568.0   148573.7  145260.0 87223.9     57    2.601  18      0.809    3.410
43648.0 43648.0  0.0   31092.0 87424.0  60349.5   349568.0   148573.7  145260.0 87223.9     57    2.601  18      0.809    3.410
43648.0 43648.0  0.0   31092.0 87424.0  61637.1   349568.0   148573.7  145260.0 87225.1     57    2.601  18      0.809    3.410
43648.0 43648.0  0.0   31092.0 87424.0  61765.1   349568.0   148573.7  145260.0 87225.3     57    2.601  18      0.809    3.410
43648.0 43648.0  0.0   31092.0 87424.0  64711.1   349568.0   148573.7  145260.0 87237.0     57    2.601  18      0.809    3.410
43648.0 43648.0  0.0   31092.0 87424.0  64711.1   349568.0   148573.7  145260.0 87237.0     57    2.601  18      0.809    3.410
43648.0 43648.0  0.0   31092.0 87424.0  65157.0   349568.0   148573.7  145260.0 87237.0     57    2.601  18      0.809    3.410
43648.0 43648.0  0.0   31092.0 87424.0  66457.7   349568.0   148573.7  145260.0 87248.9     57    2.601  18      0.809    3.410
43648.0 43648.0  0.0   31092.0 87424.0  67433.3   349568.0   148573.7  145260.0 87249.8     57    2.601  18      0.809    3.410
43648.0 43648.0  0.0   31092.0 87424.0  67433.3   349568.0   148573.7  145260.0 87249.8     57    2.601  18      0.809    3.410
43648.0 43648.0  0.0   31092.0 87424.0  67880.8   349568.0   148573.7  145260.0 87249.8     57    2.601  18      0.809    3.410
43648.0 43648.0  0.0   31092.0 87424.0  68326.9   349568.0   148573.7  145260.0 87249.8     57    2.601  18      0.809    3.410
43648.0 43648.0  0.0   31092.0 87424.0  69124.2   349568.0   148573.7  145260.0 87249.8     57    2.601  18      0.809    3.410
43648.0 43648.0  0.0   31092.0 87424.0  69124.2   349568.0   148573.7  145260.0 87249.8     57    2.601  18      0.809    3.410
43648.0 43648.0  0.0   31092.0 87424.0  69652.3   349568.0   148573.7  145260.0 87249.8     57    2.601  18      0.809    3.410
43648.0 43648.0  0.0   31092.0 87424.0  69652.3   349568.0   148573.7  145260.0 87249.8     57    2.601  18      0.809    3.410
43648.0 43648.0  0.0   31092.0 87424.0  72034.3   349568.0   148573.7  145260.0 87251.6     57    2.601  18      0.809    3.410
43648.0 43648.0  0.0   31092.0 87424.0  72034.3   349568.0   148573.7  145260.0 87251.6     57    2.601  18      0.809    3.410
43648.0 43648.0  0.0   31092.0 87424.0  72245.4   349568.0   148573.7  145260.0 87251.6     57    2.601  18      0.809    3.410
43648.0 43648.0  0.0   31092.0 87424.0  73325.9   349568.0   148573.7  145260.0 87252.1     57    2.601  18      0.809    3.410
43648.0 43648.0  0.0   31092.0 87424.0  73723.7   349568.0   148573.7  145260.0 87255.5     57    2.601  18      0.809    3.410
43648.0 43648.0  0.0   31092.0 87424.0  73723.7   349568.0   148573.7  145260.0 87255.5     57    2.601  18      0.809    3.410
43648.0 43648.0  0.0   31092.0 87424.0  73851.6   349568.0   148573.7  145260.0 87256.3     57    2.601  18      0.809    3.410
43648.0 43648.0  0.0   31092.0 87424.0  73851.6   349568.0   148573.7  145260.0 87256.3     57    2.601  18      0.809    3.410
43648.0 43648.0  0.0   31092.0 87424.0  73851.6   349568.0   148573.7  145260.0 87256.8     57    2.601  18      0.809    3.410
43648.0 43648.0  0.0   31092.0 87424.0  73851.6   349568.0   148573.7  145260.0 87256.8     57    2.601  18      0.809    3.410
43648.0 43648.0  0.0   31092.0 87424.0  74603.4   349568.0   148573.7  145260.0 87264.9     57    2.601  18      0.809    3.410
43648.0 43648.0  0.0   31092.0 87424.0  74731.4   349568.0   148573.7  145260.0 87264.9     57    2.601  18      0.809    3.410
43648.0 43648.0  0.0   31092.0 87424.0  77111.3   349568.0   148573.7  145260.0 87266.0     57    2.601  18      0.809    3.410
43648.0 43648.0  0.0   31092.0 87424.0  77111.3   349568.0   148573.7  145260.0 87266.0     57    2.601  18      0.809    3.410
43648.0 43648.0  0.0   31092.0 87424.0  77111.3   349568.0   148573.7  145260.0 87267.4     57    2.601  18      0.809    3.410
43648.0 43648.0  0.0   31092.0 87424.0  78137.5   349568.0   148573.7  145260.0 87268.4     57    2.601  18      0.809    3.410
43648.0 43648.0  0.0   31092.0 87424.0  78665.8   349568.0   148573.7  145260.0 87277.2     57    2.601  18      0.809    3.410
43648.0 43648.0  0.0   31092.0 87424.0  78793.7   349568.0   148573.7  145260.0 87277.2     57    2.601  18      0.809    3.410
43648.0 43648.0  0.0   31092.0 87424.0  78793.7   349568.0   148573.7  145260.0 87278.1     57    2.601  18      0.809    3.410
43648.0 43648.0  0.0   31092.0 87424.0  78793.7   349568.0   148573.7  145260.0 87278.1     57    2.601  18      0.809    3.410
43648.0 43648.0  0.0   31092.0 87424.0  78793.7   349568.0   148573.7  145260.0 87278.3     57    2.601  18      0.809    3.410
43648.0 43648.0  0.0   31092.0 87424.0  78921.5   349568.0   148573.7  145260.0 87278.5     57    2.601  18      0.809    3.410
43648.0 43648.0  0.0   31092.0 87424.0  79317.6   349568.0   148573.7  145260.0 87279.5     57    2.601  18      0.809    3.410
43648.0 43648.0  0.0   31092.0 87424.0  79317.6   349568.0   148573.7  145260.0 87279.8     57    2.601  18      0.809    3.410
43648.0 43648.0  0.0   31092.0 87424.0  81785.2   349568.0   148573.7  145260.0 87284.6     57    2.601  18      0.809    3.410
43648.0 43648.0  0.0   31092.0 87424.0  81785.2   349568.0   148573.7  145260.0 87284.6     57    2.601  18      0.809    3.410
43648.0 43648.0  0.0   31092.0 87424.0  81785.2   349568.0   148573.7  145260.0 87284.6     57    2.601  18      0.809    3.410
43648.0 43648.0  0.0   31092.0 87424.0  82938.8   349568.0   148573.7  145260.0 87289.6     57    2.601  18      0.809    3.410
43648.0 43648.0  0.0   31092.0 87424.0  85340.6   349568.0   148573.7  145260.0 87311.7     57    2.601  18      0.809    3.410
43648.0 43648.0  0.0   31092.0 87424.0  85340.6   349568.0   148573.7  145260.0 87311.7     57    2.601  18      0.809    3.410
43648.0 43648.0  0.0   31092.0 87424.0  85340.6   349568.0   148573.7  145260.0 87314.8     57    2.601  18      0.809    3.410
43648.0 43648.0  0.0   31092.0 87424.0  85340.6   349568.0   148573.7  145260.0 87315.8     57    2.601  18      0.809    3.410
43648.0 43648.0  0.0   31092.0 87424.0  85767.2   349568.0   148573.7  145260.0 87316.0     57    2.601  18      0.809    3.410
43648.0 43648.0  0.0   31092.0 87424.0  85767.2   349568.0   148573.7  145260.0 87316.0     57    2.601  18      0.809    3.410
43648.0 43648.0  0.0   31092.0 87424.0  86164.8   349568.0   148573.7  145260.0 87317.3     57    2.601  18      0.809    3.410
43648.0 43648.0  0.0   31092.0 87424.0  86164.8   349568.0   148573.7  145260.0 87317.3     57    2.601  18      0.809    3.410
43648.0 43648.0 31065.1  0.0   87424.0   1946.0   349568.0   154272.5  145260.0 87320.3     58    2.670  18      0.809    3.480
43648.0 43648.0 31065.1  0.0   87424.0   2287.8   349568.0   154272.5  145260.0 87320.3     58    2.670  18      0.809    3.480
43648.0 43648.0 31065.1  0.0   87424.0   2901.4   349568.0   154272.5  145260.0 87335.4     58    2.670  18      0.809    3.480
43648.0 43648.0 31065.1  0.0   87424.0   4372.7   349568.0   154272.5  145260.0 87335.5     58    2.670  18      0.809    3.480
43648.0 43648.0 31065.1  0.0   87424.0   5698.4   349568.0   154272.5  145260.0 87337.5     58    2.670  18      0.809    3.480
43648.0 43648.0 31065.1  0.0   87424.0   5801.4   349568.0   154272.5  145260.0 87337.5     58    2.670  18      0.809    3.480
43648.0 43648.0 31065.1  0.0   87424.0   6293.8   349568.0   154272.5  145260.0 87337.7     58    2.670  18      0.809    3.480
43648.0 43648.0 31065.1  0.0   87424.0   6589.8   349568.0   154272.5  145260.0 87337.7     58    2.670  18      0.809    3.480
43648.0 43648.0 31065.1  0.0   87424.0   6885.9   349568.0   154272.5  145260.0 87337.7     58    2.670  18      0.809    3.480
43648.0 43648.0 31065.1  0.0   87424.0   6988.8   349568.0   154272.5  145260.0 87337.7     58    2.670  18      0.809    3.480
43648.0 43648.0 31065.1  0.0   87424.0   8177.7   349568.0   154272.5  145260.0 87340.7     58    2.670  18      0.809    3.480
43648.0 43648.0 31065.1  0.0   87424.0   8177.7   349568.0   154272.5  145260.0 87340.7     58    2.670  18      0.809    3.480
43648.0 43648.0 31065.1  0.0   87424.0  10258.3   349568.0   154272.5  145260.0 87341.4     58    2.670  18      0.809    3.480
43648.0 43648.0 31065.1  0.0   87424.0  11620.5   349568.0   154272.5  145260.0 87342.0     58    2.670  18      0.809    3.480
43648.0 43648.0 31065.1  0.0   87424.0  12071.7   349568.0   154272.5  145260.0 87342.2     58    2.670  18      0.809    3.480
43648.0 43648.0 31065.1  0.0   87424.0  13118.9   349568.0   154272.5  145260.0 87342.6     58    2.670  18      0.809    3.480
43648.0 43648.0 31065.1  0.0   87424.0  14299.1   349568.0   154272.5  145260.0 87342.6     58    2.670  18      0.809    3.480
43648.0 43648.0 31065.1  0.0   87424.0  14529.6   349568.0   154272.5  145260.0 87342.6     58    2.670  18      0.809    3.480
43648.0 43648.0 31065.1  0.0   87424.0  14825.8   349568.0   154272.5  145260.0 87342.6     58    2.670  18      0.809    3.480
43648.0 43648.0 31065.1  0.0   87424.0  14825.8   349568.0   154272.5  145260.0 87342.6     58    2.670  18      0.809    3.480
43648.0 43648.0 31065.1  0.0   87424.0  14984.8   349568.0   154272.5  145260.0 87342.6     58    2.670  18      0.809    3.480
43648.0 43648.0 31065.1  0.0   87424.0  15087.5   349568.0   154272.5  145260.0 87342.6     58    2.670  18      0.809    3.480
43648.0 43648.0 31065.1  0.0   87424.0  15971.9   349568.0   154272.5  145260.0 87345.7     58    2.670  18      0.809    3.480
43648.0 43648.0 31065.1  0.0   87424.0  15971.9   349568.0   154272.5  145260.0 87345.7     58    2.670  18      0.809    3.480
43648.0 43648.0 31065.1  0.0   87424.0  15971.9   349568.0   154272.5  145260.0 87346.1     58    2.670  18      0.809    3.480
43648.0 43648.0 31065.1  0.0   87424.0  18517.4   349568.0   154272.5  145260.0 87347.8     58    2.670  18      0.809    3.480
43648.0 43648.0 31065.1  0.0   87424.0  18620.4   349568.0   154272.5  145260.0 87348.0     58    2.670  18      0.809    3.480
43648.0 43648.0 31065.1  0.0   87424.0  19653.0   349568.0   154272.5  145260.0 87348.9     58    2.670  18      0.809    3.480
43648.0 43648.0 31065.1  0.0   87424.0  20683.1   349568.0   154272.5  145260.0 87349.0     58    2.670  18      0.809    3.480
43648.0 43648.0 31065.1  0.0   87424.0  20786.0   349568.0   154272.5  145260.0 87349.0     58    2.670  18      0.809    3.480
43648.0 43648.0 31065.1  0.0   87424.0  21000.8   349568.0   154272.5  145260.0 87349.2     58    2.670  18      0.809    3.480
43648.0 43648.0 31065.1  0.0   87424.0  21201.3   349568.0   154272.5  145260.0 87349.2     58    2.670  18      0.809    3.480
43648.0 43648.0 31065.1  0.0   87424.0  21201.3   349568.0   154272.5  145260.0 87349.2     58    2.670  18      0.809    3.480
43648.0 43648.0 31065.1  0.0   87424.0  21304.4   349568.0   154272.5  145260.0 87349.2     58    2.670  18      0.809    3.480
43648.0 43648.0 31065.1  0.0   87424.0  22190.3   349568.0   154272.5  145260.0 87349.2     58    2.670  18      0.809    3.480
43648.0 43648.0 31065.1  0.0   87424.0  22190.3   349568.0   154272.5  145260.0 87349.2     58    2.670  18      0.809    3.480
43648.0 43648.0 31065.1  0.0   87424.0  22486.7   349568.0   154272.5  145260.0 87349.2     58    2.670  18      0.809    3.480
43648.0 43648.0 31065.1  0.0   87424.0  24830.9   349568.0   154272.5  145260.0 87350.5     58    2.670  18      0.809    3.480
43648.0 43648.0 31065.1  0.0   87424.0  25231.2   349568.0   154272.5  145260.0 87350.5     58    2.670  18      0.809    3.480
43648.0 43648.0 31065.1  0.0   87424.0  26278.8   349568.0   154272.5  145260.0 87352.4     58    2.670  18      0.809    3.480
43648.0 43648.0 31065.1  0.0   87424.0  27620.1   349568.0   154272.5  145260.0 87352.6     58    2.670  18      0.809    3.480
43648.0 43648.0 31065.1  0.0   87424.0  27620.1   349568.0   154272.5  145260.0 87352.6     58    2.670  18      0.809    3.480
43648.0 43648.0 31065.1  0.0   87424.0  28019.2   349568.0   154272.5  145260.0 87352.6     58    2.670  18      0.809    3.480
43648.0 43648.0 31065.1  0.0   87424.0  28315.9   349568.0   154272.5  145260.0 87352.6     58    2.670  18      0.809    3.480
43648.0 43648.0 31065.1  0.0   87424.0  28613.1   349568.0   154272.5  145260.0 87352.6     58    2.670  18      0.809    3.480
43648.0 43648.0 31065.1  0.0   87424.0  28716.1   349568.0   154272.5  145260.0 87352.6     58    2.670  18      0.809    3.480
43648.0 43648.0 31065.1  0.0   87424.0  29897.3   349568.0   154272.5  145260.0 87352.8     58    2.670  18      0.809    3.480
43648.0 43648.0 31065.1  0.0   87424.0  29897.3   349568.0   154272.5  145260.0 87352.8     58    2.670  18      0.809    3.480
43648.0 43648.0 31065.1  0.0   87424.0  30056.3   349568.0   154272.5  145260.0 87352.8     58    2.670  18      0.809    3.480
43648.0 43648.0 31065.1  0.0   87424.0  32612.5   349568.0   154272.5  145260.0 87358.6     58    2.670  18      0.809    3.480
43648.0 43648.0 31065.1  0.0   87424.0  33012.5   349568.0   154272.5  145260.0 87358.8     58    2.670  18      0.809    3.480
43648.0 43648.0 31065.1  0.0   87424.0  34044.9   349568.0   154272.5  145260.0 87365.2     58    2.670  18      0.809    3.480
43648.0 43648.0 31065.1  0.0   87424.0  35836.0   349568.0   154272.5  145260.0 87365.2     58    2.670  18      0.809    3.480
43648.0 43648.0 31065.1  0.0   87424.0  35836.0   349568.0   154272.5  145260.0 87365.2     58    2.670  18      0.809    3.480
43648.0 43648.0 31065.1  0.0   87424.0  35938.9   349568.0   154272.5  145260.0 87365.2     58    2.670  18      0.809    3.480
43648.0 43648.0 31065.1  0.0   87424.0  35938.9   349568.0   154272.5  145260.0 87368.5     58    2.670  18      0.809    3.480
43648.0 43648.0 31065.1  0.0   87424.0  35994.8   349568.0   154272.5  145260.0 87369.4     58    2.670  18      0.809    3.480
43648.0 43648.0 31065.1  0.0   87424.0  36097.5   349568.0   154272.5  145260.0 87369.4     58    2.670  18      0.809    3.480
43648.0 43648.0 31065.1  0.0   87424.0  37176.6   349568.0   154272.5  145260.0 87370.6     58    2.670  18      0.809    3.480
43648.0 43648.0 31065.1  0.0   87424.0  37176.6   349568.0   154272.5  145260.0 87370.6     58    2.670  18      0.809    3.480
43648.0 43648.0 31065.1  0.0   87424.0  37176.6   349568.0   154272.5  145260.0 87370.6     58    2.670  18      0.809    3.480
43648.0 43648.0 31065.1  0.0   87424.0  39609.9   349568.0   154272.5  145260.0 87385.6     58    2.670  18      0.809    3.480
43648.0 43648.0 31065.1  0.0   87424.0  39712.9   349568.0   154272.5  145260.0 87385.6     58    2.670  18      0.809    3.480
43648.0 43648.0 31065.1  0.0   87424.0  40760.7   349568.0   154272.5  145260.0 87386.5     58    2.670  18      0.809    3.480
43648.0 43648.0 31065.1  0.0   87424.0  41229.9   349568.0   154272.5  145260.0 87386.5     58    2.670  18      0.809    3.480
43648.0 43648.0 31065.1  0.0   87424.0  41229.9   349568.0   154272.5  145260.0 87386.5     58    2.670  18      0.809    3.480
43648.0 43648.0 31065.1  0.0   87424.0  41534.1   349568.0   154272.5  145260.0 87386.8     58    2.670  18      0.809    3.480
43648.0 43648.0 31065.1  0.0   87424.0  41534.1   349568.0   154272.5  145260.0 87388.7     58    2.670  18      0.809    3.480
43648.0 43648.0 31065.1  0.0   87424.0  41693.2   349568.0   154272.5  145260.0 87388.9     58    2.670  18      0.809    3.480
43648.0 43648.0 31065.1  0.0   87424.0  41693.2   349568.0   154272.5  145260.0 87388.9     58    2.670  18      0.809    3.480
43648.0 43648.0 31065.1  0.0   87424.0  42424.8   349568.0   154272.5  145260.0 87392.7     58    2.670  19      0.897    3.567
43648.0 43648.0 31065.1  0.0   87424.0  42527.8   349568.0   153301.6  145644.0 87385.8     58    2.670  20      0.987    3.657
43648.0 43648.0 31065.1  0.0   87424.0  42527.8   349568.0   153301.6  145644.0 87385.8     58    2.670  20      0.987    3.657
43648.0 43648.0 31065.1  0.0   87424.0  44972.5   349568.0   153301.6  145644.0 87390.7     58    2.670  20      0.987    3.657
43648.0 43648.0 31065.1  0.0   87424.0  45075.7   349568.0   153301.6  145644.0 87391.8     58    2.670  20      0.987    3.657
43648.0 43648.0 31065.1  0.0   87424.0  46144.1   349568.0   153301.6  145644.0 87397.1     58    2.670  20      0.987    3.657
43648.0 43648.0 31065.1  0.0   87424.0  46729.3   349568.0   153301.6  145644.0 87397.7     58    2.670  20      0.987    3.657
43648.0 43648.0 31065.1  0.0   87424.0  46729.3   349568.0   153301.6  145644.0 87397.7     58    2.670  20      0.987    3.657
43648.0 43648.0 31065.1  0.0   87424.0  47187.3   349568.0   153301.6  145644.0 87398.0     58    2.670  20      0.987    3.657
43648.0 43648.0 31065.1  0.0   87424.0  47187.3   349568.0   153301.6  145644.0 87398.6     58    2.670  20      0.987    3.657
43648.0 43648.0 31065.1  0.0   87424.0  47187.3   349568.0   153301.6  145644.0 87398.8     58    2.670  20      0.987    3.657
43648.0 43648.0 31065.1  0.0   87424.0  47187.3   349568.0   153301.6  145644.0 87398.8     58    2.670  20      0.987    3.657
43648.0 43648.0 31065.1  0.0   87424.0  47625.8   349568.0   153301.6  145644.0 87401.5     58    2.670  20      0.987    3.657
43648.0 43648.0 31065.1  0.0   87424.0  47728.8   349568.0   153301.6  145644.0 87401.5     58    2.670  20      0.987    3.657
43648.0 43648.0 31065.1  0.0   87424.0  48080.9   349568.0   153301.6  145644.0 87401.7     58    2.670  20      0.987    3.657
43648.0 43648.0 31065.1  0.0   87424.0  50268.7   349568.0   153301.6  145644.0 87404.1     58    2.670  20      0.987    3.657
43648.0 43648.0 31065.1  0.0   87424.0  50371.5   349568.0   153301.6  145644.0 87404.1     58    2.670  20      0.987    3.657
43648.0 43648.0 31065.1  0.0   87424.0  51403.4   349568.0   153301.6  145644.0 87404.1     58    2.670  20      0.987    3.657
43648.0 43648.0 31065.1  0.0   87424.0  52296.2   349568.0   153301.6  145644.0 87404.2     58    2.670  20      0.987    3.657
43648.0 43648.0 31065.1  0.0   87424.0  52296.2   349568.0   153301.6  145644.0 87404.2     58    2.670  20      0.987    3.657
43648.0 43648.0 31065.1  0.0   87424.0  52695.3   349568.0   153301.6  145644.0 87404.2     58    2.670  20      0.987    3.657
43648.0 43648.0 31065.1  0.0   87424.0  52991.5   349568.0   153301.6  145644.0 87404.2     58    2.670  20      0.987    3.657
43648.0 43648.0 31065.1  0.0   87424.0  53287.6   349568.0   153301.6  145644.0 87404.2     58    2.670  20      0.987    3.657
43648.0 43648.0 31065.1  0.0   87424.0  53287.6   349568.0   153301.6  145644.0 87404.2     58    2.670  20      0.987    3.657
43648.0 43648.0 31065.1  0.0   87424.0  54022.2   349568.0   153301.6  145644.0 87405.9     58    2.670  20      0.987    3.657
43648.0 43648.0 31065.1  0.0   87424.0  54125.6   349568.0   153301.6  145644.0 87405.9     58    2.670  20      0.987    3.657
43648.0 43648.0 31065.1  0.0   87424.0  54580.6   349568.0   153301.6  145644.0 87405.9     58    2.670  20      0.987    3.657
43648.0 43648.0 31065.1  0.0   87424.0  57020.6   349568.0   153301.6  145644.0 87412.0     58    2.670  20      0.987    3.657
43648.0 43648.0 31065.1  0.0   87424.0  57316.7   349568.0   153301.6  145644.0 87412.0     58    2.670  20      0.987    3.657
43648.0 43648.0 31065.1  0.0   87424.0  58451.6   349568.0   153301.6  145644.0 87416.8     58    2.670  20      0.987    3.657
43648.0 43648.0 31065.1  0.0   87424.0  68580.1   349568.0   153301.6  145644.0 88414.7     58    2.670  20      0.987    3.657
43648.0 43648.0  0.0   23042.1 87424.0  42687.8   349568.0   153301.6  145644.0 89696.9     59    2.718  20      0.987    3.705
43648.0 43648.0  0.0   23042.1 87424.0  47243.5   349568.0   153301.6  145644.0 89715.8     59    2.718  20      0.987    3.705
43648.0 43648.0  0.0   23042.1 87424.0  47490.8   349568.0   153301.6  145644.0 89716.0     59    2.718  20      0.987    3.705
43648.0 43648.0  0.0   23042.1 87424.0  47774.3   349568.0   153301.6  145644.0 89716.8     59    2.718  20      0.987    3.705
43648.0 43648.0  0.0   23042.1 87424.0  47857.4   349568.0   153301.6  145644.0 89716.8     59    2.718  20      0.987    3.705
43648.0 43648.0  0.0   23042.1 87424.0  48957.7   349568.0   153301.6  145644.0 89717.0     59    2.718  20      0.987    3.705
43648.0 43648.0  0.0   23042.1 87424.0  49042.5   349568.0   153301.6  145644.0 89717.0     59    2.718  20      0.987    3.705
43648.0 43648.0  0.0   23042.1 87424.0  49356.8   349568.0   153301.6  145644.0 89717.0     59    2.718  20      0.987    3.705
43648.0 43648.0  0.0   23042.1 87424.0  51893.5   349568.0   153301.6  145644.0 89718.9     59    2.718  20      0.987    3.705
43648.0 43648.0  0.0   23042.1 87424.0  52274.3   349568.0   153301.6  145644.0 89719.2     59    2.718  20      0.987    3.705
43648.0 43648.0  0.0   23042.1 87424.0  54828.5   349568.0   153301.6  145644.0 89753.7     59    2.718  20      0.987    3.705
43648.0 43648.0  0.0   23042.1 87424.0  60021.2   349568.0   153301.6  145644.0 89774.9     59    2.718  20      0.987    3.705
43648.0 43648.0  0.0   23042.1 87424.0  64790.4   349568.0   153301.6  145644.0 89893.0     59    2.718  20      0.987    3.705
43648.0 43648.0  0.0   23042.1 87424.0  65104.6   349568.0   153301.6  145644.0 89893.1     59    2.718  20      0.987    3.705
43648.0 43648.0  0.0   23042.1 87424.0  65303.3   349568.0   153301.6  145644.0 89893.1     59    2.718  20      0.987    3.705
43648.0 43648.0  0.0   23042.1 87424.0  65504.2   349568.0   153301.6  145644.0 89893.1     59    2.718  20      0.987    3.705
43648.0 43648.0  0.0   23042.1 87424.0  65589.1   349568.0   153301.6  145644.0 89893.1     59    2.718  20      0.987    3.705
43648.0 43648.0  0.0   23042.1 87424.0  66577.2   349568.0   153301.6  145644.0 89894.6     59    2.718  20      0.987    3.705
43648.0 43648.0  0.0   23042.1 87424.0  66577.2   349568.0   153301.6  145644.0 89894.6     59    2.718  20      0.987    3.705
43648.0 43648.0  0.0   23042.1 87424.0  66858.9   349568.0   153301.6  145644.0 89894.6     59    2.718  20      0.987    3.705
43648.0 43648.0  0.0   23042.1 87424.0  69279.9   349568.0   153301.6  145644.0 89894.6     59    2.718  20      0.987    3.705
43648.0 43648.0  0.0   23042.1 87424.0  69595.1   349568.0   153301.6  145644.0 89894.6     59    2.718  20      0.987    3.705
43648.0 43648.0  0.0   23042.1 87424.0  70746.4   349568.0   153301.6  145644.0 89895.1     59    2.718  20      0.987    3.705
43648.0 43648.0  0.0   23042.1 87424.0  71697.5   349568.0   153301.6  145644.0 89895.2     59    2.718  20      0.987    3.705
43648.0 43648.0  0.0   23042.1 87424.0  71697.5   349568.0   153301.6  145644.0 89895.2     59    2.718  20      0.987    3.705
43648.0 43648.0  0.0   23042.1 87424.0  71981.8   349568.0   153301.6  145644.0 89895.2     59    2.718  20      0.987    3.705
43648.0 43648.0  0.0   23042.1 87424.0  73709.3   349568.0   153301.6  145644.0 89898.3     59    2.718  20      0.987    3.705
43648.0 43648.0  0.0   23042.1 87424.0  80025.0   349568.0   153301.6  145644.0 89931.5     59    2.718  20      0.987    3.705
43648.0 43648.0  0.0   23042.1 87424.0  80025.0   349568.0   153301.6  145644.0 89931.5     59    2.718  20      0.987    3.705
43648.0 43648.0  0.0   23042.1 87424.0  80877.2   349568.0   153301.6  145644.0 89931.5     59    2.718  20      0.987    3.705
43648.0 43648.0  0.0   23042.1 87424.0  80962.0   349568.0   153301.6  145644.0 89931.5     59    2.718  20      0.987    3.705
43648.0 43648.0  0.0   23042.1 87424.0  81161.2   349568.0   153301.6  145644.0 89931.5     59    2.718  20      0.987    3.705
43648.0 43648.0  0.0   23042.1 87424.0  83721.6   349568.0   153301.6  145644.0 89933.4     59    2.718  20      0.987    3.705
43648.0 43648.0  0.0   23042.1 87424.0  83942.3   349568.0   153301.6  145644.0 89933.4     59    2.718  20      0.987    3.705
43648.0 43648.0  0.0   23042.1 87424.0  85091.9   349568.0   153301.6  145644.0 89934.4     59    2.718  20      0.987    3.705
43648.0 43648.0  0.0   23042.1 87424.0  85957.6   349568.0   153301.6  145644.0 89934.6     59    2.718  20      0.987    3.705
43648.0 43648.0  0.0   23042.1 87424.0  86066.6   349568.0   153301.6  145644.0 89934.6     59    2.718  20      0.987    3.705
43648.0 43648.0  0.0   23042.1 87424.0  86104.6   349568.0   153301.6  145644.0 89934.6     59    2.718  20      0.987    3.705
43648.0 43648.0  0.0   23042.1 87424.0  86104.6   349568.0   153301.6  145644.0 89934.6     59    2.718  20      0.987    3.705
43648.0 43648.0  0.0   23042.1 87424.0  86189.7   349568.0   153301.6  145644.0 89935.4     59    2.718  20      0.987    3.705
43648.0 43648.0  0.0   23042.1 87424.0  86189.7   349568.0   153301.6  145644.0 89935.4     59    2.718  20      0.987    3.705
43648.0 43648.0  0.0   23042.1 87424.0  87055.0   349568.0   153301.6  145644.0 89935.4     59    2.718  20      0.987    3.705
43648.0 43648.0  0.0   23042.1 87424.0  87055.0   349568.0   153301.6  145644.0 89935.4     59    2.718  20      0.987    3.705
43648.0 43648.0  0.0   23042.1 87424.0  87139.8   349568.0   153301.6  145644.0 89938.7     59    2.718  20      0.987    3.705
43648.0 43648.0 31789.5  0.0   87424.0   2849.6   349568.0   153301.6  145644.0 89940.0     60    2.781  20      0.987    3.768
43648.0 43648.0 31789.5  0.0   87424.0   3151.1   349568.0   153301.6  145644.0 89940.2     60    2.781  20      0.987    3.768
43648.0 43648.0 31789.5  0.0   87424.0   4509.0   349568.0   153301.6  145644.0 89941.7     60    2.781  20      0.987    3.768
43648.0 43648.0 31789.5  0.0   87424.0   5456.2   349568.0   153301.6  145644.0 89941.7     60    2.781  20      0.987    3.768
43648.0 43648.0 31789.5  0.0   87424.0   5505.8   349568.0   153301.6  145644.0 89941.7     60    2.781  20      0.987    3.768
43648.0 43648.0 31789.5  0.0   87424.0   5867.8   349568.0   153301.6  145644.0 89941.9     60    2.781  20      0.987    3.768
43648.0 43648.0 31789.5  0.0   87424.0   6050.1   349568.0   153301.6  145644.0 89941.9     60    2.781  20      0.987    3.768
43648.0 43648.0 31789.5  0.0   87424.0   6182.0   349568.0   153301.6  145644.0 89941.9     60    2.781  20      0.987    3.768
43648.0 43648.0 31789.5  0.0   87424.0   6245.5   349568.0   153301.6  145644.0 89941.9     60    2.781  20      0.987    3.768
43648.0 43648.0 31789.5  0.0   87424.0   7239.4   349568.0   153301.6  145644.0 89941.9     60    2.781  20      0.987    3.768
43648.0 43648.0 31789.5  0.0   87424.0   7302.8   349568.0   153301.6  145644.0 89941.9     60    2.781  20      0.987    3.768
43648.0 43648.0 31789.5  0.0   87424.0   7434.7   349568.0   153301.6  145644.0 89941.9     60    2.781  20      0.987    3.768
43648.0 43648.0 31789.5  0.0   87424.0  10171.1   349568.0   153301.6  145644.0 89942.7     60    2.781  20      0.987    3.768
43648.0 43648.0 31789.5  0.0   87424.0  10455.9   349568.0   153301.6  145644.0 89942.7     60    2.781  20      0.987    3.768
43648.0 43648.0 31789.5  0.0   87424.0  11448.2   349568.0   153301.6  145644.0 89942.7     60    2.781  20      0.987    3.768
43648.0 43648.0 31789.5  0.0   87424.0  12443.9   349568.0   153301.6  145644.0 89942.7     60    2.781  20      0.987    3.768
43648.0 43648.0 31789.5  0.0   87424.0  12562.4   349568.0   153301.6  145644.0 89942.7     60    2.781  20      0.987    3.768
43648.0 43648.0 31789.5  0.0   87424.0  12758.0   349568.0   153301.6  145644.0 89942.7     60    2.781  20      0.987    3.768
43648.0 43648.0 31789.5  0.0   87424.0  12890.0   349568.0   153301.6  145644.0 89942.7     60    2.781  20      0.987    3.768
43648.0 43648.0 31789.5  0.0   87424.0  13104.7   349568.0   153301.6  145644.0 89942.7     60    2.781  20      0.987    3.768
43648.0 43648.0 31789.5  0.0   87424.0  13168.7   349568.0   153301.6  145644.0 89942.7     60    2.781  20      0.987    3.768
43648.0 43648.0 31789.5  0.0   87424.0  13985.3   349568.0   153301.6  145644.0 89943.0     60    2.781  20      0.987    3.768
43648.0 43648.0 31789.5  0.0   87424.0  14203.1   349568.0   153301.6  145644.0 89943.6     60    2.781  20      0.987    3.768
43648.0 43648.0 31789.5  0.0   87424.0  20640.9   349568.0   153301.6  145644.0 89983.6     60    2.781  20      0.987    3.768
43648.0 43648.0 31789.5  0.0   87424.0  41816.0   349568.0   153301.6  145644.0 90049.2     60    2.781  20      0.987    3.768
43648.0 43648.0 31789.5  0.0   87424.0  44774.9   349568.0   153301.6  145644.0 90057.5     60    2.781  20      0.987    3.768
43648.0 43648.0 33784.1  0.0   87424.0  36189.7   349568.0   158980.7  145644.0 94545.1     62    2.955  20      0.987    3.941
43648.0 43648.0 33784.1  0.0   87424.0  55509.4   349568.0   158980.7  145644.0 94603.1     62    2.955  20      0.987    3.941
43648.0 43648.0 33784.1  0.0   87424.0  77749.4   349568.0   158980.7  145644.0 94684.1     62    2.955  20      0.987    3.941
43648.0 43648.0 33784.1  0.0   87424.0  84209.0   349568.0   158980.7  145644.0 94693.3     62    2.955  20      0.987    3.941
43648.0 43648.0  0.0   34716.8 87424.0  25022.3   349568.0   164878.1  145644.0 96121.1     65    3.118  20      0.987    4.105
43648.0 43648.0  0.0   25933.3 87424.0  20359.2   349568.0   167841.5  145644.0 96322.8     73    3.387  20      0.987    4.373
43648.0 43648.0 5432.0 4217.7 87424.0  87424.0   349568.0   182863.2  145644.0 96504.1     81    3.608  21      1.027    4.635
43648.0 43648.0  0.0   17509.5 87424.0  78381.0   349568.0   172830.0  161076.0 96675.8     87    3.762  22      1.082    4.844
43648.0 43648.0  0.0   22329.6 87424.0  67480.3   349568.0   173052.2  161076.0 96698.0     91    3.902  23      1.144    5.046
43648.0 43648.0 21499.4  0.0   87424.0  35144.1   349568.0   173084.6  161076.0 96732.9     94    3.992  23      1.144    5.136
43648.0 43648.0 24880.4  0.0   87424.0   4936.4   349568.0   172721.4  161268.0 96860.1     98    4.107  25      1.283    5.390
43648.0 43648.0 15303.5  0.0   87424.0  73014.6   349568.0   185115.0  161268.0 97048.6    104    4.315  25      1.283    5.598
43648.0 43648.0 15733.0  0.0   87424.0  20157.9   349568.0   191035.8  161268.0 97137.9    116    4.630  26      1.354    5.984
43648.0 43648.0 37369.8  0.0   87424.0  37573.3   349568.0   207760.8  161984.0 97323.4    130    4.961  27      1.405    6.366
43648.0 43648.0  0.0   22936.8 87424.0  67299.5   349568.0   209002.8  162464.0 97579.7    135    5.099  29      1.555    6.654
43648.0 43648.0 37741.0  0.0   87424.0  27869.2   349568.0   209002.8  162464.0 97587.7    136    5.125  29      1.555    6.681
43648.0 43648.0  0.0   27681.3 87424.0    0.0     349568.0   212341.8  162464.0 97606.1    137    5.156  29      1.555    6.711
43648.0 43648.0  0.0   26681.9 87424.0   8868.1   350220.0   218329.6  162800.0 97679.2    141    5.269  31      1.714    6.983
43648.0 43648.0  0.0   26681.9 87424.0  16219.2   350220.0   218329.6  162800.0 97688.8    141    5.269  31      1.714    6.983
43648.0 43648.0 26045.9  0.0   87424.0  10545.7   350220.0   218329.6  162800.0 97694.2    142    5.298  31      1.714    7.012
43648.0 43648.0  0.0   31252.3 87424.0  40307.0   350220.0   218329.6  162800.0 97695.9    143    5.326  31      1.714    7.041
43648.0 43648.0 22251.2  0.0   87424.0  22706.3   368944.0   228168.0  162992.0 97711.0    146    5.430  33      1.873    7.303
43648.0 43648.0 30630.3  0.0   87424.0  12961.6   368944.0   228168.0  162992.0 97711.7    148    5.519  33      1.873    7.392
43648.0 43648.0 25541.9  0.0   87424.0  32149.2   368944.0   235937.5  162992.0 97728.7    150    5.592  33      1.873    7.465
43648.0 43648.0 25541.9  0.0   87424.0  39638.7   368944.0   235937.5  162992.0 97733.7    150    5.592  33      1.873    7.465
43648.0 43648.0 25541.9  0.0   87424.0  56249.7   368944.0   235937.5  162992.0 97743.4    150    5.592  33      1.873    7.465
43648.0 43648.0  0.0   28851.5 87424.0  56698.3   368944.0   235937.5  162992.0 97753.5    151    5.625  33      1.873    7.498
43648.0 43648.0  0.0   25363.8 87424.0  17229.8   368944.0   253294.8  162992.0 97762.8    157    5.822  33      1.873    7.696
43648.0 43648.0  0.0   20365.0 87424.0  23188.9   368944.0   260207.7  162992.0 97774.5    159    5.889  33      1.873    7.762
43648.0 43648.0  0.0   25006.3 87424.0  56292.7   426836.0   259259.8  162992.0 97778.1    163    6.002  35      2.005    8.007
43648.0 43648.0  0.0   26468.1 87424.0  80763.2   426836.0   259259.8  162992.0 97782.9    165    6.059  35      2.005    8.064
43648.0 43648.0 28890.8  0.0   87424.0  48212.6   434364.0   260616.3  162992.0 97789.5    170    6.199  37      2.128    8.327
43648.0 43648.0  0.0   15736.7 87424.0  23000.6   434364.0   277963.4  162992.0 97795.8    179    6.452  37      2.128    8.580
43648.0 43648.0 21456.0  0.0   87424.0  59547.5   434364.0   280894.5  162992.0 97813.3    188    6.675  38      2.212    8.887
43648.0 43648.0 29456.4  0.0   87424.0  66899.6   474244.0   284545.0  163184.0 97823.0    194    6.883  38      2.212    9.095
43648.0 43648.0 26112.5  0.0   87424.0  13039.8   474244.0   291922.2  163184.0 97879.5    200    7.096  39      2.301    9.397
43648.0 43648.0 19202.7  0.0   87424.0  39198.1   474244.0   296790.1  163184.0 97882.4    206    7.282  39      2.301    9.583
43648.0 43648.0 21062.2  0.0   87424.0  55752.9   474244.0   307025.4  163184.0 97894.2    214    7.492  39      2.301    9.793
43648.0 43648.0  0.0   20773.7 87424.0  57003.7   474244.0   308157.7  163184.0 97899.8    219    7.649  40      2.395   10.044
43648.0 43648.0 14499.2  0.0   87424.0  76958.3   507872.0   306807.5  163184.0 97900.6    224    7.791  40      2.395   10.186
43648.0 43648.0  0.0   11603.0 87424.0  17502.4   507872.0   316924.9  163184.0 97934.0    231    7.971  40      2.395   10.366
43648.0 43648.0  0.0   10004.6 87424.0  67417.1   507872.0   317616.7  163184.0 97959.3    235    8.055  40      2.395   10.450
43648.0 43648.0 18351.3  0.0   87424.0  19376.5   507872.0   321813.9  163184.0 97969.5    246    8.346  40      2.395   10.741
43648.0 43648.0 18351.3  0.0   87424.0  44319.7   507872.0   321813.9  163184.0 97970.4    246    8.346  40      2.395   10.741
43648.0 43648.0 18351.3  0.0   87424.0  46570.5   507872.0   321813.9  163184.0 97970.6    246    8.346  40      2.395   10.741
43648.0 43648.0 18351.3  0.0   87424.0  79086.3   507872.0   321813.9  163184.0 97977.3    246    8.346  40      2.395   10.741
43648.0 43648.0  0.0   20567.0 87424.0  64582.0   507872.0   321837.5  163184.0 97991.9    247    8.377  40      2.395   10.772
43648.0 43648.0  0.0   21065.4 87424.0  44126.7   507872.0   322867.8  163184.0 97994.6    249    8.442  40      2.395   10.837
43648.0 43648.0  0.0   24779.4 87424.0  61196.2   507872.0   323088.2  163184.0 98017.6    251    8.507  40      2.395   10.902
43648.0 43648.0  0.0   24779.4 87424.0  65310.4   507872.0   323088.2  163184.0 98017.6    251    8.507  40      2.395   10.902
43648.0 43648.0  0.0   24779.4 87424.0  65394.2   507872.0   323088.2  163184.0 98017.6    251    8.507  40      2.395   10.902
43648.0 43648.0  0.0   24779.4 87424.0  65912.6   507872.0   323088.2  163184.0 98017.6    251    8.507  40      2.395   10.902
43648.0 43648.0  0.0   24779.4 87424.0  66336.5   507872.0   323088.2  163184.0 98017.6    251    8.507  40      2.395   10.902
43648.0 43648.0  0.0   24779.4 87424.0  66535.9   507872.0   323088.2  163184.0 98017.6    251    8.507  40      2.395   10.902
43648.0 43648.0  0.0   24779.4 87424.0  66572.9   507872.0   323088.2  163184.0 98017.6    251    8.507  40      2.395   10.902
43648.0 43648.0  0.0   24779.4 87424.0  67409.8   507872.0   323088.2  163184.0 98017.6    251    8.507  40      2.395   10.902
43648.0 43648.0  0.0   24779.4 87424.0  67446.3   507872.0   323088.2  163184.0 98017.6    251    8.507  40      2.395   10.902
43648.0 43648.0  0.0   24779.4 87424.0  67648.0   507872.0   323088.2  163184.0 98017.6    251    8.507  40      2.395   10.902
43648.0 43648.0  0.0   24779.4 87424.0  70071.1   507872.0   323088.2  163184.0 98017.6    251    8.507  40      2.395   10.902
43648.0 43648.0  0.0   24779.4 87424.0  70289.0   507872.0   323088.2  163184.0 98017.6    251    8.507  40      2.395   10.902
43648.0 43648.0  0.0   24779.4 87424.0  71241.2   507872.0   323088.2  163184.0 98017.6    251    8.507  40      2.395   10.902
43648.0 43648.0  0.0   24779.4 87424.0  72489.6   507872.0   323088.2  163184.0 98017.6    251    8.507  40      2.395   10.902
43648.0 43648.0  0.0   24779.4 87424.0  78604.0   507872.0   323088.2  163184.0 98021.9    251    8.507  40      2.395   10.902
43648.0 43648.0  0.0   24779.4 87424.0  78828.6   507872.0   323088.2  163184.0 98021.9    251    8.507  40      2.395   10.902
43648.0 43648.0  0.0   24779.4 87424.0  78963.6   507872.0   323088.2  163184.0 98021.9    251    8.507  40      2.395   10.902
43648.0 43648.0  0.0   24779.4 87424.0  79218.1   507872.0   323088.2  163184.0 98021.9    251    8.507  40      2.395   10.902
43648.0 43648.0  0.0   24779.4 87424.0  79255.2   507872.0   323088.2  163184.0 98021.9    251    8.507  40      2.395   10.902
43648.0 43648.0  0.0   24779.4 87424.0  79995.6   507872.0   323088.2  163184.0 98021.9    251    8.507  40      2.395   10.902
43648.0 43648.0  0.0   24779.4 87424.0  80032.7   507872.0   323088.2  163184.0 98021.9    251    8.507  40      2.395   10.902
43648.0 43648.0  0.0   24779.4 87424.0  80206.4   507872.0   323088.2  163184.0 98021.9    251    8.507  40      2.395   10.902
43648.0 43648.0  0.0   24779.4 87424.0  82624.3   507872.0   323088.2  163184.0 98021.9    251    8.507  40      2.395   10.902
43648.0 43648.0  0.0   24779.4 87424.0  82800.0   507872.0   323088.2  163184.0 98021.9    251    8.507  40      2.395   10.902
43648.0 43648.0  0.0   24779.4 87424.0  83857.7   507872.0   323088.2  163184.0 98021.9    251    8.507  40      2.395   10.902
43648.0 43648.0  0.0   24779.4 87424.0  84673.9   507872.0   323088.2  163184.0 98021.9    251    8.507  40      2.395   10.902
43648.0 43648.0  0.0   24779.4 87424.0  84712.4   507872.0   323088.2  163184.0 98021.9    251    8.507  40      2.395   10.902
43648.0 43648.0  0.0   24779.4 87424.0  84922.9   507872.0   323088.2  163184.0 98021.9    251    8.507  40      2.395   10.902
43648.0 43648.0  0.0   24779.4 87424.0  85030.8   507872.0   323088.2  163184.0 98021.9    251    8.507  40      2.395   10.902
43648.0 43648.0  0.0   24779.4 87424.0  85213.7   507872.0   323088.2  163184.0 98021.9    251    8.507  40      2.395   10.902
43648.0 43648.0  0.0   24779.4 87424.0  85248.6   507872.0   323088.2  163184.0 98021.9    251    8.507  40      2.395   10.902
43648.0 43648.0  0.0   24779.4 87424.0  85982.6   507872.0   323088.2  163184.0 98021.9    251    8.507  40      2.395   10.902
43648.0 43648.0  0.0   24779.4 87424.0  86017.1   507872.0   323088.2  163184.0 98021.9    251    8.507  40      2.395   10.902
43648.0 43648.0  0.0   24779.4 87424.0  86198.2   507872.0   323088.2  163184.0 98021.9    251    8.507  40      2.395   10.902
43648.0 43648.0 21307.5  0.0   87424.0   1331.6   507872.0   323251.1  163184.0 98021.9    252    8.546  40      2.395   10.941
43648.0 43648.0 21307.5  0.0   87424.0   1541.6   507872.0   323251.1  163184.0 98021.9    252    8.546  40      2.395   10.941
43648.0 43648.0 21307.5  0.0   87424.0   1577.1   507872.0   323251.1  163184.0 98021.9    252    8.546  40      2.395   10.941
43648.0 43648.0 21307.5  0.0   87424.0   3534.6   507872.0   323251.1  163184.0 98021.9    252    8.546  40      2.395   10.941
43648.0 43648.0 21307.5  0.0   87424.0   3578.8   507872.0   323251.1  163184.0 98021.9    252    8.546  40      2.395   10.941
43648.0 43648.0 21307.5  0.0   87424.0   3789.4   507872.0   323251.1  163184.0 98021.9    252    8.546  40      2.395   10.941
43648.0 43648.0 21307.5  0.0   87424.0   3925.6   507872.0   323251.1  163184.0 98021.9    252    8.546  40      2.395   10.941
43648.0 43648.0 21307.5  0.0   87424.0   4162.3   507872.0   323251.1  163184.0 98021.9    252    8.546  40      2.395   10.941
43648.0 43648.0 21307.5  0.0   87424.0   4199.0   507872.0   323251.1  163184.0 98021.9    252    8.546  40      2.395   10.941
43648.0 43648.0 21307.5  0.0   87424.0   5003.9   507872.0   323251.1  163184.0 98021.9    252    8.546  40      2.395   10.941
43648.0 43648.0 21307.5  0.0   87424.0   5036.8   507872.0   323251.1  163184.0 98021.9    252    8.546  40      2.395   10.941
43648.0 43648.0 21307.5  0.0   87424.0   5230.3   507872.0   323251.1  163184.0 98021.9    252    8.546  40      2.395   10.941
43648.0 43648.0 21307.5  0.0   87424.0   7973.5   507872.0   323251.1  163184.0 98024.7    252    8.546  40      2.395   10.941
43648.0 43648.0 21307.5  0.0   87424.0   8165.4   507872.0   323251.1  163184.0 98024.7    252    8.546  40      2.395   10.941
43648.0 43648.0 21307.5  0.0   87424.0   8200.0   507872.0   323251.1  163184.0 98024.7    252    8.546  40      2.395   10.941
43648.0 43648.0 21307.5  0.0   87424.0  10078.3   507872.0   323251.1  163184.0 98024.7    252    8.546  40      2.395   10.941
43648.0 43648.0 21307.5  0.0   87424.0  10145.1   507872.0   323251.1  163184.0 98024.7    252    8.546  40      2.395   10.941
43648.0 43648.0 21307.5  0.0   87424.0  10354.0   507872.0   323251.1  163184.0 98024.7    252    8.546  40      2.395   10.941
43648.0 43648.0 21307.5  0.0   87424.0  10475.6   507872.0   323251.1  163184.0 98024.7    252    8.546  40      2.395   10.941
43648.0 43648.0 21307.5  0.0   87424.0  10656.9   507872.0   323251.1  163184.0 98024.7    252    8.546  40      2.395   10.941
43648.0 43648.0 21307.5  0.0   87424.0  10693.7   507872.0   323251.1  163184.0 98024.7    252    8.546  40      2.395   10.941
43648.0 43648.0 21307.5  0.0   87424.0  11514.5   507872.0   323251.1  163184.0 98024.7    252    8.546  40      2.395   10.941
43648.0 43648.0 21307.5  0.0   87424.0  11549.5   507872.0   323251.1  163184.0 98024.7    252    8.546  40      2.395   10.941
43648.0 43648.0 21307.5  0.0   87424.0  11720.3   507872.0   323251.1  163184.0 98024.7    252    8.546  40      2.395   10.941
43648.0 43648.0 21307.5  0.0   87424.0  14563.2   507872.0   323251.1  163184.0 98024.7    252    8.546  40      2.395   10.941
43648.0 43648.0 21307.5  0.0   87424.0  14745.2   507872.0   323251.1  163184.0 98024.7    252    8.546  40      2.395   10.941
43648.0 43648.0 21307.5  0.0   87424.0  14842.6   507872.0   323251.1  163184.0 98024.7    252    8.546  40      2.395   10.941
43648.0 43648.0 21307.5  0.0   87424.0  16602.0   507872.0   323251.1  163184.0 98024.7    252    8.546  40      2.395   10.941
43648.0 43648.0 21307.5  0.0   87424.0  16638.2   507872.0   323251.1  163184.0 98024.7    252    8.546  40      2.395   10.941
43648.0 43648.0 21307.5  0.0   87424.0  16850.0   507872.0   323251.1  163184.0 98024.7    252    8.546  40      2.395   10.941
43648.0 43648.0 21307.5  0.0   87424.0  16970.4   507872.0   323251.1  163184.0 98024.7    252    8.546  40      2.395   10.941
43648.0 43648.0 21307.5  0.0   87424.0  17156.3   507872.0   323251.1  163184.0 98024.7    252    8.546  40      2.395   10.941
43648.0 43648.0 21307.5  0.0   87424.0  17191.0   507872.0   323251.1  163184.0 98024.7    252    8.546  40      2.395   10.941
43648.0 43648.0 21307.5  0.0   87424.0  17926.5   507872.0   323251.1  163184.0 98024.7    252    8.546  40      2.395   10.941
43648.0 43648.0 21307.5  0.0   87424.0  17961.5   507872.0   323251.1  163184.0 98024.7    252    8.546  40      2.395   10.941
43648.0 43648.0 21307.5  0.0   87424.0  18152.9   507872.0   323251.1  163184.0 98024.7    252    8.546  40      2.395   10.941
43648.0 43648.0 21307.5  0.0   87424.0  20444.9   507872.0   323251.1  163184.0 98025.1    252    8.546  40      2.395   10.941
43648.0 43648.0 21307.5  0.0   87424.0  20620.3   507872.0   323251.1  163184.0 98025.1    252    8.546  40      2.395   10.941
43648.0 43648.0 21307.5  0.0   87424.0  20654.9   507872.0   323251.1  163184.0 98025.1    252    8.546  40      2.395   10.941
43648.0 43648.0 21307.5  0.0   87424.0  22547.0   507872.0   323251.1  163184.0 98025.1    252    8.546  40      2.395   10.941
43648.0 43648.0 21307.5  0.0   87424.0  22583.1   507872.0   323251.1  163184.0 98025.2    252    8.546  40      2.395   10.941
43648.0 43648.0 21307.5  0.0   87424.0  22785.3   507872.0   323251.1  163184.0 98025.2    252    8.546  40      2.395   10.941
43648.0 43648.0 21307.5  0.0   87424.0  22902.0   507872.0   323251.1  163184.0 98025.2    252    8.546  40      2.395   10.941
43648.0 43648.0 21307.5  0.0   87424.0  23090.2   507872.0   323251.1  163184.0 98025.2    252    8.546  40      2.395   10.941
43648.0 43648.0 21307.5  0.0   87424.0  23127.0   507872.0   323251.1  163184.0 98025.2    252    8.546  40      2.395   10.941
43648.0 43648.0 21307.5  0.0   87424.0  23860.5   507872.0   323251.1  163184.0 98025.2    252    8.546  40      2.395   10.941
43648.0 43648.0 21307.5  0.0   87424.0  23895.4   507872.0   323251.1  163184.0 98025.2    252    8.546  40      2.395   10.941
43648.0 43648.0 21307.5  0.0   87424.0  24083.3   507872.0   323251.1  163184.0 98025.2    252    8.546  40      2.395   10.941
43648.0 43648.0 21307.5  0.0   87424.0  26260.9   507872.0   323251.1  163184.0 98027.0    252    8.546  40      2.395   10.941
43648.0 43648.0 21307.5  0.0   87424.0  26459.2   507872.0   323251.1  163184.0 98027.5    252    8.546  40      2.395   10.941
43648.0 43648.0 21307.5  0.0   87424.0  26493.8   507872.0   323251.1  163184.0 98027.5    252    8.546  40      2.395   10.941
43648.0 43648.0 21307.5  0.0   87424.0  51306.0   507872.0   323251.1  163184.0 98027.5    252    8.546  40      2.395   10.941
43648.0 43648.0 21307.5  0.0   87424.0  51873.1   507872.0   323251.1  163184.0 98028.3    252    8.546  40      2.395   10.941
43648.0 43648.0 21307.5  0.0   87424.0  55966.6   507872.0   323251.1  163184.0 98028.3    252    8.546  40      2.395   10.941
43648.0 43648.0 21307.5  0.0   87424.0  64947.8   507872.0   323251.1  163184.0 98029.9    252    8.546  40      2.395   10.941
43648.0 43648.0 21307.5  0.0   87424.0  72204.3   507872.0   323251.1  163184.0 98030.0    252    8.546  40      2.395   10.941
43648.0 43648.0 21307.5  0.0   87424.0  83543.3   507872.0   323251.1  163184.0 98030.4    252    8.546  40      2.395   10.941
43648.0 43648.0  0.0   21720.9 87424.0  31619.2   507872.0   323488.9  163184.0 98030.7    253    8.591  40      2.395   10.986
43648.0 43648.0  0.0   21720.9 87424.0  47625.2   507872.0   323488.9  163184.0 98031.3    253    8.591  40      2.395   10.986
43648.0 43648.0 25874.4  0.0   87424.0  24421.3   507872.0   324852.6  163184.0 98034.2    254    8.630  40      2.395   11.025
43648.0 43648.0  0.0   15342.7 87424.0  30933.9   507872.0   329798.9  163184.0 98043.1    259    8.795  40      2.395   11.190
43648.0 43648.0  0.0   15878.4 87424.0  19587.9   507872.0   335082.6  163184.0 98052.1    261    8.857  40      2.395   11.252
43648.0 43648.0  0.0   13088.1 87424.0  29991.9   507872.0   340225.4  163184.0 98085.6    267    9.042  40      2.395   11.437
43648.0 43648.0 18294.3  0.0   87424.0  50871.7   507872.0   341609.9  163184.0 98152.5    274    9.238  40      2.395   11.633
43648.0 43648.0 18746.1  0.0   87424.0  19835.6   507872.0   348684.7  163184.0 98197.9    282    9.518  40      2.395   11.913
43648.0 43648.0  0.0   11483.7 87424.0  57211.8   507872.0   352264.9  163184.0 98222.0    289    9.714  40      2.395   12.109
43648.0 43648.0 4713.9  0.0   87424.0  52510.6   507872.0   359559.9  163184.0 98260.2    296    9.889  40      2.395   12.284
43648.0 43648.0  0.0   6881.6 87424.0  57644.4   507872.0   361667.9  163184.0 98273.1    303   10.024  40      2.395   12.419
43648.0 43648.0 11916.7  0.0   87424.0  75353.6   507872.0   363005.5  163184.0 98277.3    310   10.191  40      2.395   12.586
43648.0 43648.0 16757.2  0.0   87424.0  42277.9   507872.0   366115.6  163184.0 98288.8    320   10.484  40      2.395   12.879
43648.0 43648.0  0.0   28378.1 87424.0  25697.4   507872.0   375155.3  163184.0 98309.0    333   10.869  41      2.433   13.302
43648.0 43648.0  0.0   20694.4 87424.0  45860.6   507872.0   390645.0  163184.0 98320.6    345   11.282  41      2.433   13.715
43648.0 43648.0 25230.3  0.0   87424.0  80879.8   507872.0   397955.2  163184.0 98329.3    354   11.556  41      2.433   13.989
43648.0 43648.0  0.0   19381.6 87424.0  53716.5   507872.0   411873.4  163184.0 98344.2    367   11.887  42      2.535   14.422
43648.0 43648.0  0.0   23898.6 87424.0  27984.2   625364.0   378737.9  163376.0 97989.4    379   12.280  43      2.583   14.863
43648.0 43648.0  0.0   18586.1 87424.0  24866.1   625364.0   387537.9  163376.0 97997.3    387   12.576  43      2.583   15.159
43648.0 43648.0 9322.3  0.0   87424.0  66660.3   625364.0   396102.2  163376.0 98010.1    398   12.790  43      2.583   15.373
43648.0 43648.0  0.0   23935.7 87424.0   8607.3   625364.0   399044.1  163376.0 98016.0    409   13.165  43      2.583   15.748
43648.0 43648.0  0.0   22704.6 87424.0  41786.6   625364.0   405285.1  163376.0 98030.3    419   13.535  44      2.648   16.183
43648.0 43648.0  0.0   25564.3 87424.0  75615.4   625364.0   410001.5  163376.0 98038.7    427   13.851  44      2.648   16.499
43648.0 43648.0  0.0   27406.9 87424.0  29134.3   681312.0   420097.4  163568.0 98131.1    441   14.285  45      2.728   17.014
43648.0 43648.0 30102.1  0.0   87424.0  68413.5   681312.0   428773.8  163568.0 98399.0    450   14.626  45      2.728   17.355
43648.0 43648.0 20834.4  0.0   87424.0   9077.0   681312.0   443115.3  163568.0 98406.4    458   14.946  45      2.728   17.675
43648.0 43648.0 16395.7  0.0   87424.0    0.0     681312.0   448588.3  163568.0 98416.8    466   15.199  45      2.728   17.928
43648.0 43648.0 14502.8  0.0   87424.0  51048.6   681312.0   456195.7  163568.0 98444.5    474   15.434  45      2.728   18.162
43648.0 43648.0  0.0   18238.8 87424.0   999.1    681312.0   459706.4  163568.0 98453.4    483   15.683  45      2.728   18.412
