 S0C    S1C    S0U    S1U      EC       EU        OC         OU       PC     PU    YGC     YGCT    FGC    FGCT     GCT   
92928.0 113600.0 86528.0  0.0   122304.0   0.0     367040.0   367010.7  72640.0 72463.5     26    1.592   2      0.497    2.089
106752.0 14784.0  0.0   14781.1 123648.0 105808.5  624768.0   514414.7  127936.0 81529.3     29    2.055   2      4.519    6.573
106752.0 103680.0 14668.4  0.0   126720.0 52556.9   624768.0   519067.6  127936.0 82659.7     30    2.165   2      4.519    6.684
106752.0 103680.0 14668.4  0.0   126720.0 52743.1   624768.0   519067.6  127936.0 82659.7     30    2.165   2      4.519    6.684
106752.0 103680.0 14668.4  0.0   126720.0 55700.2   624768.0   519067.6  127936.0 82663.3     30    2.165   2      4.519    6.684
106752.0 103680.0 14668.4  0.0   126720.0 57855.1   624768.0   519067.6  127936.0 82696.3     30    2.165   2      4.519    6.684
106752.0 103680.0 14668.4  0.0   126720.0 58700.0   624768.0   519067.6  127936.0 82696.3     30    2.165   2      4.519    6.684
106752.0 103680.0 14668.4  0.0   126720.0 58700.2   624768.0   519067.6  127936.0 82699.6     30    2.165   2      4.519    6.684
106752.0 103680.0 14668.4  0.0   126720.0 59545.1   624768.0   519067.6  127936.0 82699.6     30    2.165   2      4.519    6.684
106752.0 103680.0 14668.4  0.0   126720.0 61007.6   624768.0   519067.6  127936.0 82703.8     30    2.165   2      4.519    6.684
106752.0 103680.0 14668.4  0.0   126720.0 61852.5   624768.0   519067.6  127936.0 82703.9     30    2.165   2      4.519    6.684
106752.0 103680.0 14668.4  0.0   126720.0 61852.7   624768.0   519067.6  127936.0 82703.9     30    2.165   2      4.519    6.684
106752.0 103680.0 14668.4  0.0   126720.0 64392.1   624768.0   519067.6  127936.0 82734.0     30    2.165   2      4.519    6.684
106752.0 103680.0 14668.4  0.0   126720.0 64392.3   624768.0   519067.6  127936.0 82735.5     30    2.165   2      4.519    6.684
106752.0 103680.0 14668.4  0.0   126720.0 65237.2   624768.0   519067.6  127936.0 82838.0     30    2.165   2      4.519    6.684
106752.0 103680.0 14668.4  0.0   126720.0 65237.4   624768.0   519067.6  127936.0 82838.0     30    2.165   2      4.519    6.684
100800.0 103680.0  0.0   11503.6 126720.0  3285.7   624768.0   527629.9  127936.0 87310.5     31    2.237   2      4.519    6.756
100800.0 103680.0  0.0   11503.6 126720.0  7886.8   624768.0   527629.9  127936.0 87327.7     31    2.237   2      4.519    6.756
100800.0 103680.0  0.0   11503.6 126720.0 14779.4   624768.0   527629.9  127936.0 87357.8     31    2.237   2      4.519    6.756
100800.0 103680.0  0.0   11503.6 126720.0 22361.0   624768.0   527629.9  127936.0 87425.0     31    2.237   2      4.519    6.756
100800.0 103680.0  0.0   11503.6 126720.0 23438.5   624768.0   527629.9  127936.0 87436.3     31    2.237   2      4.519    6.756
100800.0 103680.0  0.0   11503.6 126720.0 24276.4   624768.0   527629.9  127936.0 87440.3     31    2.237   2      4.519    6.756
100800.0 103680.0  0.0   11503.6 126720.0 24707.5   624768.0   527629.9  127936.0 87440.5     31    2.237   2      4.519    6.756
100800.0 103680.0  0.0   11503.6 126720.0 24707.8   624768.0   527629.9  127936.0 87440.5     31    2.237   2      4.519    6.756
100800.0 103680.0  0.0   11503.6 126720.0 26364.3   624768.0   527629.9  127936.0 87450.4     31    2.237   2      4.519    6.756
100800.0 103680.0  0.0   11503.6 126720.0 28979.1   624768.0   527629.9  127936.0 87477.6     31    2.237   2      4.519    6.756
100800.0 103680.0  0.0   11503.6 126720.0 29410.3   624768.0   527629.9  127936.0 87478.1     31    2.237   2      4.519    6.756
100800.0 103680.0  0.0   11503.6 126720.0 29410.6   624768.0   527629.9  127936.0 87478.1     31    2.237   2      4.519    6.756
100800.0 103680.0  0.0   11503.6 126720.0 29841.8   624768.0   527629.9  127936.0 87480.0     31    2.237   2      4.519    6.756
100800.0 103680.0  0.0   11503.6 126720.0 41439.7   624768.0   527629.9  127936.0 88405.5     31    2.237   2      4.519    6.756
100800.0 103680.0  0.0   11503.6 126720.0 43410.4   624768.0   527629.9  127936.0 88405.8     31    2.237   2      4.519    6.756
100800.0 103680.0  0.0   11503.6 126720.0 82400.1   624768.0   527629.9  127936.0 89592.6     31    2.237   2      4.519    6.756
100800.0 103680.0  0.0   11503.6 126720.0 94158.5   624768.0   527629.9  127936.0 89662.2     31    2.237   2      4.519    6.756
100800.0 103680.0  0.0   11503.6 126720.0 95549.7   624768.0   527629.9  127936.0 89673.9     31    2.237   2      4.519    6.756
100800.0 103680.0  0.0   11503.6 126720.0 95550.0   624768.0   527629.9  127936.0 89677.1     31    2.237   2      4.519    6.756
100800.0 103680.0  0.0   11503.6 126720.0 96949.3   624768.0   527629.9  127936.0 89687.8     31    2.237   2      4.519    6.756
100800.0 103680.0  0.0   11503.6 126720.0 98298.9   624768.0   527629.9  127936.0 89688.8     31    2.237   2      4.519    6.756
100800.0 103680.0  0.0   11503.6 126720.0 101073.0  624768.0   527629.9  127936.0 89694.0     31    2.237   2      4.519    6.756
100800.0 103680.0  0.0   11503.6 126720.0 101073.3  624768.0   527629.9  127936.0 89694.0     31    2.237   2      4.519    6.756
94144.0 96576.0 17419.6  0.0   140864.0 44869.5   624768.0   527629.9  127936.0 91312.1     32    2.338   2      4.519    6.857
94144.0 96576.0 17419.6  0.0   140864.0 50067.6   624768.0   527629.9  127936.0 91346.7     32    2.338   2      4.519    6.857
94144.0 96576.0 17419.6  0.0   140864.0 54621.5   624768.0   527629.9  127936.0 91364.7     32    2.338   2      4.519    6.857
91840.0 96576.0  0.0   20662.3 140864.0 72060.4   624768.0   527629.9  127936.0 94747.4     33    2.390   2      4.519    6.908
74688.0 78912.0 19899.4  0.0   159872.0 16419.8   624768.0   527629.9  127936.0 95162.8     36    2.563   2      4.519    7.081
74688.0 78912.0 19899.4  0.0   159872.0 136633.6  624768.0   527629.9  127936.0 96215.7     36    2.563   2      4.519    7.081
74688.0 78912.0 19899.4  0.0   159872.0 139147.3  624768.0   527629.9  127936.0 96217.9     36    2.563   2      4.519    7.081
74112.0 78912.0  0.0   25525.0 159872.0 77224.6   624768.0   527629.9  127936.0 96281.4     37    2.632   2      4.519    7.151
65792.0 69696.0  0.0   25001.5 167552.0 164249.0  624768.0   527629.9  127936.0 96451.2     39    2.778   2      4.519    7.297
56960.0 61952.0 27011.4  0.0   174912.0 16618.6   624768.0   527629.9  127936.0 96457.5     40    2.851   2      4.519    7.370
56960.0 61952.0 27011.4  0.0   174912.0 35237.4   624768.0   527629.9  127936.0 96519.4     40    2.851   2      4.519    7.370
56960.0 61952.0 27011.4  0.0   174912.0 69834.0   624768.0   527629.9  127936.0 96573.5     40    2.851   2      4.519    7.370
60544.0 61952.0  0.0   32598.3 174912.0 152718.8  624768.0   527629.9  127936.0 96793.9     41    2.929   2      4.519    7.448
59968.0 60288.0 35612.8  0.0   181312.0 72219.8   624768.0   527629.9  127936.0 96879.9     42    3.032   2      4.519    7.551
60544.0 60288.0  0.0   37730.9 181312.0 88290.6   624768.0   527629.9  127936.0 96921.1     43    3.112   2      4.519    7.631
60544.0 60288.0  0.0   37730.9 181312.0 96684.4   624768.0   527629.9  127936.0 96929.2     43    3.112   2      4.519    7.631
60544.0 60288.0  0.0   37730.9 181312.0 103446.4  624768.0   527629.9  127936.0 96944.3     43    3.112   2      4.519    7.631
60544.0 60288.0  0.0   37730.9 181312.0 160611.4  624768.0   527629.9  127936.0 97042.7     43    3.112   2      4.519    7.631
64704.0 63104.0  0.0   43867.8 184512.0 155884.1  624768.0   527629.9  127936.0 97068.1     45    3.283   2      4.519    7.802
63872.0 63488.0 37488.3  0.0   192320.0 85398.0   624768.0   533537.9  127936.0 97090.3     46    3.384   2      4.519    7.902
63872.0 63488.0 37488.3  0.0   192320.0 103140.9  624768.0   533537.9  127936.0 97104.5     46    3.384   2      4.519    7.902
63872.0 63488.0 37488.3  0.0   192320.0 107745.6  624768.0   533537.9  127936.0 97114.1     46    3.384   2      4.519    7.902
63872.0 63488.0 37488.3  0.0   192320.0 122196.9  624768.0   533537.9  127936.0 97123.8     46    3.384   2      4.519    7.902
57728.0 58688.0 35243.9  0.0   200128.0 95905.0   624768.0   543574.9  127936.0 97236.3     48    3.548   2      4.519    8.067
57728.0 58688.0 35243.9  0.0   200128.0 171511.8  624768.0   543574.9  127936.0 97268.4     48    3.548   2      4.519    8.067
58880.0 58688.0  0.0   40410.6 200128.0 138581.0  624768.0   545234.8  127936.0 97338.8     49    3.629   2      4.519    8.148
58880.0 58688.0  0.0   40410.6 200128.0 143278.3  624768.0   545234.8  127936.0 97340.1     49    3.629   2      4.519    8.148
58880.0 61632.0 47936.5  0.0   204544.0  5272.0   624768.0   545242.8  127936.0 97352.5     50    3.704   2      4.519    8.222
64192.0 64064.0 43680.3  0.0   211072.0 79943.9   624768.0   550094.5  127936.0 97392.4     52    3.844   2      4.519    8.363
65280.0 66048.0 47760.3  0.0   217408.0 207916.9  624768.0   550342.6  127936.0 97431.1     55    3.984   2      4.519    8.503
65280.0 45504.0  0.0   45472.3 217152.0 62539.7   624768.0   557031.0  127936.0 97456.9     57    4.212   2      4.519    8.730
61760.0 62912.0  0.0   35104.2 219520.0 46432.9   624768.0   568999.5  127936.0 97509.1     59    4.337   2      4.519    8.856
61760.0 62912.0  0.0   35104.2 219520.0 139182.2  624768.0   568999.5  127936.0 97517.1     59    4.337   2      4.519    8.856
58112.0 56640.0 38346.3  0.0   229696.0 70592.6   624768.0   570695.8  127936.0 97547.8     62    4.534   2      4.519    9.053
55232.0 56640.0  0.0   38848.2 229696.0 109261.9  624768.0   577463.8  127936.0 97716.7     63    4.637   2      4.519    9.156
55232.0 53952.0 38442.4  0.0   236032.0 64841.6   624768.0   584644.9  127936.0 97750.5     64    4.760   2      4.519    9.279
55232.0 53952.0 38442.4  0.0   236032.0 90840.9   624768.0   584644.9  127936.0 97764.4     64    4.760   2      4.519    9.279
52544.0 53952.0  0.0   39587.0 236032.0 126805.8  624768.0   591197.0  127936.0 97788.5     65    4.885   2      4.519    9.404
52544.0 53312.0 45236.4  0.0   239552.0 34060.0   624768.0   591285.0  127936.0 97837.9     66    4.973   2      4.519    9.491
55040.0 53312.0  0.0   48534.1 239552.0 108140.0  624768.0   591677.0  127936.0 97860.8     67    5.048   2      4.519    9.567
54528.0 53568.0 42704.2  0.0   240512.0 48277.0   624768.0   596343.1  127936.0 97875.6     70    5.262   2      4.519    9.781
53952.0 53568.0  0.0   45956.4 240512.0 30661.4   624768.0   598479.1  127936.0 97880.8     71    5.334   2      4.519    9.853
53952.0 53568.0  0.0   45956.4 240512.0 39062.6   624768.0   598479.1  127936.0 97880.8     71    5.334   2      4.519    9.853
53952.0 53568.0  0.0   45956.4 240512.0 105480.8  624768.0   598479.1  127936.0 97894.4     71    5.334   2      4.519    9.853
53952.0 56128.0 51248.2  0.0   237248.0 18944.1   624768.0   598503.2  127936.0 97898.6     72    5.411   2      4.519    9.930
57792.0 51200.0  0.0   51178.3 237248.0  7223.4   624768.0   599631.2  127936.0 97912.6     73    5.491   2      4.519   10.010
57792.0 51200.0  0.0   51178.3 237248.0 169657.1  624768.0   599631.2  127936.0 97920.1     73    5.491   2      4.519   10.010
57792.0 51200.0  0.0   51178.3 237248.0 176384.6  624768.0   599631.2  127936.0 97928.6     73    5.491   2      4.519   10.010
57792.0 51200.0  0.0   51178.3 237248.0 193475.1  624768.0   599631.2  127936.0 97937.6     73    5.491   2      4.519   10.010
57792.0 51200.0  0.0   51178.3 237248.0 220291.6  624768.0   599631.2  127936.0 97942.3     73    5.491   2      4.519   10.010
61824.0 54400.0  0.0   54384.2 229824.0 48323.9   624768.0   602919.2  127936.0 97961.5     75    5.653   2      4.519   10.172
65536.0 65728.0 53002.3  0.0   218048.0 166154.9  624768.0   612327.2  127936.0 97969.9     78    5.887   2      4.519   10.405
74496.0 4096.0  0.0   4084.3 208448.0 32950.4   699072.0   583240.1  150592.0 97958.9     81    6.028   3      6.508   12.536
77248.0 8576.0  0.0   8570.2 196416.0 73164.6   699072.0   583240.1  150592.0 97968.7     83    6.076   3      6.508   12.584
77248.0 77184.0 8160.0  0.0   195072.0 179158.1  699072.0   583240.1  150592.0 97969.9     84    6.098   3      6.508   12.605
76288.0 9024.0  0.0   8973.0 195072.0 120041.8  699072.0   583240.1  150592.0 97979.0     85    6.120   3      6.508   12.627
70848.0 68160.0 18554.2  0.0   202240.0 48397.1   699072.0   583240.1  150592.0 97990.8     88    6.216   3      6.508   12.723
58752.0 61952.0  0.0   20442.2 211648.0 65815.6   699072.0   583240.1  150592.0 98007.0     91    6.336   3      6.508   12.843
47296.0 49536.0  0.0   24448.0 236224.0 153825.3  699072.0   583424.1  150592.0 98017.9     95    6.481   3      6.508   12.989
47296.0 49536.0  0.0   24448.0 236224.0 215438.9  699072.0   583424.1  150592.0 98022.2     95    6.481   3      6.508   12.989
43584.0 45312.0  0.0   24838.0 249152.0 180380.6  699072.0   585834.1  150592.0 98028.5     97    6.579   3      6.508   13.087
38208.0 41728.0 24204.0  0.0   260544.0  4383.3   699072.0   587154.1  150592.0 98030.6     98    6.626   3      6.508   13.134
40896.0 41728.0  0.0   26335.5 260544.0 179084.1  699072.0   587170.1  150592.0 98035.9     99    6.676   3      6.508   13.184
37248.0 39488.0 24896.0  0.0   266880.0 149724.7  699072.0   588314.1  150592.0 98048.0    100    6.720   3      6.508   13.227
37248.0 39488.0 24896.0  0.0   266880.0 213947.1  699072.0   588314.1  150592.0 98050.5    100    6.720   3      6.508   13.227
34880.0 37184.0 24673.7  0.0   271552.0 198307.1  699072.0   597690.2  150592.0 98055.3    102    6.825   3      6.508   13.332
38656.0 37184.0  0.0   31756.8 271552.0 151300.7  699072.0   598298.2  150592.0 98061.6    103    6.874   3      6.508   13.382
38656.0 41216.0 35654.1  0.0   267072.0 82182.1   699072.0   598314.2  150592.0 98075.9    104    6.941   3      6.508   13.449
43456.0 45568.0 37178.2  0.0   258368.0 191855.0  699072.0   599786.2  150592.0 98078.2    106    7.053   3      6.508   13.560
47104.0 47104.0 34010.2  0.0   255296.0 79689.4   699072.0   602642.2  150592.0 98079.6    108    7.159   3      6.508   13.667
47872.0 36416.0  0.0   36352.1 255296.0 157015.8  699072.0   603546.2  150592.0 98093.1    109    7.228   3      6.508   13.735
47872.0 36416.0  0.0   36352.1 255296.0 159053.0  699072.0   603546.2  150592.0 98093.1    109    7.228   3      6.508   13.735
47872.0 36416.0  0.0   36352.1 255296.0 189778.0  699072.0   603546.2  150592.0 98101.1    109    7.228   3      6.508   13.735
47872.0 50176.0 41178.2  0.0   249152.0 113525.7  699072.0   605562.2  150592.0 98102.1    110    7.290   3      6.508   13.798
47872.0 50176.0 41178.2  0.0   249152.0 133691.1  699072.0   605562.2  150592.0 98103.3    110    7.290   3      6.508   13.798
47872.0 50176.0 41178.2  0.0   249152.0 147050.9  699072.0   605562.2  150592.0 98109.1    110    7.290   3      6.508   13.798
53184.0 47168.0  0.0   47152.2 249152.0 130177.6  699072.0   607175.2  150592.0 98117.6    111    7.354   3      6.508   13.862
60992.0 48000.0  0.0   47952.1 232640.0 20982.8   699072.0   608407.2  150592.0 98117.9    113    7.475   3      6.508   13.983
60992.0 48000.0 21136.1 47952.1 232640.0 232640.0  699072.0   608415.2  150592.0 98128.1    114    7.475   3      6.508   13.983
65216.0 66176.0 48304.2  0.0   217152.0 113676.2  699072.0   612631.2  150592.0 98131.4    116    7.680   3      6.508   14.188
61056.0 59456.0 35504.2  0.0   224064.0 94871.4   699072.0   630783.2  150592.0 98144.2    120    7.920   3      6.508   14.427
61056.0 59456.0 35504.2  0.0   224064.0 135290.0  699072.0   630783.2  150592.0 98148.4    120    7.920   3      6.508   14.427
61056.0 59456.0 35504.2  0.0   224064.0 162775.5  699072.0   630783.2  150592.0 98153.3    120    7.920   3      6.508   14.427
57600.0 59456.0  0.0   39120.2 224064.0 167272.0  699072.0   633527.2  150592.0 98155.0    121    7.982   3      6.508   14.490
56512.0 56704.0  0.0   43231.6 229888.0 189241.3  699072.0   635303.2  150592.0 98163.6    123    8.108   3      6.508   14.616
54848.0 54784.0 30042.2  0.0   237760.0 55422.6   699072.0   653036.4  150592.0 98166.1    126    8.256   3      6.508   14.763
53568.0 53568.0 31584.0  0.0   240512.0 172073.5  699072.0   654564.4  150592.0 98169.3    128    8.378   3      6.508   14.885
51456.0 52160.0  0.0   30624.0 242880.0 132814.4  699072.0   656513.4  150592.0 98169.3    131    8.545   3      6.508   15.052
50624.0 50624.0 24656.1  0.0   247744.0   0.0     699072.0   662721.4  150592.0 98171.4    134    8.733   3      6.508   15.241
50112.0 50752.0 17600.1  0.0   247616.0 235157.1  699072.0   670545.4  150592.0 98173.3    137    8.848   3      6.508   15.356
48896.0 49728.0  0.0   21402.2 247872.0 55364.7   699072.0   677641.4  150592.0 98176.5    139    9.056   3      6.508   15.563
42944.0 44864.0 24752.1  0.0   255552.0 50844.7   699072.0   679169.4  150592.0 98181.4    142    9.198   3      6.508   15.705
39744.0 41920.0 26986.2  0.0   261120.0 186060.9  699072.0   679441.4  150592.0 98187.1    144    9.295   3      6.508   15.802
40448.0 41664.0 33742.8  0.0   266176.0 29030.9   699072.0   681689.4  150592.0 98189.5    146    9.404   3      6.508   15.912
40448.0 41664.0 33742.8  0.0   266176.0 115721.2  699072.0   681689.4  150592.0 98190.2    146    9.404   3      6.508   15.912
44352.0 47424.0 41242.2  0.0   254656.0 97111.3   699072.0   681729.4  150592.0 98191.9    148    9.520   3      6.508   16.027
44352.0 47424.0 41242.2  0.0   254656.0 102475.0  699072.0   681729.4  150592.0 98191.9    148    9.520   3      6.508   16.027
50752.0 44096.0  0.0   44058.2 254656.0 76244.2   699072.0   682769.4  150592.0 98198.0    149    9.588   3      6.508   16.095
50752.0 44096.0  0.0   44058.2 254656.0 252115.2  699072.0   682769.4  150592.0 98200.1    149    9.588   3      6.508   16.095
50752.0 53824.0 44327.2  0.0   241856.0 199886.3  699072.0   685073.4  150592.0 98203.8    150    9.670   3      6.508   16.178
57856.0 49792.0  0.0   49789.1 241856.0 23354.6   699072.0   686217.4  150592.0 98206.0    151    9.756   3      6.508   16.264
61056.0 43008.0  0.0   43002.3 227904.0   0.0     699072.0   694129.4  150592.0 98208.8    153    9.886   4      6.508   16.394
61056.0 43008.0  0.0   3671.9 227904.0 51177.7   699072.0   699070.1  155200.0 97334.1    153    9.886   4     10.611   20.497
61056.0 43008.0  0.0   3671.9 227904.0 201264.7  699072.0   699070.1  155200.0 97337.4    153    9.886   4     10.611   20.497
61056.0 43008.0  0.0   3671.9 227904.0 223322.2  699072.0   699070.1  155200.0 97340.5    153    9.886   4     10.611   20.497
61056.0 43008.0  0.0    0.0   227904.0 39310.6   699072.0   699071.5  155136.0 97261.9    153    9.886   5     12.287   22.174
61056.0 43008.0  0.0    0.0   227904.0 195060.2  699072.0   699071.5  155136.0 97262.2    153    9.886   5     12.287   22.174
61056.0 43008.0  0.0    0.0   227904.0 82653.4   699072.0   699069.6  153536.0 97264.8    153    9.886   6     13.683   23.569
61056.0 43008.0  0.0    0.0   227904.0 85950.1   699072.0   699070.4  145280.0 97266.2    153    9.886   8     15.857   25.744
61056.0 43008.0  0.0    0.0   227904.0 227904.0  699072.0   699071.4  140608.0 97270.6    153    9.886  10     17.202   27.088
61056.0 43008.0  0.0    0.0   227904.0 227904.0  699072.0   699068.1  131072.0 97280.4    153    9.886  12     19.909   29.796
61056.0 43008.0  0.0    0.0   227904.0 103070.0  699072.0   699072.0  123136.0 97281.2    153    9.886  13     22.202   32.088
61056.0 43008.0  0.0    0.0   227904.0 172618.5  699072.0   699069.5  119360.0 97281.9    153    9.886  14     23.760   33.646
61056.0 43008.0  0.0    0.0   227904.0 196282.5  699072.0   699068.5  116224.0 97283.2    153    9.886  15     25.089   34.975
61056.0 43008.0  0.0    0.0   227904.0 138619.1  699072.0   699071.7  113984.0 97284.4    153    9.886  16     26.438   36.325
61056.0 43008.0  0.0    0.0   227904.0 166665.1  699072.0   699071.7  113984.0 97284.9    153    9.886  16     26.438   36.325
61056.0 43008.0  0.0    0.0   227904.0 201879.6  699072.0   699071.7  113984.0 97285.8    153    9.886  16     26.438   36.325
61056.0 43008.0  0.0    0.0   227904.0 210371.2  699072.0   699068.2  111296.0 97287.0    153    9.886  17     27.467   37.354
61056.0 43008.0  0.0    0.0   227904.0 227904.0  699072.0   699071.8  109184.0 97287.9    153    9.886  19     28.841   38.727
61056.0 43008.0  0.0    0.0   227904.0 126538.9  699072.0   699069.9  105600.0 97288.2    153    9.886  20     32.106   41.993
61056.0 43008.0  0.0    0.0   227904.0 58529.2   699072.0   699071.5  104512.0 97289.7    153    9.886  21     33.264   43.150
61056.0 43008.0  0.0    0.0   227904.0 66504.3   699072.0   699071.5  104512.0 97289.7    153    9.886  21     33.264   43.150
61056.0 43008.0  0.0    0.0   227904.0 31320.0   699072.0   699070.3  103424.0 97293.2    153    9.886  22     34.453   44.340
61056.0 43008.0  0.0    0.0   227904.0 227904.0  699072.0   699069.5  102720.0 97297.4    153    9.886  24     35.703   45.590
61056.0 43008.0  0.0    0.0   227904.0 170961.2  699072.0   699068.2  100992.0 97299.4    153    9.886  25     38.311   48.197
61056.0 43008.0  0.0    0.0   227904.0 106279.0  699072.0   699068.4  99904.0 97302.4    153    9.886  27     40.890   50.776
61056.0 43008.0  0.0    0.0   227904.0 118700.9  699072.0   699070.5  99200.0 97302.4    153    9.886  29     43.347   53.233
61056.0 43008.0  0.0    0.0   227904.0 227904.0  699072.0   699069.3  98688.0 97302.7    153    9.886  32     45.869   55.755
61056.0 43008.0  0.0    0.0   227904.0 227904.0  699072.0   699069.0  98368.0 97303.3    153    9.886  34     48.657   58.543
61056.0 43008.0  0.0    0.0   227904.0 204913.6  699072.0   699071.9  98112.0 97304.0    153    9.886  35     51.617   61.503
61056.0 43008.0  0.0    0.0   227904.0 227904.0  699072.0   699071.1  97920.0 97304.4    153    9.886  38     54.258   64.144
61056.0 43008.0  0.0    0.0   227904.0 156623.0  699072.0   699068.8  97792.0 97316.6    153    9.886  40     57.864   67.751
61056.0 43008.0  0.0    0.0   227904.0 227904.0  699072.0   699071.9  97728.0 97317.8    153    9.886  43     60.412   70.298
61056.0 43008.0  0.0    0.0   227904.0 227903.2  699072.0   699068.6  97664.0 97317.8    153    9.886  45     62.877   72.763
61056.0 43008.0  0.0    0.0   227904.0 227904.0  699072.0   699072.0  97664.0 97319.0    153    9.886  46     64.451   74.338
61056.0 43008.0  0.0    0.0   227904.0 114375.3  699072.0   699071.4  97664.0 97316.9    153    9.886  46     66.504   76.390
61056.0 43008.0  0.0    0.0   227904.0 227904.0  699072.0   699070.1  97664.0 97316.9    153    9.886  48     67.777   77.663
61056.0 43008.0  0.0    0.0   227904.0 217607.3  699072.0   699071.8  97664.0 97320.5    153    9.886  49     70.684   80.570
61056.0 43008.0  0.0    0.0   227904.0 227902.3  699072.0   699071.8  97664.0 97320.5    153    9.886  50     70.684   80.570
61056.0 43008.0  0.0    0.0   227904.0 106248.3  699072.0   699071.2  97664.0 97320.9    153    9.886  50     72.023   81.909
61056.0 43008.0  0.0    0.0   227904.0 121100.8  699072.0   699070.3  97664.0 97320.9    153    9.886  51     73.327   83.213
61056.0 43008.0  0.0    0.0   227904.0 104563.5  699072.0   699071.3  97600.0 97320.9    153    9.886  52     74.357   84.243
61056.0 43008.0  0.0    0.0   227904.0 106892.7  699072.0   699071.3  97600.0 97320.9    153    9.886  52     74.357   84.243
61056.0 43008.0  0.0    0.0   227904.0 118767.8  699072.0   699071.3  97600.0 97327.1    153    9.886  52     74.357   84.243
61056.0 43008.0  0.0    0.0   227904.0 227904.0  699072.0   699071.3  97600.0 97327.5    153    9.886  53     74.357   84.243
61056.0 43008.0  0.0    0.0   227904.0 227904.0  699072.0   699070.1  97408.0 97328.2    153    9.886  55     77.350   87.236
61056.0 43008.0  0.0    0.0   227904.0 156050.8  699072.0   699070.9  97344.0 97326.2    153    9.886  57     81.184   91.070
61056.0 43008.0  0.0    0.0   227904.0 149139.6  699072.0   699070.3  97344.0 97329.7    153    9.886  59     83.771   93.658
61056.0 43008.0  0.0    0.0   227904.0 169369.0  699072.0   699069.5  97344.0 97331.8    153    9.886  61     85.968   95.854
61056.0 43008.0  0.0    0.0   227904.0 128143.1  699072.0   699069.0  97344.0 97332.0    153    9.886  63     88.905   98.792
61056.0 43008.0  0.0    0.0   227904.0 227904.0  699072.0   699068.4  97344.0 97334.2    153    9.886  66     91.651  101.537
61056.0 43008.0  0.0    0.0   227904.0 227904.0  699072.0   699068.1  97344.0 97334.4    153    9.886  68     93.721  103.607
61056.0 43008.0  0.0    0.0   227904.0 227904.0  699072.0   699069.1  97344.0 97335.8    153    9.886  70     97.098  106.985
61056.0 43008.0  0.0    0.0   227904.0 227904.0  699072.0   699068.2  97344.0 97336.8    153    9.886  73    100.515  110.401
61056.0 43008.0  0.0    0.0   227904.0 78828.6   699072.0   699071.1  97344.0 97336.8    153    9.886  75    104.705  114.591
61056.0 43008.0  0.0    0.0   227904.0 227903.3  699072.0   699070.6  97408.0 97354.4    153    9.886  77    106.019  115.905
61056.0 43008.0  0.0    0.0   227904.0 227904.0  699072.0   699068.4  97408.0 97354.8    153    9.886  79    109.537  119.423
61056.0 43008.0  0.0    0.0   227904.0 80233.7   699072.0   699070.0  97408.0 97356.2    153    9.886  82    114.976  124.863
61056.0 43008.0  0.0    0.0   227904.0 176995.1  699072.0   699069.5  97408.0 97356.6    153    9.886  85    118.198  128.085
61056.0 43008.0  0.0    0.0   227904.0 227904.0  699072.0   699072.0  97408.0 97356.9    153    9.886  88    121.341  131.228
61056.0 43008.0  0.0    0.0   227904.0 227904.0  699072.0   699071.5  97408.0 97356.9    153    9.886  90    123.418  133.304
61056.0 43008.0  0.0    0.0   227904.0 227904.0  699072.0   699070.9  97408.0 97356.9    153    9.886  93    127.307  137.193
61056.0 43008.0  0.0    0.0   227904.0 181843.1  699072.0   699071.1  97408.0 97356.9    153    9.886  95    131.542  141.429
61056.0 43008.0  0.0    0.0   227904.0 227904.0  699072.0   699070.8  97408.0 97358.5    153    9.886  98    133.686  143.572
61056.0 43008.0  0.0    0.0   227904.0 227904.0  699072.0   699069.9  97408.0 97358.6    153    9.886  101   137.257  147.143
61056.0 43008.0  0.0    0.0   227904.0 227904.0  699072.0   699069.5  97408.0 97360.5    153    9.886  103   139.755  149.642
61056.0 43008.0  0.0    0.0   227904.0 227904.0  699072.0   699068.9  97408.0 97361.0    153    9.886  106   143.074  152.960
61056.0 43008.0  0.0    0.0   227904.0 120443.6  699072.0   699068.6  97408.0 97361.6    153    9.886  107   145.177  155.063
61056.0 43008.0  0.0    0.0   227904.0 227904.0  699072.0   699068.6  97408.0 97361.6    153    9.886  108   145.177  155.063
61056.0 43008.0  0.0    0.0   227904.0 227904.0  699072.0   699070.3  97408.0 97362.5    153    9.886  110   147.964  157.850
61056.0 43008.0  0.0    0.0   227904.0 227904.0  699072.0   699069.8  97408.0 97362.5    153    9.886  112   150.640  160.526
61056.0 43008.0  0.0    0.0   227904.0 227904.0  699072.0   699069.9  97408.0 97363.1    153    9.886  115   154.721  164.607
61056.0 43008.0  0.0    0.0   227904.0 227904.0  699072.0   699069.4  97408.0 97370.9    153    9.886  117   157.626  167.512
61056.0 43008.0  0.0    0.0   227904.0 161336.8  699072.0   699069.0  97408.0 97371.4    153    9.886  118   160.164  170.050
61056.0 43008.0  0.0    0.0   227904.0 170510.9  699072.0   699068.8  97408.0 97374.5    153    9.886  119   161.442  171.329
61056.0 43008.0  0.0    0.0   227904.0 227904.0  699072.0   699068.0  97408.0 97376.5    153    9.886  121   162.827  172.713
61056.0 43008.0  0.0    0.0   227904.0 227904.0  699072.0   699071.8  97408.0 97377.8    153    9.886  123   165.113  174.999
61056.0 43008.0  0.0    0.0   227904.0 161465.2  699072.0   699071.9  97408.0 97382.6    153    9.886  124   167.798  177.684
61056.0 43008.0  0.0    0.0   227904.0 141833.8  699072.0   699071.4  97408.0 97382.8    153    9.886  126   171.007  180.894
61056.0 43008.0  0.0    0.0   227904.0 227904.0  699072.0   699071.2  97408.0 97391.5    153    9.886  129   173.168  183.054
61056.0 43008.0  0.0    0.0   227904.0 219029.4  699072.0   699070.4  97408.0 97391.7    153    9.886  131   176.960  186.846
61056.0 43008.0  0.0    0.0   227904.0 227904.0  699072.0   699068.7  97408.0 97391.9    153    9.886  134   179.757  189.643
61056.0 43008.0  0.0    0.0   227904.0 112558.1  699072.0   699068.2  97408.0 97392.9    153    9.886  136   184.091  193.977
61056.0 43008.0  0.0    0.0   227904.0 227904.0  699072.0   699067.9  97408.0 97392.9    153    9.886  140   187.524  197.411
61056.0 43008.0  0.0    0.0   227904.0 227904.0  699072.0   699071.7  97408.0 97392.9    153    9.886  143   190.763  200.649
61056.0 43008.0  0.0    0.0   227904.0 227904.0  699072.0   699071.2  97408.0 97392.9    153    9.886  145   193.601  203.487
61056.0 43008.0  0.0    0.0   227904.0 159610.1  699072.0   699070.7  97408.0 97392.9    153    9.886  147   197.243  207.129
61056.0 43008.0  0.0    0.0   227904.0 146033.6  699072.0   699069.9  97408.0 97392.9    153    9.886  150   200.690  210.576
61056.0 43008.0  0.0    0.0   227904.0 141998.5  699072.0   699069.3  97408.0 97394.3    153    9.886  153   204.125  214.012
61056.0 43008.0  0.0    0.0   227904.0 227904.0  699072.0   699069.0  97600.0 97441.4    153    9.886  156   206.621  216.507
61056.0 43008.0  0.0    0.0   227904.0 227904.0  699072.0   699068.6  97728.0 97441.4    153    9.886  159   210.467  220.354
61056.0 43008.0  0.0    0.0   227904.0 227904.0  699072.0   699068.1  97728.0 97442.1    153    9.886  162   214.246  224.132
61056.0 43008.0  0.0    0.0   227904.0 227904.0  699072.0   699071.2  97728.0 97442.1    153    9.886  165   217.888  227.774
61056.0 43008.0  0.0    0.0   227904.0 227904.0  699072.0   699070.9  97728.0 97442.1    153    9.886  168   221.320  231.206
61056.0 43008.0  0.0    0.0   227904.0 227904.0  699072.0   699070.9  97728.0 97443.6    153    9.886  171   225.265  235.151
61056.0 43008.0  0.0    0.0   227904.0 227904.0  699072.0   699070.6  97728.0 97454.2    153    9.886  175   229.761  239.647
61056.0 43008.0  0.0    0.0   227904.0 211141.5  699072.0   699068.8  97728.0 97454.2    153    9.886  177   233.227  243.113
61056.0 43008.0  0.0    0.0   227904.0 227904.0  699072.0   699068.2  97728.0 97454.2    153    9.886  181   236.830  246.716
61056.0 43008.0  0.0    0.0   227904.0 196705.0  699072.0   699071.8  97728.0 97456.6    153    9.886  183   241.537  251.424
61056.0 43008.0  0.0    0.0   227904.0 224722.2  699072.0   699071.6  97728.0 97456.6    153    9.886  186   245.124  255.010
61056.0 43008.0  0.0    0.0   227904.0 227904.0  699072.0   699071.3  97728.0 97456.6    153    9.886  190   248.843  258.729
61056.0 43008.0  0.0    0.0   227904.0 227904.0  699072.0   699071.2  97728.0 97456.7    153    9.886  193   252.566  262.452
61056.0 43008.0  0.0    0.0   227904.0 227904.0  699072.0   699071.2  97728.0 97456.7    153    9.886  196   255.974  265.860
61056.0 43008.0  0.0    0.0   227904.0 165895.1  699072.0   699071.2  97728.0 97456.7    153    9.886  199   260.677  270.563
61056.0 43008.0  0.0    0.0   227904.0 193560.8  699072.0   699071.1  97728.0 97456.7    153    9.886  202   264.625  274.511
61056.0 43008.0  0.0    0.0   227904.0 227904.0  699072.0   699071.1  97728.0 97457.2    153    9.886  206   268.303  278.189
61056.0 43008.0  0.0    0.0   227904.0 227904.0  699072.0   699071.6  97728.0 97457.2    153    9.886  209   271.838  281.724
61056.0 43008.0  0.0    0.0   227904.0 227904.0  699072.0   699071.3  97728.0 97458.4    153    9.886  211   274.885  284.772
61056.0 43008.0  0.0    0.0   227904.0 227900.9  699072.0   699071.2  97728.0 97458.4    153    9.886  214   278.812  288.698
61056.0 43008.0  0.0    0.0   227904.0 227904.0  699072.0   699071.2  97728.0 97458.9    153    9.886  216   281.344  291.230
61056.0 43008.0  0.0    0.0   227904.0 227904.0  699072.0   699071.6  97728.0 97458.9    153    9.886  219   284.989  294.875
61056.0 43008.0  0.0    0.0   227904.0 219176.1  699072.0   699071.4  97728.0 97459.1    153    9.886  221   289.042  298.928
61056.0 43008.0  0.0    0.0   227904.0 183251.2  699072.0   699071.4  97728.0 97459.1    153    9.886  224   292.776  302.662
61056.0 43008.0  0.0    0.0   227904.0 227904.0  699072.0   699071.3  97728.0 97459.5    153    9.886  228   296.169  306.055
61056.0 43008.0  0.0    0.0   227904.0 227904.0  699072.0   699071.3  97728.0 97461.3    153    9.886  231   300.197  310.083
61056.0 43008.0  0.0    0.0   227904.0 227904.0  699072.0   699071.3  97728.0 97461.3    153    9.886  234   304.018  313.904
61056.0 43008.0  0.0    0.0   227904.0 227904.0  699072.0   699071.9  97728.0 97462.6    153    9.886  237   308.411  318.297
61056.0 43008.0  0.0    0.0   227904.0 227904.0  699072.0   699071.8  97728.0 97462.6    153    9.886  240   312.217  322.104
61056.0 43008.0  0.0    0.0   227904.0 227904.0  699072.0   699071.6  97728.0 97463.1    153    9.886  243   315.977  325.864
61056.0 43008.0  0.0    0.0   227904.0 227904.0  699072.0   699071.6  97728.0 97466.1    153    9.886  244   317.086  326.973
61056.0 43008.0  0.0    0.0   227904.0 227904.0  699072.0   699070.5  97728.0 97466.1    153    9.886  246   320.023  329.910
61056.0 43008.0  0.0    0.0   227904.0 227904.0  699072.0   699070.5  97728.0 97466.4    153    9.886  248   322.256  332.142
61056.0 43008.0  0.0    0.0   227904.0 203709.7  699072.0   699070.4  97728.0 97468.6    153    9.886  249   324.822  334.709
61056.0 43008.0  0.0    0.0   227904.0 227904.0  699072.0   699070.2  97728.0 97473.3    153    9.886  252   327.775  337.662
61056.0 43008.0  0.0    0.0   227904.0 227904.0  699072.0   699070.9  97792.0 97473.3    153    9.886  254   330.603  340.489
61056.0 43008.0  0.0    0.0   227904.0 227904.0  699072.0   699070.9  97792.0 97473.3    153    9.886  257   334.966  344.852
61056.0 43008.0  0.0    0.0   227904.0 186874.9  699072.0   699070.9  97792.0 97473.3    153    9.886  259   339.364  349.251
61056.0 43008.0  0.0    0.0   227904.0 227904.0  699072.0   699070.4  97792.0 97473.3    153    9.886  263   342.798  352.685
61056.0 43008.0  0.0    0.0   227904.0 227904.0  699072.0   699070.2  97792.0 97473.3    153    9.886  267   347.463  357.350
61056.0 43008.0  0.0    0.0   227904.0 227904.0  699072.0   699070.8  97792.0 97473.3    153    9.886  270   351.015  360.901
61056.0 43008.0  0.0    0.0   227904.0 206238.1  699072.0   699071.6  97792.0 97473.3    153    9.886  273   355.983  365.870
61056.0 43008.0  0.0    0.0   227904.0 227904.0  699072.0   699071.6  97792.0 97473.3    153    9.886  277   359.812  369.699
61056.0 43008.0  0.0    0.0   227904.0 227904.0  699072.0   699070.6  97792.0 97473.3    153    9.886  280   363.625  373.511
61056.0 43008.0  0.0    0.0   227904.0 227904.0  699072.0   699070.6  97792.0 97474.2    153    9.886  283   367.330  377.216
61056.0 43008.0  0.0    0.0   227904.0 227904.0  699072.0   699069.9  97792.0 97474.2    153    9.886  286   371.162  381.049
61056.0 43008.0  0.0    0.0   227904.0 207659.4  699072.0   699069.8  97792.0 97474.2    153    9.886  289   376.285  386.171
61056.0 43008.0  0.0    0.0   227904.0 227904.0  699072.0   699069.8  97792.0 97477.7    153    9.886  293   380.000  389.886
61056.0 43008.0  0.0    0.0   227904.0 186551.1  699072.0   699069.8  97792.0 97477.7    153    9.886  296   384.864  394.750
61056.0 43008.0  0.0    0.0   227904.0 227904.0  699072.0   699069.8  97792.0 97477.7    153    9.886  299   387.548  397.434
61056.0 43008.0  0.0    0.0   227904.0 227898.2  699072.0   699070.4  97792.0 97477.7    153    9.886  303   392.482  402.368
61056.0 43008.0  0.0    0.0   227904.0 227904.0  699072.0   699070.4  97792.0 97477.7    153    9.886  306   396.025  405.911
61056.0 43008.0  0.0    0.0   227904.0 227904.0  699072.0   699070.3  97792.0 97478.7    153    9.886  310   400.690  410.576
61056.0 43008.0  0.0    0.0   227904.0 227904.0  699072.0   699071.0  97792.0 97478.7    153    9.886  313   404.802  414.689
61056.0 43008.0  0.0    0.0   227904.0 227904.0  699072.0   699070.5  97792.0 97478.7    153    9.886  317   409.529  419.416
61056.0 43008.0  0.0    0.0   227904.0 227904.0  699072.0   699070.4  97792.0 97480.3    153    9.886  320   413.343  423.229
61056.0 43008.0  0.0    0.0   227904.0 227904.0  699072.0   699070.5  97792.0 97480.3    153    9.886  323   417.102  426.988
61056.0 43008.0  0.0    0.0   227904.0 227904.0  699072.0   699070.5  97792.0 97480.3    153    9.886  327   422.601  432.487
61056.0 43008.0  0.0    0.0   227904.0 227904.0  699072.0   699070.1  97792.0 97482.5    153    9.886  330   426.554  436.441
61056.0 43008.0  0.0    0.0   227904.0 227904.0  699072.0   699070.1  97792.0 97482.5    153    9.886  334   431.317  441.203
61056.0 43008.0  0.0    0.0   227904.0 179961.2  699072.0   699070.1  97792.0 97482.5    153    9.886  337   436.177  446.063
61056.0 43008.0  0.0    0.0   227904.0 227902.2  699072.0   699070.0  97792.0 97482.9    153    9.886  341   439.759  449.646
61056.0 43008.0  0.0    0.0   227904.0 227904.0  699072.0   699070.0  97792.0 97483.4    153    9.886  345   444.620  454.506
61056.0 43008.0  0.0    0.0   227904.0 207871.0  699072.0   699070.0  97792.0 97483.4    153    9.886  348   449.648  459.534
61056.0 43008.0  0.0    0.0   227904.0 227904.0  699072.0   699069.9  97792.0 97483.4    153    9.886  352   453.417  463.303
61056.0 43008.0  0.0    0.0   227904.0 227904.0  699072.0   699069.2  97792.0 97483.4    153    9.886  356   458.333  468.219
61056.0 43008.0  0.0    0.0   227904.0 188705.5  699072.0   699069.1  97792.0 97483.4    153    9.886  359   463.425  473.311
61056.0 43008.0  0.0    0.0   227904.0 227904.0  699072.0   699072.0  97792.0 97483.4    153    9.886  363   467.058  476.944
61056.0 43008.0  0.0    0.0   227904.0 227904.0  699072.0   699071.9  97792.0 97483.4    153    9.886  367   472.035  481.921
61056.0 43008.0  0.0    0.0   227904.0 227904.0  699072.0   699068.4  97792.0 97484.1    153    9.886  370   475.867  485.754
61056.0 43008.0  0.0    0.0   227904.0 227904.0  699072.0   699068.4  97792.0 97485.5    153    9.886  373   479.986  489.872
61056.0 43008.0  0.0    0.0   227904.0 227904.0  699072.0   699068.3  97792.0 97485.5    153    9.886  377   484.765  494.652
61056.0 43008.0  0.0    0.0   227904.0 227904.0  699072.0   699068.3  97792.0 97489.0    153    9.886  381   489.674  499.560
61056.0 43008.0  0.0    0.0   227904.0 227904.0  699072.0   699069.0  97792.0 97489.0    153    9.886  384   493.725  503.611
61056.0 43008.0  0.0    0.0   227904.0 227904.0  699072.0   699068.9  97792.0 97489.9    153    9.886  388   498.587  508.474
61056.0 43008.0  0.0    0.0   227904.0 227904.0  699072.0   699068.9  97792.0 97490.9    153    9.886  391   502.193  512.079
61056.0 43008.0  0.0    0.0   227904.0 191893.4  699072.0   699071.9  97792.0 97494.3    153    9.886  394   507.592  517.478
61056.0 43008.0  0.0    0.0   227904.0 227904.0  699072.0   699071.8  97792.0 97495.4    153    9.886  398   511.244  521.130
61056.0 43008.0  0.0    0.0   227904.0 227904.0  699072.0   699071.8  97792.0 97498.7    153    9.886  402   516.141  526.028
61056.0 43008.0  0.0    0.0   227904.0 227904.0  699072.0   699071.8  97792.0 97500.7    153    9.886  405   519.712  529.599
61056.0 43008.0  0.0    0.0   227904.0 227904.0  699072.0   699071.8  97792.0 97501.0    153    9.886  409   524.720  534.606
61056.0 43008.0  0.0    0.0   227904.0 227904.0  699072.0   699070.8  97792.0 97501.1    153    9.886  412   529.388  539.274
61056.0 43008.0  0.0    0.0   227904.0 227903.1  699072.0   699070.8  97792.0 97503.8    153    9.886  415   533.153  543.039
61056.0 43008.0  0.0    0.0   227904.0 227904.0  699072.0   699070.8  97792.0 97507.5    153    9.886  419   538.424  548.310
61056.0 43008.0  0.0    0.0   227904.0 227904.0  699072.0   699070.8  97856.0 97534.4    153    9.886  422   542.752  552.639
61056.0 43008.0  0.0    0.0   227904.0 227904.0  699072.0   699068.1  97856.0 97539.8    153    9.886  425   546.709  556.595
61056.0 43008.0  0.0    0.0   227904.0 201244.3  699072.0   699071.3  97856.0 97547.4    153    9.886  428   552.246  562.133
61056.0 43008.0  0.0    0.0   227904.0 227904.0  699072.0   699070.4  97856.0 97561.4    153    9.886  432   555.996  565.882
61056.0 43008.0  0.0    0.0   227904.0 227904.0  699072.0   699069.4  97856.0 97566.3    153    9.886  436   561.068  570.955
61056.0 43008.0  0.0    0.0   227904.0 227904.0  699072.0   699069.4  97856.0 97566.7    153    9.886  439   564.775  574.662
61056.0 43008.0  0.0    0.0   227904.0 227904.0  699072.0   699069.3  97856.0 97567.5    153    9.886  443   569.757  579.643
61056.0 43008.0  0.0    0.0   227904.0 227904.0  699072.0   699069.0  97856.0 97570.4    153    9.886  447   574.609  584.495
61056.0 43008.0  0.0    0.0   227904.0 227904.0  699072.0   699071.6  97856.0 97577.5    153    9.886  450   578.778  588.664
61056.0 43008.0  0.0    0.0   227904.0 196026.6  699072.0   699069.7  97856.0 97580.5    153    9.886  453   584.051  593.937
61056.0 43008.0  0.0    0.0   227904.0 227904.0  699072.0   699071.0  97856.0 97582.1    153    9.886  457   588.314  598.200
61056.0 43008.0  0.0    0.0   227904.0 227904.0  699072.0   699071.0  97856.0 97582.7    153    9.886  461   592.971  602.857
61056.0 43008.0  0.0    0.0   227904.0 186818.6  699072.0   699070.6  97856.0 97583.0    153    9.886  464   597.786  607.672
61056.0 43008.0  0.0    0.0   227904.0 227904.0  699072.0   699070.8  97856.0 97587.1    153    9.886  468   601.502  611.388
61056.0 43008.0  0.0    0.0   227904.0 227904.0  699072.0   699070.3  97856.0 97587.5    153    9.886  472   606.300  616.187
61056.0 43008.0  0.0    0.0   227904.0 227737.1  699072.0   699069.8  97856.0 97593.1    153    9.886  475   610.214  620.101
61056.0 43008.0  0.0    0.0   227904.0 227904.0  699072.0   699069.8  97856.0 97594.4    153    9.886  479   615.147  625.033
61056.0 43008.0  0.0    0.0   227904.0 227904.0  699072.0   699069.8  97856.0 97594.9    153    9.886  482   619.108  628.994
61056.0 43008.0  0.0    0.0   227904.0 227904.0  699072.0   699069.5  97856.0 97594.9    153    9.886  486   623.793  633.679
61056.0 43008.0  0.0    0.0   227904.0 214679.9  699072.0   699069.5  97856.0 97594.9    153    9.886  489   628.944  638.830
61056.0 43008.0  0.0    0.0   227904.0 227904.0  699072.0   699069.5  97856.0 97594.9    153    9.886  493   632.873  642.759
61056.0 43008.0  0.0    0.0   227904.0 204651.6  699072.0   699068.5  97856.0 97595.7    153    9.886  496   638.065  647.952
61056.0 43008.0  0.0    0.0   227904.0 227904.0  699072.0   699069.9  97856.0 97595.7    153    9.886  500   641.788  651.675
61056.0 43008.0  0.0    0.0   227904.0 227904.0  699072.0   697329.7  97856.0 97595.7    153    9.886  504   646.747  656.633
61056.0 43008.0  0.0    0.0   227904.0 227904.0  699072.0   697329.7  97856.0 97595.6    153    9.886  507   650.424  660.310
61056.0 43008.0  0.0    0.0   227904.0 227904.0  699072.0   697329.7  97856.0 97595.7    153    9.886  510   655.490  665.376
61056.0 43008.0  0.0    0.0   227904.0 227904.0  699072.0   697329.7  97856.0 97599.1    153    9.886  514   660.292  670.178
61056.0 43008.0  0.0    0.0   227904.0 227669.8  699072.0   697329.7  97920.0 97599.5    153    9.886  518   665.344  675.230
61056.0 43008.0  0.0    0.0   227904.0 227904.0  699072.0   697329.7  97920.0 97599.5    153    9.886  521   668.910  678.797
61056.0 43008.0  0.0    0.0   227904.0 227904.0  699072.0   697329.7  97920.0 97599.6    153    9.886  525   673.718  683.604
61056.0 43008.0  0.0    0.0   227904.0 227904.0  699072.0   697326.3  97856.0 97599.6    153    9.886  529   678.520  688.406
61056.0 43008.0  0.0    0.0   227904.0 227904.0  699072.0   697326.3  97920.0 97600.6    153    9.886  533   683.398  693.284
61056.0 43008.0  0.0    0.0   227904.0 227904.0  699072.0   697326.3  97920.0 97601.3    153    9.886  536   687.607  697.493
61056.0 43008.0  0.0    0.0   227904.0 227904.0  699072.0   699072.0  97920.0 97601.3    153    9.886  540   692.493  702.379
61056.0 43008.0  0.0    0.0   227904.0 227904.0  699072.0   697350.1  97920.0 97601.3    153    9.886  544   697.411  707.297
61056.0 43008.0  0.0    0.0   227904.0 227897.3  699072.0   697347.2  97920.0 97601.3    153    9.886  548   702.237  712.123
61056.0 43008.0  0.0    0.0   227904.0 204728.7  699072.0   696815.8  97920.0 97601.3    153    9.886  551   707.630  717.516
61056.0 43008.0  0.0    0.0   227904.0 227904.0  699072.0   696815.8  97920.0 97601.3    153    9.886  555   711.225  721.111
61056.0 43008.0  0.0    0.0   227904.0 227904.0  699072.0   696816.0  97920.0 97601.3    153    9.886  559   716.045  725.932
61056.0 43008.0  0.0    0.0   227904.0 227904.0  699072.0   696803.7  97920.0 97601.7    153    9.886  563   720.908  730.794
61056.0 43008.0  0.0    0.0   227904.0 227904.0  699072.0   696803.7  97920.0 97601.7    153    9.886  567   725.842  735.728
61056.0 43008.0  0.0    0.0   227904.0 227904.0  699072.0   696795.2  97920.0 97601.7    153    9.886  571   730.634  740.520
61056.0 43008.0  0.0    0.0   227904.0 227904.0  699072.0   696795.2  97920.0 97602.4    153    9.886  575   735.341  745.227
61056.0 43008.0  0.0    0.0   227904.0 227904.0  699072.0   696795.2  97920.0 97602.4    153    9.886  579   740.390  750.276
61056.0 43008.0  0.0    0.0   227904.0 227904.0  699072.0   696795.2  97920.0 97604.3    153    9.886  583   745.180  755.067
61056.0 43008.0  0.0    0.0   227904.0 227904.0  699072.0   696795.2  97920.0 97604.3    153    9.886  587   750.360  760.246
61056.0 43008.0  0.0    0.0   227904.0 227904.0  699072.0   696794.9  97920.0 97632.5    153    9.886  590   755.050  764.936
61056.0 43008.0  0.0    0.0   227904.0 227904.0  699072.0   696794.7  97920.0 97632.8    153    9.886  594   759.968  769.855
61056.0 43008.0  0.0    0.0   227904.0 227904.0  699072.0   699070.7  97984.0 97649.0    153    9.886  598   764.934  774.820
61056.0 43008.0  0.0    0.0   227904.0 227904.0  699072.0   699069.6  97984.0 97676.2    153    9.886  600   767.978  777.864
61056.0 43008.0  0.0    0.0   227904.0 227904.0  699072.0   699069.9  97984.0 97692.6    153    9.886  604   773.543  783.429
61056.0 43008.0  0.0    0.0   227904.0 227904.0  699072.0   699069.5  97984.0 97695.7    153    9.886  608   778.858  788.744
61056.0 43008.0  0.0    0.0   227904.0 227904.0  699072.0   699069.5  97984.0 97704.9    153    9.886  611   782.790  792.676
61056.0 43008.0  0.0    0.0   227904.0 227904.0  699072.0   699070.2  97792.0 97722.1    153    9.886  615   788.463  798.349
61056.0 43008.0  0.0    0.0   227904.0 227904.0  699072.0   699070.1  97792.0 97762.5    153    9.886  618   792.169  802.056
61056.0 43008.0  0.0    0.0   227904.0 227904.0  699072.0   699069.8  97856.0 97780.4    153    9.886  622   797.459  807.345
61056.0 43008.0  0.0    0.0   227904.0 227904.0  699072.0   699069.7  97856.0 97780.4    153    9.886  626   802.271  812.157
61056.0 43008.0  0.0    0.0   227904.0 227904.0  699072.0   699068.5  97856.0 97780.4    153    9.886  630   807.141  817.027
61056.0 43008.0  0.0    0.0   227904.0 227904.0  699072.0   699068.5  97792.0 97789.3    153    9.886  634   811.959  821.845
61056.0 43008.0  0.0    0.0   227904.0 227904.0  699072.0   699068.3  97856.0 97789.6    153    9.886  637   816.422  826.309
61056.0 43008.0  0.0    0.0   227904.0 227904.0  699072.0   699068.3  97856.0 97797.1    153    9.886  641   821.197  831.084
61056.0 43008.0  0.0    0.0   227904.0 227904.0  699072.0   699068.2  97920.0 97852.9    153    9.886  645   826.157  836.044
61056.0 43008.0  0.0    0.0   227904.0 227904.0  699072.0   699068.1  97920.0 97855.9    153    9.886  649   831.214  841.100
61056.0 43008.0  0.0    0.0   227904.0 227904.0  699072.0   699072.0  97920.0 97855.8    153    9.886  652   835.492  845.378
61056.0 43008.0  0.0    0.0   227904.0 227904.0  699072.0   699072.0  97920.0 97857.9    153    9.886  656   840.278  850.164
61056.0 43008.0  0.0    0.0   227904.0 227904.0  699072.0   699071.9  97920.0 97857.9    153    9.886  660   845.167  855.053
61056.0 43008.0  0.0    0.0   227904.0 227904.0  699072.0   699071.9  97920.0 97880.3    153    9.886  664   849.992  859.878
61056.0 43008.0  0.0    0.0   227904.0 227904.0  699072.0   699071.6  98304.0 97961.5    153    9.886  668   855.024  864.910
61056.0 43008.0  0.0    0.0   227904.0 217068.5  699072.0   699071.5  98304.0 97961.5    153    9.886  671   860.383  870.269
61056.0 43008.0  0.0    0.0   227904.0 227904.0  699072.0   699071.5  98304.0 97975.8    153    9.886  675   864.077  873.964
61056.0 43008.0  0.0    0.0   227904.0 227904.0  699072.0   699071.5  98304.0 97975.8    153    9.886  679   868.865  878.751
61056.0 43008.0  0.0    0.0   227904.0 218196.1  699072.0   699071.5  98304.0 97975.8    153    9.886  683   874.896  884.782
61056.0 43008.0  0.0    0.0   227904.0 227904.0  699072.0   699071.5  98240.0 97975.8    153    9.886  688   879.635  889.522
61056.0 43008.0  0.0    0.0   227904.0 227904.0  699072.0   699071.5  98240.0 97975.8    153    9.886  691   883.445  893.331
61056.0 43008.0  0.0    0.0   227904.0 227904.0  699072.0   699071.4  98240.0 97975.8    153    9.886  695   888.322  898.209
61056.0 43008.0  0.0    0.0   227904.0 227904.0  699072.0   699071.4  98240.0 97970.0    153    9.886  699   893.572  903.459
61056.0 43008.0  0.0    0.0   227904.0 227904.0  699072.0   699071.3  98240.0 97970.3    153    9.886  703   898.385  908.271
61056.0 43008.0  0.0    0.0   227904.0 227904.0  699072.0   699071.3  98240.0 97970.5    153    9.886  707   903.215  913.101
61056.0 43008.0  0.0    0.0   227904.0 227904.0  699072.0   699071.3  98240.0 97970.2    153    9.886  711   908.242  918.128
61056.0 43008.0  0.0    0.0   227904.0 227904.0  699072.0   699071.3  98240.0 97973.2    153    9.886  715   913.110  922.997
61056.0 43008.0  0.0    0.0   227904.0 221857.8  699072.0   699071.4  98240.0 97974.9    153    9.886  718   918.519  928.405
61056.0 43008.0  0.0    0.0   227904.0 227904.0  699072.0   699071.4  98240.0 97974.9    153    9.886  722   922.203  932.089
61056.0 43008.0  0.0    0.0   227904.0 227904.0  699072.0   699069.5  98240.0 97974.9    153    9.886  726   927.548  937.434
61056.0 43008.0  0.0    0.0   227904.0 227904.0  699072.0   699068.4  98240.0 97980.0    153    9.886  730   932.753  942.639
61056.0 43008.0  0.0    0.0   227904.0 227904.0  699072.0   699068.4  98240.0 97980.9    153    9.886  734   937.609  947.495
61056.0 43008.0  0.0    0.0   227904.0 227904.0  699072.0   699071.4  98240.0 97981.9    153    9.886  737   942.750  952.636
61056.0 43008.0  0.0    0.0   227904.0 227904.0  699072.0   699068.3  98240.0 97975.8    153    9.886  740   947.063  956.949
61056.0 43008.0  0.0    0.0   227904.0 216472.1  699072.0   699071.5  98240.0 97975.8    153    9.886  743   952.751  962.637
61056.0 43008.0  0.0    0.0   227904.0 227904.0  699072.0   699071.6  98240.0 97982.1    153    9.886  747   957.074  966.960
61056.0 43008.0  0.0    0.0   227904.0 227904.0  699072.0   699068.8  98240.0 97979.1    153    9.886  749   960.905  970.791
61056.0 43008.0  0.0    0.0   227904.0 227904.0  699072.0   699071.8  98304.0 97986.9    153    9.886  752   966.214  976.101
61056.0 43008.0  0.0    0.0   227904.0 227904.0  699072.0   699071.1  98304.0 97991.9    153    9.886  755   971.619  981.506
61056.0 43008.0  0.0    0.0   227904.0 227904.0  699072.0   699069.3  98304.0 97994.2    153    9.886  759   977.065  986.952
61056.0 43008.0  0.0    0.0   227904.0 227904.0  699072.0   699069.6  98304.0 97997.3    153    9.886  761   980.063  989.950
61056.0 43008.0  0.0    0.0   227904.0 227904.0  699072.0   699071.1  98304.0 97994.9    153    9.886  764   985.515  995.401
61056.0 43008.0  0.0    0.0   227904.0 227904.0  699072.0   699068.8  98304.0 97995.1    153    9.886  768   991.001 1000.887
61056.0 43008.0  0.0    0.0   227904.0 227904.0  699072.0   699069.9  98304.0 98023.8    153    9.886  772   996.465 1006.351
61056.0 43008.0  0.0    0.0   227904.0 227904.0  699072.0   699068.0  98368.0 98112.1    153    9.886  775  1001.101 1010.987
61056.0 43008.0  0.0    0.0   227904.0 227904.0  699072.0   699070.6  98432.0 98112.1    153    9.886  778  1005.458 1015.344
61056.0 43008.0  0.0    0.0   227904.0 227904.0  699072.0   699069.5  98432.0 98114.9    153    9.886  782  1010.422 1020.308
61056.0 43008.0  0.0    0.0   227904.0 215506.0  699072.0   699071.4  98432.0 98115.0    153    9.886  784  1016.221 1026.107
61056.0 43008.0  0.0    0.0   227904.0 227904.0  699072.0   699068.2  98432.0 98120.4    153    9.886  788  1020.566 1030.453
61056.0 43008.0  0.0    0.0   227904.0 227904.0  699072.0   699070.1  98432.0 98125.2    153    9.886  791  1024.742 1034.628
61056.0 43008.0  0.0    0.0   227904.0 227904.0  699072.0   699071.1  98432.0 98127.2    153    9.886  795  1030.319 1040.205
61056.0 43008.0  0.0    0.0   227904.0 227904.0  699072.0   699070.9  98432.0 98210.4    153    9.886  799  1035.455 1045.341
61056.0 43008.0  0.0    0.0   227904.0 227904.0  699072.0   699071.8  98304.0 98211.0    153    9.886  802  1039.695 1049.582
61056.0 43008.0  0.0    0.0   227904.0 226369.9  699072.0   699069.9  98304.0 98235.6    153    9.886  806  1045.159 1055.045
61056.0 43008.0  0.0    0.0   227904.0 227904.0  699072.0   699069.0  98304.0 98241.4    153    9.886  809  1049.207 1059.093
61056.0 43008.0  0.0    0.0   227904.0 227904.0  699072.0   699071.6  98304.0 98242.4    153    9.886  812  1053.782 1063.668
61056.0 43008.0  0.0    0.0   227904.0 227904.0  699072.0   699070.7  98304.0 98240.0    153    9.886  815  1058.280 1068.166
61056.0 43008.0  0.0    0.0   227904.0 227904.0  699072.0   699068.4  98304.0 98240.0    153    9.886  819  1064.103 1073.989
61056.0 43008.0  0.0    0.0   227904.0 227904.0  699072.0   699069.5  98304.0 98256.1    153    9.886  822  1068.769 1078.656
61056.0 43008.0  0.0    0.0   227904.0 227904.0  699072.0   699069.6  98304.0 98257.0    153    9.886  826  1074.089 1083.975
61056.0 43008.0  0.0    0.0   227904.0 227904.0  699072.0   699071.7  98304.0 98257.3    153    9.886  829  1078.774 1088.661
61056.0 43008.0  0.0    0.0   227904.0 227904.0  699072.0   699068.0  98304.0 98280.4    153    9.886  832  1083.168 1093.054
61056.0 43008.0  0.0    0.0   227904.0 227904.0  699072.0   699070.8  98304.0 98280.4    153    9.886  836  1088.506 1098.393
61056.0 43008.0  0.0    0.0   227904.0 227904.0  699072.0   699071.4  98304.0 98280.6    153    9.886  839  1093.438 1103.324
61056.0 43008.0  0.0    0.0   227904.0 227904.0  699072.0   699071.3  98304.0 98280.8    153    9.886  842  1097.381 1107.268
61056.0 43008.0  0.0    0.0   227904.0 227904.0  699072.0   699071.2  98304.0 98280.7    153    9.886  846  1102.633 1112.519
61056.0 43008.0  0.0    0.0   227904.0 227904.0  699072.0   699070.8  98304.0 98280.7    153    9.886  850  1107.354 1117.240
61056.0 43008.0  0.0    0.0   227904.0 227904.0  699072.0   699070.8  98304.0 98280.7    153    9.886  854  1112.162 1122.048
61056.0 43008.0  0.0    0.0   227904.0 227904.0  699072.0   699069.0  98304.0 98277.7    153    9.886  858  1117.811 1127.697
61056.0 43008.0  0.0    0.0   227904.0 227903.9  699072.0   699068.6  98304.0 98277.7    153    9.886  861  1122.089 1131.975
61056.0 43008.0  0.0    0.0   227904.0 227904.0  699072.0   699069.4  98304.0 98265.5    153    9.886  864  1127.062 1136.948
61056.0 43008.0  0.0    0.0   227904.0 227904.0  699072.0   699068.4  98304.0 98265.5    153    9.886  867  1131.636 1141.522
61056.0 43008.0  0.0    0.0   227904.0 227904.0  699072.0   699070.8  98304.0 98277.6    153    9.886  870  1136.995 1146.881
61056.0 43008.0  0.0    0.0   227904.0 227904.0  699072.0   699068.7  98304.0 98277.6    153    9.886  874  1142.492 1152.378
61056.0 43008.0  0.0    0.0   227904.0 227904.0  699072.0   699068.2  98304.0 98277.6    153    9.886  878  1147.312 1157.198
61056.0 43008.0  0.0    0.0   227904.0 227904.0  699072.0   699071.9  98304.0 98277.6    153    9.886  881  1151.456 1161.342
61056.0 43008.0  0.0    0.0   227904.0 227904.0  699072.0   699071.5  98304.0 98277.6    153    9.886  885  1156.656 1166.542
61056.0 43008.0  0.0    0.0   227904.0 227904.0  699072.0   699070.6  98432.0 98126.2    153    9.886  889  1161.954 1171.841
61056.0 43008.0  0.0    0.0   227904.0 227904.0  699072.0   699070.4  98368.0 98059.1    153    9.886  892  1166.526 1176.412
61056.0 43008.0  0.0    0.0   227904.0 227904.0  699072.0   699070.0  98368.0 98059.8    153    9.886  895  1170.682 1180.568
61056.0 43008.0  0.0    0.0   227904.0 227904.0  699072.0   699069.4  98368.0 98059.8    153    9.886  899  1176.589 1186.475
61056.0 43008.0  0.0    0.0   227904.0 227904.0  699072.0   699068.8  98368.0 98064.0    153    9.886  902  1181.079 1190.966
61056.0 43008.0  0.0    0.0   227904.0 227903.9  699072.0   699068.3  98368.0 98067.0    153    9.886  904  1184.630 1194.517
61056.0 43008.0  0.0    0.0   227904.0 227904.0  699072.0   699071.1  98368.0 98067.5    153    9.886  908  1190.890 1200.777
61056.0 43008.0  0.0    0.0   227904.0 227904.0  699072.0   699070.5  98368.0 98068.3    153    9.886  910  1194.181 1204.068
61056.0 43008.0  0.0    0.0   227904.0 227904.0  699072.0   699070.4  98368.0 98073.5    153    9.886  914  1200.754 1210.640
61056.0 43008.0  0.0    0.0   227904.0 227904.0  699072.0   699069.7  98368.0 98080.3    153    9.886  917  1205.101 1214.988
61056.0 43008.0  0.0    0.0   227904.0 227904.0  699072.0   699068.6  98368.0 98080.7    153    9.886  920  1209.744 1219.630
61056.0 43008.0  0.0    0.0   227904.0 227904.0  699072.0   699071.1  98368.0 98084.4    153    9.886  922  1213.609 1223.496
61056.0 43008.0  0.0    0.0   227904.0 227904.0  699072.0   699070.6  98368.0 98085.1    153    9.886  925  1218.999 1228.886
61056.0 43008.0  0.0    0.0   227904.0 227904.0  699072.0   699069.1  98368.0 98085.8    153    9.886  929  1224.517 1234.403
61056.0 43008.0  0.0    0.0   227904.0 227904.0  699072.0   699068.1  98368.0 98090.0    153    9.886  932  1229.033 1238.919
61056.0 43008.0  0.0    0.0   227904.0 227904.0  699072.0   699068.8  98368.0 98089.9    153    9.886  935  1233.770 1243.657
61056.0 43008.0  0.0    0.0   227904.0 227904.0  699072.0   699071.7  98368.0 98091.2    153    9.886  938  1238.148 1248.034
61056.0 43008.0  0.0    0.0   227904.0 227904.0  699072.0   699070.2  98368.0 98097.9    153    9.886  942  1243.998 1253.884
61056.0 43008.0  0.0    0.0   227904.0 227904.0  699072.0   699069.4  98368.0 98095.5    153    9.886  945  1248.219 1258.106
61056.0 43008.0  0.0    0.0   227904.0 227904.0  699072.0   699068.0  98368.0 98095.5    153    9.886  948  1252.866 1262.752
61056.0 43008.0  0.0    0.0   227904.0 227904.0  699072.0   699071.6  98368.0 98104.9    153    9.886  951  1257.460 1267.346
61056.0 43008.0  0.0    0.0   227904.0 227904.0  699072.0   699069.5  98304.0 98211.7    153    9.886  955  1263.214 1273.100
61056.0 43008.0  0.0    0.0   227904.0 227904.0  699072.0   699070.9  98304.0 98212.6    153    9.886  958  1267.068 1276.955
61056.0 43008.0  0.0    0.0   227904.0 227904.0  699072.0   699071.5  98304.0 98216.5    153    9.886  962  1272.536 1282.423
61056.0 43008.0  0.0    0.0   227904.0 227904.0  699072.0   699071.9  98496.0 98226.1    153    9.886  965  1276.526 1286.412
61056.0 43008.0  0.0    0.0   227904.0 227904.0  699072.0   699068.1  98304.0 98226.4    153    9.886  969  1281.964 1291.850
61056.0 43008.0  0.0    0.0   227904.0 227904.0  699072.0   699069.5  98496.0 98226.4    153    9.886  972  1286.493 1296.379
61056.0 43008.0  0.0    0.0   227904.0 227904.0  699072.0   699068.5  98496.0 98226.4    153    9.886  975  1291.132 1301.019
61056.0 43008.0  0.0    0.0   227904.0 227904.0  699072.0   699071.0  98496.0 98226.5    153    9.886  978  1295.310 1305.196
61056.0 43008.0  0.0    0.0   227904.0 227904.0  699072.0   699069.4  98496.0 98226.6    153    9.886  981  1300.073 1309.959
61056.0 43008.0  0.0    0.0   227904.0 227904.0  699072.0   699068.4  98496.0 98226.6    153    9.886  984  1304.557 1314.443
61056.0 43008.0  0.0    0.0   227904.0 227904.0  699072.0   699070.8  98496.0 98226.6    153    9.886  988  1310.326 1320.212
61056.0 43008.0  0.0    0.0   227904.0 227904.0  699072.0   699069.7  98496.0 98226.7    153    9.886  991  1314.650 1324.536
61056.0 43008.0  0.0    0.0   227904.0 227904.0  699072.0   699068.8  98496.0 98229.6    153    9.886  994  1319.408 1329.295
61056.0 43008.0  0.0    0.0   227904.0 227904.0  699072.0   699069.5  98496.0 98233.1    153    9.886  997  1323.528 1333.414
61056.0 43008.0  0.0    0.0   227904.0 227904.0  699072.0   699068.6  98304.0 98250.7    153    9.886 1000  1328.199 1338.085
61056.0 43008.0  0.0    0.0   227904.0 227904.0  699072.0   699069.5  98304.0 98269.1    153    9.886 1003  1332.917 1342.804
61056.0 43008.0  0.0    0.0   227904.0 227904.0  699072.0   699070.8  98304.0 98271.1    153    9.886 1006  1338.002 1347.888
61056.0 43008.0  0.0    0.0   227904.0 210567.6  699072.0   699068.1  98304.0 98275.7    153    9.886 1009  1343.889 1353.776
61056.0 43008.0  0.0    0.0   227904.0 227904.0  699072.0   699069.0  98304.0 98275.7    153    9.886 1013  1347.855 1357.742
61056.0 43008.0  0.0    0.0   227904.0 227904.0  699072.0   699069.0  98304.0 98275.7    153    9.886 1017  1352.641 1362.528
61056.0 43008.0  0.0    0.0   227904.0 227904.0  699072.0   699069.0  98304.0 98276.8    153    9.886 1021  1357.334 1367.220
61056.0 43008.0  0.0    0.0   227904.0 224534.5  699072.0   699068.0  98304.0 98276.8    153    9.886 1025  1362.214 1372.100
61056.0 43008.0  0.0    0.0   227904.0 227904.0  699072.0   699068.0  98304.0 98276.8    153    9.886 1029  1366.941 1376.827
61056.0 43008.0  0.0    0.0   227904.0 227904.0  699072.0   699068.0  98304.0 98276.8    153    9.886 1033  1371.642 1381.528
61056.0 43008.0  0.0    0.0   227904.0 227904.0  699072.0   699071.8  98304.0 98276.8    153    9.886 1036  1375.664 1385.550
61056.0 43008.0  0.0    0.0   227904.0 227904.0  699072.0   699071.8  98304.0 98276.8    153    9.886 1040  1380.316 1390.202
61056.0 43008.0  0.0    0.0   227904.0 176682.3  699072.0   696923.3  98304.0 98276.8    153    9.886 1043  1385.375 1395.261
61056.0 43008.0  0.0    0.0   227904.0 227904.0  699072.0   696923.2  98304.0 98279.7    153    9.886 1047  1388.903 1398.789
61056.0 43008.0  0.0    0.0   227904.0 152864.7  699072.0   696923.2  98304.0 98285.1    153    9.886 1050  1393.482 1403.368
61056.0 43008.0  0.0    0.0   227904.0 227904.0  699072.0   696923.2  98304.0 98285.3    153    9.886 1054  1396.738 1406.624
61056.0 43008.0  0.0    0.0   227904.0 227904.0  699072.0   696923.2  98304.0 98287.1    153    9.886 1058  1401.244 1411.130
61056.0 43008.0  0.0    0.0   227904.0 178169.1  699072.0   696922.9  98304.0 98287.8    153    9.886 1061  1405.740 1415.626
61056.0 43008.0  0.0    0.0   227904.0 227904.0  699072.0   696922.9  98304.0 98288.0    153    9.886 1065  1409.020 1418.906
61056.0 43008.0  0.0    0.0   227904.0 227904.0  699072.0   696922.5  98304.0 98291.8    153    9.886 1069  1413.459 1423.345
61056.0 43008.0  0.0    0.0   227904.0 227904.0  699072.0   696921.9  98304.0 98293.0    153    9.886 1073  1417.907 1427.793
61056.0 43008.0  0.0    0.0   227904.0 227904.0  699072.0   695807.7  98304.0 98296.0    153    9.886 1076  1421.561 1431.447
61056.0 43008.0  0.0    0.0   227904.0 227904.0  699072.0   695807.0  98368.0 98332.5    153    9.886 1080  1425.974 1435.861
