 S0C    S1C    S0U    S1U      EC       EU        OC         OU       PC     PU    YGC     YGCT    FGC    FGCT     GCT   
43648.0 43648.0  0.0   42826.0 87424.0   9215.6   349568.0   148369.0  120920.0 87171.7     57    2.601  17      0.768    3.369
43648.0 43648.0  0.0   42826.0 87424.0  10767.2   349568.0   148369.0  120920.0 87172.2     57    2.601  17      0.768    3.369
43648.0 43648.0  0.0   42826.0 87424.0  11093.6   349568.0   148369.0  120920.0 87172.2     57    2.601  17      0.768    3.369
43648.0 43648.0  0.0   42826.0 87424.0  11418.5   349568.0   148369.0  120920.0 87172.4     57    2.601  17      0.768    3.369
43648.0 43648.0  0.0   42826.0 87424.0  11418.5   349568.0   148369.0  120920.0 87172.4     57    2.601  17      0.768    3.369
43648.0 43648.0  0.0   42826.0 87424.0  11613.8   349568.0   148369.0  120920.0 87172.4     57    2.601  17      0.768    3.369
43648.0 43648.0  0.0   42826.0 87424.0  12577.2   349568.0   148369.0  120920.0 87172.4     57    2.601  17      0.768    3.369
43648.0 43648.0  0.0   42826.0 87424.0  14131.3   349568.0   148369.0  120920.0 87172.4     57    2.601  17      0.768    3.369
43648.0 43648.0  0.0   42826.0 87424.0  14131.3   349568.0   148369.0  120920.0 87172.4     57    2.601  17      0.768    3.369
43648.0 43648.0  0.0   42826.0 87424.0  17402.1   349568.0   148369.0  120920.0 87183.8     57    2.601  17      0.768    3.369
43648.0 43648.0  0.0   42826.0 87424.0  17550.1   349568.0   148369.0  120920.0 87183.8     57    2.601  17      0.768    3.369
43648.0 43648.0  0.0   42826.0 87424.0  17550.1   349568.0   148369.0  120920.0 87184.0     57    2.601  17      0.768    3.369
43648.0 43648.0  0.0   42826.0 87424.0  17550.1   349568.0   148369.0  120920.0 87184.0     57    2.601  17      0.768    3.369
43648.0 43648.0  0.0   42826.0 87424.0  18908.0   349568.0   148369.0  120920.0 87185.4     57    2.601  17      0.768    3.369
43648.0 43648.0  0.0   42826.0 87424.0  19037.3   349568.0   148369.0  120920.0 87185.4     57    2.601  17      0.768    3.369
43648.0 43648.0 29815.5  0.0   87424.0   5711.1   349568.0   154076.0  120920.0 89495.7     58    2.688  17      0.768    3.457
43648.0 43648.0 29815.5  0.0   87424.0  26530.6   349568.0   154076.0  120920.0 89654.1     58    2.688  17      0.768    3.457
43648.0 43648.0 29815.5  0.0   87424.0  42096.0   349568.0   154076.0  120920.0 89709.2     58    2.688  17      0.768    3.457
43648.0 43648.0 29815.5  0.0   87424.0  52041.2   349568.0   154076.0  120920.0 89761.0     58    2.688  17      0.768    3.457
43648.0 43648.0 29815.5  0.0   87424.0  64422.2   349568.0   154076.0  120920.0 89806.5     58    2.688  17      0.768    3.457
43648.0 43648.0 37353.6  0.0   87424.0  58183.7   349568.0   159956.2  120920.0 92719.1     60    2.839  18      0.845    3.684
43648.0 43648.0 37353.6  0.0   87424.0  87365.0   349568.0   159956.2  120920.0 92822.3     60    2.839  18      0.845    3.684
43648.0 43648.0  0.0   24714.5 87424.0  26708.2   349568.0   159956.2  120920.0 92943.9     61    2.891  18      0.845    3.736
43648.0 43648.0  0.0   24714.5 87424.0  59724.9   349568.0   159892.6  120920.0 93001.3     61    2.891  18      0.845    3.736
43648.0 43648.0 29421.6  0.0   87424.0  77136.8   349568.0   166188.1  158024.0 95372.5     62    2.958  18      0.845    3.804
43648.0 43648.0 26656.8  0.0   87424.0  31428.6   349568.0   168550.3  158024.0 95852.5     66    3.162  18      0.845    4.007
43648.0 43648.0 29945.9  0.0   87424.0  56553.2   349568.0   168550.3  158024.0 96051.2     72    3.419  18      0.845    4.265
43648.0 43648.0  0.0   13051.4 87424.0  15644.4   349568.0   185154.8  158024.0 96705.6     81    3.725  19      0.898    4.623
43648.0 43648.0 30483.8  0.0   87424.0  48255.3   349568.0   187820.0  158024.0 97457.5     90    4.015  19      0.898    4.913
43648.0 43648.0 24239.6  0.0   87424.0  82982.3   349568.0   194758.2  158024.0 97727.2    100    4.320  20      0.958    5.278
43648.0 43648.0  0.0   23777.6 87424.0  74916.0   349568.0   206917.1  162880.0 97796.9    111    4.601  21      1.000    5.601
43648.0 43648.0 25498.7  0.0   87424.0  20455.1   349568.0   215073.7  162880.0 97906.0    124    4.960  21      1.000    5.960
43648.0 43648.0 30676.9  0.0   87424.0  83250.2   372484.0   223489.2  163228.0 97935.3    137    5.315  22      1.062    6.376
43648.0 43648.0 16777.3  0.0   87424.0   423.1    372484.0   231095.2  163228.0 97955.2    144    5.668  23      1.119    6.787
43648.0 43648.0 12067.6  0.0   87424.0  40728.7   372484.0   239037.9  163228.0 97962.7    150    5.891  23      1.119    7.010
43648.0 43648.0  0.0   2405.0 87424.0  10435.9   372484.0   245397.1  163228.0 97984.4    157    6.055  23      1.119    7.173
43648.0 43648.0  0.0   5160.0 87424.0  84119.2   372484.0   245976.4  163228.0 98041.0    163    6.145  23      1.119    7.264
43648.0 43648.0  0.0   9294.0 87424.0  24975.5   372484.0   246527.7  163228.0 98058.4    173    6.314  24      1.203    7.517
43648.0 43648.0  0.0   9491.3 87424.0  35558.7   407760.0   246642.0  163464.0 98085.3    183    6.556  25      1.258    7.815
43648.0 43648.0  0.0   15080.9 87424.0  54824.6   407760.0   250153.1  163464.0 98102.9    191    6.781  25      1.258    8.039
43648.0 43648.0  0.0   13404.6 87424.0  74589.6   407760.0   254639.0  163464.0 98110.8    201    6.990  25      1.258    8.248
43648.0 43648.0 17301.3  0.0   87424.0  66233.9   407760.0   262564.7  163464.0 98161.8    212    7.246  25      1.258    8.504
43648.0 43648.0 15748.4  0.0   87424.0  73030.2   407760.0   270126.1  163464.0 98175.0    220    7.436  25      1.258    8.694
43648.0 43648.0  0.0   15761.0 87424.0  67883.4   407760.0   273023.8  163464.0 98180.8    227    7.587  26      1.342    8.930
43648.0 43648.0  0.0   14900.0 87424.0  66827.0   463036.0   278789.8  163656.0 98187.3    235    7.764  27      1.394    9.158
43648.0 43648.0  0.0   17630.1 87424.0  15295.6   463036.0   283799.0  163656.0 98197.9    245    8.011  27      1.394    9.405
43648.0 43648.0  0.0   13871.3 87424.0  29096.3   463036.0   291731.9  163656.0 98366.0    255    8.281  27      1.394    9.674
43648.0 43648.0 29281.9  0.0   87424.0  27148.0   463036.0   299485.9  163656.0 98487.2    268    8.630  27      1.394   10.023
43648.0 43648.0 31280.4  0.0   87424.0  68418.3   463036.0   321153.9  163656.0 98584.1    284    8.986  28      1.457   10.443
43648.0 43648.0  0.0   26320.0 87424.0  73918.0   552452.0   343182.3  164328.0 98610.5    299    9.397  29      1.497   10.894
43648.0 43648.0 28065.6  0.0   87424.0  73719.0   552452.0   374533.5  164328.0 98629.0    316    9.809  29      1.497   11.305
43648.0 43648.0  0.0   23708.1 87424.0  65700.2   618080.0   387531.3  164520.0 98651.6    333   10.236  31      1.599   11.835
43648.0 43648.0  0.0   28301.4 87424.0  26160.5   618080.0   421056.9  164520.0 98662.7    351   10.751  31      1.599   12.350
43648.0 43648.0 33865.9  0.0   87424.0  33606.8   618080.0   460084.9  164520.0 98682.9    370   11.205  32      1.659   12.864
43648.0 43648.0 27958.5  0.0   87424.0  16426.7   699072.0   484130.9  164520.0 98698.4    390   11.702  33      1.698   13.401
43648.0 43648.0 34832.4  0.0   87424.0  28788.2   699072.0   492158.5  164712.0 98718.9    410   12.188  35      1.775   13.963
43648.0 43648.0  0.0   23214.0 87424.0   2513.8   699072.0   531809.2  164712.0 98733.1    431   12.667  36      1.831   14.499
43648.0 43648.0  0.0   22467.8 87424.0    0.0     699072.0   579437.5  164712.0 98754.2    451   13.262  37      1.902   15.163
43648.0 43648.0 23686.8  0.0   87424.0  66916.7   699072.0   550889.0  164712.0 98349.6    458   13.428  40      2.136   15.563
43648.0 43648.0 13902.5 22796.1 87424.0  87424.0   699072.0   553247.7  164712.0 98338.5    468   13.696  43      2.322   16.017
43648.0 43648.0 30549.5  0.0   87424.0  68905.0   699072.0   577384.7  164712.0 98347.7    482   14.186  44      2.413   16.600
43648.0 43648.0  0.0   31515.4 87424.0  16440.4   699072.0   594516.7  164712.0 98352.5    495   14.543  45      2.446   16.989
43648.0 43648.0  0.0   21823.3 87424.0  61834.8   699072.0   598929.7  164712.0 98360.7    503   14.843  47      2.600   17.443
43648.0 43648.0  0.0   31823.1 87424.0    0.0     699072.0   613400.3  164712.0 98371.6    519   15.257  49      2.699   17.957
43648.0 43648.0  0.0   40366.0 87424.0  65900.7   699072.0   632333.4  164712.0 98383.0    533   15.704  49      2.699   18.403
43648.0 43648.0 25983.6  0.0   87424.0  86191.4   699072.0   656962.4  164712.0 98387.8    547   16.189  51      2.872   19.062
43648.0 43648.0  0.0   20502.8 87424.0  34768.6   699072.0   668710.7  164712.0 98395.0    561   16.572  53      2.962   19.534
43648.0 43648.0 29341.1  0.0   87424.0  19788.0   699072.0   678515.7  164712.0 98418.4    578   16.972  55      3.038   20.010
87360.0 87360.0  0.0    0.0   174784.0 103891.9  699072.0   695508.2  164712.0 98229.9    590   17.260  58      4.521   21.781
87360.0 87360.0  0.0   87360.0 174784.0 174784.0  699072.0   699072.0  164712.0 98238.3    590   17.260  61      6.606   23.866
87360.0 87360.0  0.0   16605.6 174784.0 174784.0  699072.0   699072.0  164712.0 98242.7    590   17.260  64     11.189   28.450
87360.0 87360.0  0.0   87360.0 174784.0 174784.0  699072.0   699072.0  164712.0 98244.6    590   17.260  67     13.055   30.315
87360.0 87360.0  0.0   87360.0 174784.0 174784.0  699072.0   698756.5  164712.0 98249.1    590   17.260  71     17.376   34.637
87360.0 87360.0  0.0   4820.7 174784.0 174784.0  699072.0   699072.0  164712.0 98250.8    590   17.260  74     21.148   38.409
87360.0 87360.0  0.0   87359.7 174784.0 174784.0  699072.0   699072.0  164712.0 98251.0    590   17.260  77     23.033   40.294
87360.0 87360.0  0.0   87360.0 174784.0 174784.0  699072.0   698971.0  164712.0 98304.1    590   17.260  81     26.671   43.931
87360.0 87360.0  0.0   87360.0 174784.0 174784.0  699072.0   699072.0  164712.0 98305.1    590   17.260  85     31.177   48.437
87360.0 87360.0  0.0    0.0   174784.0 126198.5  699072.0   699071.8  164712.0 98305.6    590   17.260  88     35.131   52.392
87360.0 87360.0  0.0   87360.0 174784.0 174784.0  699072.0   699072.0  164712.0 98305.6    590   17.260  91     37.201   54.462
87360.0 87360.0  0.0   87360.0 174784.0 174784.0  699072.0   699072.0  164712.0 98306.3    590   17.260  95     41.484   58.745
87360.0 87360.0  0.0   87360.0 174784.0 174784.0  699072.0   699071.9  164712.0 98318.1    590   17.260  99     45.230   62.490
87360.0 87360.0  0.0   87359.6 174784.0 174784.0  699072.0   699072.0  164712.0 98329.6    590   17.260  101    47.537   64.797
87360.0 87360.0  0.0   87360.0 174784.0 174784.0  699072.0   699071.9  164712.0 98218.8    590   17.260  105    52.186   69.447
87360.0 87360.0  0.0   87360.0 174784.0 174784.0  699072.0   699071.9  164712.0 98220.6    590   17.260  109    55.752   73.013
87360.0 87360.0  0.0    0.0   174784.0 138624.5  699072.0   699072.0  164712.0 98210.5    590   17.260  112    60.314   77.575
87360.0 87360.0  0.0   87360.0 174784.0 174784.0  699072.0   699072.0  164712.0 98199.1    590   17.260  115    62.182   79.442
87360.0 87360.0  0.0   87360.0 174784.0 174784.0  699072.0   699034.4  164712.0 98201.3    590   17.260  119    66.515   83.775
87360.0 87360.0  0.0   24589.4 174784.0 174784.0  699072.0   697679.4  164712.0 98194.3    590   17.260  122    70.650   87.910
87360.0 87360.0  0.0   87360.0 174784.0 174784.0  699072.0   698965.2  164712.0 98194.3    590   17.260  125    73.399   90.659
87360.0 87360.0  0.0   87360.0 174784.0 174784.0  699072.0   698937.8  164712.0 98194.3    590   17.260  129    76.973   94.234
87360.0 87360.0  0.0   28776.9 174784.0 174784.0  699072.0   699072.0  164712.0 98194.3    590   17.260  132    80.911   98.171
87360.0 87360.0  0.0   87360.0 174784.0 174784.0  699072.0   699071.9  164712.0 98194.3    590   17.260  135    82.829  100.090
87360.0 87360.0  0.0   87360.0 174784.0 174784.0  699072.0   699071.9  164712.0 98194.3    590   17.260  139    86.615  103.876
87360.0 87360.0  0.0   87359.9 174784.0 174784.0  699072.0   699072.0  164712.0 98180.1    590   17.260  143    90.323  107.583
87360.0 87360.0  0.0   72925.9 174784.0 174784.0  699072.0   699072.0  164712.0 98180.3    590   17.260  146    94.059  111.320
87360.0 87360.0  0.0    0.0   174784.0 78998.9   699072.0   699071.9  164712.0 98175.2    590   17.260  150    97.493  114.753
87360.0 87360.0  0.0   87360.0 174784.0 174784.0  699072.0   699071.9  164712.0 98175.2    590   17.260  153    99.185  116.445
87360.0 87360.0  0.0   7675.8 174784.0 174784.0  699072.0   699072.0  164712.0 98175.6    590   17.260  156   102.890  120.150
87360.0 87360.0  0.0   87360.0 174784.0 174784.0  699072.0   699072.0  164712.0 98178.9    590   17.260  159   104.818  122.079
87360.0 87360.0  0.0   75695.5 174784.0 174784.0  699072.0   699072.0  164712.0 98178.9    590   17.260  162   109.687  126.947
87360.0 87360.0  0.0    0.0   174784.0 92893.5   699072.0   699071.9  164712.0 98157.9    590   17.260  166   113.547  130.808
87360.0 87360.0  0.0   87359.9 174784.0 174784.0  699072.0   699072.0  164712.0 98158.4    590   17.260  169   115.300  132.561
87360.0 87360.0  0.0   87360.0 174784.0 174784.0  699072.0   699071.9  164712.0 98156.4    590   17.260  173   119.732  136.992
87360.0 87360.0  0.0   28724.9 174784.0 174784.0  699072.0   699072.0  164712.0 98153.6    590   17.260  176   123.993  141.253
87360.0 87360.0  0.0   87359.9 174784.0 174784.0  699072.0   699072.0  164712.0 98153.6    590   17.260  179   125.772  143.032
87360.0 87360.0  0.0   57329.6 174784.0 174784.0  699072.0   699072.0  164712.0 98154.0    590   17.260  182   130.990  148.250
87360.0 87360.0  0.0    0.0   174784.0 100381.0  699072.0   699072.0  164712.0 98154.0    590   17.260  186   135.117  152.377
87360.0 87360.0  0.0   87360.0 174784.0 174784.0  699072.0   699071.9  164712.0 98154.7    590   17.260  189   137.122  154.382
87360.0 87360.0  0.0   87349.7 174784.0 174784.0  699072.0   699071.9  164712.0 98154.7    590   17.260  193   142.007  159.268
87360.0 87360.0  0.0   43073.5 174784.0 174784.0  699072.0   699072.0  164712.0 98155.5    590   17.260  196   145.975  163.236
87360.0 87360.0  0.0   87359.8 174784.0 174784.0  699072.0   699072.0  164712.0 98156.1    590   17.260  199   148.492  165.752
87360.0 87360.0  0.0   87359.9 174784.0 174784.0  699072.0   699072.0  164712.0 98156.1    590   17.260  203   152.980  170.240
87360.0 87360.0  0.0    0.0   174784.0 170450.0  699072.0   699071.9  164712.0 98156.1    590   17.260  206   157.471  174.731
87360.0 87360.0  0.0    0.0   174784.0 133182.8  699072.0   699072.0  164712.0 98156.1    590   17.260  210   161.304  178.564
87360.0 87360.0  0.0   87360.0 174784.0 174784.0  699072.0   699072.0  164712.0 98156.1    590   17.260  213   163.260  180.520
87360.0 87360.0  0.0   87360.0 174784.0 174784.0  699072.0   699071.9  164712.0 98156.8    590   17.260  217   167.639  184.900
87360.0 87360.0  0.0   78288.3 174784.0 174784.0  699072.0   699072.0  164712.0 98158.4    590   17.260  220   172.363  189.623
87360.0 87360.0  0.0   71823.9 174784.0 174784.0  699072.0   699072.0  164712.0 98158.4    590   17.260  224   176.276  193.537
87360.0 87360.0  0.0   87360.0 174784.0 174784.0  699072.0   699072.0  164712.0 98159.2    590   17.260  227   178.644  195.904
87360.0 87360.0  0.0   87360.0 174784.0 174784.0  699072.0   699071.9  164712.0 98159.2    590   17.260  231   182.906  200.167
87360.0 87360.0  0.0   87353.8 174784.0 174784.0  699072.0   699071.9  164712.0 98159.2    590   17.260  235   187.371  204.631
87360.0 87360.0  0.0   87332.4 174784.0 174784.0  699072.0   699072.0  164712.0 98159.2    590   17.260  239   191.454  208.715
87360.0 87360.0  0.0   14314.9 174784.0 174784.0  699072.0   699072.0  164712.0 98103.3    590   17.260  242   196.527  213.787
87360.0 87360.0  0.0    0.0   174784.0 154456.5  699072.0   699072.0  164712.0 98103.4    590   17.260  246   200.777  218.038
87360.0 87360.0  0.0   87357.8 174784.0 174784.0  699072.0   699071.9  164712.0 98103.4    590   17.260  249   203.292  220.553
87360.0 87360.0  0.0   87360.0 174784.0 174784.0  699072.0   699072.0  164712.0 98103.4    590   17.260  253   207.965  225.226
87360.0 87360.0  0.0   87360.0 174784.0 174784.0  699072.0   699071.9  164712.0 98103.4    590   17.260  257   212.752  230.012
87360.0 87360.0  0.0   8451.7 174784.0 174784.0  699072.0   699072.0  164712.0 98103.4    590   17.260  260   217.551  234.811
87360.0 87360.0  0.0   87360.0 174784.0 174784.0  699072.0   699072.0  164712.0 98103.4    590   17.260  263   220.217  237.478
87360.0 87360.0  0.0   87360.0 174784.0 174784.0  699072.0   699071.9  164712.0 98103.4    590   17.260  267   224.315  241.575
87360.0 87360.0  0.0   87360.0 174784.0 174784.0  699072.0   699072.0  164712.0 98103.4    590   17.260  271   229.080  246.341
87360.0 87360.0  0.0   87360.0 174784.0 174784.0  699072.0   699072.0  164712.0 98103.4    590   17.260  275   233.595  250.856
87360.0 87360.0  0.0   87360.0 174784.0 174784.0  699072.0   699072.0  164712.0 98103.4    590   17.260  277   236.243  253.504
87360.0 87360.0  0.0   34656.8 174784.0 174784.0  699072.0   699072.0  164712.0 98103.4    590   17.260  280   241.992  259.252
87360.0 87360.0  0.0   87343.4 174784.0 174784.0  699072.0   699072.0  164712.0 98103.4    590   17.260  283   244.131  261.392
87360.0 87360.0  0.0   87360.0 174784.0 174784.0  699072.0   699072.0  164712.0 98109.0    590   17.260  287   249.243  266.504
87360.0 87360.0  0.0   87345.1 174784.0 174784.0  699072.0   699072.0  164712.0 98109.0    590   17.260  289   252.632  269.892
87360.0 87360.0  0.0   87360.0 174784.0 174784.0  699072.0   699072.0  164712.0 98109.0    590   17.260  293   257.828  275.089
87360.0 87360.0  0.0   87360.0 174784.0 174784.0  699072.0   699071.9  164712.0 98109.0    590   17.260  297   262.484  279.744
87360.0 87360.0  0.0   64204.3 174784.0 174784.0  699072.0   699072.0  164712.0 98115.8    590   17.260  300   266.917  284.178
87360.0 87360.0  0.0   87359.8 174784.0 174784.0  699072.0   699072.0  164712.0 98118.5    590   17.260  305   270.924  288.184
87360.0 87360.0  0.0   87360.0 174784.0 174784.0  699072.0   699072.0  164712.0 98118.5    590   17.260  307   274.139  291.400
87360.0 87360.0  0.0   87359.9 174784.0 174784.0  699072.0   699072.0  164712.0 98118.5    590   17.260  310   278.797  296.057
87360.0 87360.0  0.0   87360.0 174784.0 174784.0  699072.0   699072.0  164712.0 98119.0    590   17.260  314   283.153  300.414
87360.0 87360.0  0.0   87360.0 174784.0 174784.0  699072.0   699072.0  164712.0 98125.8    590   17.260  318   287.749  305.009
87360.0 87360.0  0.0   87360.0 174784.0 174784.0  699072.0   699072.0  164712.0 98126.1    590   17.260  322   291.959  309.219
87360.0 87360.0  0.0   74570.0 174784.0 174784.0  699072.0   699072.0  164712.0 98126.1    590   17.260  325   296.501  313.761
87360.0 87360.0  0.0   44609.3 174784.0 174784.0  699072.0   699072.0  164712.0 98126.1    590   17.260  329   301.022  318.283
87360.0 87360.0  0.0   87359.9 174784.0 174784.0  699072.0   699072.0  164712.0 98126.1    590   17.260  332   303.788  321.048
87360.0 87360.0  0.0   87360.0 174784.0 174784.0  699072.0   699072.0  164712.0 98126.1    590   17.260  336   308.508  325.768
87360.0 87360.0  0.0   87360.0 174784.0 174784.0  699072.0   699071.9  164712.0 98126.1    590   17.260  340   312.904  330.164
87360.0 87360.0  0.0   87359.9 174784.0 174784.0  699072.0   699071.9  164712.0 98126.1    590   17.260  344   317.179  334.439
87360.0 87360.0  0.0   87359.8 174784.0 174784.0  699072.0   699071.9  164712.0 98126.1    590   17.260  348   322.349  339.610
87360.0 87360.0  0.0   87359.9 174784.0 174784.0  699072.0   699072.0  164712.0 98126.1    590   17.260  352   326.677  343.937
87360.0 87360.0  0.0   68955.6 174784.0 174784.0  699072.0   698763.2  164712.0 98128.0    590   17.260  355   331.383  348.643
87360.0 87360.0  0.0   56638.7 174784.0 174784.0  699072.0   698205.2  164712.0 98128.0    590   17.260  358   335.448  352.709
87360.0 87360.0  0.0   87360.0 174784.0 174784.0  699072.0   699006.5  164712.0 98128.0    590   17.260  361   337.852  355.112
87360.0 87360.0  0.0   87360.0 174784.0 174784.0  699072.0   698932.8  164712.0 98128.0    590   17.260  365   342.473  359.734
87360.0 87360.0  0.0   87360.0 174784.0 174784.0  699072.0   699071.4  164712.0 98131.0    590   17.260  368   347.414  364.674
87360.0 87360.0  0.0   87360.0 174784.0 174784.0  699072.0   699071.7  164712.0 98131.0    590   17.260  372   351.402  368.662
87360.0 87360.0  0.0   87360.0 174784.0 174784.0  699072.0   698975.9  164712.0 98131.0    590   17.260  376   356.173  373.434
87360.0 87360.0  0.0   87360.0 174784.0 174784.0  699072.0   698827.1  164712.0 98131.7    590   17.260  379   359.942  377.203
87360.0 87360.0  0.0   35465.9 174784.0 174783.9  699072.0   698286.5  164712.0 98132.6    590   17.260  383   366.151  383.411
87360.0 87360.0  0.0   87360.0 174784.0 174784.0  699072.0   698838.1  164712.0 98132.6    590   17.260  386   368.660  385.921
87360.0 87360.0  0.0   63265.7 174784.0 174784.0  699072.0   698140.5  164712.0 98132.6    590   17.260  390   375.205  392.465
87360.0 87360.0  0.0   87360.0 174784.0 174784.0  699072.0   699029.0  164712.0 98132.6    590   17.260  394   378.905  396.165
87360.0 87360.0  0.0   87360.0 174784.0 174784.0  699072.0   699071.3  164712.0 98135.1    590   17.260  397   382.615  399.875
87360.0 87360.0  0.0   87360.0 174784.0 174784.0  699072.0   698844.0  164712.0 98136.7    590   17.260  401   386.822  404.082
87360.0 87360.0  0.0   87360.0 174784.0 174784.0  699072.0   699017.0  164712.0 98137.5    590   17.260  405   391.905  409.165
87360.0 87360.0  0.0   87360.0 174784.0 174784.0  699072.0   698939.6  164712.0 98137.5    590   17.260  409   396.768  414.029
87360.0 87360.0  0.0   87360.0 174784.0 174784.0  699072.0   699067.9  164712.0 98137.5    590   17.260  413   401.297  418.557
87360.0 87360.0  0.0   87360.0 174784.0 174784.0  699072.0   698916.2  164712.0 98139.0    590   17.260  417   405.551  422.811
87360.0 87360.0  0.0   87360.0 174784.0 174784.0  699072.0   699069.5  164712.0 98139.0    590   17.260  421   410.121  427.381
87360.0 87360.0  0.0   87360.0 174784.0 174784.0  699072.0   699072.0  164712.0 98139.0    590   17.260  425   415.174  432.434
87360.0 87360.0  0.0   87360.0 174784.0 174784.0  699072.0   699071.3  164712.0 98139.0    590   17.260  428   418.849  436.110
87360.0 87360.0  0.0   87360.0 174784.0 174784.0  699072.0   699072.0  164712.0 98139.0    590   17.260  432   423.490  440.750
87360.0 87360.0  0.0   87360.0 174784.0 174784.0  699072.0   698764.9  164712.0 98139.0    590   17.260  436   428.625  445.885
87360.0 87360.0  0.0   87360.0 174784.0 174784.0  699072.0   699002.8  164712.0 98139.0    590   17.260  440   432.724  449.984
87360.0 87360.0  0.0   87360.0 174784.0 174784.0  699072.0   698253.0  164712.0 98139.0    590   17.260  444   438.043  455.303
87360.0 87360.0  0.0   87360.0 174784.0 174784.0  699072.0   698361.8  164712.0 98139.0    590   17.260  446   441.464  458.725
87360.0 87360.0  0.0   87360.0 174784.0 174784.0  699072.0   697182.4  164712.0 98139.0    590   17.260  449   446.264  463.524
87360.0 87360.0  0.0   87360.0 174784.0 174784.0  699072.0   698336.1  164712.0 98139.0    590   17.260  453   450.912  468.172
87360.0 87360.0  0.0   87360.0 174784.0 174784.0  699072.0   698205.0  164712.0 98139.0    590   17.260  457   455.612  472.872
87360.0 87360.0  0.0   87360.0 174784.0 174784.0  699072.0   698704.2  164712.0 98139.0    590   17.260  461   460.036  477.296
87360.0 87360.0  0.0   87360.0 174784.0 174784.0  699072.0   699072.0  164712.0 98139.0    590   17.260  465   465.490  482.750
87360.0 87360.0  0.0   87360.0 174784.0 174784.0  699072.0   698677.9  164712.0 98139.0    590   17.260  469   470.259  487.519
87360.0 87360.0  0.0   87360.0 174784.0 174784.0  699072.0   699071.6  164712.0 98139.0    590   17.260  473   474.911  492.171
87360.0 87360.0  0.0   87360.0 174784.0 174784.0  699072.0   697860.2  164712.0 98139.0    590   17.260  477   479.572  496.832
87360.0 87360.0  0.0   87360.0 174784.0 174784.0  699072.0   699072.0  164712.0 98139.1    590   17.260  481   484.476  501.736
87360.0 87360.0  0.0   87360.0 174784.0 174784.0  699072.0   699072.0  164712.0 98139.0    590   17.260  485   489.421  506.682
87360.0 87360.0  0.0   87359.8 174784.0 174784.0  699072.0   699072.0  164712.0 98139.0    590   17.260  489   494.217  511.478
87360.0 87360.0  0.0   87360.0 174784.0 174784.0  699072.0   699072.0  164712.0 98139.0    590   17.260  493   499.055  516.316
87360.0 87360.0  0.0   82384.3 174784.0 174784.0  699072.0   699072.0  164712.0 98139.0    590   17.260  496   503.877  521.137
87360.0 87360.0  0.0   87359.9 174784.0 174784.0  699072.0   699072.0  164712.0 98139.0    590   17.260  501   508.221  525.481
87360.0 87360.0  0.0   87359.8 174784.0 174784.0  699072.0   699071.9  164712.0 98139.0    590   17.260  505   512.897  530.158
87360.0 87360.0  0.0   87360.0 174784.0 174784.0  699072.0   699072.0  164712.0 98135.2    590   17.260  509   517.842  535.103
87360.0 87360.0  0.0   87359.8 174784.0 174784.0  699072.0   699071.9  164712.0 98135.2    590   17.260  513   522.136  539.396
87360.0 87360.0  0.0   87360.0 174784.0 174784.0  699072.0   699072.0  164712.0 98135.2    590   17.260  517   527.095  544.355
87360.0 87360.0  0.0   87360.0 174784.0 174784.0  699072.0   699072.0  164712.0 98135.2    590   17.260  521   531.491  548.751
87360.0 87360.0  0.0   68086.3 174784.0 174784.0  699072.0   699072.0  164712.0 98135.2    590   17.260  524   536.897  554.157
87360.0 87360.0  0.0   87360.0 174784.0 174784.0  699072.0   699072.0  164712.0 98135.2    590   17.260  527   539.519  556.779
87360.0 87360.0  0.0   87359.9 174784.0 174784.0  699072.0   699072.0  164712.0 98135.2    590   17.260  531   544.174  561.434
87360.0 87360.0  0.0   87360.0 174784.0 174784.0  699072.0   699071.9  164712.0 98135.2    590   17.260  535   549.246  566.507
87360.0 87360.0  0.0   87359.8 174784.0 174784.0  699072.0   699071.9  164712.0 98136.0    590   17.260  539   554.178  571.439
87360.0 87360.0  0.0   87359.8 174784.0 174784.0  699072.0   699072.0  164712.0 98136.0    590   17.260  543   559.175  576.435
87360.0 87360.0  0.0   87359.7 174784.0 174784.0  699072.0   699072.0  164712.0 98136.0    590   17.260  547   564.184  581.445
87360.0 87360.0  0.0   87360.0 174784.0 174784.0  699072.0   699072.0  164712.0 98136.0    590   17.260  551   569.349  586.609
87360.0 87360.0  0.0   87360.0 174784.0 174784.0  699072.0   699072.0  164712.0 98136.0    590   17.260  555   573.769  591.029
87360.0 87360.0  0.0   87360.0 174784.0 174784.0  699072.0   699072.0  164712.0 98136.0    590   17.260  559   578.714  595.975
87360.0 87360.0  0.0   87360.0 174784.0 174784.0  699072.0   699072.0  164712.0 98137.8    590   17.260  563   583.946  601.207
87360.0 87360.0  0.0   87360.0 174784.0 174784.0  699072.0   699071.9  164712.0 98137.8    590   17.260  567   588.735  605.995
87360.0 87360.0  0.0   87360.0 174784.0 174784.0  699072.0   699072.0  164712.0 98137.8    590   17.260  571   593.649  610.910
87360.0 87360.0  0.0   87360.0 174784.0 174784.0  699072.0   699027.9  164712.0 98137.8    590   17.260  575   598.556  615.817
87360.0 87360.0  0.0   87360.0 174784.0 174784.0  699072.0   698768.5  164712.0 98137.8    590   17.260  578   603.103  620.363
87360.0 87360.0  0.0   87360.0 174784.0 174784.0  699072.0   698552.2  164712.0 98137.8    590   17.260  582   607.655  624.916
87360.0 87360.0  0.0   79251.2 174784.0 174784.0  699072.0   697256.4  164712.0 98137.8    590   17.260  585   612.751  630.011
87360.0 87360.0  0.0   87360.0 174784.0 174784.0  699072.0   698226.8  164712.0 98098.0    590   17.260  589   616.825  634.085
87360.0 87360.0  0.0   87360.0 174784.0 174784.0  699072.0   698129.5  164712.0 98098.0    590   17.260  592   621.182  638.442
87360.0 87360.0  0.0   87360.0 174784.0 174784.0  699072.0   698509.2  164712.0 98098.0    590   17.260  596   626.652  643.912
87360.0 87360.0  0.0   87360.0 174784.0 174784.0  699072.0   698982.7  164712.0 98098.0    590   17.260  599   631.082  648.342
87360.0 87360.0  0.0   87360.0 174784.0 174784.0  699072.0   698968.6  164712.0 98098.0    590   17.260  602   634.949  652.209
87360.0 87360.0  0.0   87360.0 174784.0 174784.0  699072.0   698820.0  164712.0 98098.0    590   17.260  606   639.320  656.581
87360.0 87360.0  0.0   87360.0 174784.0 174784.0  699072.0   698696.3  164712.0 98098.0    590   17.260  610   644.707  661.967
87360.0 87360.0  0.0   87360.0 174784.0 174784.0  699072.0   698855.7  164712.0 98098.5    590   17.260  614   649.361  666.621
87360.0 87360.0  0.0   87360.0 174784.0 174784.0  699072.0   698809.2  164712.0 98098.5    590   17.260  618   654.421  671.681
87360.0 87360.0  0.0   87360.0 174784.0 174784.0  699072.0   698871.7  164712.0 98098.5    590   17.260  622   659.580  676.840
87360.0 87360.0  0.0   87360.0 174784.0 174784.0  699072.0   698980.4  164712.0 98098.5    590   17.260  626   664.063  681.323
87360.0 87360.0  0.0   87360.0 174784.0 174784.0  699072.0   698640.5  164712.0 98092.4    590   17.260  630   668.464  685.725
87360.0 87360.0  0.0   87360.0 174784.0 174784.0  699072.0   698946.5  164712.0 98092.4    590   17.260  633   673.405  690.665
87360.0 87360.0  0.0   87360.0 174784.0 174784.0  699072.0   698268.1  164712.0 98092.4    590   17.260  637   677.623  694.883
87360.0 87360.0  0.0   87360.0 174784.0 174784.0  699072.0   698771.9  164712.0 98092.4    590   17.260  640   684.105  701.366
87360.0 87360.0  0.0   87360.0 174784.0 174784.0  699072.0   698702.3  164712.0 98092.4    590   17.260  644   688.752  706.012
87360.0 87360.0  0.0   87360.0 174784.0 174784.0  699072.0   699055.5  164712.0 98092.4    590   17.260  648   693.575  710.835
87360.0 87360.0  0.0   87360.0 174784.0 174784.0  699072.0   698639.2  164712.0 98092.4    590   17.260  652   698.554  715.814
87360.0 87360.0  0.0   87360.0 174784.0 174784.0  699072.0   697137.9  164712.0 98092.4    590   17.260  654   701.130  718.390
87360.0 87360.0  0.0   87360.0 174784.0 174784.0  699072.0   698703.0  164712.0 98092.4    590   17.260  658   706.406  723.666
87360.0 87360.0  0.0   87360.0 174784.0 174784.0  699072.0   699021.5  164712.0 98092.4    590   17.260  662   711.671  728.932
87360.0 87360.0  0.0   87360.0 174784.0 174784.0  699072.0   698636.0  164712.0 98092.4    590   17.260  666   716.602  733.862
87360.0 87360.0  0.0   87360.0 174784.0 174784.0  699072.0   698733.1  164712.0 98092.4    590   17.260  670   721.871  739.131
87360.0 87360.0  0.0   87360.0 174784.0 174784.0  699072.0   698517.9  164712.0 98092.5    590   17.260  674   726.956  744.216
87360.0 87360.0  0.0   87360.0 174784.0 174784.0  699072.0   698853.3  164712.0 98092.5    590   17.260  678   731.695  748.955
87360.0 87360.0  0.0   87360.0 174784.0 174784.0  699072.0   698727.1  164712.0 98092.5    590   17.260  682   735.957  753.217
87360.0 87360.0  0.0   87360.0 174784.0 174784.0  699072.0   698771.2  164712.0 98092.5    590   17.260  686   742.170  759.430
87360.0 87360.0  0.0   87360.0 174784.0 174784.0  699072.0   698516.8  164712.0 98092.5    590   17.260  690   747.172  764.432
87360.0 87360.0  0.0   87360.0 174784.0 174784.0  699072.0   698580.0  164712.0 98092.5    590   17.260  694   751.651  768.912
87360.0 87360.0  0.0   87360.0 174784.0 174784.0  699072.0   699020.6  164712.0 98092.5    590   17.260  698   756.429  773.689
87360.0 87360.0  0.0   87360.0 174784.0 174784.0  699072.0   699070.6  164712.0 98092.5    590   17.260  702   761.953  779.213
87360.0 87360.0  0.0   87360.0 174784.0 174784.0  699072.0   699071.9  164712.0 98089.4    590   17.260  704   765.083  782.343
87360.0 87360.0  0.0   87360.0 174784.0 174784.0  699072.0   698873.7  164712.0 98089.4    590   17.260  708   770.673  787.934
87360.0 87360.0  0.0   87360.0 174784.0 174784.0  699072.0   698842.4  164712.0 98089.4    590   17.260  712   775.649  792.909
87360.0 87360.0  0.0   83497.5 174784.0 174784.0  699072.0   697827.7  164712.0 98089.4    590   17.260  715   780.485  797.745
87360.0 87360.0  0.0   87360.0 174784.0 174784.0  699072.0   699043.8  164712.0 98086.4    590   17.260  719   784.273  801.533
87360.0 87360.0  0.0   87360.0 174784.0 174784.0  699072.0   698979.7  164712.0 98086.4    590   17.260  725   791.187  808.447
87360.0 87360.0  0.0   85240.8 174784.0 174784.0  699072.0   698085.8  164712.0 98086.4    590   17.260  728   796.432  813.693
87360.0 87360.0  0.0   87360.0 174784.0 174784.0  699072.0   699026.7  164712.0 98086.4    590   17.260  731   799.592  816.852
87360.0 87360.0  0.0   87360.0 174784.0 174784.0  699072.0   699033.4  164712.0 98083.4    590   17.260  735   804.730  821.990
87360.0 87360.0  0.0   87360.0 174784.0 174784.0  699072.0   698654.2  164712.0 98077.3    590   17.260  739   809.381  826.641
87360.0 87360.0  0.0   87360.0 174784.0 174784.0  699072.0   698750.3  164712.0 98077.3    590   17.260  743   814.572  831.833
87360.0 87360.0  0.0   87360.0 174784.0 174784.0  699072.0   698658.9  164712.0 98068.1    590   17.260  746   819.046  836.307
87360.0 87360.0  0.0   87360.0 174784.0 174784.0  699072.0   698765.4  164712.0 98068.1    590   17.260  749   824.527  841.788
87360.0 87360.0  0.0   87360.0 174784.0 174784.0  699072.0   698637.8  164712.0 98070.0    590   17.260  754   830.213  847.473
87360.0 87360.0  0.0   87360.0 174784.0 174784.0  699072.0   698749.2  164712.0 98070.0    590   17.260  758   835.248  852.508
87360.0 87360.0  0.0   87360.0 174784.0 174784.0  699072.0   698847.0  164712.0 98070.0    590   17.260  762   840.397  857.657
87360.0 87360.0  0.0   87360.0 174784.0 174784.0  699072.0   699033.6  164712.0 98070.0    590   17.260  766   845.394  862.654
87360.0 87360.0  0.0   87360.0 174784.0 174784.0  699072.0   698568.6  164712.0 98070.0    590   17.260  769   849.582  866.843
87360.0 87360.0  0.0   87360.0 174784.0 174784.0  699072.0   698689.4  164712.0 98070.0    590   17.260  773   854.786  872.047
87360.0 87360.0  0.0   87360.0 174784.0 174784.0  699072.0   698922.2  164712.0 98070.0    590   17.260  777   859.450  876.711
87360.0 87360.0  0.0   87360.0 174784.0 174784.0  699072.0   698961.8  164712.0 98070.0    590   17.260  780   864.653  881.914
87360.0 87360.0  0.0   83351.9 174784.0 174784.0  699072.0   698021.3  164712.0 98070.0    590   17.260  784   870.319  887.579
87360.0 87360.0  0.0   87360.0 174784.0 174784.0  699072.0   698586.6  164712.0 98070.0    590   17.260  788   875.157  892.418
87360.0 87360.0  0.0   87360.0 174784.0 174784.0  699072.0   698930.3  164712.0 98070.0    590   17.260  792   880.152  897.413
87360.0 87360.0  0.0   87360.0 174784.0 174784.0  699072.0   698884.2  164712.0 98070.0    590   17.260  796   884.910  902.171
87360.0 87360.0  0.0   87360.0 174784.0 174784.0  699072.0   698770.2  164712.0 98070.0    590   17.260  799   888.948  906.208
87360.0 87360.0  0.0   87360.0 174784.0 174784.0  699072.0   698786.0  164712.0 98070.0    590   17.260  803   893.852  911.113
87360.0 87360.0  0.0   87360.0 174784.0 174784.0  699072.0   698887.0  164712.0 98063.9    590   17.260  807   898.943  916.203
87360.0 87360.0  0.0   87360.0 174784.0 174784.0  699072.0   698945.5  164712.0 98063.9    590   17.260  811   904.753  922.013
87360.0 87360.0  0.0   87360.0 174784.0 174784.0  699072.0   698782.4  164712.0 98063.9    590   17.260  815   909.206  926.466
87360.0 87360.0  0.0   87360.0 174784.0 174784.0  699072.0   699028.8  164712.0 98063.9    590   17.260  819   914.509  931.769
87360.0 87360.0  0.0   84554.4 174784.0 174784.0  699072.0   698246.4  164712.0 98063.9    590   17.260  822   919.670  936.931
87360.0 87360.0  0.0   87360.0 174784.0 174784.0  699072.0   698936.2  164712.0 98063.9    590   17.260  825   922.754  940.015
87360.0 87360.0  0.0   87360.0 174784.0 174784.0  699072.0   698671.4  164712.0 98063.9    590   17.260  829   927.774  945.034
87360.0 87360.0  0.0   87360.0 174784.0 174784.0  699072.0   698728.2  164712.0 98063.9    590   17.260  833   932.702  949.962
87360.0 87360.0  0.0   87360.0 174784.0 174784.0  699072.0   698769.8  164712.0 98063.9    590   17.260  837   937.525  954.785
87360.0 87360.0  0.0   87360.0 174784.0 174784.0  699072.0   698666.2  164712.0 98063.9    590   17.260  841   942.569  959.829
87360.0 87360.0  0.0   87360.0 174784.0 174784.0  699072.0   699052.5  164712.0 98063.9    590   17.260  845   947.790  965.050
87360.0 87360.0  0.0   87360.0 174784.0 174784.0  699072.0   698573.4  164712.0 98063.9    590   17.260  849   952.008  969.268
87360.0 87360.0  0.0   86286.1 174784.0 174784.0  699072.0   697619.6  164712.0 98063.9    590   17.260  853   959.150  976.411
87360.0 87360.0  0.0   87360.0 174784.0 174784.0  699072.0   698286.7  164712.0 98063.9    590   17.260  857   961.566  978.826
87360.0 87360.0  0.0   87360.0 174784.0 174784.0  699072.0   698765.9  164712.0 98063.9    590   17.260  863   968.674  985.935
87360.0 87360.0  0.0   87360.0 174784.0 174784.0  699072.0   698610.1  164712.0 98063.9    590   17.260  867   973.364  990.624
87360.0 87360.0  0.0   87360.0 174784.0 174784.0  699072.0   698183.6  164712.0 98063.9    590   17.260  870   977.448  994.708
87360.0 87360.0  0.0   87360.0 174784.0 174784.0  699072.0   698402.9  164712.0 98063.9    590   17.260  874   983.388 1000.649
87360.0 87360.0  0.0   87360.0 174784.0 174784.0  699072.0   697927.8  164712.0 98063.9    590   17.260  879   988.565 1005.825
87360.0 87360.0  0.0   87360.0 174784.0 174784.0  699072.0   698255.6  164712.0 98063.9    590   17.260  882   992.612 1009.873
87360.0 87360.0  0.0   87360.0 174784.0 174784.0  699072.0   698304.5  164712.0 98063.9    590   17.260  885   996.677 1013.937
87360.0 87360.0  0.0   87360.0 174784.0 174784.0  699072.0   698265.3  164712.0 98067.2    590   17.260  889  1002.434 1019.694
87360.0 87360.0  0.0   87360.0 174784.0 174784.0  699072.0   698426.0  164712.0 98067.2    590   17.260  894  1008.363 1025.623
87360.0 87360.0  0.0   87360.0 174784.0 174784.0  699072.0   698309.1  164712.0 98067.2    590   17.260  897  1012.022 1029.283
87360.0 87360.0  0.0   87360.0 174784.0 174784.0  699072.0   698405.2  164712.0 98067.2    590   17.260  901  1017.071 1034.331
87360.0 87360.0  0.0   87360.0 174784.0 174784.0  699072.0   698400.8  164712.0 98067.2    590   17.260  904  1021.284 1038.544
87360.0 87360.0  0.0   87360.0 174784.0 174784.0  699072.0   698645.2  164712.0 98067.2    590   17.260  908  1027.710 1044.970
87360.0 87360.0  0.0   87360.0 174784.0 174784.0  699072.0   698505.5  164712.0 98068.3    590   17.260  911  1032.895 1050.156
87360.0 87360.0  0.0   87360.0 174784.0 174784.0  699072.0   698661.1  164712.0 98068.3    590   17.260  914  1036.785 1054.045
87360.0 87360.0  0.0   87360.0 174784.0 174784.0  699072.0   698658.9  164712.0 98068.3    590   17.260  919  1042.540 1059.800
87360.0 87360.0  0.0   87360.0 174784.0 174784.0  699072.0   698394.6  164712.0 98068.3    590   17.260  923  1047.769 1065.029
87360.0 87360.0  0.0   87360.0 174784.0 174784.0  699072.0   698661.8  164712.0 98068.3    590   17.260  925  1050.794 1068.054
87360.0 87360.0  0.0   87360.0 174784.0 174784.0  699072.0   698802.8  164712.0 98068.3    590   17.260  929  1056.108 1073.368
87360.0 87360.0  0.0   87360.0 174784.0 174784.0  699072.0   698804.4  164712.0 98068.3    590   17.260  933  1061.443 1078.703
87360.0 87360.0  0.0   87360.0 174784.0 174784.0  699072.0   698774.4  164712.0 98068.3    590   17.260  937  1066.307 1083.567
87360.0 87360.0  0.0   87360.0 174784.0 174784.0  699072.0   699021.0  164712.0 98068.3    590   17.260  941  1072.480 1089.741
87360.0 87360.0  0.0   87360.0 174784.0 174784.0  699072.0   697944.4  164712.0 98053.0    590   17.260  944  1077.563 1094.823
87360.0 87360.0  0.0   86501.7 174784.0 174784.0  699072.0   697954.5  164712.0 98053.0    590   17.260  948  1082.594 1099.854
87360.0 87360.0  0.0   87360.0 174784.0 174784.0  699072.0   698759.7  164712.0 98053.0    590   17.260  953  1087.471 1104.732
87360.0 87360.0  0.0   87317.3 174784.0 174784.0  699072.0   698042.3  164712.0 98053.0    590   17.260  956  1092.592 1109.852
87360.0 87360.0  0.0   87360.0 174784.0 174784.0  699072.0   698838.2  164712.0 98053.0    590   17.260  960  1097.154 1114.414
87360.0 87360.0  0.0   87360.0 174784.0 174784.0  699072.0   698905.3  164712.0 98053.0    590   17.260  963  1101.729 1118.989
87360.0 87360.0  0.0   87360.0 174784.0 174784.0  699072.0   698722.6  164712.0 98053.0    590   17.260  967  1106.591 1123.851
87360.0 87360.0  0.0   87360.0 174784.0 174784.0  699072.0   698814.6  164712.0 98053.0    590   17.260  971  1111.611 1128.871
87360.0 87360.0  0.0   87360.0 174784.0 174784.0  699072.0   698950.6  164712.0 98040.0    590   17.260  975  1116.844 1134.104
87360.0 87360.0  0.0   87360.0 174784.0 174784.0  699072.0   698215.1  164712.0 98046.1    590   17.260  978  1122.219 1139.479
87360.0 87360.0  0.0   87360.0 174784.0 174784.0  699072.0   698864.3  164712.0 98052.2    590   17.260  981  1125.293 1142.553
87360.0 87360.0  0.0   87360.0 174784.0 174784.0  699072.0   698858.1  164712.0 98055.2    590   17.260  985  1130.559 1147.819
87360.0 87360.0  0.0   87360.0 174784.0 174784.0  699072.0   699057.5  164712.0 98055.2    590   17.260  989  1135.927 1153.187
87360.0 87360.0  0.0   87360.0 174784.0 174784.0  699072.0   698846.4  164712.0 98055.2    590   17.260  993  1141.730 1158.990
87360.0 87360.0  0.0   87360.0 174784.0 174784.0  699072.0   698932.8  164712.0 98055.2    590   17.260  997  1146.370 1163.630
87360.0 87360.0  0.0   87360.0 174784.0 174784.0  699072.0   698982.1  164712.0 98055.2    590   17.260 1001  1151.209 1168.470
87360.0 87360.0  0.0   87360.0 174784.0 174784.0  699072.0   698817.3  164712.0 98055.2    590   17.260 1005  1157.018 1174.278
87360.0 87360.0  0.0   87360.0 174784.0 174784.0  699072.0   699043.9  164712.0 98055.2    590   17.260 1007  1160.129 1177.390
87360.0 87360.0  0.0   87360.0 174784.0 174784.0  699072.0   698975.0  164712.0 98055.2    590   17.260 1010  1164.810 1182.070
87360.0 87360.0  0.0   87360.0 174784.0 174784.0  699072.0   698794.8  164712.0 98055.2    590   17.260 1014  1170.318 1187.578
87360.0 87360.0  0.0   87360.0 174784.0 174784.0  699072.0   699050.2  164712.0 98055.2    590   17.260 1018  1175.400 1192.660
87360.0 87360.0  0.0   87360.0 174784.0 174784.0  699072.0   699071.6  164712.0 98055.2    590   17.260 1022  1180.353 1197.613
87360.0 87360.0  0.0   87360.0 174784.0 174784.0  699072.0   699060.2  164712.0 98055.2    590   17.260 1026  1185.474 1202.734
87360.0 87360.0  0.0   87360.0 174784.0 174784.0  699072.0   698955.6  164712.0 98055.2    590   17.260 1029  1190.567 1207.828
87360.0 87360.0  0.0   87360.0 174784.0 174784.0  699072.0   698971.8  164712.0 98052.2    590   17.260 1034  1196.503 1213.764
87360.0 87360.0  0.0   87360.0 174784.0 174784.0  699072.0   698951.2  164712.0 98036.8    590   17.260 1036  1200.141 1217.401
87360.0 87360.0  0.0   87360.0 174784.0 174784.0  699072.0   699071.7  164712.0 98033.8    590   17.260 1040  1206.596 1223.856
87360.0 87360.0  0.0   87360.0 174784.0 174784.0  699072.0   699037.2  164712.0 98033.8    590   17.260 1043  1211.209 1228.469
87360.0 87360.0  0.0   87360.0 174784.0 174784.0  699072.0   699009.6  164712.0 98018.5    590   17.260 1047  1216.636 1233.896
87360.0 87360.0  0.0   87360.0 174784.0 174784.0  699072.0   699072.0  164712.0 98018.5    590   17.260 1050  1220.614 1237.875
87360.0 87360.0  0.0   87359.9 174784.0 174784.0  699072.0   699068.4  164712.0 98015.5    590   17.260 1054  1226.792 1244.052
87360.0 87360.0  0.0   87360.0 174784.0 174784.0  699072.0   699062.3  164712.0 98009.4    590   17.260 1057  1231.146 1248.407
87360.0 87360.0  0.0   87360.0 174784.0 174784.0  699072.0   699071.8  164712.0 98009.4    590   17.260 1061  1236.406 1253.667
87360.0 87360.0  0.0   87360.0 174784.0 174784.0  699072.0   699056.6  164712.0 98009.4    590   17.260 1065  1241.718 1258.978
87360.0 87360.0  0.0   87360.0 174784.0 174784.0  699072.0   699066.3  164712.0 98009.4    590   17.260 1068  1246.599 1263.860
87360.0 87360.0  0.0   87360.0 174784.0 174784.0  699072.0   699055.4  164712.0 98009.4    590   17.260 1071  1249.594 1266.855
87360.0 87360.0  0.0   87360.0 174784.0 174784.0  699072.0   699070.2  164712.0 98006.4    590   17.260 1074  1255.517 1272.777
87360.0 87360.0  0.0   87359.0 174784.0 174784.0  699072.0   699069.5  164712.0 98006.4    590   17.260 1077  1260.192 1277.453
87360.0 87360.0  0.0   87360.0 174784.0 174784.0  699072.0   699072.0  164712.0 98006.4    590   17.260 1080  1265.236 1282.496
87360.0 87360.0  0.0   87360.0 174784.0 174784.0  699072.0   699070.6  164712.0 98006.4    590   17.260 1084  1271.221 1288.481
87360.0 87360.0  0.0   87360.0 174784.0 174784.0  699072.0   699041.5  164712.0 98006.4    590   17.260 1087  1276.626 1293.887
87360.0 87360.0  0.0   87360.0 174784.0 174784.0  699072.0   699071.3  164712.0 98006.4    590   17.260 1090  1280.733 1297.993
87360.0 87360.0  0.0   87360.0 174784.0 174784.0  699072.0   699062.7  164712.0 97996.4    590   17.260 1093  1285.175 1302.435
87360.0 87360.0  0.0   87360.0 174784.0 174784.0  699072.0   698918.1  164712.0 97891.4    590   17.260 1097  1290.340 1307.601
87360.0 87360.0  0.0   87360.0 174784.0 174784.0  699072.0   698818.7  164712.0 97891.4    590   17.260 1101  1296.053 1313.313
87360.0 87360.0  0.0   87360.0 174784.0 174784.0  699072.0   698995.5  164712.0 97894.5    590   17.260 1104  1301.357 1318.618
87360.0 87360.0  0.0   87360.0 174784.0 174784.0  699072.0   698991.7  164712.0 97897.5    590   17.260 1108  1305.972 1323.233
87360.0 87360.0  0.0   87360.0 174784.0 174784.0  699072.0   699002.2  164712.0 97876.2    590   17.260 1110  1311.541 1328.802
87360.0 87360.0  0.0   87360.0 174784.0 174784.0  699072.0   698945.2  164712.0 97876.2    590   17.260 1113  1315.907 1333.167
87360.0 87360.0  0.0   87359.5 174784.0 174784.0  699072.0   699059.2  164712.0 97876.2    590   17.260 1116  1320.366 1337.626
87360.0 87360.0  0.0   87360.0 174784.0 174784.0  699072.0   699029.4  164712.0 97876.2    590   17.260 1121  1325.833 1343.093
87360.0 87360.0  0.0   87360.0 174784.0 174784.0  699072.0   699010.3  164712.0 97876.2    590   17.260 1124  1330.983 1348.243
87360.0 87360.0  0.0   87360.0 174784.0 174784.0  699072.0   699046.8  164712.0 97876.2    590   17.260 1128  1336.259 1353.519
87360.0 87360.0  0.0   87360.0 174784.0 174784.0  699072.0   699071.5  164712.0 97876.2    590   17.260 1131  1340.838 1358.098
87360.0 87360.0  0.0   87360.0 174784.0 174784.0  699072.0   699072.0  164712.0 97876.2    590   17.260 1135  1346.525 1363.785
87360.0 87360.0  0.0   87360.0 174784.0 174784.0  699072.0   699071.0  164712.0 97876.2    590   17.260 1138  1350.656 1367.916
87360.0 87360.0  0.0   87360.0 174784.0 174784.0  699072.0   699064.8  164712.0 97876.2    590   17.260 1138  1352.384 1369.644
87360.0 87360.0  0.0   87360.0 174784.0 174784.0  699072.0   699064.8  164712.0 97876.2    590   17.260 1138  1352.384 1369.644
87360.0 87360.0  0.0   87359.5 174784.0 174784.0  699072.0   699064.7  164712.0 97876.2    590   17.260 1140  1353.928 1371.188
87360.0 87360.0  0.0   87360.0 174784.0 174784.0  699072.0   699071.6  164712.0 97876.2    590   17.260 1144  1359.452 1376.712
87360.0 87360.0  0.0   87360.0 174784.0 174784.0  699072.0   699060.8  164712.0 97876.2    590   17.260 1145  1362.815 1380.075
87360.0 87360.0  0.0   87359.6 174784.0 174784.0  699072.0   699059.3  164712.0 97876.2    590   17.260 1148  1366.143 1383.403
87360.0 87360.0  0.0   87360.0 174784.0 174784.0  699072.0   699071.7  164712.0 97876.2    590   17.260 1152  1372.061 1389.321
87360.0 87360.0  0.0   87360.0 174784.0 174784.0  699072.0   699069.0  164712.0 97876.2    590   17.260 1156  1377.372 1394.633
87360.0 87360.0  0.0   87360.0 174784.0 174784.0  699072.0   699071.4  164712.0 97876.2    590   17.260 1159  1381.577 1398.837
87360.0 87360.0  0.0   87360.0 174784.0 174784.0  699072.0   699071.1  164712.0 97876.2    590   17.260 1163  1387.076 1404.336
87360.0 87360.0  0.0   87360.0 174784.0 174784.0  699072.0   699071.8  164712.0 97876.2    590   17.260 1167  1392.495 1409.756
87360.0 87360.0  0.0   87360.0 174784.0 174784.0  699072.0   699070.6  164712.0 97876.2    590   17.260 1170  1396.414 1413.675
87360.0 87360.0  0.0   87360.0 174784.0 174784.0  699072.0   699072.0  164712.0 97876.2    590   17.260 1174  1401.671 1418.931
87360.0 87360.0  0.0   87360.0 174784.0 174784.0  699072.0   699071.9  164712.0 97876.2    590   17.260 1178  1407.155 1424.416
87360.0 87360.0  0.0   87360.0 174784.0 174784.0  699072.0   699071.9  164712.0 97876.4    590   17.260 1181  1411.584 1428.845
87360.0 87360.0  0.0   87360.0 174784.0 174784.0  699072.0   699071.9  164712.0 97876.4    590   17.260 1185  1417.250 1434.510
87360.0 87360.0  0.0   87360.0 174784.0 174784.0  699072.0   699071.4  164712.0 97876.5    590   17.260 1189  1422.479 1439.740
87360.0 87360.0  0.0   87359.9 174784.0 174784.0  699072.0   699071.3  164712.0 97876.5    590   17.260 1192  1426.527 1443.787
87360.0 87360.0  0.0   87360.0 174784.0 174784.0  699072.0   699071.8  164712.0 97876.5    590   17.260 1195  1431.481 1448.741
87360.0 87360.0  0.0   87360.0 174784.0 174784.0  699072.0   699068.5  164712.0 97876.5    590   17.260 1199  1437.520 1454.780
87360.0 87360.0  0.0   87360.0 174784.0 174784.0  699072.0   699071.7  164712.0 97876.5    590   17.260 1203  1441.677 1458.937
87360.0 87360.0  0.0   87360.0 174784.0 174784.0  699072.0   699071.4  164712.0 97878.8    590   17.260 1205  1445.800 1463.061
87360.0 87360.0  0.0   87359.9 174784.0 174784.0  699072.0   699066.6  164712.0 97878.8    590   17.260 1209  1452.550 1469.810
87360.0 87360.0  0.0   87360.0 174784.0 174784.0  699072.0   699069.9  164712.0 97878.8    590   17.260 1212  1456.501 1473.761
87360.0 87360.0  0.0   87360.0 174784.0 174784.0  699072.0   699059.5  164712.0 97878.8    590   17.260 1216  1461.918 1479.178
87360.0 87360.0  0.0   87360.0 174784.0 174784.0  699072.0   699071.5  164712.0 97878.8    590   17.260 1220  1467.194 1484.454
87360.0 87360.0  0.0   87360.0 174784.0 174784.0  699072.0   699072.0  164712.0 97878.8    590   17.260 1223  1471.605 1488.866
87360.0 87360.0  0.0   87360.0 174784.0 174784.0  699072.0   699072.0  164712.0 97878.8    590   17.260 1226  1476.005 1493.266
87360.0 87360.0  0.0   87360.0 174784.0 174784.0  699072.0   699071.0  164712.0 97878.8    590   17.260 1230  1482.224 1499.484
87360.0 87360.0  0.0   87359.2 174784.0 174784.0  699072.0   699058.1  164712.0 97878.8    590   17.260 1234  1487.575 1504.835
87360.0 87360.0  0.0   87360.0 174784.0 174784.0  699072.0   699072.0  164712.0 97879.5    590   17.260 1238  1492.524 1509.784
87360.0 87360.0  0.0   87360.0 174784.0 174784.0  699072.0   699056.9  164712.0 97879.5    590   17.260 1241  1496.776 1514.037
87360.0 87360.0  0.0   87360.0 174784.0 174784.0  699072.0   699070.5  164712.0 97879.5    590   17.260 1245  1502.068 1519.328
87360.0 87360.0  0.0   87360.0 174784.0 174784.0  699072.0   699068.2  164712.0 97879.5    590   17.260 1249  1507.460 1524.721
87360.0 87360.0  0.0   87357.6 174784.0 174784.0  699072.0   699065.4  164712.0 97879.5    590   17.260 1252  1511.911 1529.172
87360.0 87360.0  0.0   87360.0 174784.0 174784.0  699072.0   699072.0  164712.0 97879.5    590   17.260 1256  1517.264 1534.525
87360.0 87360.0  0.0   87360.0 174784.0 174784.0  699072.0   699072.0  164712.0 97879.5    590   17.260 1259  1521.851 1539.111
87360.0 87360.0  0.0   87360.0 174784.0 174784.0  699072.0   699072.0  164712.0 97879.5    590   17.260 1263  1527.089 1544.350
87360.0 87360.0  0.0   87360.0 174784.0 174784.0  699072.0   699071.8  164712.0 97879.5    590   17.260 1267  1532.315 1549.575
87360.0 87360.0  0.0   87360.0 174784.0 174784.0  699072.0   699071.7  164712.0 97879.5    590   17.260 1270  1536.311 1553.571
87360.0 87360.0  0.0   87360.0 174784.0 174784.0  699072.0   699072.0  164712.0 97879.5    590   17.260 1274  1541.828 1559.089
87360.0 87360.0  0.0   87360.0 174784.0 174784.0  699072.0   699062.3  164712.0 97879.5    590   17.260 1278  1545.919 1563.179
87360.0 87360.0  0.0   87360.0 174784.0 174784.0  699072.0   699065.8  164712.0 97879.5    590   17.260 1282  1552.410 1569.670
87360.0 87360.0  0.0   87360.0 174784.0 174784.0  699072.0   699067.0  164712.0 97879.5    590   17.260 1285  1556.896 1574.157
87360.0 87360.0  0.0   87359.9 174784.0 174784.0  699072.0   699064.1  164712.0 97879.5    590   17.260 1288  1561.460 1578.720
87360.0 87360.0  0.0   87360.0 174784.0 174784.0  699072.0   699071.9  164712.0 97879.5    590   17.260 1292  1567.356 1584.617
87360.0 87360.0  0.0   87360.0 174784.0 174784.0  699072.0   699071.7  164712.0 97879.5    590   17.260 1295  1571.320 1588.580
87360.0 87360.0  0.0   87360.0 174784.0 174784.0  699072.0   699071.9  164712.0 97879.5    590   17.260 1299  1576.803 1594.063
87360.0 87360.0  0.0   87360.0 174784.0 174784.0  699072.0   699066.7  164712.0 97879.5    590   17.260 1303  1580.867 1598.127
87360.0 87360.0  0.0   87356.5 174784.0 174784.0  699072.0   699064.1  164712.0 97879.5    590   17.260 1307  1586.401 1603.662
87360.0 87360.0  0.0   87360.0 174784.0 174784.0  699072.0   699049.6  164712.0 97879.6    590   17.260 1311  1592.032 1609.292
87360.0 87360.0  0.0   87360.0 174784.0 174784.0  699072.0   699071.2  164712.0 97879.6    590   17.260 1314  1596.587 1613.848
87360.0 87360.0  0.0   87360.0 174784.0 174784.0  699072.0   699070.4  164712.0 97879.6    590   17.260 1317  1601.905 1619.166
87360.0 87360.0  0.0   87360.0 174784.0 174784.0  699072.0   699071.9  164712.0 97879.6    590   17.260 1321  1606.068 1623.329
87360.0 87360.0  0.0   87360.0 174784.0 174784.0  699072.0   699064.4  164712.0 97879.6    590   17.260 1324  1611.533 1628.793
87360.0 87360.0  0.0   87360.0 174784.0 174784.0  699072.0   699071.5  164712.0 97879.6    590   17.260 1327  1615.972 1633.233
87360.0 87360.0  0.0   87360.0 174784.0 174784.0  699072.0   699065.0  164712.0 97879.6    590   17.260 1331  1621.357 1638.617
87360.0 87360.0  0.0   87360.0 174784.0 174784.0  699072.0   699071.7  164712.0 97879.6    590   17.260 1335  1626.807 1644.067
87360.0 87360.0  0.0   87360.0 174784.0 174784.0  699072.0   699070.6  164712.0 97873.5    590   17.260 1339  1632.137 1649.397
87360.0 87360.0  0.0   87360.0 174784.0 174784.0  699072.0   699071.5  164712.0 97873.5    590   17.260 1342  1636.375 1653.635
87360.0 87360.0  0.0   87360.0 174784.0 174784.0  699072.0   699071.6  164712.0 97873.5    590   17.260 1346  1642.144 1659.405
87360.0 87360.0  0.0   87360.0 174784.0 174784.0  699072.0   699071.9  164712.0 97873.5    590   17.260 1349  1645.005 1662.265
87360.0 87360.0  0.0   87360.0 174784.0 174784.0  699072.0   699072.0  164712.0 97873.5    590   17.260 1353  1651.307 1668.567
87360.0 87360.0  0.0   87360.0 174784.0 174784.0  699072.0   699071.9  164712.0 97873.5    590   17.260 1357  1656.521 1673.782
87360.0 87360.0  0.0   87360.0 174784.0 174784.0  699072.0   699070.0  164712.0 97867.8    590   17.260 1361  1661.832 1679.092
87360.0 87360.0  0.0   87360.0 174784.0 174784.0  699072.0   699072.0  164712.0 97867.8    590   17.260 1364  1666.495 1683.755
87360.0 87360.0  0.0   87359.6 174784.0 174784.0  699072.0   699069.6  164712.0 97867.8    590   17.260 1367  1670.551 1687.812
87360.0 87360.0  0.0   87360.0 174784.0 174784.0  699072.0   699071.8  164712.0 97867.8    590   17.260 1372  1677.021 1694.281
87360.0 87360.0  0.0   87360.0 174784.0 174784.0  699072.0   699071.7  164712.0 97867.8    590   17.260 1375  1681.993 1699.253
87360.0 87360.0  0.0   87359.9 174784.0 174784.0  699072.0   699072.0  164712.0 97867.8    590   17.260 1379  1687.227 1704.487
87360.0 87360.0  0.0   87360.0 174784.0 174784.0  699072.0   699071.8  164712.0 97867.8    590   17.260 1382  1690.160 1707.421
87360.0 87360.0  0.0   87360.0 174784.0 174784.0  699072.0   699071.9  164712.0 97867.8    590   17.260 1386  1696.281 1713.541
87360.0 87360.0  0.0   87360.0 174784.0 174784.0  699072.0   699071.9  164712.0 97867.8    590   17.260 1389  1701.220 1718.480
87360.0 87360.0  0.0   87360.0 174784.0 174784.0  699072.0   699072.0  164712.0 97867.8    590   17.260 1392  1705.949 1723.209
87360.0 87360.0  0.0   87360.0 174784.0 174784.0  699072.0   699071.9  164712.0 97867.8    590   17.260 1396  1711.783 1729.043
87360.0 87360.0  0.0   87360.0 174784.0 174784.0  699072.0   699071.3  164712.0 97867.8    590   17.260 1399  1715.952 1733.213
87360.0 87360.0  0.0   87360.0 174784.0 174784.0  699072.0   699072.0  164712.0 97867.8    590   17.260 1403  1722.053 1739.314
87360.0 87360.0  0.0   87360.0 174784.0 174784.0  699072.0   699072.0  164712.0 97867.8    590   17.260 1405  1726.019 1743.279
87360.0 87360.0  0.0   87360.0 174784.0 174784.0  699072.0   699071.8  164712.0 97867.8    590   17.260 1409  1731.842 1749.102
87360.0 87360.0  0.0   87360.0 174784.0 174784.0  699072.0   699071.8  164712.0 97867.8    590   17.260 1412  1736.186 1753.447
87360.0 87360.0  0.0   87360.0 174784.0 174784.0  699072.0   699071.9  164712.0 97867.8    590   17.260 1416  1741.923 1759.184
87360.0 87360.0  0.0   87360.0 174784.0 174784.0  699072.0   699071.9  164712.0 97867.8    590   17.260 1419  1746.193 1763.453
87360.0 87360.0  0.0   87360.0 174784.0 174784.0  699072.0   699071.8  164712.0 97867.8    590   17.260 1423  1751.474 1768.735
87360.0 87360.0  0.0   87360.0 174784.0 174784.0  699072.0   699072.0  164712.0 97867.8    590   17.260 1427  1756.770 1774.030
