 S0C    S1C    S0U    S1U      EC       EU        OC         OU       PC     PU    YGC     YGCT    FGC    FGCT     GCT   
43648.0 43648.0 25504.9  0.0   87424.0  55580.2   349568.0   70747.5   104616.0 62935.2     30    0.899  14      0.405    1.304
43648.0 43648.0 19582.1  0.0   87424.0  63199.8   349568.0   91404.9   104616.0 67315.2     36    1.205  16      0.508    1.713
43648.0 43648.0  0.0   33081.3 87424.0  38134.3   349568.0   102703.7  112872.0 73495.4     47    1.691  17      0.562    2.253
43648.0 43648.0  0.0   27847.4 87424.0  83555.4   349568.0   115784.0  124196.0 79824.8     49    1.871  19      0.658    2.529
43648.0 43648.0  0.0   27847.4 87424.0  83555.4   349568.0   115784.0  124196.0 79824.8     49    1.871  19      0.658    2.529
43648.0 43648.0  0.0   27847.4 87424.0  84726.9   349568.0   115784.0  124196.0 79827.3     49    1.871  19      0.658    2.529
43648.0 43648.0  0.0   27847.4 87424.0  85172.8   349568.0   115784.0  124196.0 79827.3     49    1.871  19      0.658    2.529
43648.0 43648.0  0.0   27847.4 87424.0  85172.8   349568.0   115784.0  124196.0 79827.6     49    1.871  19      0.658    2.529
43648.0 43648.0 40041.1  0.0   87424.0   2129.6   349568.0   118611.1  124196.0 79857.5     50    1.964  19      0.658    2.621
43648.0 43648.0 40041.1  0.0   87424.0   2868.4   349568.0   118611.1  124196.0 79860.6     50    1.964  19      0.658    2.621
43648.0 43648.0 40041.1  0.0   87424.0   2868.4   349568.0   118611.1  124196.0 79860.6     50    1.964  19      0.658    2.621
43648.0 43648.0 40041.1  0.0   87424.0   3161.4   349568.0   118611.1  124196.0 79860.6     50    1.964  19      0.658    2.621
43648.0 43648.0 40041.1  0.0   87424.0  17789.6   349568.0   118611.1  124196.0 81333.0     50    1.964  19      0.658    2.621
43648.0 43648.0 40041.1  0.0   87424.0  68717.4   349568.0   118611.1  124196.0 82450.8     50    1.964  19      0.658    2.621
43648.0 43648.0  0.0   31548.2 87424.0  56407.1   349568.0   128922.2  124196.0 84334.2     53    2.081  20      0.718    2.799
43648.0 43648.0 35323.2  0.0   87424.0   6512.9   349568.0   149033.8  144888.0 87249.9     56    2.305  20      0.718    3.023
43648.0 43648.0 35323.2  0.0   87424.0   6705.4   349568.0   149033.8  144888.0 87250.9     56    2.305  20      0.718    3.023
43648.0 43648.0 35323.2  0.0   87424.0   8642.6   349568.0   149033.8  144888.0 87261.7     56    2.305  20      0.718    3.023
43648.0 43648.0 35323.2  0.0   87424.0  10924.2   349568.0   149033.8  144888.0 87272.6     56    2.305  20      0.718    3.023
43648.0 43648.0 35323.2  0.0   87424.0  16720.6   349568.0   149033.8  144888.0 87587.6     56    2.305  20      0.718    3.023
43648.0 43648.0 24314.7  0.0   87424.0  68058.9   349568.0   160332.7  144888.0 89094.3     58    2.399  21      0.867    3.266
43648.0 43648.0  0.0   17338.8 87424.0   241.1    349568.0   173628.7  144888.0 91017.5     61    2.621  21      0.867    3.488
43648.0 43648.0  0.0   17338.8 87424.0   5109.7   349568.0   173628.7  144888.0 91052.8     61    2.621  21      0.867    3.488
43648.0 43648.0  0.0   17338.8 87424.0  10794.5   349568.0   173628.7  144888.0 91059.9     61    2.621  21      0.867    3.488
43648.0 43648.0  0.0   17338.8 87424.0  13967.3   349568.0   173628.7  144888.0 91061.6     61    2.621  21      0.867    3.488
43648.0 43648.0  0.0   17338.8 87424.0  13967.3   349568.0   173628.7  144888.0 91061.6     61    2.621  21      0.867    3.488
43648.0 43648.0  0.0   17338.8 87424.0  14004.5   349568.0   173628.7  144888.0 91061.6     61    2.621  21      0.867    3.488
43648.0 43648.0  0.0   17338.8 87424.0  14124.2   349568.0   173628.7  144888.0 91061.6     61    2.621  21      0.867    3.488
43648.0 43648.0  0.0   28856.7 87424.0  76752.0   349568.0   173628.7  144888.0 91191.3     63    2.732  21      0.867    3.599
43648.0 43648.0 14830.4  0.0   87424.0  19530.1   349568.0   177187.2  144888.0 91416.2     66    2.900  21      0.867    3.767
43648.0 43648.0 14830.4  0.0   87424.0  19580.5   349568.0   177187.2  144888.0 91418.5     66    2.900  21      0.867    3.767
43648.0 43648.0 14830.4  0.0   87424.0  19616.8   349568.0   177187.2  144888.0 91420.0     66    2.900  21      0.867    3.767
43648.0 43648.0 14830.4  0.0   87424.0  25699.7   349568.0   177187.2  144888.0 91457.4     66    2.900  21      0.867    3.767
43648.0 43648.0 14830.4  0.0   87424.0  26580.3   349568.0   177187.2  144888.0 91472.8     66    2.900  21      0.867    3.767
43648.0 43648.0 14830.4  0.0   87424.0  26580.3   349568.0   177187.2  144888.0 91472.8     66    2.900  21      0.867    3.767
43648.0 43648.0 14830.4  0.0   87424.0  26666.5   349568.0   177187.2  144888.0 91473.2     66    2.900  21      0.867    3.767
43648.0 43648.0 22160.6  0.0   87424.0  29824.4   349568.0   177020.3  144888.0 91511.4     68    3.019  22      0.989    4.008
43648.0 43648.0  0.0   17249.1 87424.0   8245.1   349568.0   184035.0  152868.0 93629.2     71    3.235  22      0.989    4.224
43648.0 43648.0  0.0   17249.1 87424.0  13727.8   349568.0   184035.0  152868.0 93635.0     71    3.235  22      0.989    4.224
43648.0 43648.0  0.0   29862.6 87424.0  67994.2   349568.0   184035.0  152868.0 93694.1     73    3.363  23      1.113    4.476
43648.0 43648.0  0.0   29862.6 87424.0  69930.8   349568.0   184035.0  152868.0 93698.7     73    3.363  23      1.113    4.476
43648.0 43648.0 18152.9 29862.6 87424.0  87424.0   349568.0   184419.1  152868.0 93713.2     74    3.363  23      1.113    4.476
43648.0 43648.0  0.0   25804.2 87424.0  14892.2   349568.0   193476.6  152868.0 93898.9     77    3.600  23      1.113    4.713
43648.0 43648.0  0.0   25804.2 87424.0  21484.1   349568.0   193476.6  152868.0 93909.3     77    3.600  23      1.113    4.713
43648.0 43648.0  0.0   25804.2 87424.0  23959.7   349568.0   193476.6  152868.0 93915.1     77    3.600  23      1.113    4.713
43648.0 43648.0  0.0   25804.2 87424.0  26905.2   349568.0   193476.6  152868.0 93915.1     77    3.600  23      1.113    4.713
43648.0 43648.0  0.0   25804.2 87424.0  26905.2   349568.0   193476.6  152868.0 93915.1     77    3.600  23      1.113    4.713
43648.0 43648.0  0.0   25804.2 87424.0  26977.3   349568.0   193476.6  152868.0 93915.1     77    3.600  23      1.113    4.713
43648.0 43648.0  0.0   25804.2 87424.0  84638.6   349568.0   193476.6  152868.0 93919.7     77    3.600  23      1.113    4.713
43648.0 43648.0  0.0   22006.7 87424.0  35058.3   349568.0   193476.6  152868.0 94016.2     81    3.823  23      1.113    4.936
43648.0 43648.0 21259.9  0.0   87424.0  21547.6   349568.0   193476.6  152868.0 94081.2     82    3.843  23      1.113    4.956
43648.0 43648.0 21259.9  0.0   87424.0  29046.0   349568.0   193476.6  152868.0 94087.3     82    3.843  23      1.113    4.956
43648.0 43648.0 21259.9  0.0   87424.0  31994.4   349568.0   193476.6  152868.0 94102.5     82    3.843  23      1.113    4.956
43648.0 43648.0 21259.9  0.0   87424.0  35089.0   349568.0   193476.6  152868.0 94104.9     82    3.843  23      1.113    4.956
43648.0 43648.0  0.0   34547.7 87424.0   4752.3   349568.0   193527.8  152868.0 94195.4     85    3.996  23      1.113    5.109
43648.0 43648.0  0.0   16357.8 87424.0  29057.5   349568.0   197621.0  152868.0 94330.2     87    4.102  24      1.298    5.400
43648.0 43648.0  0.0   16357.8 87424.0  31577.7   349568.0   197621.0  152868.0 94330.2     87    4.102  24      1.298    5.400
43648.0 43648.0  0.0   16357.8 87424.0  39451.4   349568.0   197621.0  152868.0 94345.5     87    4.102  24      1.298    5.400
43648.0 43648.0  0.0   16357.8 87424.0  40441.8   349568.0   197621.0  152868.0 94350.9     87    4.102  24      1.298    5.400
43648.0 43648.0  0.0   16357.8 87424.0  40518.4   349568.0   197621.0  152868.0 94350.9     87    4.102  24      1.298    5.400
43648.0 43648.0  0.0   16357.8 87424.0  44812.8   349568.0   187760.9  157344.0 94404.0     87    4.102  24      1.298    5.400
43648.0 43648.0  0.0   16357.8 87424.0  44852.3   349568.0   187760.9  157344.0 94404.0     87    4.102  24      1.298    5.400
43648.0 43648.0 30598.4  0.0   87424.0  17703.9   349568.0   187760.9  157344.0 94449.9     90    4.230  24      1.298    5.528
43648.0 43648.0 30598.4  0.0   87424.0  17780.1   349568.0   187760.9  157344.0 94449.9     90    4.230  24      1.298    5.528
43648.0 43648.0 14429.6  0.0   87424.0  16383.7   349568.0   193082.2  157344.0 94515.3     92    4.365  24      1.298    5.663
43648.0 43648.0 14429.6  0.0   87424.0  18687.6   349568.0   193082.2  157344.0 94521.7     92    4.365  24      1.298    5.663
43648.0 43648.0 14429.6  0.0   87424.0  19679.2   349568.0   193082.2  157344.0 94521.7     92    4.365  24      1.298    5.663
43648.0 43648.0 14429.6  0.0   87424.0  19713.7   349568.0   193082.2  157344.0 94521.7     92    4.365  24      1.298    5.663
43648.0 43648.0 14429.6  0.0   87424.0  20820.6   349568.0   193082.2  157344.0 94521.7     92    4.365  24      1.298    5.663
43648.0 43648.0 14429.6  0.0   87424.0  23307.3   349568.0   193082.2  157344.0 94523.2     92    4.365  24      1.298    5.663
43648.0 43648.0 14429.6  0.0   87424.0  23307.3   349568.0   193082.2  157344.0 94523.2     92    4.365  24      1.298    5.663
43648.0 43648.0 14429.6  0.0   87424.0  23665.9   349568.0   193082.2  157344.0 94523.2     92    4.365  24      1.298    5.663
43648.0 43648.0 14429.6  0.0   87424.0  23758.8   349568.0   193082.2  157344.0 94523.2     92    4.365  24      1.298    5.663
43648.0 43648.0 14429.6  0.0   87424.0  26142.3   349568.0   193082.2  157344.0 94523.8     92    4.365  24      1.298    5.663
43648.0 43648.0 14429.6  0.0   87424.0  26764.9   349568.0   193082.2  157344.0 94523.8     92    4.365  24      1.298    5.663
43648.0 43648.0 14429.6  0.0   87424.0  26840.1   349568.0   193082.2  157344.0 94525.7     92    4.365  24      1.298    5.663
43648.0 43648.0 14429.6  0.0   87424.0  26842.2   349568.0   193082.2  157344.0 94525.7     92    4.365  24      1.298    5.663
43648.0 43648.0 14429.6  0.0   87424.0  26921.1   349568.0   193082.2  157344.0 94525.7     92    4.365  24      1.298    5.663
43648.0 43648.0 14429.6  0.0   87424.0  27247.0   349568.0   193082.2  157344.0 94527.5     92    4.365  24      1.298    5.663
43648.0 43648.0 14429.6  0.0   87424.0  27284.0   349568.0   193082.2  157344.0 94527.5     92    4.365  24      1.298    5.663
43648.0 43648.0 14429.6  0.0   87424.0  27322.4   349568.0   193082.2  157344.0 94527.5     92    4.365  24      1.298    5.663
43648.0 43648.0 14429.6  0.0   87424.0  31604.9   349568.0   193082.2  157344.0 94531.5     92    4.365  24      1.298    5.663
43648.0 43648.0 14429.6  0.0   87424.0  31604.9   349568.0   193082.2  157344.0 94531.5     92    4.365  24      1.298    5.663
43648.0 43648.0 14429.6  0.0   87424.0  31680.3   349568.0   193082.2  157344.0 94531.6     92    4.365  24      1.298    5.663
43648.0 43648.0 14429.6  0.0   87424.0  31773.3   349568.0   193082.2  157344.0 94531.6     92    4.365  24      1.298    5.663
43648.0 43648.0 14429.6  0.0   87424.0  31810.3   349568.0   193082.2  157344.0 94532.6     92    4.365  24      1.298    5.663
43648.0 43648.0 14429.6  0.0   87424.0  31848.7   349568.0   193082.2  157344.0 94532.6     92    4.365  24      1.298    5.663
43648.0 43648.0 14429.6  0.0   87424.0  31962.0   349568.0   193082.2  157344.0 94532.6     92    4.365  24      1.298    5.663
43648.0 43648.0 14429.6  0.0   87424.0  31962.0   349568.0   193082.2  157344.0 94532.6     92    4.365  24      1.298    5.663
43648.0 43648.0 14429.6  0.0   87424.0  32037.2   349568.0   193082.2  157344.0 94532.6     92    4.365  24      1.298    5.663
43648.0 43648.0 14429.6  0.0   87424.0  32079.6   349568.0   193082.2  157344.0 94532.6     92    4.365  24      1.298    5.663
43648.0 43648.0 14429.6  0.0   87424.0  32116.8   349568.0   193082.2  157344.0 94532.6     92    4.365  24      1.298    5.663
43648.0 43648.0 14429.6  0.0   87424.0  32193.9   349568.0   193082.2  157344.0 94532.6     92    4.365  24      1.298    5.663
43648.0 43648.0 14429.6  0.0   87424.0  34582.3   349568.0   193082.2  157344.0 94533.8     92    4.365  24      1.298    5.663
43648.0 43648.0 14429.6  0.0   87424.0  34582.3   349568.0   193082.2  157344.0 94533.8     92    4.365  24      1.298    5.663
43648.0 43648.0 14429.6  0.0   87424.0  34657.4   349568.0   193082.2  157344.0 94533.8     92    4.365  24      1.298    5.663
43648.0 43648.0 14429.6  0.0   87424.0  34695.7   349568.0   193082.2  157344.0 94533.8     92    4.365  24      1.298    5.663
43648.0 43648.0 14429.6  0.0   87424.0  34732.8   349568.0   193082.2  157344.0 94533.8     92    4.365  24      1.298    5.663
43648.0 43648.0 14429.6  0.0   87424.0  34811.1   349568.0   193082.2  157344.0 94533.8     92    4.365  24      1.298    5.663
43648.0 43648.0 14429.6  0.0   87424.0  34885.0   349568.0   193082.2  157344.0 94533.8     92    4.365  24      1.298    5.663
43648.0 43648.0 14429.6  0.0   87424.0  34885.0   349568.0   193082.2  157344.0 94533.8     92    4.365  24      1.298    5.663
43648.0 43648.0 14429.6  0.0   87424.0  34960.1   349568.0   193082.2  157344.0 94536.0     92    4.365  24      1.298    5.663
43648.0 43648.0 14429.6  0.0   87424.0  34998.5   349568.0   193082.2  157344.0 94536.0     92    4.365  24      1.298    5.663
43648.0 43648.0 14429.6  0.0   87424.0  35060.1   349568.0   193082.2  157344.0 94536.0     92    4.365  24      1.298    5.663
43648.0 43648.0 14429.6  0.0   87424.0  35098.4   349568.0   193082.2  157344.0 94536.0     92    4.365  24      1.298    5.663
43648.0 43648.0 14429.6  0.0   87424.0  37431.2   349568.0   193082.2  157344.0 94536.9     92    4.365  24      1.298    5.663
43648.0 43648.0 14429.6  0.0   87424.0  37431.2   349568.0   193082.2  157344.0 94536.9     92    4.365  24      1.298    5.663
43648.0 43648.0 14429.6  0.0   87424.0  37506.3   349568.0   193082.2  157344.0 94536.9     92    4.365  24      1.298    5.663
43648.0 43648.0 14429.6  0.0   87424.0  37638.2   349568.0   193082.2  157344.0 94536.9     92    4.365  24      1.298    5.663
43648.0 43648.0 14429.6  0.0   87424.0  37675.2   349568.0   193082.2  157344.0 94536.9     92    4.365  24      1.298    5.663
43648.0 43648.0 14429.6  0.0   87424.0  37713.6   349568.0   193082.2  157344.0 94536.9     92    4.365  24      1.298    5.663
43648.0 43648.0 14429.6  0.0   87424.0  37787.4   349568.0   193082.2  157344.0 94536.9     92    4.365  24      1.298    5.663
43648.0 43648.0 14429.6  0.0   87424.0  37787.4   349568.0   193082.2  157344.0 94536.9     92    4.365  24      1.298    5.663
43648.0 43648.0 14429.6  0.0   87424.0  37902.9   349568.0   193082.2  157344.0 94537.1     92    4.365  24      1.298    5.663
43648.0 43648.0 14429.6  0.0   87424.0  37941.2   349568.0   193082.2  157344.0 94537.1     92    4.365  24      1.298    5.663
43648.0 43648.0 14429.6  0.0   87424.0  37978.5   349568.0   193082.2  157344.0 94537.4     92    4.365  24      1.298    5.663
43648.0 43648.0 14429.6  0.0   87424.0  38020.9   349568.0   193082.2  157344.0 94537.4     92    4.365  24      1.298    5.663
43648.0 43648.0 14429.6  0.0   87424.0  40420.1   349568.0   193082.2  157344.0 94538.1     92    4.365  24      1.298    5.663
43648.0 43648.0 14429.6  0.0   87424.0  40905.6   349568.0   193082.2  157344.0 94541.3     92    4.365  24      1.298    5.663
43648.0 43648.0 14429.6  0.0   87424.0  40980.7   349568.0   193082.2  157344.0 94542.0     92    4.365  24      1.298    5.663
43648.0 43648.0 14429.6  0.0   87424.0  41078.2   349568.0   193082.2  157344.0 94542.2     92    4.365  24      1.298    5.663
43648.0 43648.0 14429.6  0.0   87424.0  41117.6   349568.0   193082.2  157344.0 94542.2     92    4.365  24      1.298    5.663
43648.0 43648.0 14429.6  0.0   87424.0  41198.3   349568.0   193082.2  157344.0 94542.2     92    4.365  24      1.298    5.663
43648.0 43648.0 14429.6  0.0   87424.0  41273.7   349568.0   193082.2  157344.0 94542.2     92    4.365  24      1.298    5.663
43648.0 43648.0 14429.6  0.0   87424.0  41273.7   349568.0   193082.2  157344.0 94542.2     92    4.365  24      1.298    5.663
43648.0 43648.0 14429.6  0.0   87424.0  41348.7   349568.0   193082.2  157344.0 94542.4     92    4.365  24      1.298    5.663
43648.0 43648.0 14429.6  0.0   87424.0  41387.0   349568.0   193082.2  157344.0 94542.4     92    4.365  24      1.298    5.663
43648.0 43648.0 14429.6  0.0   87424.0  41442.6   349568.0   193082.2  157344.0 94542.4     92    4.365  24      1.298    5.663
43648.0 43648.0 14429.6  0.0   87424.0  41485.0   349568.0   193082.2  157344.0 94542.4     92    4.365  24      1.298    5.663
43648.0 43648.0 14429.6  0.0   87424.0  43851.6   349568.0   193082.2  157344.0 94546.0     92    4.365  24      1.298    5.663
43648.0 43648.0 14429.6  0.0   87424.0  43851.6   349568.0   193082.2  157344.0 94546.0     92    4.365  24      1.298    5.663
43648.0 43648.0 14429.6  0.0   87424.0  43927.2   349568.0   193082.2  157344.0 94546.0     92    4.365  24      1.298    5.663
43648.0 43648.0 14429.6  0.0   87424.0  44058.9   349568.0   193082.2  157344.0 94546.0     92    4.365  24      1.298    5.663
43648.0 43648.0 14429.6  0.0   87424.0  44443.8   349568.0   193082.2  157344.0 94556.8     92    4.365  24      1.298    5.663
43648.0 43648.0 14429.6  0.0   87424.0  44482.2   349568.0   193082.2  157344.0 94556.8     92    4.365  24      1.298    5.663
43648.0 43648.0 14429.6  0.0   87424.0  44557.3   349568.0   193082.2  157344.0 94559.5     92    4.365  24      1.298    5.663
43648.0 43648.0 14429.6  0.0   87424.0  44557.3   349568.0   193082.2  157344.0 94559.5     92    4.365  24      1.298    5.663
43648.0 43648.0 14429.6  0.0   87424.0  44632.1   349568.0   193082.2  157344.0 94559.5     92    4.365  24      1.298    5.663
43648.0 43648.0 14429.6  0.0   87424.0  44709.2   349568.0   193082.2  157344.0 94559.5     92    4.365  24      1.298    5.663
43648.0 43648.0 14429.6  0.0   87424.0  44746.3   349568.0   193082.2  157344.0 94559.5     92    4.365  24      1.298    5.663
43648.0 43648.0 14429.6  0.0   87424.0  44784.6   349568.0   193082.2  157344.0 94559.5     92    4.365  24      1.298    5.663
43648.0 43648.0 14429.6  0.0   87424.0  47189.4   349568.0   193082.2  157344.0 94560.2     92    4.365  24      1.298    5.663
43648.0 43648.0 14429.6  0.0   87424.0  47189.4   349568.0   193082.2  157344.0 94560.2     92    4.365  24      1.298    5.663
43648.0 43648.0 14429.6  0.0   87424.0  47264.5   349568.0   193082.2  157344.0 94560.4     92    4.365  24      1.298    5.663
43648.0 43648.0 14429.6  0.0   87424.0  47790.3   349568.0   193082.2  157344.0 94560.4     92    4.365  24      1.298    5.663
43648.0 43648.0 14429.6  0.0   87424.0  47827.3   349568.0   193082.2  157344.0 94560.4     92    4.365  24      1.298    5.663
43648.0 43648.0 14429.6  0.0   87424.0  47865.7   349568.0   193082.2  157344.0 94560.4     92    4.365  24      1.298    5.663
43648.0 43648.0 14429.6  0.0   87424.0  47939.5   349568.0   193082.2  157344.0 94560.4     92    4.365  24      1.298    5.663
43648.0 43648.0 14429.6  0.0   87424.0  47939.5   349568.0   193082.2  157344.0 94560.4     92    4.365  24      1.298    5.663
43648.0 43648.0 14429.6  0.0   87424.0  48053.5   349568.0   193082.2  157344.0 94560.4     92    4.365  24      1.298    5.663
43648.0 43648.0 14429.6  0.0   87424.0  48091.8   349568.0   193082.2  157344.0 94560.4     92    4.365  24      1.298    5.663
43648.0 43648.0 14429.6  0.0   87424.0  48129.0   349568.0   193082.2  157344.0 94560.7     92    4.365  24      1.298    5.663
43648.0 43648.0 14429.6  0.0   87424.0  48167.4   349568.0   193082.2  157344.0 94560.7     92    4.365  24      1.298    5.663
43648.0 43648.0 14429.6  0.0   87424.0  50534.7   349568.0   193082.2  157344.0 94561.9     92    4.365  24      1.298    5.663
43648.0 43648.0 14429.6  0.0   87424.0  50578.7   349568.0   193082.2  157344.0 94561.9     92    4.365  24      1.298    5.663
43648.0 43648.0 14429.6  0.0   87424.0  50653.8   349568.0   193082.2  157344.0 94562.1     92    4.365  24      1.298    5.663
43648.0 43648.0 14429.6  0.0   87424.0  50747.9   349568.0   193082.2  157344.0 94562.1     92    4.365  24      1.298    5.663
43648.0 43648.0 14429.6  0.0   87424.0  50784.9   349568.0   193082.2  157344.0 94562.1     92    4.365  24      1.298    5.663
43648.0 43648.0 14429.6  0.0   87424.0  50823.3   349568.0   193082.2  157344.0 94562.1     92    4.365  24      1.298    5.663
43648.0 43648.0 14429.6  0.0   87424.0  50917.5   349568.0   193082.2  157344.0 94562.1     92    4.365  24      1.298    5.663
43648.0 43648.0 14429.6  0.0   87424.0  50917.5   349568.0   193082.2  157344.0 94562.1     92    4.365  24      1.298    5.663
43648.0 43648.0 14429.6  0.0   87424.0  50992.6   349568.0   193082.2  157344.0 94562.1     92    4.365  24      1.298    5.663
43648.0 43648.0 14429.6  0.0   87424.0  51031.0   349568.0   193082.2  157344.0 94562.1     92    4.365  24      1.298    5.663
43648.0 43648.0 14429.6  0.0   87424.0  51068.2   349568.0   193082.2  157344.0 94562.1     92    4.365  24      1.298    5.663
43648.0 43648.0 14429.6  0.0   87424.0  51106.5   349568.0   193082.2  157344.0 94562.1     92    4.365  24      1.298    5.663
43648.0 43648.0 14429.6  0.0   87424.0  53539.3   349568.0   193082.2  157344.0 94571.2     92    4.365  24      1.298    5.663
43648.0 43648.0 14429.6  0.0   87424.0  53539.3   349568.0   193082.2  157344.0 94571.2     92    4.365  24      1.298    5.663
43648.0 43648.0 14429.6  0.0   87424.0  53618.5   349568.0   193082.2  157344.0 94571.2     92    4.365  24      1.298    5.663
43648.0 43648.0 14429.6  0.0   87424.0  53656.8   349568.0   193082.2  157344.0 94571.2     92    4.365  24      1.298    5.663
43648.0 43648.0 14429.6  0.0   87424.0  53693.9   349568.0   193082.2  157344.0 94571.2     92    4.365  24      1.298    5.663
43648.0 43648.0 14429.6  0.0   87424.0  53734.3   349568.0   193082.2  157344.0 94571.2     92    4.365  24      1.298    5.663
43648.0 43648.0 14429.6  0.0   87424.0  53848.4   349568.0   193082.2  157344.0 94571.5     92    4.365  24      1.298    5.663
43648.0 43648.0 14429.6  0.0   87424.0  53848.4   349568.0   193082.2  157344.0 94571.5     92    4.365  24      1.298    5.663
43648.0 43648.0 14429.6  0.0   87424.0  53923.6   349568.0   193082.2  157344.0 94571.5     92    4.365  24      1.298    5.663
43648.0 43648.0 14429.6  0.0   87424.0  53961.9   349568.0   193082.2  157344.0 94571.5     92    4.365  24      1.298    5.663
43648.0 43648.0 14429.6  0.0   87424.0  53999.2   349568.0   193082.2  157344.0 94571.5     92    4.365  24      1.298    5.663
43648.0 43648.0 14429.6  0.0   87424.0  54077.1   349568.0   193082.2  157344.0 94572.7     92    4.365  24      1.298    5.663
43648.0 43648.0 14429.6  0.0   87424.0  56472.5   349568.0   193082.2  157344.0 94574.7     92    4.365  24      1.298    5.663
43648.0 43648.0 14429.6  0.0   87424.0  56918.4   349568.0   193082.2  157344.0 94579.4     92    4.365  24      1.298    5.663
43648.0 43648.0 14429.6  0.0   87424.0  56993.5   349568.0   193082.2  157344.0 94580.0     92    4.365  24      1.298    5.663
43648.0 43648.0 14429.6  0.0   87424.0  57091.1   349568.0   193082.2  157344.0 94580.0     92    4.365  24      1.298    5.663
43648.0 43648.0 14429.6  0.0   87424.0  57168.5   349568.0   193082.2  157344.0 94580.0     92    4.365  24      1.298    5.663
43648.0 43648.0 14429.6  0.0   87424.0  57206.8   349568.0   193082.2  157344.0 94580.0     92    4.365  24      1.298    5.663
43648.0 43648.0 14429.6  0.0   87424.0  57280.7   349568.0   193082.2  157344.0 94580.0     92    4.365  24      1.298    5.663
43648.0 43648.0 14429.6  0.0   87424.0  57280.7   349568.0   193082.2  157344.0 94580.0     92    4.365  24      1.298    5.663
43648.0 43648.0 14429.6  0.0   87424.0  57355.8   349568.0   193082.2  157344.0 94580.0     92    4.365  24      1.298    5.663
43648.0 43648.0 14429.6  0.0   87424.0  57394.2   349568.0   193082.2  157344.0 94580.0     92    4.365  24      1.298    5.663
43648.0 43648.0 14429.6  0.0   87424.0  57451.5   349568.0   193082.2  157344.0 94580.0     92    4.365  24      1.298    5.663
43648.0 43648.0 14429.6  0.0   87424.0  57489.9   349568.0   193082.2  157344.0 94580.0     92    4.365  24      1.298    5.663
43648.0 43648.0 14429.6  0.0   87424.0  59868.1   349568.0   193082.2  157344.0 94585.1     92    4.365  24      1.298    5.663
43648.0 43648.0 14429.6  0.0   87424.0  59868.1   349568.0   193082.2  157344.0 94585.1     92    4.365  24      1.298    5.663
43648.0 43648.0 14429.6  0.0   87424.0  59943.2   349568.0   193082.2  157344.0 94585.1     92    4.365  24      1.298    5.663
43648.0 43648.0 14429.6  0.0   87424.0  59985.6   349568.0   193082.2  157344.0 94586.2     92    4.365  24      1.298    5.663
43648.0 43648.0 14429.6  0.0   87424.0  60760.9   349568.0   193082.2  157344.0 94587.2     92    4.365  24      1.298    5.663
43648.0 43648.0 14429.6  0.0   87424.0  60799.2   349568.0   193082.2  157344.0 94587.2     92    4.365  24      1.298    5.663
43648.0 43648.0 14429.6  0.0   87424.0  60873.1   349568.0   193082.2  157344.0 94587.2     92    4.365  24      1.298    5.663
43648.0 43648.0 14429.6  0.0   87424.0  60873.1   349568.0   193082.2  157344.0 94587.2     92    4.365  24      1.298    5.663
43648.0 43648.0 14429.6  0.0   87424.0  60954.0   349568.0   193082.2  157344.0 94587.8     92    4.365  24      1.298    5.663
43648.0 43648.0 14429.6  0.0   87424.0  61031.2   349568.0   193082.2  157344.0 94587.8     92    4.365  24      1.298    5.663
43648.0 43648.0 14429.6  0.0   87424.0  61068.4   349568.0   193082.2  157344.0 94587.9     92    4.365  24      1.298    5.663
43648.0 43648.0 14429.6  0.0   87424.0  61106.8   349568.0   193082.2  157344.0 94587.9     92    4.365  24      1.298    5.663
43648.0 43648.0 14429.6  0.0   87424.0  63491.5   349568.0   193082.2  157344.0 94588.5     92    4.365  24      1.298    5.663
43648.0 43648.0 14429.6  0.0   87424.0  63491.5   349568.0   193082.2  157344.0 94588.5     92    4.365  24      1.298    5.663
43648.0 43648.0 14429.6  0.0   87424.0  63606.0   349568.0   193082.2  157344.0 94588.5     92    4.365  24      1.298    5.663
43648.0 43648.0 14429.6  0.0   87424.0  63699.4   349568.0   193082.2  157344.0 94588.5     92    4.365  24      1.298    5.663
43648.0 43648.0 14429.6  0.0   87424.0  63740.5   349568.0   193082.2  157344.0 94588.5     92    4.365  24      1.298    5.663
43648.0 43648.0 14429.6  0.0   87424.0  63778.9   349568.0   193082.2  157344.0 94588.5     92    4.365  24      1.298    5.663
43648.0 43648.0 14429.6  0.0   87424.0  63891.5   349568.0   193082.2  157344.0 94588.5     92    4.365  24      1.298    5.663
43648.0 43648.0 14429.6  0.0   87424.0  63891.5   349568.0   193082.2  157344.0 94588.5     92    4.365  24      1.298    5.663
43648.0 43648.0 14429.6  0.0   87424.0  63966.7   349568.0   193082.2  157344.0 94588.5     92    4.365  24      1.298    5.663
43648.0 43648.0 14429.6  0.0   87424.0  64005.0   349568.0   193082.2  157344.0 94588.5     92    4.365  24      1.298    5.663
43648.0 43648.0 14429.6  0.0   87424.0  64042.2   349568.0   193082.2  157344.0 94588.5     92    4.365  24      1.298    5.663
43648.0 43648.0 14429.6  0.0   87424.0  64080.6   349568.0   193082.2  157344.0 94588.5     92    4.365  24      1.298    5.663
43648.0 43648.0 14429.6  0.0   87424.0  66519.7   349568.0   193082.2  157344.0 94591.7     92    4.365  24      1.298    5.663
43648.0 43648.0 14429.6  0.0   87424.0  66519.7   349568.0   193082.2  157344.0 94591.7     92    4.365  24      1.298    5.663
43648.0 43648.0 14429.6  0.0   87424.0  66594.8   349568.0   193082.2  157344.0 94591.7     92    4.365  24      1.298    5.663
43648.0 43648.0 14429.6  0.0   87424.0  66633.1   349568.0   193082.2  157344.0 94591.7     92    4.365  24      1.298    5.663
43648.0 43648.0 14429.6  0.0   87424.0  66670.4   349568.0   193082.2  157344.0 94591.8     92    4.365  24      1.298    5.663
43648.0 43648.0 14429.6  0.0   87424.0  66733.2   349568.0   193082.2  157344.0 94591.8     92    4.365  24      1.298    5.663
43648.0 43648.0 14429.6  0.0   87424.0  66807.0   349568.0   193082.2  157344.0 94591.8     92    4.365  24      1.298    5.663
43648.0 43648.0 14429.6  0.0   87424.0  66807.0   349568.0   193082.2  157344.0 94591.8     92    4.365  24      1.298    5.663
43648.0 43648.0 14429.6  0.0   87424.0  66882.1   349568.0   193082.2  157344.0 94591.8     92    4.365  24      1.298    5.663
43648.0 43648.0 14429.6  0.0   87424.0  66920.5   349568.0   193082.2  157344.0 94591.8     92    4.365  24      1.298    5.663
43648.0 43648.0 14429.6  0.0   87424.0  66957.7   349568.0   193082.2  157344.0 94591.8     92    4.365  24      1.298    5.663
43648.0 43648.0 14429.6  0.0   87424.0  67036.9   349568.0   193082.2  157344.0 94591.8     92    4.365  24      1.298    5.663
43648.0 43648.0 14429.6  0.0   87424.0  69402.2   349568.0   193082.2  157344.0 94595.0     92    4.365  24      1.298    5.663
43648.0 43648.0 14429.6  0.0   87424.0  69402.2   349568.0   193082.2  157344.0 94595.0     92    4.365  24      1.298    5.663
43648.0 43648.0 14429.6  0.0   87424.0  69477.3   349568.0   193082.2  157344.0 94595.0     92    4.365  24      1.298    5.663
43648.0 43648.0 14429.6  0.0   87424.0  69570.8   349568.0   193082.2  157344.0 94595.0     92    4.365  24      1.298    5.663
43648.0 43648.0 14429.6  0.0   87424.0  69648.2   349568.0   193082.2  157344.0 94595.0     92    4.365  24      1.298    5.663
43648.0 43648.0 14429.6  0.0   87424.0  69686.5   349568.0   193082.2  157344.0 94595.0     92    4.365  24      1.298    5.663
43648.0 43648.0 14429.6  0.0   87424.0  69765.7   349568.0   193082.2  157344.0 94595.0     92    4.365  24      1.298    5.663
43648.0 43648.0 14429.6  0.0   87424.0  69765.7   349568.0   193082.2  157344.0 94595.0     92    4.365  24      1.298    5.663
43648.0 43648.0 14429.6  0.0   87424.0  69840.7   349568.0   193082.2  157344.0 94595.0     92    4.365  24      1.298    5.663
43648.0 43648.0 14429.6  0.0   87424.0  69879.0   349568.0   193082.2  157344.0 94595.0     92    4.365  24      1.298    5.663
43648.0 43648.0 14429.6  0.0   87424.0  69955.7   349568.0   193082.2  157344.0 94595.0     92    4.365  24      1.298    5.663
43648.0 43648.0 14429.6  0.0   87424.0  69994.0   349568.0   193082.2  157344.0 94595.0     92    4.365  24      1.298    5.663
43648.0 43648.0 14429.6  0.0   87424.0  72381.6   349568.0   193082.2  157344.0 94596.4     92    4.365  24      1.298    5.663
43648.0 43648.0 14429.6  0.0   87424.0  72827.6   349568.0   193082.2  157344.0 94597.2     92    4.365  24      1.298    5.663
43648.0 43648.0 14429.6  0.0   87424.0  72903.7   349568.0   193082.2  157344.0 94597.5     92    4.365  24      1.298    5.663
43648.0 43648.0 14429.6  0.0   87424.0  72982.2   349568.0   193082.2  157344.0 94597.5     92    4.365  24      1.298    5.663
43648.0 43648.0 14429.6  0.0   87424.0  73019.3   349568.0   193082.2  157344.0 94597.5     92    4.365  24      1.298    5.663
43648.0 43648.0 14429.6  0.0   87424.0  73057.6   349568.0   193082.2  157344.0 94597.5     92    4.365  24      1.298    5.663
43648.0 43648.0 14429.6  0.0   87424.0  73131.5   349568.0   193082.2  157344.0 94597.5     92    4.365  24      1.298    5.663
43648.0 43648.0 14429.6  0.0   87424.0  73135.6   349568.0   193082.2  157344.0 94597.5     92    4.365  24      1.298    5.663
43648.0 43648.0 14429.6  0.0   87424.0  73249.9   349568.0   193082.2  157344.0 94597.5     92    4.365  24      1.298    5.663
43648.0 43648.0 14429.6  0.0   87424.0  73288.3   349568.0   193082.2  157344.0 94597.5     92    4.365  24      1.298    5.663
43648.0 43648.0 14429.6  0.0   87424.0  73325.5   349568.0   193082.2  157344.0 94597.5     92    4.365  24      1.298    5.663
43648.0 43648.0 14429.6  0.0   87424.0  73363.8   349568.0   193082.2  157344.0 94597.5     92    4.365  24      1.298    5.663
43648.0 43648.0 14429.6  0.0   87424.0  75742.3   349568.0   193082.2  157344.0 94597.8     92    4.365  24      1.298    5.663
43648.0 43648.0 14429.6  0.0   87424.0  75762.0   349568.0   193082.2  157344.0 94597.8     92    4.365  24      1.298    5.663
43648.0 43648.0 14429.6  0.0   87424.0  75837.1   349568.0   193082.2  157344.0 94597.8     92    4.365  24      1.298    5.663
43648.0 43648.0 14429.6  0.0   87424.0  75930.2   349568.0   193082.2  157344.0 94597.8     92    4.365  24      1.298    5.663
43648.0 43648.0 14429.6  0.0   87424.0  76320.2   349568.0   193082.2  157344.0 94597.8     92    4.365  24      1.298    5.663
43648.0 43648.0 14429.6  0.0   87424.0  76358.5   349568.0   193082.2  157344.0 94597.8     92    4.365  24      1.298    5.663
43648.0 43648.0 14429.6  0.0   87424.0  76471.5   349568.0   193082.2  157344.0 94597.8     92    4.365  24      1.298    5.663
43648.0 43648.0 14429.6  0.0   87424.0  76475.5   349568.0   193082.2  157344.0 94597.8     92    4.365  24      1.298    5.663
43648.0 43648.0 14429.6  0.0   87424.0  76550.7   349568.0   193082.2  157344.0 94601.1     92    4.365  24      1.298    5.663
43648.0 43648.0 14429.6  0.0   87424.0  76589.0   349568.0   193082.2  157344.0 94601.1     92    4.365  24      1.298    5.663
43648.0 43648.0 14429.6  0.0   87424.0  76626.3   349568.0   193082.2  157344.0 94601.1     92    4.365  24      1.298    5.663
43648.0 43648.0 14429.6  0.0   87424.0  76706.7   349568.0   193082.2  157344.0 94601.1     92    4.365  24      1.298    5.663
43648.0 43648.0 14429.6  0.0   87424.0  79093.2   349568.0   193082.2  157344.0 94605.3     92    4.365  24      1.298    5.663
43648.0 43648.0 14429.6  0.0   87424.0  79093.2   349568.0   193082.2  157344.0 94605.3     92    4.365  24      1.298    5.663
43648.0 43648.0 14429.6  0.0   87424.0  79168.2   349568.0   193082.2  157344.0 94605.3     92    4.365  24      1.298    5.663
43648.0 43648.0 14429.6  0.0   87424.0  79206.6   349568.0   193082.2  157344.0 94605.3     92    4.365  24      1.298    5.663
43648.0 43648.0 14429.6  0.0   87424.0  79243.6   349568.0   193082.2  157344.0 94605.3     92    4.365  24      1.298    5.663
43648.0 43648.0 14429.6  0.0   87424.0  79322.4   349568.0   193082.2  157344.0 94605.3     92    4.365  24      1.298    5.663
43648.0 43648.0 14429.6  0.0   87424.0  79396.2   349568.0   193082.2  157344.0 94605.3     92    4.365  24      1.298    5.663
43648.0 43648.0 14429.6  0.0   87424.0  79396.2   349568.0   193082.2  157344.0 94605.3     92    4.365  24      1.298    5.663
43648.0 43648.0 14429.6  0.0   87424.0  79477.7   349568.0   193082.2  157344.0 94605.3     92    4.365  24      1.298    5.663
43648.0 43648.0 14429.6  0.0   87424.0  79516.0   349568.0   193082.2  157344.0 94605.3     92    4.365  24      1.298    5.663
43648.0 43648.0 14429.6  0.0   87424.0  79571.5   349568.0   193082.2  157344.0 94605.3     92    4.365  24      1.298    5.663
43648.0 43648.0 14429.6  0.0   87424.0  79609.8   349568.0   193082.2  157344.0 94605.3     92    4.365  24      1.298    5.663
43648.0 43648.0 14429.6  0.0   87424.0  81992.8   349568.0   193082.2  157344.0 94606.1     92    4.365  24      1.298    5.663
43648.0 43648.0 14429.6  0.0   87424.0  81992.8   349568.0   193082.2  157344.0 94606.1     92    4.365  24      1.298    5.663
43648.0 43648.0 14429.6  0.0   87424.0  82107.3   349568.0   193082.2  157344.0 94606.1     92    4.365  24      1.298    5.663
43648.0 43648.0 14429.6  0.0   87424.0  82200.4   349568.0   193082.2  157344.0 94606.1     92    4.365  24      1.298    5.663
43648.0 43648.0 14429.6  0.0   87424.0  82235.4   349568.0   193082.2  157344.0 94606.1     92    4.365  24      1.298    5.663
43648.0 43648.0 14429.6  0.0   87424.0  82275.8   349568.0   193082.2  157344.0 94606.1     92    4.365  24      1.298    5.663
43648.0 43648.0 14429.6  0.0   87424.0  82350.9   349568.0   193082.2  157344.0 94606.1     92    4.365  24      1.298    5.663
43648.0 43648.0 14429.6  0.0   87424.0  82389.7   349568.0   193082.2  157344.0 94606.1     92    4.365  24      1.298    5.663
43648.0 43648.0 14429.6  0.0   87424.0  82464.5   349568.0   193082.2  157344.0 94606.1     92    4.365  24      1.298    5.663
43648.0 43648.0 14429.6  0.0   87424.0  82506.9   349568.0   193082.2  157344.0 94606.1     92    4.365  24      1.298    5.663
43648.0 43648.0 14429.6  0.0   87424.0  82544.0   349568.0   193082.2  157344.0 94606.3     92    4.365  24      1.298    5.663
43648.0 43648.0 14429.6  0.0   87424.0  82582.3   349568.0   193082.2  157344.0 94606.3     92    4.365  24      1.298    5.663
43648.0 43648.0 14429.6  0.0   87424.0  84964.6   349568.0   193082.2  157344.0 94606.3     92    4.365  24      1.298    5.663
43648.0 43648.0 14429.6  0.0   87424.0  85004.1   349568.0   193082.2  157344.0 94606.3     92    4.365  24      1.298    5.663
43648.0 43648.0 14429.6  0.0   87424.0  85079.2   349568.0   193082.2  157344.0 94606.3     92    4.365  24      1.298    5.663
43648.0 43648.0 14429.6  0.0   87424.0  85117.5   349568.0   193082.2  157344.0 94606.3     92    4.365  24      1.298    5.663
43648.0 43648.0 14429.6  0.0   87424.0  85154.6   349568.0   193082.2  157344.0 94606.5     92    4.365  24      1.298    5.663
43648.0 43648.0 14429.6  0.0   87424.0  85192.9   349568.0   193082.2  157344.0 94606.5     92    4.365  24      1.298    5.663
43648.0 43648.0 14429.6  0.0   87424.0  85305.6   349568.0   193082.2  157344.0 94606.5     92    4.365  24      1.298    5.663
43648.0 43648.0 14429.6  0.0   87424.0  85305.6   349568.0   193082.2  157344.0 94606.5     92    4.365  24      1.298    5.663
43648.0 43648.0 14429.6  0.0   87424.0  85380.7   349568.0   193082.2  157344.0 94606.5     92    4.365  24      1.298    5.663
43648.0 43648.0 14429.6  0.0   87424.0  85419.1   349568.0   193082.2  157344.0 94606.5     92    4.365  24      1.298    5.663
43648.0 43648.0 14429.6  0.0   87424.0  85460.3   349568.0   193082.2  157344.0 94606.5     92    4.365  24      1.298    5.663
43648.0 43648.0 14429.6  0.0   87424.0  85498.7   349568.0   193082.2  157344.0 94606.5     92    4.365  24      1.298    5.663
43648.0 43648.0  0.0   16351.8 87424.0   660.7    349568.0   193082.2  157344.0 94610.8     93    4.451  24      1.298    5.749
43648.0 43648.0  0.0   16351.8 87424.0   1259.9   349568.0   193082.2  157344.0 94611.4     93    4.451  24      1.298    5.749
43648.0 43648.0  0.0   16351.8 87424.0   1358.8   349568.0   193082.2  157344.0 94611.4     93    4.451  24      1.298    5.749
43648.0 43648.0  0.0   16351.8 87424.0   1489.0   349568.0   193082.2  157344.0 94611.4     93    4.451  24      1.298    5.749
43648.0 43648.0  0.0   16351.8 87424.0   1518.5   349568.0   193082.2  157344.0 94611.4     93    4.451  24      1.298    5.749
43648.0 43648.0  0.0   16351.8 87424.0   1624.3   349568.0   193082.2  157344.0 94611.4     93    4.451  24      1.298    5.749
43648.0 43648.0  0.0   16351.8 87424.0   1691.8   349568.0   193082.2  157344.0 94611.4     93    4.451  24      1.298    5.749
43648.0 43648.0  0.0   16351.8 87424.0   1691.8   349568.0   193082.2  157344.0 94611.4     93    4.451  24      1.298    5.749
43648.0 43648.0  0.0   16351.8 87424.0   1759.3   349568.0   193082.2  157344.0 94611.4     93    4.451  24      1.298    5.749
43648.0 43648.0  0.0   16351.8 87424.0   1797.3   349568.0   193082.2  157344.0 94611.4     93    4.451  24      1.298    5.749
43648.0 43648.0  0.0   16351.8 87424.0   1890.5   349568.0   193082.2  157344.0 94611.4     93    4.451  24      1.298    5.749
43648.0 43648.0  0.0   16351.8 87424.0   1928.4   349568.0   193082.2  157344.0 94611.4     93    4.451  24      1.298    5.749
43648.0 43648.0  0.0   16351.8 87424.0   4154.0   349568.0   193082.2  157344.0 94617.0     93    4.451  24      1.298    5.749
43648.0 43648.0  0.0   16351.8 87424.0   4158.1   349568.0   193082.2  157344.0 94617.0     93    4.451  24      1.298    5.749
43648.0 43648.0  0.0   16351.8 87424.0   4225.5   349568.0   193082.2  157344.0 94617.0     93    4.451  24      1.298    5.749
43648.0 43648.0  0.0   16351.8 87424.0   4337.0   349568.0   193082.2  157344.0 94617.0     93    4.451  24      1.298    5.749
43648.0 43648.0  0.0   16351.8 87424.0   5136.0   349568.0   193082.2  157344.0 94618.0     93    4.451  24      1.298    5.749
43648.0 43648.0  0.0   16351.8 87424.0   5173.9   349568.0   193082.2  157344.0 94618.0     93    4.451  24      1.298    5.749
43648.0 43648.0  0.0   16351.8 87424.0   5241.3   349568.0   193082.2  157344.0 94618.3     93    4.451  24      1.298    5.749
43648.0 43648.0  0.0   16351.8 87424.0   5241.3   349568.0   193082.2  157344.0 94618.3     93    4.451  24      1.298    5.749
43648.0 43648.0  0.0   16351.8 87424.0   5338.4   349568.0   193082.2  157344.0 94618.3     93    4.451  24      1.298    5.749
43648.0 43648.0  0.0   16351.8 87424.0   5410.9   349568.0   193082.2  157344.0 94618.3     93    4.451  24      1.298    5.749
43648.0 43648.0  0.0   16351.8 87424.0   5440.4   349568.0   193082.2  157344.0 94618.3     93    4.451  24      1.298    5.749
43648.0 43648.0  0.0   16351.8 87424.0   5478.2   349568.0   193082.2  157344.0 94618.3     93    4.451  24      1.298    5.749
43648.0 43648.0  0.0   16351.8 87424.0   7831.7   349568.0   193082.2  157344.0 94618.3     93    4.451  24      1.298    5.749
43648.0 43648.0  0.0   16351.8 87424.0   7831.7   349568.0   193082.2  157344.0 94618.3     93    4.451  24      1.298    5.749
43648.0 43648.0  0.0   16351.8 87424.0   7938.8   349568.0   193082.2  157344.0 94618.3     93    4.451  24      1.298    5.749
43648.0 43648.0  0.0   16351.8 87424.0   8017.2   349568.0   193082.2  157344.0 94618.3     93    4.451  24      1.298    5.749
43648.0 43648.0  0.0   16351.8 87424.0   8076.3   349568.0   193082.2  157344.0 94618.3     93    4.451  24      1.298    5.749
43648.0 43648.0  0.0   16351.8 87424.0   8114.1   349568.0   193082.2  157344.0 94618.3     93    4.451  24      1.298    5.749
43648.0 43648.0  0.0   16351.8 87424.0   8181.6   349568.0   193082.2  157344.0 94618.3     93    4.451  24      1.298    5.749
43648.0 43648.0  0.0   16351.8 87424.0   8181.6   349568.0   193082.2  157344.0 94618.3     93    4.451  24      1.298    5.749
43648.0 43648.0  0.0   16351.8 87424.0   8283.5   349568.0   193082.2  157344.0 94618.3     93    4.451  24      1.298    5.749
43648.0 43648.0  0.0   16351.8 87424.0   8321.4   349568.0   193082.2  157344.0 94618.3     93    4.451  24      1.298    5.749
43648.0 43648.0  0.0   16351.8 87424.0   8351.0   349568.0   193082.2  157344.0 94618.3     93    4.451  24      1.298    5.749
43648.0 43648.0  0.0   16351.8 87424.0   8388.9   349568.0   193082.2  157344.0 94618.3     93    4.451  24      1.298    5.749
43648.0 43648.0  0.0   16351.8 87424.0  10780.4   349568.0   193082.2  157344.0 94618.8     93    4.451  24      1.298    5.749
43648.0 43648.0  0.0   16351.8 87424.0  10814.9   349568.0   193082.2  157344.0 94618.8     93    4.451  24      1.298    5.749
43648.0 43648.0  0.0   16351.8 87424.0  10882.3   349568.0   193082.2  157344.0 94618.8     93    4.451  24      1.298    5.749
43648.0 43648.0  0.0   16351.8 87424.0  10924.3   349568.0   193082.2  157344.0 94618.8     93    4.451  24      1.298    5.749
43648.0 43648.0  0.0   16351.8 87424.0  10953.8   349568.0   193082.2  157344.0 94619.7     93    4.451  24      1.298    5.749
43648.0 43648.0  0.0   16351.8 87424.0  10991.7   349568.0   193082.2  157344.0 94619.7     93    4.451  24      1.298    5.749
43648.0 43648.0  0.0   16351.8 87424.0  11093.8   349568.0   193082.2  157344.0 94619.7     93    4.451  24      1.298    5.749
43648.0 43648.0  0.0   16351.8 87424.0  11093.8   349568.0   193082.2  157344.0 94619.7     93    4.451  24      1.298    5.749
43648.0 43648.0  0.0   16351.8 87424.0  11161.1   349568.0   193082.2  157344.0 94619.7     93    4.451  24      1.298    5.749
43648.0 43648.0  0.0   16351.8 87424.0  11199.1   349568.0   193082.2  157344.0 94619.7     93    4.451  24      1.298    5.749
43648.0 43648.0  0.0   16351.8 87424.0  11258.3   349568.0   193082.2  157344.0 94619.7     93    4.451  24      1.298    5.749
43648.0 43648.0  0.0   16351.8 87424.0  11296.1   349568.0   193082.2  157344.0 94619.7     93    4.451  24      1.298    5.749
43648.0 43648.0  0.0   16351.8 87424.0  13692.0   349568.0   193082.2  157344.0 94620.5     93    4.451  24      1.298    5.749
43648.0 43648.0  0.0   16351.8 87424.0  13692.0   349568.0   193082.2  157344.0 94620.5     93    4.451  24      1.298    5.749
43648.0 43648.0  0.0   16351.8 87424.0  13759.4   349568.0   193082.2  157344.0 94620.5     93    4.451  24      1.298    5.749
43648.0 43648.0  0.0   16351.8 87424.0  13840.7   349568.0   193082.2  157344.0 94620.5     93    4.451  24      1.298    5.749
43648.0 43648.0  0.0   16351.8 87424.0  13870.4   349568.0   193082.2  157344.0 94620.5     93    4.451  24      1.298    5.749
43648.0 43648.0  0.0   16351.8 87424.0  13944.2   349568.0   193082.2  157344.0 94620.5     93    4.451  24      1.298    5.749
43648.0 43648.0  0.0   16351.8 87424.0  14041.3   349568.0   193082.2  157344.0 94620.5     93    4.451  24      1.298    5.749
43648.0 43648.0  0.0   16351.8 87424.0  14041.3   349568.0   193082.2  157344.0 94620.5     93    4.451  24      1.298    5.749
43648.0 43648.0  0.0   16351.8 87424.0  14108.9   349568.0   193082.2  157344.0 94620.5     93    4.451  24      1.298    5.749
43648.0 43648.0  0.0   16351.8 87424.0  14146.9   349568.0   193082.2  157344.0 94620.5     93    4.451  24      1.298    5.749
43648.0 43648.0  0.0   16351.8 87424.0  14176.4   349568.0   193082.2  157344.0 94620.5     93    4.451  24      1.298    5.749
43648.0 43648.0  0.0   16351.8 87424.0  14248.1   349568.0   193082.2  157344.0 94620.5     93    4.451  24      1.298    5.749
43648.0 43648.0  0.0   16351.8 87424.0  16632.1   349568.0   193082.2  157344.0 94620.5     93    4.451  24      1.298    5.749
43648.0 43648.0  0.0   16351.8 87424.0  16931.3   349568.0   193082.2  157344.0 94620.9     93    4.451  24      1.298    5.749
43648.0 43648.0  0.0   16351.8 87424.0  16998.9   349568.0   193082.2  157344.0 94620.9     93    4.451  24      1.298    5.749
43648.0 43648.0  0.0   16351.8 87424.0  17385.9   349568.0   193082.2  157344.0 94620.9     93    4.451  24      1.298    5.749
43648.0 43648.0  0.0   16351.8 87424.0  17483.7   349568.0   193082.2  157344.0 94620.9     93    4.451  24      1.298    5.749
43648.0 43648.0  0.0   16351.8 87424.0  17521.5   349568.0   193082.2  157344.0 94620.9     93    4.451  24      1.298    5.749
43648.0 43648.0  0.0   16351.8 87424.0  17588.9   349568.0   193082.2  157344.0 94620.9     93    4.451  24      1.298    5.749
43648.0 43648.0  0.0   16351.8 87424.0  17588.9   349568.0   193082.2  157344.0 94620.9     93    4.451  24      1.298    5.749
43648.0 43648.0  0.0   16351.8 87424.0  17656.3   349568.0   193082.2  157344.0 94620.9     93    4.451  24      1.298    5.749
43648.0 43648.0  0.0   16351.8 87424.0  17694.1   349568.0   193082.2  157344.0 94620.9     93    4.451  24      1.298    5.749
43648.0 43648.0  0.0   16351.8 87424.0  17759.1   349568.0   193082.2  157344.0 94620.9     93    4.451  24      1.298    5.749
43648.0 43648.0  0.0   16351.8 87424.0  17797.1   349568.0   193082.2  157344.0 94620.9     93    4.451  24      1.298    5.749
43648.0 43648.0  0.0   16351.8 87424.0  20201.9   349568.0   193082.2  157344.0 94620.9     93    4.451  24      1.298    5.749
43648.0 43648.0  0.0   16351.8 87424.0  20201.9   349568.0   193082.2  157344.0 94620.9     93    4.451  24      1.298    5.749
43648.0 43648.0  0.0   16351.8 87424.0  20269.4   349568.0   193082.2  157344.0 94620.9     93    4.451  24      1.298    5.749
43648.0 43648.0  0.0   16351.8 87424.0  20342.2   349568.0   193082.2  157344.0 94620.9     93    4.451  24      1.298    5.749
43648.0 43648.0  0.0   16351.8 87424.0  20756.4   349568.0   193082.2  157344.0 94621.8     93    4.451  24      1.298    5.749
43648.0 43648.0  0.0   16351.8 87424.0  20798.3   349568.0   193082.2  157344.0 94621.8     93    4.451  24      1.298    5.749
43648.0 43648.0  0.0   16351.8 87424.0  20865.7   349568.0   193082.2  157344.0 94621.8     93    4.451  24      1.298    5.749
43648.0 43648.0  0.0   16351.8 87424.0  20865.7   349568.0   193082.2  157344.0 94621.8     93    4.451  24      1.298    5.749
43648.0 43648.0  0.0   16351.8 87424.0  20933.0   349568.0   193082.2  157344.0 94622.3     93    4.451  24      1.298    5.749
43648.0 43648.0  0.0   16351.8 87424.0  21005.1   349568.0   193082.2  157344.0 94622.3     93    4.451  24      1.298    5.749
43648.0 43648.0  0.0   16351.8 87424.0  21064.1   349568.0   193082.2  157344.0 94622.3     93    4.451  24      1.298    5.749
43648.0 43648.0  0.0   16351.8 87424.0  21102.0   349568.0   193082.2  157344.0 94622.3     93    4.451  24      1.298    5.749
43648.0 43648.0  0.0   16351.8 87424.0  23483.5   349568.0   193082.2  157344.0 94624.8     93    4.451  24      1.298    5.749
43648.0 43648.0  0.0   16351.8 87424.0  23483.5   349568.0   193082.2  157344.0 94625.0     93    4.451  24      1.298    5.749
43648.0 43648.0  0.0   16351.8 87424.0  23550.9   349568.0   193082.2  157344.0 94625.0     93    4.451  24      1.298    5.749
43648.0 43648.0  0.0   16351.8 87424.0  23662.5   349568.0   193082.2  157344.0 94625.0     93    4.451  24      1.298    5.749
43648.0 43648.0  0.0   16351.8 87424.0  23692.1   349568.0   193082.2  157344.0 94625.0     93    4.451  24      1.298    5.749
43648.0 43648.0  0.0   16351.8 87424.0  23730.0   349568.0   193082.2  157344.0 94625.0     93    4.451  24      1.298    5.749
43648.0 43648.0  0.0   16351.8 87424.0  23831.1   349568.0   193082.2  157344.0 94625.0     93    4.451  24      1.298    5.749
43648.0 43648.0  0.0   16351.8 87424.0  23831.1   349568.0   193082.2  157344.0 94625.0     93    4.451  24      1.298    5.749
43648.0 43648.0  0.0   16351.8 87424.0  23898.6   349568.0   193082.2  157344.0 94625.0     93    4.451  24      1.298    5.749
43648.0 43648.0  0.0   16351.8 87424.0  23970.5   349568.0   193082.2  157344.0 94625.0     93    4.451  24      1.298    5.749
43648.0 43648.0  0.0   16351.8 87424.0  23999.9   349568.0   193082.2  157344.0 94625.0     93    4.451  24      1.298    5.749
43648.0 43648.0  0.0   16351.8 87424.0  24037.8   349568.0   193082.2  157344.0 94625.0     93    4.451  24      1.298    5.749
43648.0 43648.0  0.0   16351.8 87424.0  26415.1   349568.0   193082.2  157344.0 94625.2     93    4.451  24      1.298    5.749
43648.0 43648.0  0.0   16351.8 87424.0  26415.1   349568.0   193082.2  157344.0 94625.2     93    4.451  24      1.298    5.749
43648.0 43648.0  0.0   16351.8 87424.0  26516.5   349568.0   193082.2  157344.0 94625.2     93    4.451  24      1.298    5.749
43648.0 43648.0  0.0   16351.8 87424.0  26594.0   349568.0   193082.2  157344.0 94625.2     93    4.451  24      1.298    5.749
43648.0 43648.0  0.0   16351.8 87424.0  26653.0   349568.0   193082.2  157344.0 94625.2     93    4.451  24      1.298    5.749
43648.0 43648.0  0.0   16351.8 87424.0  26690.8   349568.0   193082.2  157344.0 94625.2     93    4.451  24      1.298    5.749
43648.0 43648.0  0.0   16351.8 87424.0  26758.3   349568.0   193082.2  157344.0 94625.2     93    4.451  24      1.298    5.749
43648.0 43648.0  0.0   16351.8 87424.0  26762.4   349568.0   193082.2  157344.0 94625.2     93    4.451  24      1.298    5.749
43648.0 43648.0  0.0   16351.8 87424.0  26865.7   349568.0   193082.2  157344.0 94625.2     93    4.451  24      1.298    5.749
43648.0 43648.0  0.0   16351.8 87424.0  26903.5   349568.0   193082.2  157344.0 94625.2     93    4.451  24      1.298    5.749
43648.0 43648.0  0.0   16351.8 87424.0  26933.0   349568.0   193082.2  157344.0 94625.2     93    4.451  24      1.298    5.749
43648.0 43648.0  0.0   16351.8 87424.0  26970.9   349568.0   193082.2  157344.0 94625.2     93    4.451  24      1.298    5.749
43648.0 43648.0  0.0   16351.8 87424.0  29376.4   349568.0   193082.2  157344.0 94625.4     93    4.451  24      1.298    5.749
43648.0 43648.0  0.0   16351.8 87424.0  29376.4   349568.0   193082.2  157344.0 94625.4     93    4.451  24      1.298    5.749
43648.0 43648.0  0.0   16351.8 87424.0  29473.2   349568.0   193082.2  157344.0 94625.4     93    4.451  24      1.298    5.749
43648.0 43648.0  0.0   16351.8 87424.0  29550.5   349568.0   193082.2  157344.0 94625.4     93    4.451  24      1.298    5.749
43648.0 43648.0  0.0   16351.8 87424.0  29579.9   349568.0   193082.2  157344.0 94625.4     93    4.451  24      1.298    5.749
43648.0 43648.0  0.0   16351.8 87424.0  29651.8   349568.0   193082.2  157344.0 94625.4     93    4.451  24      1.298    5.749
43648.0 43648.0  0.0   16351.8 87424.0  29719.2   349568.0   193082.2  157344.0 94625.4     93    4.451  24      1.298    5.749
43648.0 43648.0  0.0   16351.8 87424.0  29723.3   349568.0   193082.2  157344.0 94625.4     93    4.451  24      1.298    5.749
43648.0 43648.0  0.0   16351.8 87424.0  29790.7   349568.0   193082.2  157344.0 94625.4     93    4.451  24      1.298    5.749
43648.0 43648.0  0.0   16351.8 87424.0  29828.5   349568.0   193082.2  157344.0 94625.4     93    4.451  24      1.298    5.749
43648.0 43648.0  0.0   16351.8 87424.0  29887.7   349568.0   193082.2  157344.0 94625.4     93    4.451  24      1.298    5.749
43648.0 43648.0  0.0   16351.8 87424.0  29993.5   349568.0   193082.2  157344.0 94625.4     93    4.451  24      1.298    5.749
43648.0 43648.0  0.0   16351.8 87424.0  32368.7   349568.0   193082.2  157344.0 94627.2     93    4.451  24      1.298    5.749
43648.0 43648.0  0.0   16351.8 87424.0  32667.9   349568.0   193082.2  157344.0 94627.2     93    4.451  24      1.298    5.749
43648.0 43648.0  0.0   16351.8 87424.0  32735.2   349568.0   193082.2  157344.0 94627.2     93    4.451  24      1.298    5.749
43648.0 43648.0  0.0   16351.8 87424.0  32773.1   349568.0   193082.2  157344.0 94627.2     93    4.451  24      1.298    5.749
43648.0 43648.0  0.0   16351.8 87424.0  32836.8   349568.0   193082.2  157344.0 94627.2     93    4.451  24      1.298    5.749
43648.0 43648.0  0.0   16351.8 87424.0  32874.6   349568.0   193082.2  157344.0 94627.2     93    4.451  24      1.298    5.749
43648.0 43648.0  0.0   16351.8 87424.0  32942.1   349568.0   193082.2  157344.0 94627.2     93    4.451  24      1.298    5.749
43648.0 43648.0  0.0   16351.8 87424.0  32942.1   349568.0   193082.2  157344.0 94627.2     93    4.451  24      1.298    5.749
43648.0 43648.0  0.0   16351.8 87424.0  33077.0   349568.0   193082.2  157344.0 94627.2     93    4.451  24      1.298    5.749
43648.0 43648.0  0.0   16351.8 87424.0  33115.0   349568.0   193082.2  157344.0 94627.2     93    4.451  24      1.298    5.749
43648.0 43648.0  0.0   16351.8 87424.0  33144.6   349568.0   193082.2  157344.0 94627.2     93    4.451  24      1.298    5.749
43648.0 43648.0  0.0   16351.8 87424.0  33182.5   349568.0   193082.2  157344.0 94627.2     93    4.451  24      1.298    5.749
43648.0 43648.0  0.0   16351.8 87424.0  35566.8   349568.0   193082.2  157344.0 94630.4     93    4.451  24      1.298    5.749
43648.0 43648.0  0.0   16351.8 87424.0  35566.8   349568.0   193082.2  157344.0 94630.4     93    4.451  24      1.298    5.749
43648.0 43648.0  0.0   16351.8 87424.0  35669.7   349568.0   193082.2  157344.0 94630.4     93    4.451  24      1.298    5.749
43648.0 43648.0  0.0   16351.8 87424.0  35747.0   349568.0   193082.2  157344.0 94630.6     93    4.451  24      1.298    5.749
43648.0 43648.0  0.0   16351.8 87424.0  36441.0   349568.0   193082.2  157344.0 94630.8     93    4.451  24      1.298    5.749
43648.0 43648.0  0.0   16351.8 87424.0  36478.9   349568.0   193082.2  157344.0 94630.8     93    4.451  24      1.298    5.749
43648.0 43648.0  0.0   16351.8 87424.0  36546.4   349568.0   193082.2  157344.0 94630.8     93    4.451  24      1.298    5.749
43648.0 43648.0  0.0   16351.8 87424.0  36581.7   349568.0   193082.2  157344.0 94630.8     93    4.451  24      1.298    5.749
43648.0 43648.0  0.0   16351.8 87424.0  36649.2   349568.0   193082.2  157344.0 94630.8     93    4.451  24      1.298    5.749
43648.0 43648.0  0.0   16351.8 87424.0  36691.4   349568.0   193082.2  157344.0 94630.8     93    4.451  24      1.298    5.749
43648.0 43648.0  0.0   16351.8 87424.0  36721.0   349568.0   193082.2  157344.0 94630.8     93    4.451  24      1.298    5.749
43648.0 43648.0  0.0   16351.8 87424.0  36794.3   349568.0   193082.2  157344.0 94630.8     93    4.451  24      1.298    5.749
43648.0 43648.0  0.0   16351.8 87424.0  39172.1   349568.0   193082.2  157344.0 94632.9     93    4.451  24      1.298    5.749
43648.0 43648.0  0.0   16351.8 87424.0  39172.1   349568.0   193082.2  157344.0 94632.9     93    4.451  24      1.298    5.749
43648.0 43648.0  0.0   16351.8 87424.0  39269.1   349568.0   193082.2  157344.0 94632.9     93    4.451  24      1.298    5.749
43648.0 43648.0  0.0   16351.8 87424.0  39347.0   349568.0   193082.2  157344.0 94632.9     93    4.451  24      1.298    5.749
43648.0 43648.0  0.0   16351.8 87424.0  39411.2   349568.0   193082.2  157344.0 94633.1     93    4.451  24      1.298    5.749
43648.0 43648.0  0.0   16351.8 87424.0  39449.1   349568.0   193082.2  157344.0 94633.1     93    4.451  24      1.298    5.749
43648.0 43648.0  0.0   16351.8 87424.0  39516.5   349568.0   193082.2  157344.0 94633.1     93    4.451  24      1.298    5.749
43648.0 43648.0  0.0   16351.8 87424.0  39516.5   349568.0   193082.2  157344.0 94633.1     93    4.451  24      1.298    5.749
43648.0 43648.0  0.0   16351.8 87424.0  39584.0   349568.0   193082.2  157344.0 94633.1     93    4.451  24      1.298    5.749
