 S0C    S1C    S0U    S1U      EC       EU        OC         OU       PC     PU    YGC     YGCT    FGC    FGCT     GCT   
43648.0 43648.0 30408.8  0.0   87424.0  18034.3   349568.0   122720.3  113152.0 80176.0     50    1.741  17      0.619    2.360
43648.0 43648.0 30408.8  0.0   87424.0  18034.3   349568.0   122720.3  113152.0 80176.0     50    1.741  17      0.619    2.360
43648.0 43648.0 30408.8  0.0   87424.0  18034.3   349568.0   122720.3  113152.0 80176.0     50    1.741  17      0.619    2.360
43648.0 43648.0 30408.8  0.0   87424.0  18177.9   349568.0   122720.3  113152.0 80176.0     50    1.741  17      0.619    2.360
43648.0 43648.0 30408.8  0.0   87424.0  18177.9   349568.0   122720.3  113152.0 80176.0     50    1.741  17      0.619    2.360
43648.0 43648.0 30408.8  0.0   87424.0  18177.9   349568.0   122720.3  113152.0 80176.0     50    1.741  17      0.619    2.360
43648.0 43648.0 30408.8  0.0   87424.0  42267.4   349568.0   122720.3  113152.0 81756.2     50    1.741  17      0.619    2.360
43648.0 43648.0  0.0   19860.6 87424.0  82483.5   349568.0   141060.6  113152.0 84694.6     53    1.918  17      0.619    2.537
43648.0 43648.0  0.0   22784.6 87424.0  74766.2   349568.0   157566.2  113152.0 87571.6     57    2.235  18      0.668    2.902
43648.0 43648.0  0.0   36736.4 87424.0  54593.4   349568.0   194251.1  146140.0 88199.0     67    2.845  20      0.807    3.652
43648.0 43648.0  0.0   22795.2 87424.0   8491.4   349568.0   207774.6  147580.0 88657.7     75    3.172  22      0.957    4.129
43648.0 43648.0  0.0   40025.1 87424.0  17872.1   436828.0   268265.8  148588.0 89253.2     93    3.775  26      1.209    4.984
43648.0 43648.0 30212.6  0.0   87424.0  45573.4   482056.0   312100.1  149380.0 89674.9    110    4.443  30      1.406    5.848
43648.0 43648.0  0.0   37993.3 87424.0    0.0     482056.0   340808.6  149572.0 89807.8    127    5.118  31      1.507    6.626
43648.0 43648.0  0.0   43165.3 87424.0  56551.1   539688.0   408299.1  155660.0 94737.1    149    6.113  33      1.703    7.816
43648.0 43648.0  0.0   39606.5 87424.0   8872.5   691964.0   502457.2  158028.0 94885.0    177    7.356  35      1.826    9.182
43648.0 43648.0 37367.6  0.0   87424.0  48773.1   699072.0   587538.8  158324.0 95072.9    208    8.688  37      1.925   10.614
43648.0 43648.0 41269.6  0.0   87424.0  85798.6   699072.0   407615.0  158736.0 95153.8    235    9.804  41      2.158   11.962
43648.0 43648.0 43017.1  0.0   87424.0  58506.0   699072.0   336378.4  158736.0 95191.1    252   10.476  45      2.335   12.810
43648.0 43648.0 43648.0  0.0   87424.0  20664.6   699072.0   366868.3  158928.0 95263.4    266   11.129  47      2.516   13.645
43648.0 43648.0 25767.4  0.0   87424.0  34634.5   699072.0   426307.9  158928.0 95339.5    276   11.768  48      2.679   14.447
43648.0 43648.0 20898.5  0.0   87424.0  27209.3   699072.0   361462.1  158928.0 95413.9    292   12.478  50      2.859   15.337
43648.0 43648.0 20028.0  0.0   87424.0  19506.6   699072.0   343049.5  159120.0 95424.8    294   12.607  51      2.901   15.507
43648.0 43648.0 32382.6 7980.8 87424.0  87424.0   699072.0   368306.0  159120.0 95444.1    301   13.017  52      3.156   16.172
43648.0 43648.0 43648.0  0.0   87424.0    0.0     699072.0   303003.0  159120.0 95448.0    312   13.665  53      3.256   16.921
43648.0 43648.0 24952.0  0.0   87424.0  22597.4   699072.0   304060.2  159120.0 95466.9    316   13.973  54      3.417   17.390
43648.0 43648.0  0.0   19407.5 87424.0  49103.1   699072.0   283031.3  159312.0 95495.0    323   14.330  55      3.527   17.857
43648.0 43648.0  0.0   23652.0 87424.0   6862.3   699072.0   287443.6  159312.0 95513.6    325   14.489  55      3.527   18.016
43648.0 43648.0 21985.6  0.0   87424.0  71904.4   699072.0   290078.1  159312.0 95515.4    328   14.634  56      3.690   18.324
43648.0 43648.0  0.0   22393.8 87424.0  25018.6   699072.0   290078.1  159312.0 95520.8    329   14.686  56      3.690   18.376
43648.0 43648.0 12267.3  0.0   87424.0  14054.9   699072.0   262608.4  159312.0 95521.3    336   14.981  56      3.690   18.671
43648.0 43648.0 39092.5  0.0   87424.0  52079.1   699072.0   274042.8  159312.0 95522.7    344   15.340  57      3.808   19.148
43648.0 43648.0 39092.5  0.0   87424.0  60034.2   699072.0   274042.8  159312.0 95524.6    344   15.340  57      3.808   19.148
43648.0 43648.0  0.0   21041.4 87424.0  43181.0   699072.0   287067.5  159312.0 95529.2    347   15.565  58      3.971   19.537
43648.0 43648.0 43648.0  0.0   87424.0  84314.6   699072.0   270629.5  159312.0 95545.3    358   16.171  59      4.075   20.246
43648.0 43648.0  0.0   32712.4 87424.0  79168.2   699072.0   282017.1  159312.0 95600.6    363   16.468  59      4.075   20.543
43648.0 43648.0 33189.8  0.0   87424.0   1101.9   699072.0   265962.6  159312.0 95603.5    370   16.881  60      4.187   21.068
43648.0 43648.0 9030.9  0.0   87424.0  71932.4   699072.0   279277.1  159504.0 95627.5    382   17.464  61      4.332   21.795
43648.0 43648.0  0.0   14005.2 87424.0  27121.5   699072.0   281219.8  159504.0 95629.9    385   17.628  61      4.332   21.959
43648.0 43648.0 29171.3  0.0   87424.0  31859.6   699072.0   233139.5  159504.0 95643.2    390   17.936  62      4.497   22.432
43648.0 43648.0 20206.2 12920.2 87424.0  87424.0   699072.0   230610.3  159504.0 95668.3    395   18.150  63      4.646   22.796
43648.0 43648.0  0.0   20351.6 87424.0  78995.0   699072.0   248175.3  159504.0 95682.9    403   18.810  63      4.646   23.457
43648.0 43648.0  0.0   23152.9 87424.0  23350.5   699072.0   228929.3  159504.0 95684.8    411   19.259  64      4.706   23.964
43648.0 43648.0  0.0   29347.9 87424.0  84855.1   699072.0   255119.3  159504.0 95690.3    422   19.873  65      4.761   24.633
43648.0 43648.0  0.0   19952.0 87424.0  83768.3   699072.0   286025.1  159504.0 95715.1    436   20.479  66      4.910   25.389
43648.0 43648.0 37357.3  0.0   87424.0  59646.5   699072.0   320972.6  159696.0 95741.0    458   21.442  68      5.054   26.496
43648.0 43648.0 14970.0  0.0   87424.0  60784.5   699072.0   306560.8  159696.0 95749.0    470   22.246  69      5.189   27.435
43648.0 43648.0  0.0   26668.5 87424.0  68959.8   699072.0   346566.1  159696.0 95758.8    489   23.170  71      5.410   28.580
43648.0 43648.0  0.0   9428.5 87424.0  22568.1   699072.0   359855.8  159696.0 95773.7    499   23.504  71      5.410   28.914
43648.0 43648.0  0.0   41214.4 87424.0  82060.6   699072.0   366598.3  159696.0 95797.0    518   24.382  73      5.605   29.988
43648.0 43648.0 25060.1 43648.0 87424.0  87424.0   699072.0   358853.8  159696.0 95810.6    550   25.515  77      5.836   31.351
43648.0 43648.0 22125.3  0.0   87424.0  47963.0   699072.0   376786.8  159888.0 95825.3    566   26.338  78      6.004   32.342
43648.0 43648.0 33964.5  0.0   87424.0  62304.0   699072.0   374991.9  159888.0 95832.1    586   27.150  80      6.128   33.277
43648.0 43648.0  0.0   11867.6 87424.0  30293.1   699072.0   405684.5  159888.0 95836.4    599   27.902  81      6.266   34.167
43648.0 43648.0 28274.5  0.0   87424.0  25135.2   699072.0   364318.2  159888.0 95842.6    618   28.826  84      6.597   35.423
43648.0 43648.0  0.0   26680.3 87424.0  87223.1   699072.0   379653.9  159888.0 95850.0    631   29.601  85      6.713   36.314
43648.0 43648.0  0.0   14239.9 87424.0  78263.0   699072.0   303124.0  159888.0 95864.7    641   30.075  86      6.879   36.955
43648.0 43648.0  0.0   11240.4 87424.0  36902.2   699072.0   304930.0  159888.0 95873.9    649   30.487  88      7.181   37.668
43648.0 43648.0  0.0   28769.8 87424.0  57233.2   699072.0   243883.8  159888.0 95878.7    655   30.927  89      7.345   38.273
43648.0 43648.0  0.0   18722.6 87424.0  59203.1   699072.0   248024.8  159888.0 95880.2    659   31.151  89      7.345   38.496
43648.0 43648.0  0.0   15561.0 87424.0  86123.2   699072.0   213209.9  159888.0 95887.2    666   31.415  91      7.559   38.974
43648.0 43648.0 20881.3  0.0   87424.0    0.0     699072.0   239116.1  159888.0 95890.8    676   32.130  91      7.559   39.689
43648.0 43648.0  0.0   23447.0 87424.0  41319.5   699072.0   242099.9  159888.0 95892.9    681   32.379  91      7.559   39.938
43648.0 43648.0  0.0   14784.4 87424.0  40264.5   699072.0   241039.3  159888.0 95903.7    683   32.445  92      7.617   40.062
43648.0 43648.0 31650.9  0.0   87424.0  82149.4   699072.0   219351.9  159888.0 95907.8    686   32.618  93      7.762   40.380
43648.0 43648.0 19138.9  0.0   87424.0  53970.8   699072.0   224283.7  159888.0 95909.3    688   32.751  93      7.762   40.513
43648.0 43648.0 16163.3  0.0   87424.0   8482.3   699072.0   224283.7  159888.0 95911.2    690   32.846  93      7.762   40.607
43648.0 43648.0 33058.2  0.0   87424.0  83042.2   699072.0   234406.0  159888.0 95921.3    696   33.229  93      7.762   40.991
43648.0 43648.0 15410.3  0.0   87424.0  42670.4   699072.0   206751.4  159888.0 95924.1    698   33.331  94      7.920   41.251
43648.0 43648.0 15410.3  0.0   87424.0  80765.9   699072.0   206751.4  159888.0 95924.1    698   33.331  94      7.920   41.251
43648.0 43648.0  0.0   11807.4 87424.0  65473.4   699072.0   206751.4  159888.0 95924.9    699   33.376  94      7.920   41.296
43648.0 43648.0 15000.5  0.0   87424.0  10032.8   699072.0   206751.4  159888.0 95924.9    700   33.421  94      7.920   41.341
43648.0 43648.0 15000.5  0.0   87424.0  81451.1   699072.0   206751.4  159888.0 95924.9    700   33.421  94      7.920   41.341
43648.0 43648.0 13616.3  0.0   87424.0  69155.0   699072.0   206751.4  159888.0 95925.5    702   33.501  94      7.920   41.422
43648.0 43648.0 18428.2  0.0   87424.0  67869.3   699072.0   206751.4  159888.0 95925.5    704   33.628  94      7.920   41.549
43648.0 43648.0 18146.3  0.0   87424.0  62856.9   699072.0   206751.4  159888.0 95926.1    706   33.793  94      7.920   41.713
43648.0 43648.0  0.0   15168.4 87424.0  83293.7   699072.0   207784.5  159888.0 95927.7    707   33.851  94      7.920   41.771
43648.0 43648.0  0.0   12069.7 87424.0  12251.7   699072.0   210987.5  159888.0 95929.5    709   33.962  94      7.920   41.883
43648.0 43648.0  0.0   22294.3 87424.0  81947.7   699072.0   214146.8  159888.0 95930.9    713   34.168  94      7.920   42.088
43648.0 43648.0 10017.4  0.0   87424.0  27990.1   699072.0   214188.3  159888.0 95930.9    714   34.210  94      7.920   42.130
43648.0 43648.0  0.0   10491.4 87424.0  16198.1   699072.0   214227.3  159888.0 95935.1    715   34.249  94      7.920   42.170
43648.0 43648.0  0.0   23448.1 87424.0  53983.4   699072.0   214390.4  159888.0 95939.7    719   34.399  94      7.920   42.319
43648.0 43648.0 20405.4  0.0   87424.0   5601.4   699072.0   214400.5  159888.0 95944.3    720   34.443  94      7.920   42.364
43648.0 43648.0  0.0   9060.7 87424.0  20884.4   699072.0   214404.6  159888.0 95947.3    721   34.485  94      7.920   42.406
43648.0 43648.0 12230.5  0.0   87424.0   6488.5   699072.0   214406.4  159888.0 95948.2    722   34.525  94      7.920   42.446
43648.0 43648.0  0.0   18340.7 87424.0   7414.4   699072.0   215451.4  159888.0 95949.4    725   34.666  94      7.920   42.586
43648.0 43648.0  0.0   18340.7 87424.0   9751.0   699072.0   215451.4  159888.0 95949.9    725   34.666  94      7.920   42.586
43648.0 43648.0  0.0   19815.2 87424.0  62469.1   699072.0   218594.7  159888.0 95949.9    727   34.789  94      7.920   42.709
43648.0 43648.0  0.0   19815.2 87424.0  64443.5   699072.0   218594.7  159888.0 95949.9    727   34.789  94      7.920   42.709
43648.0 43648.0 18590.6  0.0   87424.0  14594.7   699072.0   218596.1  159888.0 95951.0    728   34.839  94      7.920   42.760
43648.0 43648.0  0.0   11104.6 87424.0  33539.6   699072.0   218606.5  159888.0 95951.0    729   34.875  94      7.920   42.795
43648.0 43648.0  0.0   11104.6 87424.0  66870.5   699072.0   218606.5  159888.0 95951.0    729   34.875  94      7.920   42.795
43648.0 43648.0 10136.9  0.0   87424.0  10989.9   699072.0   218665.6  159888.0 95951.0    730   34.910  94      7.920   42.830
43648.0 43648.0 10136.9  0.0   87424.0  80897.1   699072.0   218665.6  159888.0 95953.4    730   34.910  94      7.920   42.830
43648.0 43648.0  0.0   11366.2 87424.0  70210.7   699072.0   218784.6  159888.0 95954.5    731   34.947  94      7.920   42.867
43648.0 43648.0  0.0   8156.7 87424.0  28498.6   699072.0   218784.9  159888.0 95954.5    733   35.019  94      7.920   42.940
43648.0 43648.0 10511.6  0.0   87424.0  84342.3   699072.0   218785.1  159888.0 95955.3    734   35.056  94      7.920   42.976
43648.0 43648.0 8891.9  0.0   87424.0  10104.3   699072.0   219004.9  159888.0 95955.3    736   35.125  94      7.920   43.045
43648.0 43648.0 7479.0  0.0   87424.0   6238.4   699072.0   219247.6  159888.0 95955.3    738   35.176  94      7.920   43.097
43648.0 43648.0 12948.8  0.0   87424.0  19558.2   699072.0   222318.6  159888.0 95955.3    742   35.278  94      7.920   43.199
43648.0 43648.0  0.0   10109.1 87424.0  39910.1   699072.0   223501.7  159888.0 95956.0    745   35.333  94      7.920   43.254
43648.0 43648.0 19986.2  0.0   87424.0  67603.3   699072.0   223644.5  159888.0 95963.4    750   35.420  94      7.920   43.340
43648.0 43648.0  0.0   9364.6 87424.0  83451.8   699072.0   223647.2  159888.0 95967.6    751   35.440  94      7.920   43.361
43648.0 43648.0 21871.5  0.0   87424.0  80003.4   699072.0   223705.4  159888.0 95969.4    754   35.491  94      7.920   43.411
43648.0 43648.0  0.0   17987.5 87424.0  26794.7   699072.0   223713.9  159888.0 95969.4    755   35.524  94      7.920   43.444
43648.0 43648.0 20037.3  0.0   87424.0  26275.6   699072.0   223753.0  159888.0 95969.4    758   35.636  94      7.920   43.557
43648.0 43648.0 20037.3  0.0   87424.0  28933.9   699072.0   223753.0  159888.0 95969.4    758   35.636  94      7.920   43.557
43648.0 43648.0 20037.3  0.0   87424.0  66091.3   699072.0   223753.0  159888.0 95969.4    758   35.636  94      7.920   43.557
43648.0 43648.0  0.0   18077.0 87424.0  10631.2   699072.0   223764.8  159888.0 95969.4    759   35.682  94      7.920   43.603
43648.0 43648.0 17369.5  0.0   87424.0  20379.8   699072.0   223774.4  159888.0 95969.4    760   35.718  94      7.920   43.638
43648.0 43648.0  0.0   20271.1 87424.0  53282.6   699072.0   225493.3  159888.0 95969.4    763   35.898  94      7.920   43.818
43648.0 43648.0 15439.1  0.0   87424.0   8849.0   699072.0   227897.1  159888.0 95969.4    764   35.924  94      7.920   43.844
43648.0 43648.0  0.0   29122.2 87424.0   7029.2   699072.0   230181.5  159888.0 95972.6    767   36.070  94      7.920   43.990
43648.0 43648.0 29226.4  0.0   87424.0  25101.0   699072.0   233170.0  159888.0 95976.0    772   36.327  94      7.920   44.248
43648.0 43648.0  0.0   28070.1 87424.0  27157.5   699072.0   237655.9  159888.0 95976.0    775   36.413  94      7.920   44.333
43648.0 43648.0 22370.4  0.0   87424.0  12758.1   699072.0   242028.2  159888.0 95976.0    776   36.468  94      7.920   44.388
43648.0 43648.0  0.0   31686.0 87424.0  58937.8   699072.0   242028.2  159888.0 95976.0    781   36.606  94      7.920   44.527
43648.0 43648.0  0.0   31686.0 87424.0  65274.3   699072.0   242028.2  159888.0 95976.0    781   36.606  94      7.920   44.527
43648.0 43648.0  0.0   31686.0 87424.0  69002.6   699072.0   242028.2  159888.0 95977.5    781   36.606  94      7.920   44.527
43648.0 43648.0 29423.0  0.0   87424.0  37221.8   699072.0   249770.8  159888.0 95978.7    784   36.716  94      7.920   44.636
43648.0 43648.0 29423.0  0.0   87424.0  75358.0   699072.0   249770.8  159888.0 95978.7    784   36.716  94      7.920   44.636
43648.0 43648.0 34101.2  0.0   87424.0  32575.1   699072.0   253021.1  159888.0 95978.7    790   36.915  94      7.920   44.836
43648.0 43648.0  0.0   27668.4 87424.0  15461.5   699072.0   259526.2  159888.0 95980.0    791   36.948  94      7.920   44.869
43648.0 43648.0  0.0   27668.4 87424.0  15656.7   699072.0   259526.2  159888.0 95980.0    791   36.948  94      7.920   44.869
43648.0 43648.0 11775.6  0.0   87424.0  34060.6   699072.0   259526.2  159888.0 95980.0    792   36.965  94      7.920   44.885
43648.0 43648.0  0.0   15202.2 87424.0  22227.4   699072.0   259526.2  159888.0 95980.3    793   36.983  94      7.920   44.903
43648.0 43648.0  0.0   15202.2 87424.0  56534.2   699072.0   259526.2  159888.0 95980.3    793   36.983  94      7.920   44.903
43648.0 43648.0 29256.9  0.0   87424.0  20008.9   699072.0   259526.2  159888.0 95980.3    796   37.047  94      7.920   44.968
43648.0 43648.0 29256.9  0.0   87424.0  22592.7   699072.0   259526.2  159888.0 95980.3    796   37.047  94      7.920   44.968
43648.0 43648.0 29256.9  0.0   87424.0  61052.8   699072.0   259526.2  159888.0 95980.3    796   37.047  94      7.920   44.968
43648.0 43648.0  0.0   22793.6 87424.0  41595.4   699072.0   263641.1  159888.0 95980.3    797   37.122  94      7.920   45.042
43648.0 43648.0  0.0   22793.6 87424.0  42592.4   699072.0   263641.1  159888.0 95980.3    797   37.122  94      7.920   45.042
43648.0 43648.0 30582.5  0.0   87424.0  38314.3   699072.0   263641.1  159888.0 95980.3    800   37.188  94      7.920   45.108
43648.0 43648.0 30582.5  0.0   87424.0  39002.0   699072.0   263641.1  159888.0 95980.3    800   37.188  94      7.920   45.108
43648.0 43648.0 13370.2  0.0   87424.0  25716.0   699072.0   267713.0  159888.0 95980.3    802   37.227  94      7.920   45.148
43648.0 43648.0  0.0   23359.0 87424.0  39929.9   699072.0   267713.0  159888.0 95980.3    803   37.255  94      7.920   45.175
43648.0 43648.0 29786.1  0.0   87424.0  37039.9   699072.0   267713.0  159888.0 95980.6    806   37.321  94      7.920   45.242
43648.0 43648.0 29786.1  0.0   87424.0  38920.8   699072.0   267713.0  159888.0 95980.9    806   37.321  94      7.920   45.242
43648.0 43648.0 29786.1  0.0   87424.0  72042.6   699072.0   267713.0  159888.0 95982.0    806   37.321  94      7.920   45.242
43648.0 43648.0 29786.1  0.0   87424.0  72717.5   699072.0   267713.0  159888.0 95982.7    806   37.321  94      7.920   45.242
43648.0 43648.0 29786.1  0.0   87424.0  74197.1   699072.0   267713.0  159888.0 95982.7    806   37.321  94      7.920   45.242
43648.0 43648.0  0.0   23601.6 87424.0  58944.0   699072.0   272120.0  159888.0 95983.5    807   37.351  94      7.920   45.271
43648.0 43648.0 11086.5  0.0   87424.0  42835.0   699072.0   272120.0  159888.0 95983.5    808   37.366  94      7.920   45.286
43648.0 43648.0 11086.5  0.0   87424.0  76184.2   699072.0   272120.0  159888.0 95985.0    808   37.366  94      7.920   45.286
43648.0 43648.0 11245.8  0.0   87424.0   8519.3   699072.0   272120.0  159888.0 95985.1    810   37.396  94      7.920   45.316
43648.0 43648.0  0.0   22501.3 87424.0  39261.7   699072.0   272120.0  159888.0 95986.8    813   37.451  94      7.920   45.371
43648.0 43648.0 20022.7  0.0   87424.0  77481.3   699072.0   272120.0  159888.0 95986.8    814   37.474  94      7.920   45.394
43648.0 43648.0  0.0   19373.9 87424.0  79199.1   699072.0   272120.0  159888.0 95987.0    815   37.520  94      7.920   45.441
43648.0 43648.0 17236.2  0.0   87424.0  14162.7   699072.0   276474.7  159888.0 95987.0    822   37.713  94      7.920   45.633
43648.0 43648.0 41301.4  0.0   87424.0   4109.6   699072.0   288256.1  159888.0 95987.0    830   37.952  94      7.920   45.873
43648.0 43648.0 26789.2  0.0   87424.0  58384.8   699072.0   291007.0  159888.0 95987.0    832   38.005  94      7.920   45.925
43648.0 43648.0  0.0   20143.6 87424.0  47959.1   699072.0   291007.0  159888.0 95987.0    833   38.066  94      7.920   45.987
43648.0 43648.0 31935.7  0.0   87424.0  12534.9   699072.0   291007.0  159888.0 95987.0    836   38.199  94      7.920   46.120
43648.0 43648.0  0.0   19003.1 87424.0  78244.9   699072.0   307666.7  159888.0 95987.0    843   38.397  94      7.920   46.317
43648.0 43648.0  0.0   19003.1 87424.0  85500.4   699072.0   307666.7  159888.0 95987.2    843   38.397  94      7.920   46.317
43648.0 43648.0 37089.9  0.0   87424.0  54247.3   699072.0   307666.7  159888.0 95987.2    846   38.478  94      7.920   46.398
43648.0 43648.0  0.0   25443.9 87424.0  42674.2   699072.0   310322.9  159888.0 95990.5    847   38.549  94      7.920   46.470
43648.0 43648.0 22296.9  0.0   87424.0  25588.4   699072.0   310322.9  159888.0 95990.5    848   38.572  94      7.920   46.492
43648.0 43648.0  0.0   21069.2 87424.0  73802.9   699072.0   310322.9  159888.0 95990.9    849   38.594  94      7.920   46.515
43648.0 43648.0  0.0   22420.0 87424.0  42425.7   699072.0   310322.9  159888.0 95990.9    851   38.639  94      7.920   46.560
43648.0 43648.0  0.0   22420.0 87424.0  75630.6   699072.0   310322.9  159888.0 95990.9    851   38.639  94      7.920   46.560
43648.0 43648.0  0.0   22420.0 87424.0  77807.1   699072.0   310322.9  159888.0 95990.9    851   38.639  94      7.920   46.560
43648.0 43648.0  0.0   22420.0 87424.0  78936.2   699072.0   310322.9  159888.0 95990.9    851   38.639  94      7.920   46.560
43648.0 43648.0 16105.6  0.0   87424.0  29484.6   699072.0   310322.9  159888.0 95990.9    852   38.662  94      7.920   46.582
43648.0 43648.0  0.0   32349.2 87424.0  26284.0   699072.0   310322.9  159888.0 95990.9    855   38.741  94      7.920   46.662
43648.0 43648.0  0.0   32349.2 87424.0  28599.1   699072.0   310322.9  159888.0 95990.9    855   38.741  94      7.920   46.662
43648.0 43648.0  0.0   17832.8 87424.0   6952.4   699072.0   318347.2  159888.0 95990.9    859   38.844  94      7.920   46.764
43648.0 43648.0  0.0   17832.8 87424.0  11003.2   699072.0   318347.2  159888.0 95990.9    859   38.844  94      7.920   46.764
43648.0 43648.0  0.0   17832.8 87424.0  11275.4   699072.0   318347.2  159888.0 95990.9    859   38.844  94      7.920   46.764
43648.0 43648.0  0.0   17832.8 87424.0  11838.6   699072.0   318347.2  159888.0 95990.9    859   38.844  94      7.920   46.764
43648.0 43648.0  0.0   17832.8 87424.0  11913.6   699072.0   318347.2  159888.0 95990.9    859   38.844  94      7.920   46.764
43648.0 43648.0  0.0   17832.8 87424.0  44113.3   699072.0   318347.2  159888.0 95990.9    859   38.844  94      7.920   46.764
43648.0 43648.0  0.0   17832.8 87424.0  77047.2   699072.0   318347.2  159888.0 95990.9    859   38.844  94      7.920   46.764
43648.0 43648.0  0.0   17832.8 87424.0  78276.6   699072.0   318347.2  159888.0 95990.9    859   38.844  94      7.920   46.764
43648.0 43648.0 18181.5  0.0   87424.0  56833.3   699072.0   318347.2  159888.0 95991.0    860   38.863  94      7.920   46.784
43648.0 43648.0 18181.5  0.0   87424.0  58536.4   699072.0   318347.2  159888.0 95991.0    860   38.863  94      7.920   46.784
43648.0 43648.0  0.0   11982.7 87424.0   9187.6   699072.0   320197.2  159888.0 95991.0    861   38.887  94      7.920   46.808
43648.0 43648.0  0.0   11982.7 87424.0  41449.1   699072.0   320197.2  159888.0 95991.0    861   38.887  94      7.920   46.808
43648.0 43648.0 16279.6  0.0   87424.0  58681.6   699072.0   322468.7  159888.0 95991.1    862   38.910  94      7.920   46.830
43648.0 43648.0  0.0   11194.0 87424.0  78320.7   699072.0   322472.3  159888.0 95991.1    863   38.944  94      7.920   46.865
43648.0 43648.0 11616.6  0.0   87424.0  56289.9   699072.0   322474.8  159888.0 95991.1    864   38.959  94      7.920   46.880
43648.0 43648.0 11616.6  0.0   87424.0  56291.9   699072.0   322474.8  159888.0 95991.1    864   38.959  94      7.920   46.880
43648.0 43648.0  0.0   11123.6 87424.0   5823.4   699072.0   322529.4  159888.0 95991.1    865   38.974  94      7.920   46.895
43648.0 43648.0 11261.2  0.0   87424.0  55545.7   699072.0   322531.2  159888.0 95991.1    866   38.990  94      7.920   46.910
43648.0 43648.0  0.0   11167.0 87424.0    76.5    699072.0   322656.6  159888.0 95991.1    867   39.022  94      7.920   46.942
43648.0 43648.0  0.0   11167.0 87424.0   2164.8   699072.0   322656.6  159888.0 95991.1    867   39.022  94      7.920   46.942
43648.0 43648.0  0.0   22932.0 87424.0  54990.0   699072.0   322663.0  159888.0 95993.3    869   39.061  94      7.920   46.981
43648.0 43648.0  0.0   22932.0 87424.0  54992.1   699072.0   322663.0  159888.0 95993.3    869   39.061  94      7.920   46.981
43648.0 43648.0  0.0   22932.0 87424.0  55066.8   699072.0   322663.0  159888.0 95994.2    869   39.061  94      7.920   46.981
43648.0 43648.0  0.0   22932.0 87424.0  55105.3   699072.0   322663.0  159888.0 95994.2    869   39.061  94      7.920   46.981
43648.0 43648.0 30007.5  0.0   87424.0  21381.2   699072.0   324882.7  159888.0 95995.7    872   39.166  94      7.920   47.087
43648.0 43648.0 30007.5  0.0   87424.0  23164.3   699072.0   324882.7  159888.0 95995.7    872   39.166  94      7.920   47.087
43648.0 43648.0 30007.5  0.0   87424.0  23896.1   699072.0   324882.7  159888.0 95995.7    872   39.166  94      7.920   47.087
43648.0 43648.0 30007.5  0.0   87424.0  23896.1   699072.0   324882.7  159888.0 95995.7    872   39.166  94      7.920   47.087
43648.0 43648.0 30007.5  0.0   87424.0  23971.2   699072.0   324882.7  159888.0 95995.7    872   39.166  94      7.920   47.087
43648.0 43648.0 30007.5  0.0   87424.0  60990.0   699072.0   324882.7  159888.0 95995.7    872   39.166  94      7.920   47.087
43648.0 43648.0  0.0   23020.4 87424.0   7216.0   699072.0   326828.9  159888.0 95996.8    873   39.190  94      7.920   47.111
43648.0 43648.0  0.0   23020.4 87424.0   8539.2   699072.0   326828.9  159888.0 95996.8    873   39.190  94      7.920   47.111
43648.0 43648.0  0.0   23020.4 87424.0   8614.9   699072.0   326828.9  159888.0 95996.8    873   39.190  94      7.920   47.111
43648.0 43648.0  0.0   23020.4 87424.0   8614.9   699072.0   326828.9  159888.0 95996.8    873   39.190  94      7.920   47.111
43648.0 43648.0  0.0   23020.4 87424.0   8688.8   699072.0   326828.9  159888.0 95996.8    873   39.190  94      7.920   47.111
43648.0 43648.0  0.0   23020.4 87424.0  40441.5   699072.0   326828.9  159888.0 95996.8    873   39.190  94      7.920   47.111
43648.0 43648.0  0.0   23020.4 87424.0  42939.0   699072.0   326828.9  159888.0 95996.8    873   39.190  94      7.920   47.111
43648.0 43648.0  0.0   23020.4 87424.0  44143.2   699072.0   326828.9  159888.0 95996.8    873   39.190  94      7.920   47.111
43648.0 43648.0  0.0   23020.4 87424.0  44217.6   699072.0   326828.9  159888.0 95996.8    873   39.190  94      7.920   47.111
43648.0 43648.0  0.0   23020.4 87424.0  44876.5   699072.0   326828.9  159888.0 95996.8    873   39.190  94      7.920   47.111
43648.0 43648.0  0.0   23020.4 87424.0  45007.5   699072.0   326828.9  159888.0 95996.8    873   39.190  94      7.920   47.111
43648.0 43648.0  0.0   23020.4 87424.0  45045.8   699072.0   326828.9  159888.0 95996.8    873   39.190  94      7.920   47.111
43648.0 43648.0  0.0   23020.4 87424.0  45083.5   699072.0   326828.9  159888.0 95996.8    873   39.190  94      7.920   47.111
43648.0 43648.0  0.0   23020.4 87424.0  45125.8   699072.0   326828.9  159888.0 95996.8    873   39.190  94      7.920   47.111
43648.0 43648.0  0.0   23020.4 87424.0  45200.2   699072.0   326828.9  159888.0 95996.8    873   39.190  94      7.920   47.111
43648.0 43648.0 10630.4  0.0   87424.0  26247.2   699072.0   326829.0  159888.0 95996.8    874   39.221  94      7.920   47.142
43648.0 43648.0 10630.4  0.0   87424.0  26323.0   699072.0   326829.0  159888.0 95996.8    874   39.221  94      7.920   47.142
43648.0 43648.0 17189.4  0.0   87424.0  80214.7   699072.0   326992.3  159888.0 95996.8    876   39.256  94      7.920   47.176
43648.0 43648.0 17189.4  0.0   87424.0  83732.9   699072.0   326992.3  159888.0 95997.4    876   39.256  94      7.920   47.176
43648.0 43648.0 17189.4  0.0   87424.0  84833.4   699072.0   326992.3  159888.0 95997.4    876   39.256  94      7.920   47.176
43648.0 43648.0 17189.4  0.0   87424.0  84908.2   699072.0   326992.3  159888.0 95997.4    876   39.256  94      7.920   47.176
43648.0 43648.0 17189.4  0.0   87424.0  84951.5   699072.0   326992.3  159888.0 95997.4    876   39.256  94      7.920   47.176
43648.0 43648.0  0.0   25879.9 87424.0  48072.8   699072.0   327075.4  159888.0 95997.4    879   39.342  94      7.920   47.263
43648.0 43648.0  0.0   25879.9 87424.0  48477.3   699072.0   327075.4  159888.0 95997.4    879   39.342  94      7.920   47.263
43648.0 43648.0  0.0   25879.9 87424.0  50874.8   699072.0   327075.4  159888.0 95997.4    879   39.342  94      7.920   47.263
43648.0 43648.0  0.0   25879.9 87424.0  51296.7   699072.0   327075.4  159888.0 95997.4    879   39.342  94      7.920   47.263
43648.0 43648.0  0.0   25879.9 87424.0  51372.4   699072.0   327075.4  159888.0 95997.4    879   39.342  94      7.920   47.263
43648.0 43648.0  0.0   25879.9 87424.0  51410.6   699072.0   327075.4  159888.0 95997.4    879   39.342  94      7.920   47.263
43648.0 43648.0  0.0   25879.9 87424.0  51486.0   699072.0   327075.4  159888.0 95997.4    879   39.342  94      7.920   47.263
43648.0 43648.0  0.0   25879.9 87424.0  83227.6   699072.0   327075.4  159888.0 95997.4    879   39.342  94      7.920   47.263
43648.0 43648.0  0.0   25879.9 87424.0  87138.2   699072.0   327075.4  159888.0 95997.6    879   39.342  94      7.920   47.263
43648.0 43648.0  0.0   25879.9 87424.0  87350.8   699072.0   327075.4  159888.0 95997.6    879   39.342  94      7.920   47.263
43648.0 43648.0 22624.9  0.0   87424.0   3333.2   699072.0   331492.1  159888.0 95997.6    880   39.373  94      7.920   47.293
43648.0 43648.0 22624.9  0.0   87424.0  71509.9   699072.0   331492.1  159888.0 95997.6    880   39.373  94      7.920   47.293
43648.0 43648.0 25212.7  0.0   87424.0   2099.0   699072.0   331492.1  159888.0 96000.8    886   39.493  94      7.920   47.414
43648.0 43648.0 25212.7  0.0   87424.0   3369.6   699072.0   331492.1  159888.0 96000.8    886   39.493  94      7.920   47.414
43648.0 43648.0 31596.0  0.0   87424.0  18492.8   699072.0   331506.1  159888.0 96000.8    888   39.548  94      7.920   47.469
43648.0 43648.0 31596.0  0.0   87424.0  57828.1   699072.0   331506.1  159888.0 96000.8    888   39.548  94      7.920   47.469
43648.0 43648.0  0.0   24576.2 87424.0  23591.2   699072.0   337977.7  159888.0 96000.8    891   39.626  94      7.920   47.547
43648.0 43648.0  0.0   24576.2 87424.0  23767.0   699072.0   337977.7  159888.0 96000.8    891   39.626  94      7.920   47.547
43648.0 43648.0  0.0   24576.2 87424.0  62830.5   699072.0   337977.7  159888.0 96000.8    891   39.626  94      7.920   47.547
43648.0 43648.0  0.0   24576.2 87424.0  64285.1   699072.0   337977.7  159888.0 96001.0    891   39.626  94      7.920   47.547
43648.0 43648.0  0.0   24576.2 87424.0  64619.0   699072.0   337977.7  159888.0 96001.0    891   39.626  94      7.920   47.547
43648.0 43648.0 20441.3  0.0   87424.0  11913.8   699072.0   340005.9  159888.0 96003.0    892   39.657  94      7.920   47.577
43648.0 43648.0 20441.3  0.0   87424.0  13520.8   699072.0   340005.9  159888.0 96003.4    892   39.657  94      7.920   47.577
43648.0 43648.0 20441.3  0.0   87424.0  46834.7   699072.0   340005.9  159888.0 96003.4    892   39.657  94      7.920   47.577
43648.0 43648.0 20441.3  0.0   87424.0  48316.5   699072.0   340005.9  159888.0 96003.5    892   39.657  94      7.920   47.577
43648.0 43648.0 20441.3  0.0   87424.0  48354.0   699072.0   340005.9  159888.0 96003.5    892   39.657  94      7.920   47.577
43648.0 43648.0 20441.3  0.0   87424.0  80030.5   699072.0   340005.9  159888.0 96003.5    892   39.657  94      7.920   47.577
43648.0 43648.0  0.0   15447.1 87424.0  30902.5   699072.0   340005.9  159888.0 96003.5    893   39.677  94      7.920   47.597
43648.0 43648.0  0.0   15447.1 87424.0  63187.7   699072.0   340005.9  159888.0 96003.5    893   39.677  94      7.920   47.597
43648.0 43648.0  0.0   15447.1 87424.0  65538.8   699072.0   340005.9  159888.0 96003.5    893   39.677  94      7.920   47.597
43648.0 43648.0 26501.2  0.0   87424.0  67215.4   699072.0   340005.9  159888.0 96003.5    896   39.747  94      7.920   47.668
43648.0 43648.0  0.0   22993.2 87424.0  14725.6   699072.0   343752.5  159888.0 96003.5    897   39.826  94      7.920   47.747
43648.0 43648.0  0.0   27052.1 87424.0  64488.1   699072.0   343752.5  159888.0 96003.5    899   39.875  94      7.920   47.795
43648.0 43648.0  0.0   27052.1 87424.0  69384.1   699072.0   343752.5  159888.0 96003.5    899   39.875  94      7.920   47.795
43648.0 43648.0  0.0   27052.1 87424.0  69982.4   699072.0   343752.5  159888.0 96003.5    899   39.875  94      7.920   47.795
43648.0 43648.0  0.0   27052.1 87424.0  69988.4   699072.0   343752.5  159888.0 96003.5    899   39.875  94      7.920   47.795
43648.0 43648.0  0.0   27052.1 87424.0  70101.3   699072.0   343752.5  159888.0 96003.5    899   39.875  94      7.920   47.795
43648.0 43648.0  0.0   27052.1 87424.0  70292.3   699072.0   343752.5  159888.0 96003.5    899   39.875  94      7.920   47.795
43648.0 43648.0  0.0   29578.9 87424.0  17297.1   699072.0   346414.7  159888.0 96006.7    903   39.974  94      7.920   47.895
43648.0 43648.0  0.0   29578.9 87424.0  20316.7   699072.0   346414.7  159888.0 96006.7    903   39.974  94      7.920   47.895
43648.0 43648.0  0.0   29578.9 87424.0  20867.9   699072.0   346414.7  159888.0 96006.7    903   39.974  94      7.920   47.895
43648.0 43648.0  0.0   29578.9 87424.0  23124.6   699072.0   346414.7  159888.0 96006.7    903   39.974  94      7.920   47.895
43648.0 43648.0  0.0   23154.0 87424.0  76325.5   699072.0   350151.8  159888.0 96006.7    905   40.025  94      7.920   47.946
43648.0 43648.0  0.0   23154.0 87424.0  77191.3   699072.0   350151.8  159888.0 96006.7    905   40.025  94      7.920   47.946
43648.0 43648.0 29710.6  0.0   87424.0  40983.2   699072.0   350245.7  159888.0 96006.7    908   40.095  94      7.920   48.016
43648.0 43648.0  0.0   31633.7 87424.0  12401.0   699072.0   353234.1  159888.0 96007.8    911   40.205  94      7.920   48.126
43648.0 43648.0 22827.7  0.0   87424.0   7348.1   699072.0   359151.7  159888.0 96007.8    912   40.235  94      7.920   48.156
43648.0 43648.0 20386.6  0.0   87424.0  43968.1   699072.0   359151.7  159888.0 96007.8    914   40.326  94      7.920   48.247
43648.0 43648.0 20386.6  0.0   87424.0  44613.4   699072.0   359151.7  159888.0 96007.8    914   40.326  94      7.920   48.247
43648.0 43648.0 20386.6  0.0   87424.0  75157.5   699072.0   359151.7  159888.0 96007.8    915   40.326  94      7.920   48.247
43648.0 43648.0  0.0   34688.9 87424.0  12978.6   699072.0   359151.7  159888.0 96007.8    917   40.405  94      7.920   48.326
43648.0 43648.0  0.0   34688.9 87424.0  13471.8   699072.0   359151.7  159888.0 96010.0    917   40.405  94      7.920   48.326
43648.0 43648.0  0.0   34688.9 87424.0  15131.3   699072.0   359151.7  159888.0 96010.0    917   40.405  94      7.920   48.326
43648.0 43648.0  0.0   34688.9 87424.0  15820.6   699072.0   359151.7  159888.0 96010.0    917   40.405  94      7.920   48.326
43648.0 43648.0  0.0   34688.9 87424.0  84808.4   699072.0   359151.7  159888.0 96010.0    917   40.405  94      7.920   48.326
43648.0 43648.0 28331.0  0.0   87424.0  66273.1   699072.0   365344.9  159888.0 96010.2    918   40.438  94      7.920   48.359
43648.0 43648.0  0.0   18562.2 87424.0  13330.4   699072.0   365344.9  159888.0 96010.2    919   40.457  94      7.920   48.377
43648.0 43648.0  0.0   27969.6 87424.0    0.0     699072.0   365344.9  159888.0 96010.2    921   40.502  94      7.920   48.422
43648.0 43648.0  0.0   27969.6 87424.0  69630.5   699072.0   365344.9  159888.0 96010.2    921   40.502  94      7.920   48.422
43648.0 43648.0 32818.3  0.0   87424.0  35660.7   699072.0   365344.9  159888.0 96010.2    924   40.585  94      7.920   48.506
43648.0 43648.0 32818.3  0.0   87424.0  67789.1   699072.0   365344.9  159888.0 96010.2    924   40.585  94      7.920   48.506
43648.0 43648.0  0.0   23206.6 87424.0  84621.0   699072.0   377006.1  159888.0 96010.2    929   40.724  94      7.920   48.644
43648.0 43648.0 22277.6  0.0   87424.0   1959.6   699072.0   377006.1  159888.0 96010.2    930   40.750  94      7.920   48.670
43648.0 43648.0 22277.6  0.0   87424.0   3171.3   699072.0   377006.1  159888.0 96010.2    930   40.750  94      7.920   48.670
43648.0 43648.0 22277.6  0.0   87424.0  72787.9   699072.0   377006.1  159888.0 96010.2    930   40.750  94      7.920   48.670
43648.0 43648.0 22277.6  0.0   87424.0  74316.6   699072.0   377006.1  159888.0 96010.2    930   40.750  94      7.920   48.670
43648.0 43648.0 33359.2  0.0   87424.0   5555.3   699072.0   381473.1  159888.0 96010.5    936   40.900  94      7.920   48.821
43648.0 43648.0 33359.2  0.0   87424.0  43694.8   699072.0   381473.1  159888.0 96010.5    936   40.900  94      7.920   48.821
43648.0 43648.0 31676.2  0.0   87424.0  23952.1   699072.0   386542.6  159888.0 96010.5    940   40.998  94      7.920   48.919
43648.0 43648.0 16532.4  0.0   87424.0  62062.6   699072.0   387603.5  159888.0 96010.5    943   41.034  94      7.920   48.955
43648.0 43648.0  0.0   33761.8 87424.0  26388.0   699072.0   387603.5  159888.0 96011.5    943   41.067  94      7.920   48.988
43648.0 43648.0  0.0   33761.8 87424.0  26583.0   699072.0   387603.5  159888.0 96011.6    943   41.067  94      7.920   48.988
43648.0 43648.0  0.0   33761.8 87424.0  28935.8   699072.0   387603.5  159888.0 96011.6    943   41.067  94      7.920   48.988
43648.0 43648.0 31049.8  0.0   87424.0  41902.8   699072.0   391746.5  159888.0 96013.5    948   41.251  94      7.920   49.171
43648.0 43648.0 31049.8  0.0   87424.0  46246.4   699072.0   391746.5  159888.0 96013.5    948   41.251  94      7.920   49.171
43648.0 43648.0  0.0   26663.8 87424.0  48496.2   699072.0   396607.9  159888.0 96013.5    949   41.281  94      7.920   49.202
43648.0 43648.0 15364.2  0.0   87424.0  46515.5   699072.0   396607.9  159888.0 96014.4    950   41.299  94      7.920   49.220
43648.0 43648.0 15364.2  0.0   87424.0  83541.2   699072.0   396607.9  159888.0 96015.2    951   41.299  94      7.920   49.220
43648.0 43648.0  0.0   30278.0 87424.0  83158.2   699072.0   396607.9  159888.0 96015.2    953   41.365  94      7.920   49.285
43648.0 43648.0 31985.8  0.0   87424.0  45532.5   699072.0   400890.4  159888.0 96015.2    956   41.439  94      7.920   49.359
43648.0 43648.0  0.0   23163.6 87424.0  30656.9   699072.0   404018.9  159888.0 96015.2    957   41.501  94      7.920   49.421
43648.0 43648.0  0.0   23163.6 87424.0  34817.6   699072.0   404018.9  159888.0 96015.2    957   41.501  94      7.920   49.421
43648.0 43648.0  0.0   23163.6 87424.0  67214.1   699072.0   404018.9  159888.0 96015.2    957   41.501  94      7.920   49.421
43648.0 43648.0  0.0   23163.6 87424.0  68384.4   699072.0   404018.9  159888.0 96015.2    957   41.501  94      7.920   49.421
43648.0 43648.0 26810.7  0.0   87424.0  32295.7   699072.0   404018.9  159888.0 96015.2    960   41.558  94      7.920   49.478
43648.0 43648.0 26810.7  0.0   87424.0  64805.0   699072.0   404018.9  159888.0 96015.2    960   41.558  94      7.920   49.478
43648.0 43648.0  0.0   19598.7 87424.0  15270.5   699072.0   405039.1  159888.0 96015.2    961   41.583  94      7.920   49.503
43648.0 43648.0  0.0   19598.7 87424.0  51645.6   699072.0   405039.1  159888.0 96015.2    961   41.583  94      7.920   49.503
43648.0 43648.0 33271.0  0.0   87424.0  84089.2   699072.0   405039.1  159888.0 96015.2    964   41.655  94      7.920   49.575
43648.0 43648.0 33271.0  0.0   87424.0  87304.0   699072.0   405039.1  159888.0 96015.2    964   41.655  94      7.920   49.575
43648.0 43648.0  0.0   22636.5 87424.0  53171.0   699072.0   409297.4  159888.0 96015.9    967   41.720  94      7.920   49.641
43648.0 43648.0  0.0   22636.5 87424.0  53209.4   699072.0   409297.4  159888.0 96015.9    967   41.720  94      7.920   49.641
43648.0 43648.0 18505.5  0.0   87424.0  35585.8   699072.0   409297.4  159888.0 96015.9    968   41.741  94      7.920   49.662
43648.0 43648.0 18505.5  0.0   87424.0  70837.4   699072.0   409297.4  159888.0 96015.9    968   41.741  94      7.920   49.662
43648.0 43648.0 18505.5  0.0   87424.0  72979.0   699072.0   409297.4  159888.0 96016.1    968   41.741  94      7.920   49.662
43648.0 43648.0  0.0   29781.5 87424.0  36317.2   699072.0   409297.4  159888.0 96016.1    971   41.804  94      7.920   49.725
43648.0 43648.0  0.0   29781.5 87424.0  68239.7   699072.0   409297.4  159888.0 96016.1    971   41.804  94      7.920   49.725
43648.0 43648.0 23885.9  0.0   87424.0  52461.4   699072.0   413615.5  159888.0 96016.1    972   41.851  94      7.920   49.772
43648.0 43648.0 23885.9  0.0   87424.0  85234.7   699072.0   413615.5  159888.0 96016.7    972   41.851  94      7.920   49.772
43648.0 43648.0 23885.9  0.0   87424.0  87091.5   699072.0   413615.5  159888.0 96016.7    972   41.851  94      7.920   49.772
43648.0 43648.0  0.0   8270.2 87424.0   149.6    699072.0   413615.5  159888.0 96016.7    973   41.864  94      7.920   49.785
43648.0 43648.0  0.0   8270.2 87424.0   153.6    699072.0   413615.5  159888.0 96016.7    973   41.864  94      7.920   49.785
43648.0 43648.0  0.0   8270.2 87424.0   229.3    699072.0   413615.5  159888.0 96016.7    973   41.864  94      7.920   49.785
43648.0 43648.0  0.0   8270.2 87424.0  37597.5   699072.0   413615.5  159888.0 96018.0    973   41.864  94      7.920   49.785
43648.0 43648.0  0.0   8270.2 87424.0  70778.6   699072.0   413615.5  159888.0 96018.0    973   41.864  94      7.920   49.785
43648.0 43648.0  0.0   8270.2 87424.0  70845.6   699072.0   413615.5  159888.0 96018.0    973   41.864  94      7.920   49.785
43648.0 43648.0 10093.6  0.0   87424.0  24671.1   699072.0   413615.5  159888.0 96018.3    974   41.879  94      7.920   49.800
43648.0 43648.0  0.0   10890.1 87424.0   7140.2   699072.0   413615.5  159888.0 96018.3    975   41.894  94      7.920   49.814
43648.0 43648.0  0.0   10890.1 87424.0  39018.5   699072.0   413615.5  159888.0 96018.3    975   41.894  94      7.920   49.814
43648.0 43648.0  0.0   10890.1 87424.0  40074.3   699072.0   413615.5  159888.0 96018.3    975   41.894  94      7.920   49.814
43648.0 43648.0  0.0   10890.1 87424.0  40295.1   699072.0   413615.5  159888.0 96018.3    975   41.894  94      7.920   49.814
43648.0 43648.0  0.0   10890.1 87424.0  40333.5   699072.0   413615.5  159888.0 96018.3    975   41.894  94      7.920   49.814
43648.0 43648.0  0.0   8773.2 87424.0  26630.9   699072.0   413615.5  159888.0 96018.3    977   41.929  94      7.920   49.849
43648.0 43648.0 26215.6  0.0   87424.0  37332.1   699072.0   413615.5  159888.0 96018.3    978   41.957  94      7.920   49.878
43648.0 43648.0 26215.6  0.0   87424.0  37888.6   699072.0   413615.5  159888.0 96018.3    978   41.957  94      7.920   49.878
43648.0 43648.0 26215.6  0.0   87424.0  39333.5   699072.0   413615.5  159888.0 96018.3    978   41.957  94      7.920   49.878
43648.0 43648.0 26215.6  0.0   87424.0  76334.0   699072.0   413615.5  159888.0 96018.3    978   41.957  94      7.920   49.878
43648.0 43648.0  0.0   22436.1 87424.0  71484.4   699072.0   413906.2  159888.0 96018.3    981   42.085  94      7.920   50.006
43648.0 43648.0  0.0   16507.0 87424.0  14774.8   699072.0   413932.7  159888.0 96018.3    983   42.124  94      7.920   50.045
43648.0 43648.0 30326.5  0.0   87424.0  39093.8   699072.0   413996.5  159888.0 96018.3    984   42.159  94      7.920   50.080
43648.0 43648.0 30326.5  0.0   87424.0  42019.9   699072.0   413996.5  159888.0 96018.3    984   42.159  94      7.920   50.080
43648.0 43648.0 30326.5  0.0   87424.0  43056.0   699072.0   413996.5  159888.0 96018.3    984   42.159  94      7.920   50.080
43648.0 43648.0  0.0   31721.8 87424.0  45502.2   699072.0   418110.3  159888.0 96018.3    987   42.242  94      7.920   50.162
43648.0 43648.0  0.0   17452.3 87424.0  84632.4   699072.0   422851.9  159888.0 96018.3    992   42.421  94      7.920   50.341
43648.0 43648.0  0.0   31515.1 87424.0  12790.5   699072.0   422851.9  159888.0 96018.3    993   42.483  94      7.920   50.403
43648.0 43648.0  0.0   23861.5 87424.0  66348.0   699072.0   427013.9  159888.0 96018.3    995   42.546  94      7.920   50.466
43648.0 43648.0 27795.1  0.0   87424.0  30565.3   699072.0   427013.9  159888.0 96018.3    998   42.614  94      7.920   50.535
43648.0 43648.0 27795.1  0.0   87424.0  30604.4   699072.0   427013.9  159888.0 96018.3    998   42.614  94      7.920   50.535
43648.0 43648.0 27795.1  0.0   87424.0  34198.0   699072.0   427013.9  159888.0 96018.3    998   42.614  94      7.920   50.535
43648.0 43648.0 27795.1  0.0   87424.0  35400.8   699072.0   427013.9  159888.0 96018.3    998   42.614  94      7.920   50.535
43648.0 43648.0 27795.1  0.0   87424.0  37802.7   699072.0   427013.9  159888.0 96018.3    998   42.614  94      7.920   50.535
43648.0 43648.0 27795.1  0.0   87424.0  69418.0   699072.0   427013.9  159888.0 96018.3    998   42.614  94      7.920   50.535
43648.0 43648.0 27795.1  0.0   87424.0  72497.1   699072.0   427013.9  159888.0 96018.3    998   42.614  94      7.920   50.535
43648.0 43648.0 33753.0  0.0   87424.0   7736.1   699072.0   431100.5  159888.0 96019.4   1004   42.813  94      7.920   50.733
43648.0 43648.0 30158.4  0.0   87424.0  62152.5   699072.0   435922.2  159888.0 96019.4   1006   42.956  94      7.920   50.877
43648.0 43648.0  0.0   27247.5 87424.0  27041.7   699072.0   437412.4  159888.0 96019.4   1009   43.026  94      7.920   50.946
43648.0 43648.0  0.0   27247.5 87424.0  28639.3   699072.0   437412.4  159888.0 96019.4   1009   43.026  94      7.920   50.946
43648.0 43648.0  0.0   27247.5 87424.0  66184.7   699072.0   437412.4  159888.0 96019.4   1009   43.026  94      7.920   50.946
43648.0 43648.0 21634.1  0.0   87424.0  12814.2   699072.0   438587.2  159888.0 96019.4   1010   43.051  94      7.920   50.971
43648.0 43648.0 21634.1  0.0   87424.0  78548.6   699072.0   438587.2  159888.0 96019.4   1010   43.051  94      7.920   50.971
43648.0 43648.0 21634.1  0.0   87424.0  78589.3   699072.0   438587.2  159888.0 96019.4   1010   43.051  94      7.920   50.971
43648.0 43648.0 21634.1  0.0   87424.0  80343.8   699072.0   438587.2  159888.0 96019.4   1010   43.051  94      7.920   50.971
43648.0 43648.0 21634.1  0.0   87424.0  83649.8   699072.0   438587.2  159888.0 96019.4   1010   43.051  94      7.920   50.971
43648.0 43648.0 21634.1  0.0   87424.0  83759.1   699072.0   438587.2  159888.0 96019.4   1010   43.051  94      7.920   50.971
43648.0 43648.0 21634.1  0.0   87424.0  83833.6   699072.0   438587.2  159888.0 96019.4   1010   43.051  94      7.920   50.971
43648.0 43648.0  0.0   15264.8 87424.0  28148.7   699072.0   438587.2  159888.0 96019.4   1011   43.069  94      7.920   50.990
43648.0 43648.0  0.0   15264.8 87424.0  60727.9   699072.0   438587.2  159888.0 96019.4   1011   43.069  94      7.920   50.990
43648.0 43648.0  0.0   15264.8 87424.0  60805.8   699072.0   438587.2  159888.0 96019.4   1011   43.069  94      7.920   50.990
43648.0 43648.0  0.0   15264.8 87424.0  63551.7   699072.0   438587.2  159888.0 96019.4   1011   43.069  94      7.920   50.990
43648.0 43648.0 28263.3  0.0   87424.0  29171.8   699072.0   438587.2  159888.0 96024.1   1014   43.137  94      7.920   51.057
43648.0 43648.0 28263.3  0.0   87424.0  66069.3   699072.0   438587.2  159888.0 96024.1   1014   43.137  94      7.920   51.057
43648.0 43648.0  0.0   22769.5 87424.0  46047.9   699072.0   444220.2  159888.0 96024.1   1015   43.168  94      7.920   51.089
43648.0 43648.0  0.0   22769.5 87424.0  85076.2   699072.0   444220.2  159888.0 96024.1   1015   43.168  94      7.920   51.089
43648.0 43648.0  0.0   24227.5 87424.0  18159.6   699072.0   446538.8  159888.0 96036.2   1021   43.400  94      7.920   51.321
43648.0 43648.0  0.0   24227.5 87424.0  54877.3   699072.0   446538.8  159888.0 96036.2   1021   43.400  94      7.920   51.321
43648.0 43648.0 29362.1  0.0   87424.0  56093.2   699072.0   448071.1  159888.0 96036.2   1024   43.475  94      7.920   51.395
43648.0 43648.0  0.0   23445.8 87424.0   6173.4   699072.0   452974.0  159888.0 96036.7   1025   43.547  94      7.920   51.468
43648.0 43648.0  0.0   14727.0 87424.0   2247.4   699072.0   452974.0  159888.0 96036.7   1027   43.583  94      7.920   51.503
43648.0 43648.0 39990.9  0.0   87424.0  42392.9   699072.0   463203.3  159888.0 96036.7   1034   43.775  95      7.970   51.744
43648.0 43648.0 35668.4  0.0   87424.0  25843.4   699072.0   343271.6  159888.0 96036.7   1042   43.994  96      8.091   52.085
43648.0 43648.0  0.0   32248.3 87424.0  47738.1   699072.0   272347.0  159888.0 95635.8   1047   44.149  97      8.145   52.294
43648.0 43648.0  0.0   32248.3 87424.0  52052.4   699072.0   272347.0  159888.0 95636.4   1047   44.149  97      8.145   52.294
43648.0 43648.0 24341.2  0.0   87424.0  68503.1   699072.0   263777.0  159888.0 95636.4   1052   44.295  98      8.198   52.493
43648.0 43648.0 24942.2  0.0   87424.0  74890.1   699072.0   249897.9  159888.0 95638.6   1056   44.409  98      8.198   52.608
43648.0 43648.0 23640.6  0.0   87424.0   1211.5   699072.0   243876.6  159888.0 95638.6   1058   44.474  98      8.198   52.673
43648.0 43648.0  0.0   25025.7 87424.0  78869.9   699072.0   218140.4  159888.0 95638.6   1062   44.560  98      8.198   52.758
43648.0 43648.0 25411.8  0.0   87424.0  10933.7   699072.0   224916.9  159888.0 95643.3   1064   44.649  99      8.260   52.910
43648.0 43648.0 25411.8  0.0   87424.0  43915.5   699072.0   224916.9  159888.0 95643.3   1064   44.649  99      8.260   52.910
43648.0 43648.0 25411.8  0.0   87424.0  44485.8   699072.0   200028.8  159888.0 95643.3   1064   44.649  100     8.323   52.973
43648.0 43648.0 25411.8  0.0   87424.0  47525.4   699072.0   200028.8  159888.0 95643.3   1064   44.649  100     8.323   52.973
43648.0 43648.0  0.0   30311.5 87424.0  12345.1   699072.0   200028.8  159888.0 95643.3   1067   44.718  100     8.323   53.041
43648.0 43648.0  0.0   30311.5 87424.0  14923.6   699072.0   200028.8  159888.0 95643.3   1067   44.718  100     8.323   53.041
43648.0 43648.0  0.0   24502.7 87424.0  65503.8   699072.0   205327.1  159888.0 95643.3   1069   44.773  100     8.323   53.096
43648.0 43648.0  0.0   24502.7 87424.0  66425.4   699072.0   205327.1  159888.0 95643.3   1069   44.773  100     8.323   53.096
43648.0 43648.0  0.0   24502.7 87424.0  66501.5   699072.0   205327.1  159888.0 95643.3   1069   44.773  100     8.323   53.096
43648.0 43648.0  0.0   24502.7 87424.0  69484.6   699072.0   205327.1  159888.0 95643.3   1069   44.773  100     8.323   53.096
43648.0 43648.0  0.0   24502.7 87424.0  69523.2   699072.0   205327.1  159888.0 95643.3   1069   44.773  100     8.323   53.096
43648.0 43648.0  0.0   24502.7 87424.0  71097.3   699072.0   205327.1  159888.0 95692.1   1069   44.773  100     8.323   53.096
43648.0 43648.0 21490.1  0.0   87424.0  84414.0   699072.0   205327.1  159888.0 95692.1   1070   44.799  100     8.323   53.122
43648.0 43648.0  0.0   14403.8 87424.0  33286.2   699072.0   205327.1  159888.0 95693.9   1071   44.817  100     8.323   53.140
43648.0 43648.0  0.0   14403.8 87424.0  36052.0   699072.0   205327.1  159888.0 95693.9   1071   44.817  100     8.323   53.140
43648.0 43648.0  0.0   14403.8 87424.0  73424.0   699072.0   205327.1  159888.0 95693.9   1071   44.817  100     8.323   53.140
43648.0 43648.0 17552.8  0.0   87424.0  54723.5   699072.0   205327.1  159888.0 95693.9   1072   44.837  100     8.323   53.160
43648.0 43648.0  0.0   18236.0 87424.0  37424.3   699072.0   205327.1  159888.0 95693.9   1073   44.884  100     8.323   53.208
43648.0 43648.0 12447.1  0.0   87424.0  83037.4   699072.0   205327.1  159888.0 95693.9   1074   44.901  100     8.323   53.224
43648.0 43648.0 12447.1  0.0   87424.0  85329.3   699072.0   205327.1  159888.0 95696.1   1074   44.901  100     8.323   53.224
43648.0 43648.0 12447.1 6764.0 87424.0  87424.0   699072.0   205327.1  159888.0 95696.1   1075   44.901  100     8.323   53.224
43648.0 43648.0  0.0   12041.6 87424.0   3007.5   699072.0   205327.1  159888.0 95696.1   1075   44.915  100     8.323   53.239
43648.0 43648.0  0.0   12041.6 87424.0   4140.1   699072.0   205327.1  159888.0 95696.1   1075   44.915  100     8.323   53.239
43648.0 43648.0  0.0   21855.8 87424.0  55434.9   699072.0   206446.8  159888.0 95696.1   1077   45.023  100     8.323   53.346
43648.0 43648.0  0.0   21855.8 87424.0  55799.7   699072.0   206446.8  159888.0 95696.1   1077   45.023  100     8.323   53.346
43648.0 43648.0  0.0   21855.8 87424.0  59351.8   699072.0   206446.8  159888.0 95696.1   1077   45.023  100     8.323   53.346
43648.0 43648.0  0.0   21855.8 87424.0  59530.7   699072.0   206446.8  159888.0 95696.1   1077   45.023  100     8.323   53.346
43648.0 43648.0 17572.5  0.0   87424.0   4215.2   699072.0   208333.6  159888.0 95696.1   1078   45.047  100     8.323   53.371
43648.0 43648.0 17572.5  0.0   87424.0   6104.8   699072.0   208333.6  159888.0 95696.2   1078   45.047  100     8.323   53.371
43648.0 43648.0 17572.5  0.0   87424.0   6733.8   699072.0   208333.6  159888.0 95696.2   1078   45.047  100     8.323   53.371
43648.0 43648.0 17572.5  0.0   87424.0   8127.7   699072.0   208333.6  159888.0 95696.2   1078   45.047  100     8.323   53.371
43648.0 43648.0 17572.5  0.0   87424.0  76396.9   699072.0   208333.6  159888.0 95696.2   1078   45.047  100     8.323   53.371
43648.0 43648.0  0.0   27983.8 87424.0  39329.0   699072.0   209545.0  159888.0 95696.2   1081   45.107  100     8.323   53.430
43648.0 43648.0 24478.8  0.0   87424.0   3539.7   699072.0   209591.7  159888.0 95696.2   1084   45.196  100     8.323   53.520
43648.0 43648.0 24478.8  0.0   87424.0   4276.1   699072.0   209591.7  159888.0 95696.2   1084   45.196  100     8.323   53.520
43648.0 43648.0 24478.8  0.0   87424.0   4343.1   699072.0   209591.7  159888.0 95696.2   1084   45.196  100     8.323   53.520
43648.0 43648.0 24478.8  0.0   87424.0   4525.8   699072.0   209591.7  159888.0 95696.2   1084   45.196  100     8.323   53.520
43648.0 43648.0 24478.8  0.0   87424.0   6880.5   699072.0   209591.7  159888.0 95696.7   1084   45.196  100     8.323   53.520
43648.0 43648.0 24478.8  0.0   87424.0   7173.5   699072.0   209591.7  159888.0 95696.7   1084   45.196  100     8.323   53.520
43648.0 43648.0 24478.8  0.0   87424.0   7211.8   699072.0   209591.7  159888.0 95696.7   1084   45.196  100     8.323   53.520
43648.0 43648.0 24478.8  0.0   87424.0   7249.5   699072.0   209591.7  159888.0 95696.7   1084   45.196  100     8.323   53.520
43648.0 43648.0 24478.8  0.0   87424.0   7287.8   699072.0   209591.7  159888.0 95696.7   1084   45.196  100     8.323   53.520
43648.0 43648.0 24478.8  0.0   87424.0   8043.8   699072.0   209591.7  159888.0 95696.7   1084   45.196  100     8.323   53.520
43648.0 43648.0 24478.8  0.0   87424.0   8043.8   699072.0   209591.7  159888.0 95696.7   1084   45.196  100     8.323   53.520
43648.0 43648.0 24478.8  0.0   87424.0   8118.2   699072.0   209591.7  159888.0 95696.7   1084   45.196  100     8.323   53.520
43648.0 43648.0 24478.8  0.0   87424.0   8156.5   699072.0   209591.7  159888.0 95696.7   1084   45.196  100     8.323   53.520
43648.0 43648.0 24478.8  0.0   87424.0   8198.9   699072.0   209591.7  159888.0 95696.7   1084   45.196  100     8.323   53.520
43648.0 43648.0 24478.8  0.0   87424.0   8302.1   699072.0   209591.7  159888.0 95696.7   1084   45.196  100     8.323   53.520
43648.0 43648.0 24478.8  0.0   87424.0   8375.9   699072.0   209591.7  159888.0 95696.7   1084   45.196  100     8.323   53.520
43648.0 43648.0 24478.8  0.0   87424.0   8638.0   699072.0   209591.7  159888.0 95696.7   1084   45.196  100     8.323   53.520
43648.0 43648.0 24478.8  0.0   87424.0  10741.9   699072.0   209591.7  159888.0 95696.7   1084   45.196  100     8.323   53.520
43648.0 43648.0 24478.8  0.0   87424.0  10998.8   699072.0   209591.7  159888.0 95696.7   1084   45.196  100     8.323   53.520
43648.0 43648.0 24478.8  0.0   87424.0  11072.9   699072.0   209591.7  159888.0 95696.7   1084   45.196  100     8.323   53.520
43648.0 43648.0 24478.8  0.0   87424.0  11111.1   699072.0   209591.7  159888.0 95696.7   1084   45.196  100     8.323   53.520
43648.0 43648.0 24478.8  0.0   87424.0  11185.6   699072.0   209591.7  159888.0 95696.7   1084   45.196  100     8.323   53.520
43648.0 43648.0 24478.8  0.0   87424.0  11185.6   699072.0   209591.7  159888.0 95696.7   1084   45.196  100     8.323   53.520
43648.0 43648.0 24478.8  0.0   87424.0  11260.0   699072.0   209591.7  159888.0 95696.7   1084   45.196  100     8.323   53.520
43648.0 43648.0 24478.8  0.0   87424.0  11298.3   699072.0   209591.7  159888.0 95696.7   1084   45.196  100     8.323   53.520
43648.0 43648.0 24478.8  0.0   87424.0  11372.9   699072.0   209591.7  159888.0 95696.7   1084   45.196  100     8.323   53.520
43648.0 43648.0 24478.8  0.0   87424.0  11443.7   699072.0   209591.7  159888.0 95696.7   1084   45.196  100     8.323   53.520
43648.0 43648.0 24478.8  0.0   87424.0  11518.1   699072.0   209591.7  159888.0 95696.7   1084   45.196  100     8.323   53.520
43648.0 43648.0 24478.8  0.0   87424.0  11518.1   699072.0   209591.7  159888.0 95696.7   1084   45.196  100     8.323   53.520
43648.0 43648.0 24478.8  0.0   87424.0  13868.0   699072.0   209591.7  159888.0 95698.1   1084   45.196  100     8.323   53.520
43648.0 43648.0 24478.8  0.0   87424.0  14161.2   699072.0   209591.7  159888.0 95698.1   1084   45.196  100     8.323   53.520
43648.0 43648.0 24478.8  0.0   87424.0  14198.8   699072.0   209591.7  159888.0 95698.1   1084   45.196  100     8.323   53.520
43648.0 43648.0 24478.8  0.0   87424.0  14237.1   699072.0   209591.7  159888.0 95698.1   1084   45.196  100     8.323   53.520
