 S0C    S1C    S0U    S1U      EC       EU        OC         OU       PC     PU    YGC     YGCT    FGC    FGCT     GCT   
69184.0 70208.0  0.0    0.0   206848.0 160361.3  349568.0   35308.4   48896.0 35379.4     10    0.342   1      0.144    0.486
68416.0 69312.0 14969.4  0.0   209408.0 37950.1   349568.0   41416.9   49088.0 48824.1     12    0.392   1      0.144    0.536
67648.0 67648.0 13512.0  0.0   212160.0 55980.1   349568.0   76029.2   64256.0 64084.6     14    0.455   1      0.144    0.599
63808.0 64512.0 18006.3  0.0   215424.0 103272.2  349568.0   97136.0   67328.0 67317.1     16    0.590   1      0.144    0.734
59904.0 61696.0 7648.0  0.0   221760.0 112419.8  349568.0   119528.9  70016.0 70014.0     20    0.668   1      0.144    0.812
59904.0 61696.0 7648.0  0.0   221760.0 113173.9  349568.0   119528.9  70208.0 70017.1     20    0.668   1      0.144    0.812
59904.0 61696.0 7648.0  0.0   221760.0 113173.9  349568.0   119528.9  70208.0 70017.1     20    0.668   1      0.144    0.812
70080.0 66496.0 26365.4  0.0   212928.0 56669.8   349568.0   175873.6  81152.0 80972.9     22    0.848   1      0.144    0.992
70080.0 66496.0 26365.4  0.0   212928.0 75321.3   349568.0   175873.6  81152.0 81085.6     22    0.848   1      0.144    0.992
70080.0 66496.0 26365.4  0.0   212928.0 75321.4   349568.0   175873.6  81152.0 81085.6     22    0.848   1      0.144    0.992
70080.0 66496.0 26365.4  0.0   212928.0 81088.0   349568.0   175873.6  81152.0 81119.1     22    0.848   1      0.144    0.992
70080.0 66496.0 26365.4  0.0   212928.0 81088.1   349568.0   175873.6  81152.0 81122.2     22    0.848   1      0.144    0.992
70080.0 66496.0 26365.4  0.0   212928.0 81088.3   349568.0   175873.6  81152.0 81122.2     22    0.848   1      0.144    0.992
70080.0 66496.0 26365.4  0.0   212928.0 81088.4   349568.0   175873.6  81152.0 81122.2     22    0.848   1      0.144    0.992
70080.0 66496.0 26365.4  0.0   212928.0 81812.6   349568.0   175873.6  81152.0 81122.2     22    0.848   1      0.144    0.992
70080.0 66496.0 26365.4  0.0   212928.0 81812.8   349568.0   175873.6  81152.0 81122.2     22    0.848   1      0.144    0.992
70080.0 66496.0 26365.4  0.0   212928.0 121624.6  349568.0   175873.6  82688.0 82672.8     22    0.848   1      0.144    0.992
62848.0 19904.0  0.0   19890.8 212928.0 209962.3  349568.0   188207.3  85376.0 85294.4     23    0.918   1      0.144    1.062
62848.0 61184.0 9988.3  0.0   214592.0 198090.8  349568.0   201186.0  88064.0 87895.4     24    0.947   1      0.144    1.091
62848.0 61184.0 9988.3  0.0   214592.0 199253.8  349568.0   201186.0  88064.0 87896.4     24    0.947   1      0.144    1.091
57600.0 61184.0  0.0   22904.5 214592.0  819.1    349568.0   209596.0  88064.0 87913.0     25    1.040   1      0.144    1.184
57600.0 61184.0  0.0   22904.5 214592.0  1549.0   349568.0   209596.0  88064.0 87913.0     25    1.040   1      0.144    1.184
57472.0 54912.0 17008.0  0.0   228160.0 25409.2   349568.0   227856.1  88256.0 88181.3     26    1.141   1      0.144    1.285
57472.0 54912.0 17008.0  0.0   228160.0 37952.8   349568.0   227856.1  88256.0 88188.5     26    1.141   1      0.144    1.285
57472.0 54912.0 17008.0  0.0   228160.0 44649.4   349568.0   227856.1  88640.0 88508.1     26    1.141   1      0.144    1.285
57472.0 54912.0 17008.0  0.0   228160.0 180249.8  349568.0   227856.1  88832.0 88657.9     26    1.141   1      0.144    1.285
52096.0 54912.0  0.0   18484.5 228160.0 62627.5   349568.0   234776.2  88832.0 88814.7     27    1.210   1      0.144    1.354
31296.0 49792.0 16704.1  0.0   220928.0 61463.1   349568.0   243156.1  89024.0 88960.7     28    1.238   1      0.144    1.382
31296.0 49792.0 16704.1  0.0   220928.0 62112.9   349568.0   243156.1  89024.0 88960.8     28    1.238   1      0.144    1.382
31296.0 49792.0 16704.1  0.0   220928.0 69176.7   349568.0   243156.1  89024.0 88977.8     28    1.238   1      0.144    1.382
31296.0 49792.0 16704.1  0.0   220928.0 104978.5  349568.0   243156.1  89216.0 89040.5     28    1.238   1      0.144    1.382
31296.0 49792.0 16704.1  0.0   220928.0 105671.3  349568.0   243156.1  89216.0 89045.1     28    1.238   1      0.144    1.382
31296.0 49792.0 16704.1  0.0   220928.0 107130.5  349568.0   243156.1  89216.0 89061.6     28    1.238   1      0.144    1.382
49216.0 6912.0  0.0   6896.0 214016.0 117499.8  349568.0   250068.4  89216.0 89154.5     29    1.282   1      0.144    1.426
49216.0 6912.0  0.0   6896.0 214016.0 120473.5  349568.0   250068.4  89216.0 89156.4     29    1.282   1      0.144    1.426
49216.0 6912.0  0.0   6896.0 214016.0 122206.3  349568.0   250068.4  89216.0 89179.1     29    1.282   1      0.144    1.426
49216.0 6912.0  0.0   6896.0 214016.0 154062.9  349568.0   250068.4  89216.0 89185.5     29    1.282   1      0.144    1.426
49216.0 6912.0  0.0   6896.0 214016.0 192170.5  349568.0   250068.4  89408.0 89223.5     29    1.282   1      0.144    1.426
49216.0 6912.0 576.0  6896.0 214016.0 214016.0  349568.0   250876.5  89408.0 89242.9     30    1.282   1      0.144    1.426
46080.0 10368.0  0.0   10336.0 201088.0 32732.8   349568.0   258537.1  89600.0 89485.2     31    1.397   1      0.144    1.541
38464.0 45312.0 5440.0  0.0   195008.0 115416.3  349568.0   262529.1  89600.0 89584.2     32    1.432   1      0.144    1.576
43520.0 10368.0  0.0   10320.0 189184.0 169473.6  349568.0   265657.2  89792.0 89727.8     33    1.478   1      0.144    1.622
43520.0 10368.0  0.0   10320.0 189184.0 173404.8  349568.0   265657.2  89792.0 89732.0     33    1.478   1      0.144    1.622
34368.0 41728.0 10112.0  0.0   183616.0 74068.4   349568.0   269377.2  89792.0 89751.5     34    1.529   1      0.144    1.673
36224.0 37760.0 10624.0  0.0   229568.0 206881.9  349568.0   285513.3  89984.0 89876.4     36    1.636   1      0.144    1.780
36544.0 37760.0  0.0   8672.0 229568.0 114062.1  349568.0   290033.3  89984.0 89923.2     37    1.683   1      0.144    1.827
32896.0 34880.0 10784.0  0.0   275200.0 121554.7  349568.0   295057.3  89984.0 89957.4     38    1.743   1      0.144    1.887
34560.0 34880.0  0.0   18656.0 275200.0 62160.6   349568.0   299225.4  90176.0 89995.1     39    1.813   1      0.144    1.957
34560.0 35008.0 20992.0  0.0   279488.0 82728.7   349568.0   305801.5  90176.0 90042.5     40    1.892   1      0.144    2.036
34176.0 18304.0  0.0   18304.0 279488.0 93660.0   349568.0   313865.5  90176.0 90122.1     41    1.955   1      0.144    2.099
34176.0 18304.0  0.0   18304.0 279488.0 130474.9  349568.0   313865.5  90176.0 90125.9     41    1.955   1      0.144    2.099
34176.0 32576.0 13696.0  0.0   281536.0 109300.4  349568.0   321265.5  90368.0 90316.1     42    2.017   1      0.144    2.161
34176.0 32576.0 13696.0  0.0   281536.0 152313.3  349568.0   321265.5  90368.0 90326.4     42    2.017   1      0.144    2.161
34176.0 32576.0 13696.0  0.0   281536.0 199724.6  349568.0   321265.5  90560.0 90418.9     42    2.017   1      0.144    2.161
31936.0 33536.0 23712.0  0.0   281152.0 48517.1   349568.0   330937.6  90560.0 90446.3     44    2.146   1      0.144    2.290
31936.0 33536.0 23712.0  0.0   281152.0 80471.3   349568.0   330937.6  90560.0 90447.8     44    2.146   1      0.144    2.290
31936.0 33536.0 23712.0  0.0   281152.0 113833.6  349568.0   330937.6  90560.0 90455.3     44    2.146   1      0.144    2.290
31936.0 33536.0 23712.0  0.0   281152.0 115198.5  349568.0   330937.6  90560.0 90458.4     44    2.146   1      0.144    2.290
31936.0 33536.0 23712.0  0.0   281152.0 155535.6  349568.0   330937.6  90560.0 90476.4     44    2.146   1      0.144    2.290
32960.0 33536.0  0.0   8480.0 281152.0   0.0     349568.0   338953.6  90560.0 90479.9     45    2.200   2      0.144    2.344
32960.0 33536.0  0.0    0.0   281152.0 269919.7  452160.0   258592.3  167552.0 90470.2     45    2.200   2      2.123    4.324
32128.0 12928.0  0.0   12928.0 282560.0  8860.6   452160.0   272648.4  167552.0 90481.7     47    2.333   2      2.123    4.457
32128.0 12928.0  0.0   12928.0 282560.0 120272.8  452160.0   272648.4  167552.0 90551.5     47    2.333   2      2.123    4.457
32128.0 12928.0  0.0   12928.0 282560.0 191786.2  452160.0   272648.4  167552.0 90561.3     47    2.333   2      2.123    4.457
32128.0 12928.0  0.0   12928.0 282560.0 192916.9  452160.0   272648.4  167552.0 90561.7     47    2.333   2      2.123    4.457
32128.0 31872.0 6790.5  0.0   283328.0 139030.2  452160.0   278280.4  167552.0 90578.8     48    2.375   2      2.123    4.499
30528.0 31872.0  0.0   12000.0 283328.0 119248.2  452160.0   280344.4  167552.0 90582.2     49    2.424   2      2.123    4.548
32000.0 31936.0  0.0   19744.0 284096.0 44095.5   452160.0   292960.4  167552.0 90596.3     51    2.572   2      2.123    4.695
32000.0 31936.0  0.0   19744.0 284096.0 154021.8  452160.0   292960.4  167552.0 90602.7     51    2.572   2      2.123    4.695
33600.0 24128.0  0.0   24128.0 285568.0 238579.5  452160.0   304624.5  167552.0 90626.0     53    2.697   2      2.123    4.820
33600.0 33344.0 19744.0  0.0   282560.0 55445.1   452160.0   312808.5  167552.0 90631.5     54    2.766   2      2.123    4.889
32512.0 31168.0 16896.0  0.0   283904.0 207822.4  452160.0   328960.5  167552.0 90730.1     56    2.886   2      2.123    5.009
30080.0 29248.0 12576.0  0.0   286656.0 168446.9  452160.0   348584.6  167552.0 90750.8     58    3.032   2      2.123    5.155
30080.0 29248.0 12576.0  0.0   286656.0 170278.4  452160.0   348584.6  167552.0 90771.6     58    3.032   2      2.123    5.155
28544.0 29248.0  0.0   11808.0 286656.0 47541.1   452160.0   352864.6  167552.0 90850.1     59    3.084   2      2.123    5.207
29184.0 27584.0  0.0   22848.0 291136.0 66718.7   452160.0   363856.6  167552.0 90881.5     61    3.146   2      2.123    5.270
29184.0 27584.0  0.0   22848.0 291136.0 142403.1  452160.0   363856.6  167552.0 90905.8     61    3.146   2      2.123    5.270
29120.0 28352.0 12928.0  0.0   291968.0 78264.2   452160.0   371392.6  167552.0 90913.1     62    3.195   2      2.123    5.319
29120.0 28352.0 12928.0  0.0   291968.0 142668.5  452160.0   371392.6  167552.0 90913.5     62    3.195   2      2.123    5.319
29120.0 28352.0 12928.0  0.0   291968.0 150763.0  452160.0   371392.6  167552.0 90914.9     62    3.195   2      2.123    5.319
29120.0 28352.0 12928.0  0.0   291968.0 151206.6  452160.0   371392.6  167552.0 90916.5     62    3.195   2      2.123    5.319
28032.0 10176.0  0.0   10144.0 291968.0 259874.5  452160.0   376360.6  167552.0 90934.6     63    3.245   2      2.123    5.368
26304.0 27072.0  0.0   12000.0 292992.0 54056.1   452160.0   383504.7  167552.0 90948.7     65    3.377   2      2.123    5.500
26304.0 25472.0 15408.0  0.0   295232.0 51713.8   452160.0   388704.7  167552.0 90961.0     66    3.445   2      2.123    5.568
24576.0 25472.0  0.0   13440.0 295232.0 22113.6   452160.0   393288.7  167552.0 90967.9     67    3.506   2      2.123    5.630
24576.0 25472.0  0.0   13440.0 295232.0 25655.5   452160.0   393288.7  167552.0 90972.5     67    3.506   2      2.123    5.630
24576.0 24064.0 11584.0  0.0   298240.0 218427.2  452160.0   398064.7  167552.0 90977.7     68    3.564   2      2.123    5.687
23232.0 22656.0 12416.0  0.0   301440.0 23872.7   452160.0   408992.7  167552.0 90982.6     70    3.686   2      2.123    5.809
23232.0 22656.0 12416.0  0.0   301440.0 280955.0  452160.0   408992.7  167552.0 91014.7     70    3.686   2      2.123    5.809
24064.0 24192.0 17440.0  0.0   301120.0 32061.0   452160.0   420824.8  167552.0 91016.7     72    3.827   2      2.123    5.950
24064.0 24192.0 17440.0  0.0   301120.0 178403.6  452160.0   420824.8  167552.0 91023.4     72    3.827   2      2.123    5.950
24320.0 23616.0 12672.0  0.0   301568.0 74918.8   452160.0   430256.8  167552.0 91030.0     74    3.932   2      2.123    6.055
24320.0 23616.0 12672.0  0.0   301568.0 206392.7  452160.0   430256.8  167552.0 91035.2     74    3.932   2      2.123    6.055
24320.0 23616.0 12672.0  0.0   301568.0 243690.2  452160.0   430256.8  167552.0 91039.2     74    3.932   2      2.123    6.055
22976.0 15040.0  0.0   15024.0 301568.0 15741.1   452160.0   434568.8  167552.0 91046.4     75    4.004   2      2.123    6.127
22976.0 15040.0  0.0   15024.0 301568.0 244817.8  452160.0   434568.8  167552.0 91048.8     75    4.004   2      2.123    6.127
22976.0 15040.0  0.0   15024.0 301568.0 246269.0  452160.0   434568.8  167552.0 91055.5     75    4.004   2      2.123    6.127
22976.0 22464.0 12000.0  0.0   302080.0 254170.2  452160.0   437680.8  167552.0 91063.9     76    4.061   2      2.123    6.184
22144.0 22592.0  0.0    0.0   303616.0 276504.3  539904.0   294020.8  172672.0 91075.6     79    4.183   3      3.669    7.852
33216.0 34688.0  0.0   17248.0 280128.0 70371.2   539904.0   340348.9  172672.0 91098.8     81    4.356   3      3.669    8.026
33216.0 34688.0  0.0   17248.0 280128.0 71295.3   539904.0   340348.9  172672.0 91100.6     81    4.356   3      3.669    8.026
30976.0 32064.0  0.0   18880.0 281600.0 32513.0   539904.0   354964.9  172672.0 91107.8     83    4.494   3      3.669    8.164
30976.0 32064.0  0.0   18880.0 281600.0 73232.7   539904.0   354964.9  172672.0 91108.5     83    4.494   3      3.669    8.164
28608.0 29696.0  0.0   18144.0 286464.0 189272.1  539904.0   369852.9  172672.0 91121.5     85    4.616   3      3.669    8.285
28608.0 29696.0  0.0   18144.0 286464.0 195098.0  539904.0   369852.9  172672.0 91121.5     85    4.616   3      3.669    8.285
27264.0 28288.0  0.0   17600.0 291200.0 213001.3  539904.0   389293.0  172672.0 91136.6     87    4.752   3      3.669    8.422
26368.0 27008.0 13824.0  0.0   293952.0 251355.1  539904.0   402517.0  172672.0 91144.8     88    4.827   3      3.669    8.497
26496.0 26752.0 11808.0  0.0   295616.0 130928.8  539904.0   411549.0  172672.0 91149.6     90    4.939   3      3.669    8.609
26496.0 26752.0 11808.0  0.0   295616.0 170689.6  539904.0   411549.0  172672.0 91152.7     90    4.939   3      3.669    8.609
26496.0 26752.0 11808.0  0.0   295616.0 272863.3  539904.0   411549.0  172672.0 91152.9     90    4.939   3      3.669    8.609
25856.0 15680.0  0.0   15648.0 295616.0 44050.7   539904.0   416789.0  172672.0 91155.1     91    5.011   3      3.669    8.680
25856.0 25344.0 13600.0  0.0   296768.0 12753.2   539904.0   421381.1  172672.0 91155.8     92    5.065   3      3.669    8.734
25856.0 25344.0 13600.0  0.0   296768.0 117039.5  539904.0   421381.1  172672.0 91166.1     92    5.065   3      3.669    8.734
25856.0 25344.0 13600.0  0.0   296768.0 152031.6  539904.0   421381.1  172672.0 91166.1     92    5.065   3      3.669    8.734
25856.0 25344.0 13600.0  0.0   296768.0 284013.4  539904.0   421381.1  172672.0 91169.6     92    5.065   3      3.669    8.734
25664.0 25344.0  0.0   8768.0 296768.0 280395.7  539904.0   425925.1  172672.0 91170.1     93    5.114   3      3.669    8.784
24576.0 24960.0 13344.0  0.0   298496.0 62550.2   539904.0   426581.1  172672.0 91170.6     94    5.167   3      3.669    8.836
24576.0 24960.0 13344.0  0.0   298496.0 128572.9  539904.0   426581.1  172672.0 91171.5     94    5.167   3      3.669    8.836
25344.0 24960.0  0.0   7328.0 298496.0 33134.9   539904.0   431181.1  172672.0 91173.1     95    5.214   3      3.669    8.883
25344.0 24960.0  0.0   7328.0 298496.0 215209.8  539904.0   431181.1  172672.0 91175.5     95    5.214   3      3.669    8.883
24064.0 24512.0 12608.0  0.0   299200.0 40988.4   539904.0   431461.1  172672.0 91178.7     96    5.264   3      3.669    8.933
23552.0 24512.0  0.0   13808.1 299200.0 70705.3   539904.0   435781.1  172672.0 91182.1     97    5.322   3      3.669    8.991
22912.0 22976.0 12160.0  0.0   301440.0 228754.0  539904.0   440645.2  172672.0 91182.2     98    5.367   3      3.669    9.037
21760.0 21696.0 12224.0  0.0   304192.0 34526.8   539904.0   449061.2  172672.0 91187.7    100    5.455   3      3.669    9.125
21760.0 21696.0 12224.0  0.0   304192.0 140397.0  539904.0   449061.2  172672.0 91188.3    100    5.455   3      3.669    9.125
22272.0 21696.0  0.0   17344.0 304192.0 111631.4  539904.0   453269.2  172672.0 91188.8    101    5.517   3      3.669    9.186
22272.0 21696.0  0.0   17344.0 304192.0 291960.3  539904.0   453269.2  172672.0 91188.8    101    5.517   3      3.669    9.186
21440.0 21568.0 13152.0  0.0   305536.0 213044.9  539904.0   459141.2  172672.0 91188.8    102    5.582   3      3.669    9.252
21184.0 21568.0  0.0   14880.0 305536.0 16239.3   539904.0   464421.3  172672.0 91190.1    103    5.647   3      3.669    9.317
20672.0 20800.0 11936.0  0.0   306752.0 168419.4  539904.0   470277.3  172672.0 91191.0    104    5.736   3      3.669    9.405
20672.0 20800.0 11936.0  0.0   306752.0 168802.6  539904.0   470277.3  172672.0 91191.0    104    5.736   3      3.669    9.405
20672.0 20800.0 11936.0  0.0   306752.0 241934.0  539904.0   470277.3  172672.0 91191.6    104    5.736   3      3.669    9.405
20672.0 20800.0 11936.0  0.0   306752.0 243534.3  539904.0   470277.3  172672.0 91191.6    104    5.736   3      3.669    9.405
20672.0 20800.0 11936.0  0.0   306752.0 245223.3  539904.0   470277.3  172672.0 91191.6    104    5.736   3      3.669    9.405
20224.0 20800.0  0.0   14112.0 306752.0 166225.3  539904.0   475357.3  172672.0 91191.6    105    5.808   3      3.669    9.477
20224.0 20800.0  0.0   14112.0 306752.0 266569.8  539904.0   475357.3  172672.0 91192.4    105    5.808   3      3.669    9.477
20224.0 20800.0  0.0   14112.0 306752.0 300338.0  539904.0   475357.3  172672.0 91192.8    105    5.808   3      3.669    9.477
19520.0 19648.0 13456.1  0.0   308480.0  4786.8   539904.0   481029.3  172672.0 91205.8    106    5.871   3      3.669    9.540
19520.0 19648.0 13456.1  0.0   308480.0 292181.4  539904.0   481029.3  172672.0 91205.8    106    5.871   3      3.669    9.540
19072.0 19840.0 6304.0  0.0   309568.0 25474.4   539904.0   489373.4  172672.0 91206.7    108    5.965   3      3.669    9.635
21184.0 18752.0  0.0   18720.0 309568.0 159533.3  539904.0   493125.5  172672.0 91206.9    109    6.025   3      3.669    9.694
21184.0 18752.0  0.0   18720.0 309568.0 267563.9  539904.0   493125.5  172672.0 91207.0    109    6.025   3      3.669    9.694
21184.0 20736.0 14240.0  0.0   307584.0 216853.6  539904.0   499213.5  172672.0 91217.8    110    6.095   3      3.669    9.765
20288.0 12288.0  0.0   12288.0 307584.0 143964.7  539904.0   504061.5  172672.0 91218.2    111    6.157   3      3.669    9.827
20288.0 25216.0 20272.0  0.0   299072.0 138896.6  539904.0   512445.5  172672.0 91219.6    112    6.242   3      3.669    9.911
25344.0 18240.0  0.0   18240.0 299072.0 245781.8  539904.0   520797.5  172672.0 91220.0    113    6.341   3      3.669   10.010
25344.0 24768.0 13152.0  0.0   299392.0 233202.9  539904.0   528733.5  172672.0 91220.0    114    6.418   3      3.669   10.087
24384.0 11776.0  0.0   11776.0 299392.0   0.0     539904.0   534077.6  172672.0 91220.0    115    6.484   4      3.669   10.153
24384.0 24832.0 18688.0  0.0   298944.0 164350.9  596608.0   307208.2  169600.0 91216.5    116    6.529   4      4.784   11.313
24064.0 28992.0 24032.0  0.0   291520.0 20669.8   596608.0   328240.3  169600.0 91225.9    118    6.642   4      4.784   11.426
24064.0 28992.0 24032.0  0.0   291520.0 24398.9   596608.0   328240.3  169600.0 91225.9    118    6.642   4      4.784   11.426
24064.0 28992.0 24032.0  0.0   291520.0 58550.1   596608.0   328240.3  169600.0 91226.2    118    6.642   4      4.784   11.426
24064.0 28992.0 24032.0  0.0   291520.0 92340.6   596608.0   328240.3  169600.0 91226.6    118    6.642   4      4.784   11.426
24064.0 28992.0 24032.0  0.0   291520.0 125909.8  596608.0   328240.3  169600.0 91227.0    118    6.642   4      4.784   11.426
24064.0 28992.0 24032.0  0.0   291520.0 232592.2  596608.0   328240.3  169600.0 91227.0    118    6.642   4      4.784   11.426
29056.0 8832.0  0.0   8832.0 291520.0 43804.5   596608.0   337112.3  169600.0 91227.0    119    6.696   4      4.784   11.479
29056.0 8832.0  0.0   8832.0 291520.0 83071.4   596608.0   337112.3  169600.0 91233.1    119    6.696   4      4.784   11.479
29056.0 8832.0  0.0   8832.0 291520.0 116629.2  596608.0   337112.3  169600.0 91233.1    119    6.696   4      4.784   11.479
29056.0 8832.0  0.0   8832.0 291520.0 191181.7  596608.0   337112.3  169600.0 91233.1    119    6.696   4      4.784   11.479
29056.0 29248.0 7248.0  0.0   291008.0 34672.2   596608.0   339096.3  169600.0 91234.7    120    6.733   4      4.784   11.516
29056.0 29248.0 7248.0  0.0   291008.0 137855.2  596608.0   339096.3  169600.0 91240.2    120    6.733   4      4.784   11.516
27840.0 14848.0  0.0   14816.0 291008.0 76930.1   596608.0   339376.3  169600.0 91244.5    121    6.773   4      4.784   11.556
27840.0 14848.0  0.0   14816.0 291008.0 100662.9  596608.0   339376.3  169600.0 91244.7    121    6.773   4      4.784   11.556
28480.0 28672.0  0.0   18592.0 290368.0 280727.7  596608.0   352640.3  169600.0 91245.4    123    7.027   4      4.784   11.811
26688.0 27200.0 12480.0  0.0   294016.0 99181.4   596608.0   379720.4  169600.0 91246.4    126    7.229   4      4.784   12.013
27584.0 17600.0  0.0   17568.0 292288.0 160679.8  596608.0   403840.4  169600.0 91253.3    129    7.430   4      4.784   12.213
26368.0 26944.0  0.0   12672.0 292928.0 14939.0   596608.0   418800.5  169600.0 91253.8    131    7.551   4      4.784   12.334
27392.0 25792.0  0.0   22752.0 295552.0 10704.9   596608.0   429152.5  169600.0 91272.6    133    7.673   4      4.784   12.456
27392.0 27136.0 11712.0  0.0   294976.0 170413.7  596608.0   444088.6  169600.0 91278.0    134    7.752   4      4.784   12.535
27392.0 27136.0 11712.0  0.0   294976.0 178941.5  596608.0   444088.6  169600.0 91278.3    134    7.752   4      4.784   12.535
26688.0 28672.0 23872.0  0.0   292160.0 82858.5   596608.0   454144.6  169600.0 91287.2    136    7.811   4      4.784   12.594
28288.0 28672.0  0.0   11360.0 292160.0 120432.4  596608.0   462376.6  169600.0 91304.6    137    7.836   4      4.784   12.619
28288.0 29568.0 22720.0  0.0   290368.0 64303.2   596608.0   467592.6  169600.0 91305.3    138    7.913   4      4.784   12.697
28288.0 29568.0 22720.0  0.0   290368.0 134106.2  596608.0   467592.6  169600.0 91305.8    138    7.913   4      4.784   12.697
28608.0 29568.0  0.0   14560.0 290368.0 76475.8   596608.0   475504.7  169600.0 91306.1    139    7.970   4      4.784   12.754
28608.0 29568.0  0.0   14560.0 290368.0 108880.8  596608.0   475504.7  169600.0 91306.1    139    7.970   4      4.784   12.754
28608.0 29568.0  0.0   14560.0 290368.0 243785.9  596608.0   475504.7  169600.0 91307.6    139    7.970   4      4.784   12.754
27776.0 28352.0 10816.0  0.0   291328.0 65240.6   596608.0   481296.7  169600.0 91314.5    140    8.027   4      4.784   12.811
27776.0 28352.0 10816.0  0.0   291328.0 99237.3   596608.0   481296.7  169600.0 91316.0    140    8.027   4      4.784   12.811
27776.0 28352.0 10816.0  0.0   291328.0 104829.4  596608.0   481296.7  169600.0 91318.0    140    8.027   4      4.784   12.811
27840.0 28352.0  0.0   17856.0 291328.0 73999.1   596608.0   483096.7  169600.0 91318.0    141    8.079   4      4.784   12.863
27840.0 28352.0  0.0   17856.0 291328.0 76690.4   596608.0   483096.7  169600.0 91318.0    141    8.079   4      4.784   12.863
27840.0 27968.0 19472.0  0.0   293248.0 49301.1   596608.0   489416.7  169600.0 91318.3    142    8.138   4      4.784   12.922
28352.0 7296.0  0.0   7296.0 293248.0   0.0     596608.0   497272.7  169600.0 91319.0    143    8.185   4      4.784   12.969
28352.0 27136.0 14944.0  0.0   294016.0 67988.6   596608.0   499144.7  169600.0 91319.0    144    8.238   4      4.784   13.022
28352.0 27136.0 14944.0  0.0   294016.0 123634.4  596608.0   499144.7  169600.0 91319.0    144    8.238   4      4.784   13.022
29120.0 28736.0 18656.0  0.0   291648.0 155464.7  596608.0   513928.8  169600.0 91320.5    146    8.386   4      4.784   13.169
28224.0 12416.0  0.0   12384.0 291648.0 106728.5  596608.0   521040.8  169600.0 91320.5    147    8.449   4      4.784   13.233
28224.0 28096.0 19024.0  0.0   291776.0 77328.5   596608.0   526344.8  169600.0 91320.8    148    8.520   4      4.784   13.304
27648.0 28096.0  0.0   12064.0 291776.0 186780.2  596608.0   533496.8  169600.0 91320.9    149    8.568   4      4.784   13.351
27648.0 27392.0 10656.0  0.0   293440.0 159385.0  596608.0   537968.8  169600.0 91320.9    150    8.623   4      4.784   13.406
26624.0 27392.0  0.0   12960.0 293440.0 236144.0  596608.0   541056.8  169600.0 91328.3    151    8.681   4      4.784   13.465
26240.0 25920.0 12640.0  0.0   295168.0 205663.9  596608.0   545344.8  169600.0 91332.2    152    8.739   4      4.784   13.523
25216.0 25920.0  0.0   12448.0 295168.0 138455.7  596608.0   549624.8  169600.0 91333.8    153    8.835   4      4.784   13.618
25216.0 26240.0 20192.0  0.0   296320.0 72666.1   596608.0   554712.9  169600.0 91334.0    154    8.910   4      4.784   13.694
25216.0 26240.0 20192.0  0.0   296320.0 176424.4  596608.0   554712.9  169600.0 91334.2    154    8.910   4      4.784   13.694
25216.0 26240.0 20192.0  0.0   296320.0 180741.5  596608.0   554712.9  169600.0 91334.2    154    8.910   4      4.784   13.694
25792.0 26240.0  0.0   11328.0 296320.0 289249.2  596608.0   562264.9  169600.0 91343.3    155    8.977   4      4.784   13.761
25600.0 25216.0  0.0   18384.0 297472.0 116310.0  596608.0   570376.9  169600.0 91355.0    157    9.117   4      4.784   13.900
25600.0 25216.0  0.0   18384.0 297472.0 181391.6  596608.0   570376.9  169600.0 91356.6    157    9.117   4      4.784   13.900
24192.0 24704.0  0.0    0.0   298688.0 163298.8  632960.0   305826.9  163904.0 90194.8    158    9.203   5      6.314   15.516
25600.0 24704.0  0.0   20032.0 298688.0 65336.1   632960.0   305826.9  163904.0 90196.5    159    9.287   5      6.314   15.601
25600.0 25792.0 18784.0  0.0   297920.0 31417.1   632960.0   320506.9  163904.0 90196.7    160    9.357   5      6.314   15.671
24960.0 15040.0  0.0   15040.0 297920.0 106593.5  632960.0   326938.9  163904.0 90197.8    161    9.413   5      6.314   15.727
24960.0 25856.0 20672.0  0.0   297216.0 107129.7  632960.0   332338.9  163904.0 90197.8    162    9.482   5      6.314   15.795
25728.0 25856.0  0.0   18400.0 297216.0 294211.9  632960.0   339866.9  163904.0 90199.3    163    9.545   5      6.314   15.859
24832.0 25344.0 13040.0  0.0   297920.0 229996.2  632960.0   346539.0  163904.0 90199.3    164    9.603   5      6.314   15.917
25152.0 25344.0  0.0   11808.0 297920.0 164779.1  632960.0   352019.0  163904.0 90199.5    165    9.656   5      6.314   15.970
23808.0 24576.0 13408.0  0.0   299008.0  5376.6   632960.0   357083.0  163904.0 90201.1    166    9.735   5      6.314   16.049
23808.0 24576.0 13408.0  0.0   299008.0 199140.1  632960.0   357083.0  163904.0 90201.4    166    9.735   5      6.314   16.049
22272.0 23424.0 15488.0  0.0   300736.0 85307.5   632960.0   367299.0  163904.0 90201.4    168    9.852   5      6.314   16.166
23360.0 23424.0  0.0   17296.0 300736.0 87590.2   632960.0   372851.0  163904.0 90201.4    169    9.918   5      6.314   16.232
23360.0 23424.0  0.0   17296.0 300736.0 89928.6   632960.0   372851.0  163904.0 90202.3    169    9.918   5      6.314   16.232
23360.0 25216.0 22464.0  0.0   299072.0 17347.4   632960.0   378867.1  163904.0 90202.3    170    9.996   5      6.314   16.309
24576.0 25216.0  0.0   14336.0 299072.0 11720.4   632960.0   387723.1  163904.0 90202.5    171   10.065   5      6.314   16.379
24576.0 25216.0  0.0   14336.0 299072.0 20819.1   632960.0   387723.1  163904.0 90202.5    171   10.065   5      6.314   16.379
23040.0 24128.0 13728.0  0.0   299712.0 283266.7  632960.0   390611.1  163904.0 90202.6    172   10.118   5      6.314   16.432
23616.0 24128.0  0.0   13760.0 299712.0 122689.3  632960.0   396539.1  163904.0 90203.2    173   10.181   5      6.314   16.495
23616.0 24128.0  0.0   13760.0 299712.0 125988.3  632960.0   396539.1  163904.0 90203.2    173   10.181   5      6.314   16.495
23616.0 24128.0  0.0   13760.0 299712.0 250110.8  632960.0   396539.1  163904.0 90203.2    173   10.181   5      6.314   16.495
23616.0 24320.0 6560.0  0.0   300864.0 159713.5  632960.0   400851.1  163904.0 90203.2    174   10.219   5      6.314   16.532
23616.0 24320.0 6560.0  0.0   300864.0 294684.3  632960.0   400851.1  163904.0 90203.2    174   10.219   5      6.314   16.532
23552.0 13440.0  0.0   13440.0 300864.0 35633.1   632960.0   402643.1  163904.0 90203.2    175   10.273   5      6.314   16.587
23552.0 13440.0  0.0   13440.0 300864.0 176451.1  632960.0   402643.1  163904.0 90203.2    175   10.273   5      6.314   16.587
23552.0 23872.0 7392.0  0.0   301248.0 164700.2  632960.0   405443.1  163904.0 90205.4    176   10.313   5      6.314   16.626
22976.0 12928.0  0.0   12928.0 301248.0 36444.6   632960.0   406771.1  163904.0 90206.1    177   10.359   5      6.314   16.673
22976.0 28160.0 22976.0  0.0   293184.0 243626.8  632960.0   413899.2  163904.0 90206.1    178   10.443   5      6.314   16.756
27904.0 28160.0  0.0   18144.0 293184.0 189552.6  632960.0   422619.2  163904.0 90206.1    179   10.500   5      6.314   16.814
25984.0 27072.0 13280.0  0.0   293440.0 195372.9  632960.0   430155.2  163904.0 90207.4    180   10.527   5      6.314   16.841
26368.0 27072.0  0.0   12544.0 293440.0 165791.2  632960.0   435995.2  163904.0 90207.4    181   10.590   5      6.314   16.904
24064.0 25408.0 14080.0  0.0   296064.0 10104.8   632960.0   440227.2  163904.0 90207.4    182   10.651   5      6.314   16.965
24064.0 25408.0 14080.0  0.0   296064.0 181891.8  632960.0   440227.2  163904.0 90208.0    182   10.651   5      6.314   16.965
24064.0 25408.0 14080.0  0.0   296064.0 238784.6  632960.0   440227.2  163904.0 90208.0    182   10.651   5      6.314   16.965
24832.0 25408.0  0.0   12352.0 296064.0 199578.2  632960.0   444083.2  163904.0 90209.7    183   10.705   5      6.314   17.019
22464.0 23936.0 13984.0  0.0   299264.0 52975.4   632960.0   448699.2  163904.0 90212.0    184   10.767   5      6.314   17.080
22464.0 23936.0 13984.0  0.0   299264.0 122370.4  632960.0   448699.2  163904.0 90212.1    184   10.767   5      6.314   17.080
22464.0 23936.0 13984.0  0.0   299264.0 155869.1  632960.0   448699.2  163904.0 90213.3    184   10.767   5      6.314   17.080
22464.0 23936.0 13984.0  0.0   299264.0 247503.4  632960.0   448699.2  163904.0 90213.7    184   10.767   5      6.314   17.080
24384.0 23936.0  0.0   6880.0 299264.0 154060.0  632960.0   453075.3  163904.0 90213.9    185   10.808   5      6.314   17.122
24384.0 23936.0  0.0   6880.0 299264.0 155106.4  632960.0   453075.3  163904.0 90213.9    185   10.808   5      6.314   17.122
24384.0 23936.0  0.0   6880.0 299264.0 195411.0  632960.0   453075.3  163904.0 90216.6    185   10.808   5      6.314   17.122
23040.0 23488.0 12720.1  0.0   301184.0 262186.1  632960.0   454443.3  163904.0 90217.5    186   10.860   5      6.314   17.174
22592.0 23488.0  0.0   13536.0 301184.0 253391.8  632960.0   459499.4  163904.0 90217.5    187   10.922   5      6.314   17.236
21760.0 21952.0 12352.0  0.0   303424.0 181256.2  632960.0   462411.4  163904.0 90217.5    188   10.975   5      6.314   17.289
21312.0 21952.0  0.0   12448.0 303424.0 252621.6  632960.0   467235.4  163904.0 90217.5    189   11.029   5      6.314   17.343
26816.0 21440.0  0.0   21440.0 298560.0 261284.0  632960.0   480571.5  163904.0 90218.3    191   11.192   5      6.314   17.505
26816.0 26368.0 11680.0  0.0   296320.0 229852.2  632960.0   489771.5  163904.0 90218.7    192   11.219   5      6.314   17.533
25472.0 13568.0  0.0   13568.0 296320.0 252110.7  632960.0   494587.5  163904.0 90225.6    193   11.279   5      6.314   17.593
25472.0 24960.0 11936.0  0.0   296832.0 129038.8  632960.0   500275.5  163904.0 90225.6    194   11.335   5      6.314   17.648
25472.0 24960.0 11936.0  0.0   296832.0 168071.1  632960.0   500275.5  163904.0 90225.6    194   11.335   5      6.314   17.648
25472.0 24960.0 11936.0  0.0   296832.0 237778.6  632960.0   500275.5  163904.0 90225.6    194   11.335   5      6.314   17.648
24256.0 24960.0  0.0   15600.0 296832.0 33398.8   632960.0   505499.5  163904.0 90225.6    195   11.404   5      6.314   17.718
24256.0 24960.0  0.0   15600.0 296832.0 278353.3  632960.0   505499.5  163904.0 90225.6    195   11.404   5      6.314   17.718
23936.0 23488.0 13600.0  0.0   299840.0 19507.2   632960.0   509955.5  163904.0 90225.6    196   11.468   5      6.314   17.782
23936.0 23488.0 13600.0  0.0   299840.0 280865.2  632960.0   509955.5  163904.0 90225.6    196   11.468   5      6.314   17.782
22848.0 23488.0  0.0   13280.0 299840.0 279839.1  632960.0   514707.5  163904.0 90225.6    197   11.525   5      6.314   17.839
22848.0 22464.0 11968.0  0.0   302464.0 249287.2  632960.0   519267.6  163904.0 90225.6    198   11.581   5      6.314   17.895
22848.0 22464.0 11968.0  0.0   302464.0 281852.0  632960.0   519267.6  163904.0 90225.6    198   11.581   5      6.314   17.895
22848.0 22464.0 11968.0  0.0   302464.0 283896.5  632960.0   519267.6  163904.0 90225.6    198   11.581   5      6.314   17.895
22848.0 22464.0 11968.0  0.0   302464.0 286510.4  632960.0   519267.6  163904.0 90225.9    198   11.581   5      6.314   17.895
21888.0 22464.0  0.0   12832.1 302464.0 296440.2  632960.0   523651.6  163904.0 90225.9    200   11.662   5      6.314   17.976
21824.0 21376.0 12544.0  0.0   304704.0 170114.5  632960.0   528211.7  163904.0 90225.9    200   11.717   5      6.314   18.031
20864.0 21376.0  0.0   12656.0 304704.0  9514.2   632960.0   533379.7  163904.0 90225.9    201   11.774   5      6.314   18.088
20544.0 20224.0 13184.0  0.0   306944.0 282628.4  632960.0   538939.7  163904.0 90227.4    202   11.832   5      6.314   18.146
21440.0 21120.0 11936.0  0.0   306944.0 132650.6  632960.0   551203.8  163904.0 90231.1    204   11.991   5      6.314   18.305
21440.0 21120.0  0.0   21088.0 306944.0 156202.7  632960.0   559819.8  163904.0 90231.1    205   12.086   5      6.314   18.400
21440.0 21120.0  0.0   21088.0 306944.0 190429.3  632960.0   559819.8  163904.0 90231.1    205   12.086   5      6.314   18.400
21440.0 21120.0  0.0   21088.0 306944.0 280753.2  632960.0   559819.8  163904.0 90231.1    205   12.086   5      6.314   18.400
21440.0 26432.0 8288.0  0.0   296640.0 120980.5  632960.0   568227.8  163904.0 90234.9    206   12.145   5      6.314   18.459
25600.0 26432.0  0.0   15744.0 296640.0 176454.3  632960.0   572443.8  163904.0 90234.9    207   12.219   5      6.314   18.533
25600.0 27456.0 22848.0  0.0   294592.0 54789.7   632960.0   577995.8  163904.0 90234.9    208   12.255   5      6.314   18.569
25600.0 27456.0 22848.0  0.0   294592.0 55896.0   632960.0   577995.8  163904.0 90234.9    208   12.255   5      6.314   18.569
25600.0 27456.0 22848.0  0.0   294592.0 96227.3   632960.0   577995.8  163904.0 90234.9    208   12.255   5      6.314   18.569
27776.0 7168.0  0.0   7136.0 294592.0 67637.6   632960.0   585787.9  163904.0 90235.7    209   12.306   5      6.314   18.619
27776.0 7168.0  0.0   7136.0 294592.0 128855.9  632960.0   585787.9  163904.0 90235.7    209   12.306   5      6.314   18.619
27776.0 29504.0 23152.0  0.0   290496.0 68609.6   632960.0   588827.9  163904.0 90237.6    210   12.394   5      6.314   18.708
29568.0 28992.0 11456.0  0.0   290944.0 169426.1  632960.0   605043.9  163904.0 90238.1    212   12.534   5      6.314   18.848
28096.0 13376.0  0.0   13344.0 290944.0 142643.2  632960.0   609835.9  163904.0 90238.1    213   12.593   5      6.314   18.907
28096.0 13376.0  0.0   13344.0 290944.0 184887.3  632960.0   609835.9  163904.0 90238.1    213   12.593   5      6.314   18.907
28096.0 27264.0 12672.0  0.0   291776.0 156652.6  632960.0   615763.9  163904.0 90238.2    214   12.657   5      6.314   18.971
26560.0 33536.0 26544.0  0.0   282432.0   0.0     632960.0   630556.0  163904.0 90238.2    216   12.792   6      6.314   19.106
34880.0 24576.0  0.0   24576.0 282560.0 25241.9   687552.0   356143.0  157760.0 90149.9    219   12.948   6      7.473   20.421
34880.0 33792.0 12832.0  0.0   280832.0 11552.0   687552.0   370959.0  157760.0 90150.6    220   13.027   6      7.473   20.500
34880.0 33792.0 12832.0  0.0   280832.0 248388.8  687552.0   370959.0  157760.0 90150.6    220   13.027   6      7.473   20.500
32832.0 31872.0 18048.0  0.0   281792.0 182518.4  687552.0   381423.1  157760.0 90156.8    222   13.138   6      7.473   20.611
31488.0 30080.0  0.0   23328.0 285568.0 247875.3  687552.0   406591.1  157760.0 90162.8    225   13.364   6      7.473   20.837
32896.0 31552.0 16480.0  0.0   285056.0 119965.6  687552.0   451367.3  157760.0 90173.9    228   13.645   6      7.473   21.118
30656.0 31680.0 11552.0  0.0   284352.0 97961.3   687552.0   492367.4  157760.0 90182.5    232   13.925   6      7.473   21.398
29376.0 30464.0 18640.0  0.0   286720.0 273386.5  687552.0   502471.4  157760.0 90199.6    234   14.033   6      7.473   21.506
29376.0 30464.0 18640.0  0.0   286720.0 283072.8  687552.0   502471.4  157760.0 90201.9    234   14.033   6      7.473   21.506
29952.0 30720.0  0.0   14192.0 286656.0 148394.3  687552.0   545338.2  157760.0 90210.5    237   14.350   6      7.473   21.823
29952.0 30720.0  0.0   14192.0 286656.0 182078.9  687552.0   545338.2  157760.0 90211.0    237   14.350   6      7.473   21.823
29952.0 29504.0 12304.0  0.0   288256.0 127283.6  687552.0   551450.2  157760.0 90212.1    238   14.376   6      7.473   21.849
28928.0 29504.0  0.0   12320.0 288256.0 104113.1  687552.0   556154.3  157760.0 90218.0    239   14.400   6      7.473   21.873
28928.0 30400.0 23584.0  0.0   288576.0 46258.3   687552.0   561210.3  157760.0 90224.0    240   14.471   6      7.473   21.943
28928.0 30400.0 23584.0  0.0   288576.0 49949.5   687552.0   561210.3  157760.0 90224.2    240   14.471   6      7.473   21.943
29824.0 30400.0  0.0   12512.0 288576.0 213340.8  687552.0   569266.3  157760.0 90226.4    241   14.535   6      7.473   22.008
29824.0 30400.0  0.0   12512.0 288576.0 219691.0  687552.0   569266.3  157760.0 90227.5    241   14.535   6      7.473   22.008
40000.0 40640.0  0.0   9184.0 268224.0 221091.8  687552.0   628130.5  157760.0 90230.9    245   14.834   6      7.473   22.306
40000.0 40640.0  0.0   9184.0 268224.0 259741.9  687552.0   628130.5  157760.0 90231.2    245   14.834   6      7.473   22.306
36160.0 37952.0  0.0   18240.0 268864.0 26671.7   687552.0   639322.6  157760.0 90233.3    247   14.978   6      7.473   22.451
33344.0 34368.0  0.0   14016.0 275392.0 173123.4  687552.0   653410.6  157760.0 90233.4    249   15.082   6      7.473   22.555
29120.0 31744.0  0.0    0.0   281792.0 269393.2  698240.0   324208.7  151616.0 90242.8    251   15.166   7      8.843   24.009
33024.0 37760.0 18768.0  0.0   273984.0 128765.9  698240.0   380484.9  151616.0 90243.7    254   15.469   7      8.843   24.312
36352.0 37760.0  0.0   18080.0 273984.0 69488.7   698240.0   388580.9  151616.0 90243.8    255   15.535   7      8.843   24.378
32128.0 34944.0 18800.0  0.0   275392.0 100971.7  698240.0   394956.9  151616.0 90244.4    256   15.592   7      8.843   24.435
35712.0 38336.0 30160.0  0.0   272832.0  2801.6   698240.0   405008.6  151616.0 90244.4    258   15.704   7      8.843   24.547
32512.0 35008.0 18992.0  0.0   274560.0 238410.1  698240.0   436368.8  151616.0 90252.1    260   15.841   7      8.843   24.684
32512.0 35008.0 18992.0  0.0   274560.0 241999.2  698240.0   436368.8  151616.0 90252.1    260   15.841   7      8.843   24.684
34560.0 35008.0  0.0   13184.0 274560.0 236862.7  698240.0   444648.8  151616.0 90255.6    261   15.903   7      8.843   24.747
34560.0 35008.0  0.0   13184.0 274560.0 272615.7  698240.0   444648.8  151616.0 90255.6    261   15.903   7      8.843   24.747
33728.0 34176.0  0.0   11520.0 279936.0 180674.4  698240.0   455169.0  151616.0 90260.5    263   16.012   7      8.843   24.856
31808.0 33152.0  0.0   15232.0 281600.0 61069.5   698240.0   464841.0  151616.0 90261.2    265   16.154   7      8.843   24.997
31808.0 32640.0 23008.0  0.0   283328.0 29055.2   698240.0   470593.1  151616.0 90261.6    266   16.214   7      8.843   25.057
31808.0 32640.0 23008.0  0.0   283328.0 30314.4   698240.0   470593.1  151616.0 90261.6    266   16.214   7      8.843   25.057
31808.0 32640.0 23008.0  0.0   283328.0 260477.4  698240.0   470593.1  151616.0 90261.6    266   16.214   7      8.843   25.057
30016.0 31168.0 13120.0  0.0   284800.0 85880.3   698240.0   490113.1  151616.0 90261.6    268   16.343   7      8.843   25.187
30016.0 31168.0 13120.0  0.0   284800.0 182009.9  698240.0   490113.1  151616.0 90261.6    268   16.343   7      8.843   25.187
30016.0 31168.0 13120.0  0.0   284800.0 217800.6  698240.0   490113.1  151616.0 90265.1    268   16.343   7      8.843   25.187
30400.0 31168.0  0.0   12288.0 284800.0 168046.9  698240.0   495889.1  151616.0 90265.8    269   16.403   7      8.843   25.246
28480.0 29632.0 12288.0  0.0   287936.0 145757.1  698240.0   500545.1  151616.0 90265.8    270   16.458   7      8.843   25.301
28480.0 29632.0 12288.0  0.0   287936.0 148008.4  698240.0   500545.1  151616.0 90265.8    270   16.458   7      8.843   25.301
28480.0 29632.0 12288.0  0.0   287936.0 185896.4  698240.0   500545.1  151616.0 90265.8    270   16.458   7      8.843   25.301
28736.0 29632.0  0.0   12544.0 287936.0 157460.7  698240.0   505225.2  151616.0 90265.8    271   16.514   7      8.843   25.358
27072.0 28032.0 11712.0  0.0   291136.0 100768.3  698240.0   509697.2  151616.0 90265.8    272   16.557   7      8.843   25.400
29376.0 28032.0  0.0   22176.0 291136.0 106270.8  698240.0   514761.2  151616.0 90265.8    273   16.637   7      8.843   25.480
29376.0 28032.0  0.0   22176.0 291136.0 145658.4  698240.0   514761.2  151616.0 90265.8    273   16.637   7      8.843   25.480
31680.0 26944.0  0.0   26912.0 290880.0 115548.2  698240.0   526417.2  151616.0 90265.8    275   16.726   7      8.843   25.569
31680.0 26944.0  0.0   26912.0 290880.0 152728.3  698240.0   526417.2  151616.0 90265.8    275   16.726   7      8.843   25.569
31680.0 26944.0  0.0   26912.0 290880.0 189548.8  698240.0   526417.2  151616.0 90265.8    275   16.726   7      8.843   25.569
31680.0 31552.0 11024.0  0.0   286272.0 129173.2  698240.0   546609.3  151616.0 90265.8    276   16.824   7      8.843   25.667
30400.0 30016.0 18272.0  0.0   286656.0 14659.4   698240.0   557474.2  151616.0 90265.8    278   16.956   7      8.843   25.799
30848.0 30016.0  0.0   21856.0 286656.0 130939.3  698240.0   564042.3  151616.0 90269.5    279   17.032   7      8.843   25.875
30848.0 30016.0  0.0   21856.0 286656.0 251084.4  698240.0   564042.3  151616.0 90269.5    279   17.032   7      8.843   25.875
30848.0 30016.0  0.0   21856.0 286656.0 257243.4  698240.0   564042.3  151616.0 90269.5    279   17.032   7      8.843   25.875
29184.0 29952.0  0.0   12336.0 288640.0 136260.2  698240.0   578387.2  151616.0 90269.5    281   17.158   7      8.843   26.002
29184.0 29952.0  0.0   12336.0 288640.0 242063.5  698240.0   578387.2  151616.0 90269.5    281   17.158   7      8.843   26.002
29184.0 29952.0  0.0   12336.0 288640.0 274890.6  698240.0   578387.2  151616.0 90269.5    281   17.158   7      8.843   26.002
28224.0 28352.0 12512.0  0.0   290368.0 216680.3  698240.0   582948.1  151616.0 90269.5    282   17.219   7      8.843   26.062
27584.0 28352.0  0.0   12288.0 290368.0 76530.4   698240.0   587148.2  151616.0 90270.8    283   17.273   7      8.843   26.116
26560.0 26752.0 12352.0  0.0   293568.0 160188.9  698240.0   591836.3  151616.0 90275.9    284   17.327   7      8.843   26.170
26560.0 26752.0 12352.0  0.0   293568.0 161085.5  698240.0   591836.3  151616.0 90275.9    284   17.327   7      8.843   26.170
26560.0 26752.0 12352.0  0.0   293568.0 269268.3  698240.0   591836.3  151616.0 90275.9    284   17.327   7      8.843   26.170
26560.0 26752.0 12352.0  0.0   293568.0 270634.0  698240.0   591836.3  151616.0 90275.9    284   17.327   7      8.843   26.170
25600.0 26752.0  0.0   14864.0 293568.0 52736.5   698240.0   596564.3  151616.0 90275.9    285   17.392   7      8.843   26.235
25600.0 26752.0  0.0   14864.0 293568.0 149352.0  698240.0   596564.3  151616.0 90277.3    285   17.392   7      8.843   26.235
25600.0 25792.0 7168.0  0.0   296000.0 148679.5  698240.0   600388.3  151616.0 90277.3    286   17.435   7      8.843   26.279
25600.0 25792.0 7168.0  0.0   296000.0 186602.3  698240.0   600388.3  151616.0 90277.3    286   17.435   7      8.843   26.279
24576.0 24256.0 15344.0  0.0   298624.0 157571.0  698240.0   607611.5  151616.0 90278.4    288   17.540   7      8.843   26.384
23680.0 26176.0 23456.0  0.0   297152.0 16316.3   698240.0   618830.3  151616.0 90278.4    290   17.688   7      8.843   26.531
23680.0 26176.0 23456.0  0.0   297152.0 246564.5  698240.0   618830.3  151616.0 90278.4    290   17.688   7      8.843   26.531
25216.0 26176.0  0.0   14384.0 297152.0 86664.8   698240.0   627687.2  151616.0 90278.4    291   17.757   7      8.843   26.600
25216.0 26176.0  0.0   14384.0 297152.0 287194.9  698240.0   627687.2  151616.0 90410.8    291   17.757   7      8.843   26.600
25216.0 26176.0  0.0   14384.0 297152.0 290495.1  698240.0   627687.2  151616.0 90410.8    291   17.757   7      8.843   26.600
23680.0 24448.0  0.0   13552.0 298112.0 16955.5   698240.0   638593.7  151616.0 90410.9    293   17.887   7      8.843   26.730
23680.0 24448.0  0.0   13552.0 298112.0 20276.0   698240.0   638593.7  151616.0 90410.9    293   17.887   7      8.843   26.730
23680.0 24448.0  0.0   13552.0 298112.0 96578.8   698240.0   638593.7  151616.0 90414.0    293   17.887   7      8.843   26.730
23680.0 24448.0  0.0   13552.0 298112.0 100216.5  698240.0   638593.7  151616.0 90414.0    293   17.887   7      8.843   26.730
23680.0 24576.0 19440.1  0.0   300352.0 30715.9   698240.0   643145.7  151616.0 90414.0    294   17.954   7      8.843   26.797
24064.0 24512.0 18704.0  0.0   300480.0 152870.0  698240.0   656444.9  151616.0 90414.9    296   18.045   7      8.843   26.889
23936.0 13376.0  0.0   13376.0 300480.0 117865.3  698240.0   671181.0  151616.0 90418.0    297   18.124   7      8.843   26.968
23936.0 28416.0 23904.1  0.0   292672.0 154586.5  698240.0   676925.0  151616.0 90418.0    298   18.219   7      8.843   27.062
28608.0 32832.0 28608.0  0.0   283840.0 91645.1   699072.0   358824.1  144896.0 90417.4    300   18.331   8     10.195   28.526
29504.0 31168.0 18912.0  0.0   284608.0 10824.9   699072.0   384681.2  144896.0 90417.4    302   18.485   8     10.195   28.680
30144.0 31168.0  0.0   18608.0 284608.0 215335.6  699072.0   392313.2  144896.0 90420.5    303   18.542   8     10.195   28.737
28992.0 29888.0 12192.0  0.0   288192.0 257666.6  699072.0   399545.4  144896.0 90422.3    304   18.602   8     10.195   28.797
29440.0 29888.0  0.0   12144.0 288192.0 102041.3  699072.0   403778.4  144896.0 90422.3    305   18.669   8     10.195   28.864
28352.0 29824.0 23584.0  0.0   289856.0 49128.6   699072.0   427786.6  144896.0 90423.6    308   18.840   8     10.195   29.035
28352.0 29824.0 23584.0  0.0   289856.0 87577.8   699072.0   427786.6  144896.0 90423.6    308   18.840   8     10.195   29.035
28352.0 29824.0 23584.0  0.0   289856.0 150538.9  699072.0   427786.6  144896.0 90423.6    308   18.840   8     10.195   29.035
27776.0 28800.0 19600.0  0.0   290496.0 31755.4   699072.0   443867.0  144896.0 90426.4    310   18.982   8     10.195   29.177
27776.0 28800.0 19600.0  0.0   290496.0 41448.8   699072.0   443867.0  144896.0 90426.4    310   18.982   8     10.195   29.177
28544.0 28800.0  0.0   12592.1 290496.0 267705.6  699072.0   451611.1  144896.0 90427.1    311   19.042   8     10.195   29.237
27264.0 28032.0 13360.0  0.0   292160.0 211374.3  699072.0   457307.7  144896.0 90427.1    312   19.101   8     10.195   29.296
27712.0 28032.0  0.0   12000.0 292160.0 221005.8  699072.0   463019.8  144896.0 90428.1    313   19.162   8     10.195   29.357
26560.0 26880.0  0.0   11808.0 293760.0 262688.4  699072.0   473733.0  144896.0 90428.1    315   19.277   8     10.195   29.472
26560.0 28544.0 24000.0  0.0   292416.0 63668.6   699072.0   478925.0  144896.0 90428.1    316   19.372   8     10.195   29.567
26560.0 28544.0 24000.0  0.0   292416.0 235970.4  699072.0   478925.0  144896.0 90428.1    316   19.372   8     10.195   29.567
27968.0 28544.0  0.0   12576.1 292416.0 35630.3   699072.0   487365.2  144896.0 90429.7    317   19.436   8     10.195   29.631
27968.0 29056.0 22209.2  0.0   291392.0 15071.0   699072.0   492941.4  144896.0 90557.3    318   19.476   8     10.195   29.671
27968.0 29056.0 22209.2  0.0   291392.0 19354.2   699072.0   492941.4  144896.0 90557.3    318   19.476   8     10.195   29.671
27968.0 29056.0 22209.2  0.0   291392.0 86498.3   699072.0   492941.4  144896.0 90560.3    318   19.476   8     10.195   29.671
27968.0 29056.0 22209.2  0.0   291392.0 87895.1   699072.0   492941.4  144896.0 90560.3    318   19.476   8     10.195   29.671
28352.0 29056.0  0.0   18016.1 291392.0 94916.5   699072.0   503549.4  144896.0 90596.5    319   19.550   8     10.195   29.745
28352.0 29056.0  0.0   18016.1 291392.0 129945.1  699072.0   503549.4  144896.0 90596.5    319   19.550   8     10.195   29.745
28352.0 29056.0  0.0   18016.1 291392.0 132403.3  699072.0   503549.4  144896.0 90596.5    319   19.550   8     10.195   29.745
28352.0 29056.0  0.0   18016.1 291392.0 132975.3  699072.0   503549.4  144896.0 90596.5    319   19.550   8     10.195   29.745
28352.0 29056.0  0.0   18016.1 291392.0 133041.8  699072.0   503549.4  144896.0 90596.5    319   19.550   8     10.195   29.745
28352.0 29056.0  0.0   18016.1 291392.0 133885.8  699072.0   503549.4  144896.0 90596.7    319   19.550   8     10.195   29.745
28352.0 29056.0  0.0   18016.1 291392.0 134251.9  699072.0   503549.4  144896.0 90596.7    319   19.550   8     10.195   29.745
28352.0 29056.0  0.0   18016.1 291392.0 136356.1  699072.0   503549.4  144896.0 90597.7    319   19.550   8     10.195   29.745
28352.0 29056.0  0.0   18016.1 291392.0 170945.1  699072.0   503549.4  144896.0 90597.7    319   19.550   8     10.195   29.745
28352.0 29056.0  0.0   18016.1 291392.0 202475.4  699072.0   503549.4  144896.0 90597.7    319   19.550   8     10.195   29.745
28352.0 29056.0  0.0   18016.1 291392.0 234841.5  699072.0   503549.4  144896.0 90597.7    319   19.550   8     10.195   29.745
28352.0 29056.0  0.0   18016.1 291392.0 234896.7  699072.0   503549.4  144896.0 90597.7    319   19.550   8     10.195   29.745
28352.0 29056.0  0.0   18016.1 291392.0 234986.3  699072.0   503549.4  144896.0 90597.7    319   19.550   8     10.195   29.745
28352.0 29056.0  0.0   18016.1 291392.0 237837.1  699072.0   503549.4  144896.0 90598.1    319   19.550   8     10.195   29.745
28352.0 28608.0 8448.1  0.0   292096.0 204306.8  699072.0   509453.4  144896.0 90598.1    320   19.614   8     10.195   29.809
28352.0 28608.0 8448.1  0.0   292096.0 207231.2  699072.0   509453.4  144896.0 90598.6    320   19.614   8     10.195   29.809
28352.0 28608.0 8448.1  0.0   292096.0 211805.1  699072.0   509453.4  144896.0 90599.7    320   19.614   8     10.195   29.809
28352.0 28608.0 8448.1  0.0   292096.0 244696.3  699072.0   509453.4  144896.0 90600.0    320   19.614   8     10.195   29.809
28352.0 28608.0 8448.1  0.0   292096.0 276355.1  699072.0   509453.4  144896.0 90600.0    320   19.614   8     10.195   29.809
27584.0 14784.0  0.0   14720.1 292096.0 17051.9   699072.0   512053.7  144896.0 90602.2    321   19.678   8     10.195   29.873
27584.0 14784.0  0.0   14720.1 292096.0 19066.4   699072.0   512053.7  144896.0 90602.3    321   19.678   8     10.195   29.873
27584.0 14784.0  0.0   14720.1 292096.0 84007.2   699072.0   512053.7  144896.0 90602.5    321   19.678   8     10.195   29.873
27584.0 14784.0  0.0   14720.1 292096.0 87575.6   699072.0   512053.7  144896.0 90602.5    321   19.678   8     10.195   29.873
27584.0 27968.0 6624.1  0.0   292160.0 284865.9  699072.0   516582.2  144896.0 90602.5    322   19.716   8     10.195   29.911
28032.0 27968.0  0.0   18624.0 292160.0 219780.0  699072.0   519854.6  144896.0 90602.5    323   19.790   8     10.195   29.985
26688.0 27328.0 12016.0  0.0   293504.0 174502.4  699072.0   525782.6  144896.0 90605.1    324   19.849   8     10.195   30.044
26368.0 27328.0  0.0   13136.0 293504.0 94246.3   699072.0   531070.7  144896.0 90605.4    325   19.897   8     10.195   30.092
26368.0 27328.0  0.0   13136.0 293504.0 234234.3  699072.0   531070.7  144896.0 90607.6    325   19.897   8     10.195   30.092
26368.0 29120.0 25328.3  0.0   291264.0 41958.6   699072.0   536598.8  144896.0 90607.6    326   19.985   8     10.195   30.180
26368.0 29120.0 25328.3  0.0   291264.0 43225.3   699072.0   536598.8  144896.0 90608.6    326   19.985   8     10.195   30.180
29376.0 20032.0  0.0   20000.0 291264.0 13914.2   699072.0   546411.5  144896.0 90608.6    327   20.053   8     10.195   30.248
29376.0 20032.0  0.0   20000.0 291264.0 19356.5   699072.0   546411.5  144896.0 90608.6    327   20.053   8     10.195   30.248
29376.0 20032.0  0.0   20000.0 291264.0 277293.9  699072.0   546411.5  144896.0 90608.8    327   20.053   8     10.195   30.248
29376.0 20032.0  0.0   20000.0 291264.0 277749.6  699072.0   546411.5  144896.0 90608.8    327   20.053   8     10.195   30.248
29376.0 28544.0 13280.0  0.0   291584.0 23813.6   699072.0   555331.5  144896.0 90608.8    328   20.121   8     10.195   30.316
29376.0 28544.0 13280.0  0.0   291584.0 31793.7   699072.0   555331.5  144896.0 90609.2    328   20.121   8     10.195   30.316
29376.0 28544.0 13280.0  0.0   291584.0 33723.5   699072.0   555331.5  144896.0 90609.2    328   20.121   8     10.195   30.316
29376.0 28544.0 13280.0  0.0   291584.0 36797.3   699072.0   555331.5  144896.0 90609.2    328   20.121   8     10.195   30.316
29376.0 28544.0 13280.0  0.0   291584.0 265440.9  699072.0   555331.5  144896.0 90611.7    328   20.121   8     10.195   30.316
27584.0 14208.0  0.0   14144.2 291584.0 10596.0   699072.0   560147.6  144896.0 90666.4    329   20.183   8     10.195   30.378
27584.0 14208.0  0.0   14144.2 291584.0 13321.0   699072.0   560147.6  144896.0 90666.4    329   20.183   8     10.195   30.378
27584.0 14208.0  0.0   14144.2 291584.0 47079.0   699072.0   560147.6  144896.0 90666.4    329   20.183   8     10.195   30.378
27584.0 14208.0  0.0   14144.2 291584.0 273808.9  699072.0   560147.6  144896.0 90666.4    329   20.183   8     10.195   30.378
27584.0 26944.0 12528.0  0.0   292224.0 212709.6  699072.0   566828.4  144896.0 90666.4    330   20.245   8     10.195   30.440
26432.0 26944.0  0.0   12032.0 292224.0 149482.4  699072.0   572012.6  144896.0 90667.2    331   20.300   8     10.195   30.495
26048.0 25664.0 12704.1  0.0   295744.0 279332.1  699072.0   577292.7  144896.0 90669.7    332   20.357   8     10.195   30.552
28352.0 27456.0 13872.1  0.0   293696.0 200525.0  699072.0   598294.2  144896.0 90670.0    334   20.500   8     10.195   30.695
27072.0 17792.0  0.0   17744.0 293696.0 229339.6  699072.0   605103.2  144896.0 90670.6    335   20.528   8     10.195   30.723
27072.0 17792.0  0.0   17744.0 293696.0 232598.8  699072.0   605103.2  144896.0 90671.1    335   20.528   8     10.195   30.723
27072.0 17792.0  0.0   17744.0 293696.0 273504.4  699072.0   605103.2  144896.0 90671.8    335   20.528   8     10.195   30.723
27072.0 17792.0  0.0   17744.0 293696.0 281467.6  699072.0   605103.2  144896.0 90671.9    335   20.528   8     10.195   30.723
25600.0 25920.0  0.0   12032.0 294848.0 97139.7   699072.0   625360.9  144896.0 90675.0    337   20.677   8     10.195   30.872
27392.0 24960.0  0.0   24592.0 297152.0  6379.0   699072.0   636593.4  144896.0 90675.0    339   20.820   8     10.195   31.015
26368.0 17792.0  0.0   17776.1 295360.0 195180.6  699072.0   652862.1  144896.0 90677.6    341   20.950   8     10.195   31.145
27840.0 23936.0  0.0   23936.0 295872.0 140702.6  699072.0   667088.3  144896.0 90679.5    343   21.096   8     10.195   31.291
27136.0 26688.0  0.0   20432.0 294976.0 240430.0  699072.0   684326.7  144896.0 90680.7    345   21.246   8     10.195   31.441
27392.0 26816.0  0.0   26800.0 295296.0 110057.4  699072.0   437510.6  138752.0 90676.7    347   21.349   9     11.963   33.312
27392.0 29568.0 19744.1  0.0   290368.0 277301.5  699072.0   454358.7  138752.0 90677.4    348   21.438   9     11.963   33.401
27904.0 28736.0  0.0   18080.0 290688.0 128040.0  699072.0   475492.0  138752.0 90680.2    351   21.615   9     11.963   33.578
27008.0 27456.0 13584.0  0.0   292864.0 280817.7  699072.0   489684.1  138752.0 90680.2    352   21.685   9     11.963   33.648
26560.0 36416.0 26560.0  0.0   276672.0 199348.2  699072.0   515796.4  138752.0 90682.1    354   21.827   9     11.963   33.790
35968.0 36416.0  0.0   12928.0 276672.0 191134.2  699072.0   539868.5  138752.0 90682.4    355   21.924   9     11.963   33.887
38016.0 29696.0  0.0   29696.0 277120.0 98369.9   699072.0   550972.6  138752.0 90682.7    357   22.019   9     11.963   33.982
35776.0 17088.0  0.0   17072.0 274240.0 74857.9   699072.0   581012.9  138752.0 90684.2    359   22.176   9     11.963   34.139
35776.0 17088.0  0.0   17072.0 274240.0 81780.4   699072.0   581012.9  138752.0 90684.2    359   22.176   9     11.963   34.139
35776.0 17088.0  0.0   17072.0 274240.0 120065.8  699072.0   581012.9  138752.0 90684.8    359   22.176   9     11.963   34.139
35776.0 34816.0 20784.0  0.0   275200.0 79458.2   699072.0   587869.0  138752.0 90688.1    360   22.246   9     11.963   34.209
33472.0 34816.0  0.0   19552.1 275200.0 39798.2   699072.0   595797.2  138752.0 90696.2    361   22.320   9     11.963   34.283
33472.0 34816.0  0.0   19552.1 275200.0 142166.8  699072.0   595797.2  138752.0 90697.0    361   22.320   9     11.963   34.283
33472.0 34048.0 7152.1  0.0   278336.0 97423.1   699072.0   604237.3  138752.0 90698.2    362   22.371   9     11.963   34.334
32512.0 34048.0  0.0   17328.0 278336.0 164622.6  699072.0   607733.8  138752.0 90698.9    363   22.451   9     11.963   34.414
30912.0 31488.0  0.0   19936.0 282944.0 50040.0   699072.0   620973.9  138752.0 90714.4    365   22.602   9     11.963   34.565
30912.0 31488.0  0.0   19936.0 282944.0 55389.3   699072.0   620973.9  138752.0 90714.4    365   22.602   9     11.963   34.565
29376.0 29888.0 18864.0  0.0   287104.0 32203.8   699072.0   628933.9  138752.0 90717.2    366   22.678   9     11.963   34.641
29376.0 29888.0 18864.0  0.0   287104.0 34559.6   699072.0   628933.9  138752.0 90717.2    366   22.678   9     11.963   34.641
29376.0 29888.0 18864.0  0.0   287104.0 39270.6   699072.0   628933.9  138752.0 90717.3    366   22.678   9     11.963   34.641
29376.0 29888.0 18864.0  0.0   287104.0 41125.3   699072.0   628933.9  138752.0 90717.3    366   22.678   9     11.963   34.641
29376.0 29888.0 18864.0  0.0   287104.0 44068.2   699072.0   628933.9  138752.0 90718.5    366   22.678   9     11.963   34.641
29376.0 29888.0 18864.0  0.0   287104.0 268341.5  699072.0   628933.9  138752.0 90719.7    366   22.678   9     11.963   34.641
28992.0 29504.0  0.0   19056.0 289856.0 76336.0   699072.0   647494.5  138752.0 90726.2    369   22.782   9     11.963   34.745
28992.0 30464.0 24240.0  0.0   288576.0 37013.9   699072.0   661702.6  138752.0 90727.6    370   22.880   9     11.963   34.843
30080.0 30464.0  0.0   12544.2 288576.0 23726.8   699072.0   670102.8  138752.0 90730.8    371   22.956   9     11.963   34.919
30080.0 30464.0  0.0   12544.2 288576.0 244720.1  699072.0   670102.8  138752.0 90739.9    371   22.956   9     11.963   34.919
28736.0 29440.0  0.0   18592.0 288960.0  3375.9   699072.0   681399.7  138752.0 90740.2    373   23.088   9     11.963   35.051
28736.0 29440.0  0.0   18592.0 288960.0 238766.3  699072.0   681399.7  138752.0 90744.7    373   23.088   9     11.963   35.051
27776.0 28416.0  0.0    0.0   291328.0 216555.5  699072.0   491059.3  133120.0 90749.5    374   23.149  10     13.401   36.550
27392.0 27904.0 13360.0  0.0   292672.0 35277.3   699072.0   506539.5  133120.0 90750.7    376   23.290  10     13.401   36.691
29504.0 24064.0  0.0   24064.0 292672.0 34247.8   699072.0   512123.6  133120.0 90752.2    377   23.356  10     13.401   36.757
29504.0 24064.0  0.0   24064.0 292672.0 265065.7  699072.0   512123.6  133120.0 90752.7    377   23.356  10     13.401   36.757
29504.0 28992.0 13424.1  0.0   291008.0 53553.9   699072.0   520683.6  133120.0 90756.7    378   23.425  10     13.401   36.826
29504.0 28992.0 13424.1  0.0   291008.0 55750.6   699072.0   520683.6  133120.0 90757.3    378   23.425  10     13.401   36.826
29504.0 28992.0 13424.1  0.0   291008.0 247918.5  699072.0   520683.6  133120.0 90758.6    378   23.425  10     13.401   36.826
28224.0 18240.0  0.0   18192.0 291008.0 142813.8  699072.0   526555.8  133120.0 90759.4    379   23.488  10     13.401   36.888
28224.0 27712.0 18752.0  0.0   291520.0 163562.8  699072.0   532796.0  133120.0 90760.7    380   23.554  10     13.401   36.955
26048.0 27008.0  0.0   16736.0 293696.0 278537.8  699072.0   553764.5  133120.0 90766.4    383   23.738  10     13.401   37.139
26880.0 27392.0  0.0   18800.0 294016.0 230562.0  699072.0   569108.6  133120.0 90769.6    385   23.840  10     13.401   37.240
41024.0 11904.0  0.0   11904.0 266560.0   0.0     699072.0   691389.5  133120.0 90781.2    393   24.267  11     13.401   37.667
43072.0 6784.0  0.0   6768.0 263872.0 253396.7  699072.0   571725.9  127936.0 90795.4    397   24.474  11     14.590   39.064
39808.0 37952.0 17712.1  0.0   267264.0 198474.9  699072.0   588860.5  127936.0 90808.9    400   24.651  11     14.590   39.241
42624.0 42880.0  0.0   6128.0 263296.0   0.0     699072.0   673801.0  127936.0 90827.8    407   25.009  12     14.590   39.599
38720.0 40128.0 5088.0  0.0   267904.0 66617.1   699072.0   587344.8  122688.0 90867.4    412   25.324  12     15.833   41.157
46848.0 50624.0 17376.0  0.0   241472.0 181087.3  699072.0   602071.9  118592.0 90911.6    422   25.741  13     17.254   42.996
48320.0 50880.0 5872.0  0.0   247744.0   0.0     699072.0   695936.8  118592.0 90950.5    428   26.142  14     17.254   43.396
46912.0 48576.0  0.0   11328.0 248768.0 212522.9  699072.0   577410.8  110656.0 90872.5    437   26.554  15     19.922   46.476
62784.0 40128.0  0.0   40096.1 225728.0 59191.8   699072.0   608259.0  110656.0 90905.2    447   27.149  15     19.922   47.072
104192.0 99456.0 27008.0  0.0   127616.0   0.0     699072.0   691444.7  108032.0 90942.1    463   27.999  17     21.599   49.597
104128.0 54848.0 25792.0 54816.0 137664.0 137664.0  699072.0   699071.9  105408.0 90960.6    477   28.846  18     22.828   51.674
112256.0 70336.0  0.0   70320.0 131648.0   8.2     699072.0   645263.6  103232.0 90986.6    485   29.315  18     24.474   53.788
91968.0 90944.0  0.0   57232.0 138560.0 81474.9   699072.0   645190.0  101632.0 91004.1    498   30.228  19     25.872   56.101
93248.0 108736.0 67968.1  0.0   132032.0   0.0     699072.0   685790.3  101632.0 91023.5    507   30.903  20     25.872   56.775
101824.0 106816.0  0.0   37312.1 127360.0 33876.2   699072.0   639878.1  98368.0 90959.1    512   31.065  21     28.725   59.790
93248.0 95296.0  0.0   40048.0 140864.0 72869.0   699072.0   679951.0  98368.0 90985.6    534   32.297  21     28.725   61.022
116480.0 116480.0  0.0   89232.0 116544.0   0.0     699072.0   676654.6  97280.0 91074.0    552   33.313  22     30.004   63.317
116480.0 116480.0  0.0   16336.0 116544.0   0.0     699072.0   696365.3  95488.0 91082.2    560   33.679  25     32.512   66.191
116480.0 116480.0  0.0    0.0   116544.0 116544.0  699072.0   684490.3  93632.0 91094.3    563   33.746  29     36.934   70.680
116480.0 116480.0 73312.0 90736.0 116544.0 116544.0  699072.0   699068.2  92992.0 91097.6    577   34.527  31     39.262   73.789
116480.0 116480.0  0.0    0.0   116544.0 116544.0  699072.0   699070.3  92032.0 91098.9    577   34.527  35     44.215   78.742
