 S0C    S1C    S0U    S1U      EC       EU        OC         OU       PC     PU    YGC     YGCT    FGC    FGCT     GCT   
43648.0 43648.0  0.0   19817.4 87424.0  19007.8   553112.0   331645.4  137812.0 82698.2     61    3.387  20      0.885    4.271
43648.0 43648.0  0.0   19817.4 87424.0  20589.9   553112.0   331645.4  137812.0 82702.4     61    3.387  20      0.885    4.271
43648.0 43648.0  0.0   19817.4 87424.0  21464.2   553112.0   331645.4  137812.0 82702.4     61    3.387  20      0.885    4.271
43648.0 43648.0  0.0   19817.4 87424.0  21464.2   553112.0   331645.4  137812.0 82702.4     61    3.387  20      0.885    4.271
43648.0 43648.0  0.0   19817.4 87424.0  24206.8   553112.0   331645.4  137812.0 82732.7     61    3.387  20      0.885    4.271
43648.0 43648.0  0.0   19817.4 87424.0  24206.8   553112.0   331645.4  137812.0 82732.7     61    3.387  20      0.885    4.271
43648.0 43648.0  0.0   19817.4 87424.0  25081.0   553112.0   331645.4  137812.0 82732.7     61    3.387  20      0.885    4.271
43648.0 43648.0  0.0   19817.4 87424.0  39068.0   553112.0   331645.4  137812.0 82835.2     61    3.387  20      0.885    4.271
43648.0 43648.0  0.0   19817.4 87424.0  39522.6   553112.0   331645.4  137812.0 82835.2     61    3.387  20      0.885    4.271
43648.0 43648.0  0.0   19817.4 87424.0  39522.6   553112.0   331645.4  137812.0 82835.2     61    3.387  20      0.885    4.271
43648.0 43648.0  0.0   19817.4 87424.0  42523.7   553112.0   331645.4  137812.0 82839.3     61    3.387  20      0.885    4.271
43648.0 43648.0  0.0   19817.4 87424.0  42716.3   553112.0   331645.4  137812.0 82839.3     61    3.387  20      0.885    4.271
43648.0 43648.0  0.0   19817.4 87424.0  43162.2   553112.0   331645.4  137812.0 82839.3     61    3.387  20      0.885    4.271
43648.0 43648.0 22511.3  0.0   87424.0  22162.4   553112.0   331645.4  137812.0 87319.1     62    3.447  21      0.928    4.375
43648.0 43648.0 22511.3  0.0   87424.0  24583.1   553112.0   306345.7  145532.0 87328.6     62    3.447  22      0.986    4.433
43648.0 43648.0 22511.3  0.0   87424.0  29396.9   553112.0   306345.7  145532.0 87356.5     62    3.447  22      0.986    4.433
43648.0 43648.0 22511.3  0.0   87424.0  37749.2   553112.0   306345.7  145532.0 87443.4     62    3.447  22      0.986    4.433
43648.0 43648.0 22511.3  0.0   87424.0  37878.6   553112.0   306345.7  145532.0 87454.2     62    3.447  22      0.986    4.433
43648.0 43648.0 22511.3  0.0   87424.0  38324.5   553112.0   306345.7  145532.0 87454.9     62    3.447  22      0.986    4.433
43648.0 43648.0 22511.3  0.0   87424.0  38324.5   553112.0   306345.7  145532.0 87454.9     62    3.447  22      0.986    4.433
43648.0 43648.0 22511.3  0.0   87424.0  38770.4   553112.0   306345.7  145532.0 87456.9     62    3.447  22      0.986    4.433
43648.0 43648.0 22511.3  0.0   87424.0  38770.4   553112.0   306345.7  145532.0 87456.9     62    3.447  22      0.986    4.433
43648.0 43648.0 22511.3  0.0   87424.0  44518.9   553112.0   306345.7  145532.0 87485.0     62    3.447  22      0.986    4.433
43648.0 43648.0 22511.3  0.0   87424.0  44518.9   553112.0   306345.7  145532.0 87485.0     62    3.447  22      0.986    4.433
43648.0 43648.0 22511.3  0.0   87424.0  44964.8   553112.0   306345.7  145532.0 87485.0     62    3.447  22      0.986    4.433
43648.0 43648.0 22511.3  0.0   87424.0  45263.4   553112.0   306345.7  145532.0 87485.3     62    3.447  22      0.986    4.433
43648.0 43648.0 22511.3  0.0   87424.0  45556.4   553112.0   306345.7  145532.0 87485.3     62    3.447  22      0.986    4.433
43648.0 43648.0 22511.3  0.0   87424.0  45556.4   553112.0   306345.7  145532.0 87485.3     62    3.447  22      0.986    4.433
43648.0 43648.0 22511.3  0.0   87424.0  47319.1   553112.0   306345.7  145532.0 87487.8     62    3.447  22      0.986    4.433
43648.0 43648.0 22511.3  0.0   87424.0  47319.1   553112.0   306345.7  145532.0 87487.8     62    3.447  22      0.986    4.433
43648.0 43648.0 22511.3  0.0   87424.0  47319.1   553112.0   306345.7  145532.0 87487.8     62    3.447  22      0.986    4.433
43648.0 43648.0 22511.3  0.0   87424.0  47628.0   553112.0   306345.7  145532.0 87487.8     62    3.447  22      0.986    4.433
43648.0 43648.0 22511.3  0.0   87424.0  47757.3   553112.0   306345.7  145532.0 87487.8     62    3.447  22      0.986    4.433
43648.0 43648.0 22511.3  0.0   87424.0  47757.3   553112.0   306345.7  145532.0 87487.8     62    3.447  22      0.986    4.433
43648.0 43648.0 22511.3  0.0   87424.0  52546.8   553112.0   306345.7  145532.0 87491.8     62    3.447  22      0.986    4.433
43648.0 43648.0 22511.3  0.0   87424.0  52546.8   553112.0   306345.7  145532.0 87491.8     62    3.447  22      0.986    4.433
43648.0 43648.0 22511.3  0.0   87424.0  52546.8   553112.0   306345.7  145532.0 87493.8     62    3.447  22      0.986    4.433
43648.0 43648.0  0.0   37651.4 87424.0  33237.1   553112.0   306345.7  145532.0 89619.5     63    3.503  23      1.046    4.548
43648.0 43648.0  0.0   37651.4 87424.0  39871.7   553112.0   296299.4  149400.0 89642.7     63    3.503  24      1.131    4.634
43648.0 43648.0  0.0   37651.4 87424.0  41735.3   553112.0   296299.4  149400.0 89668.9     63    3.503  24      1.131    4.634
43648.0 43648.0  0.0   37651.4 87424.0  44183.4   553112.0   296299.4  149400.0 89673.3     63    3.503  24      1.131    4.634
43648.0 43648.0  0.0   37651.4 87424.0  52694.1   553112.0   296299.4  149400.0 89705.3     63    3.503  24      1.131    4.634
43648.0 43648.0  0.0   37651.4 87424.0  53555.6   553112.0   296299.4  149400.0 89709.6     63    3.503  24      1.131    4.634
43648.0 43648.0 31800.7  0.0   87424.0  34785.9   553112.0   300947.6  149400.0 91331.6     64    3.592  25      1.159    4.752
43648.0 43648.0 31800.7  0.0   87424.0  38424.4   553112.0   300926.3  152244.0 91347.0     64    3.592  26      1.229    4.821
43648.0 43648.0 31800.7  0.0   87424.0  41465.7   553112.0   300926.3  152244.0 91366.6     64    3.592  26      1.229    4.821
43648.0 43648.0 31800.7  0.0   87424.0  74129.1   553112.0   300926.3  152244.0 92185.3     64    3.592  26      1.229    4.821
43648.0 43648.0  0.0   33148.9 87424.0  12404.2   553112.0   311057.3  152244.0 95104.5     67    3.728  27      1.266    4.994
43648.0 43648.0 21729.4  0.0   87424.0  14522.6   553112.0   305102.2  158600.0 95274.9     72    3.985  29      1.413    5.399
43648.0 43648.0 27234.0  0.0   87424.0  78724.4   553112.0   305047.0  159704.0 96289.7     76    4.215  30      1.494    5.709
43648.0 43648.0 27190.8  0.0   87424.0  11718.3   553112.0   311140.9  159704.0 96596.8     78    4.330  31      1.545    5.875
43648.0 43648.0 27190.8  0.0   87424.0  30954.1   553112.0   311140.9  159704.0 96601.4     78    4.330  31      1.545    5.875
43648.0 43648.0  0.0   20664.8 87424.0  38245.4   553112.0   316366.8  159704.0 96670.9     79    4.394  31      1.545    5.939
43648.0 43648.0 15486.5  0.0   87424.0  29628.4   553112.0   320728.3  159704.0 96738.1     84    4.541  32      1.633    6.174
43648.0 43648.0  0.0   19031.9 87424.0  27780.0   553112.0   320708.1  161312.0 96862.8     89    4.714  33      1.690    6.404
43648.0 43648.0  0.0   9952.7 87424.0  29846.9   553112.0   328699.9  161312.0 96930.7     93    4.830  33      1.690    6.520
43648.0 43648.0 18233.5  0.0   87424.0   5490.1   553112.0   329459.0  161312.0 97048.1     98    4.951  33      1.690    6.641
43648.0 43648.0 25719.3  0.0   87424.0   2678.5   554644.0   332836.4  161812.0 97098.9    102    5.095  34      1.816    6.911
43648.0 43648.0 25719.3  0.0   87424.0  34902.0   554644.0   332836.4  161812.0 97123.6    102    5.095  34      1.816    6.911
43648.0 43648.0 25719.3  0.0   87424.0  41074.0   554644.0   332836.4  161812.0 97127.5    102    5.095  34      1.816    6.911
43648.0 43648.0  0.0   28166.8 87424.0  25124.7   554644.0   332872.4  161812.0 97198.3    103    5.136  35      1.886    7.022
43648.0 43648.0  0.0   27669.5 87424.0   1403.4   554644.0   353444.8  161812.0 97270.5    109    5.333  35      1.886    7.219
43648.0 43648.0  0.0   25993.6 87424.0  14689.4   554644.0   353444.8  161812.0 97438.6    115    5.513  35      1.886    7.399
43648.0 43648.0  0.0   25993.6 87424.0  33665.9   554644.0   353444.8  161812.0 97441.1    115    5.513  35      1.886    7.399
43648.0 43648.0  0.0   25993.6 87424.0  53513.8   554644.0   353444.8  161812.0 97450.1    115    5.513  35      1.886    7.399
43648.0 43648.0  0.0   25993.6 87424.0  63073.1   554644.0   353444.8  161812.0 97458.5    115    5.513  35      1.886    7.399
43648.0 43648.0  0.0   25325.4 87424.0  85057.6   554644.0   353444.8  161812.0 97498.1    117    5.582  35      1.886    7.468
43648.0 43648.0  0.0   28660.0 87424.0  32053.5   554644.0   361445.7  161812.0 97506.1    119    5.676  35      1.886    7.562
43648.0 43648.0 15582.3  0.0   87424.0  47177.2   554644.0   371318.9  161812.0 97534.9    126    5.890  36      1.999    7.889
43648.0 43648.0  0.0   17917.4 87424.0  10844.3   554644.0   365364.3  161812.0 97612.3    131    6.078  36      1.999    8.077
43648.0 43648.0 16534.9  0.0   87424.0  61511.0   611148.0   374354.6  162696.0 97714.7    138    6.271  36      1.999    8.270
43648.0 43648.0 22549.7  0.0   87424.0  20195.3   611148.0   374384.3  162696.0 97742.5    140    6.307  36      1.999    8.306
43648.0 43648.0 20016.6  0.0   87424.0  63166.5   611148.0   377621.0  162696.0 97761.3    142    6.381  36      1.999    8.380
43648.0 43648.0 38483.5  0.0   87424.0  10863.0   611148.0   379175.3  162696.0 97833.4    146    6.514  36      1.999    8.513
43648.0 43648.0 30576.9  0.0   87424.0  86542.0   611148.0   388945.9  162696.0 97843.7    152    6.719  36      1.999    8.718
43648.0 43648.0  0.0   35023.7 87424.0  66440.9   611148.0   388945.9  162696.0 97865.8    153    6.748  36      1.999    8.747
43648.0 43648.0  0.0   29350.9 87424.0  56796.6   611148.0   397479.9  162696.0 97880.7    159    6.946  36      1.999    8.945
43648.0 43648.0  0.0   15997.6 87424.0  73085.3   611148.0   405982.0  162696.0 97887.3    165    7.130  36      1.999    9.129
43648.0 43648.0 17092.8  0.0   87424.0  68197.2   611148.0   411131.2  162696.0 97903.2    174    7.364  36      1.999    9.363
43648.0 43648.0  0.0   32758.6 87424.0  33749.1   611148.0   416260.1  162696.0 97930.5    183    7.628  36      1.999    9.627
43648.0 43648.0  0.0   27547.4 87424.0  54628.6   611148.0   420552.4  162696.0 97934.7    187    7.755  36      1.999    9.754
43648.0 43648.0 36779.5  0.0   87424.0  25545.4   611148.0   420616.7  162696.0 97937.4    188    7.792  36      1.999    9.791
43648.0 43648.0 19469.6  0.0   87424.0   9927.4   611148.0   428247.3  162696.0 97941.2    192    7.929  36      1.999    9.928
43648.0 43648.0 9375.4  0.0   87424.0  70507.6   611148.0   439136.5  162696.0 97952.9    198    8.106  36      1.999   10.105
43648.0 43648.0  0.0   15825.3 87424.0  22654.1   611148.0   440506.0  162696.0 97964.3    207    8.335  36      1.999   10.334
43648.0 43648.0  0.0   24544.6 87424.0  21565.3   611148.0   444527.4  162696.0 97967.2    215    8.612  36      1.999   10.611
43648.0 43648.0  0.0   19684.1 87424.0  33093.3   611148.0   453583.1  162696.0 97989.8    225    8.915  36      1.999   10.914
43648.0 43648.0  0.0   28520.4 87424.0  82429.5   611148.0   457723.6  162696.0 98061.6    233    9.162  36      1.999   11.161
43648.0 43648.0 17554.4  0.0   87424.0   7595.3   611148.0   467013.4  162696.0 98067.4    240    9.362  36      1.999   11.361
43648.0 43648.0 22493.8  0.0   87424.0  15563.1   611148.0   468418.9  162696.0 98261.0    242    9.427  36      1.999   11.426
43648.0 43648.0  0.0   26850.6 87424.0  25431.0   611148.0   470699.5  162696.0 98287.1    245    9.524  36      1.999   11.523
43648.0 43648.0 27971.5  0.0   87424.0  55699.9   611148.0   476603.7  162696.0 98298.1    252    9.698  36      1.999   11.697
43648.0 43648.0 23634.7  0.0   87424.0   376.2    611148.0   482288.7  162696.0 98305.8    256    9.823  36      1.999   11.822
43648.0 43648.0  0.0   38678.2 87424.0  64901.3   611148.0   486116.0  162696.0 98316.8    261   10.001  36      1.999   12.000
43648.0 43648.0 30566.3  0.0   87424.0  15692.3   611148.0   487057.9  162696.0 98327.8    262   10.039  36      1.999   12.038
43648.0 43648.0  0.0   32208.8 87424.0   6848.8   611148.0   493887.5  162696.0 98331.6    265   10.157  36      1.999   12.156
43648.0 43648.0 19968.4  0.0   87424.0  80061.2   611148.0   505328.3  162696.0 98337.4    268   10.292  37      2.084   12.376
43648.0 43648.0  0.0   23101.5 87424.0  34401.2   611148.0   514913.0  162696.0 98350.5    273   10.471  37      2.084   12.555
43648.0 43648.0  0.0   23101.5 87424.0  86035.6   611148.0   514913.0  162696.0 98355.3    273   10.471  37      2.084   12.555
43648.0 43648.0  0.0   23308.2 87424.0  16756.1   699072.0   464616.1  163928.0 98360.8    277   10.600  39      2.272   12.872
43648.0 43648.0  0.0   19193.3 87424.0  66053.7   699072.0   472525.0  163928.0 98363.2    283   10.799  39      2.272   13.070
43648.0 43648.0  0.0   14224.2 87424.0  39954.1   699072.0   475163.4  163928.0 98368.5    285   10.852  39      2.272   13.123
43648.0 43648.0  0.0   10110.9 87424.0  26601.9   699072.0   480811.4  163928.0 98368.6    287   10.931  39      2.272   13.203
43648.0 43648.0  0.0   12629.0 87424.0  14998.9   699072.0   470239.3  163928.0 98164.5    291   11.031  40      2.428   13.459
43648.0 43648.0  0.0   8274.4 87424.0   9853.3   699072.0   471341.2  163928.0 97836.1    297   11.185  41      2.483   13.667
43648.0 43648.0 15415.7  0.0   87424.0  25415.4   699072.0   475113.8  163928.0 97839.4    304   11.380  41      2.483   13.862
43648.0 43648.0 25028.1  0.0   87424.0  20355.2   699072.0   476369.0  163928.0 97847.4    310   11.585  41      2.483   14.067
43648.0 43648.0  0.0   27014.0 87424.0  66225.9   699072.0   477264.2  163928.0 97848.7    313   11.722  41      2.483   14.205
43648.0 43648.0  0.0   24353.4 87424.0  72396.0   699072.0   482303.1  163928.0 97853.5    319   11.971  42      2.577   14.548
43648.0 43648.0 15251.6  0.0   87424.0   6520.8   699072.0   483117.6  163928.0 97853.5    324   12.114  42      2.577   14.692
43648.0 43648.0  0.0   13862.4 87424.0  26886.9   699072.0   484501.3  163928.0 97856.1    325   12.145  42      2.577   14.722
43648.0 43648.0 12431.1  0.0   87424.0  20209.0   699072.0   480278.5  163928.0 97856.2    332   12.309  42      2.577   14.886
43648.0 43648.0  0.0   20575.2 87424.0  57615.5   699072.0   480575.9  163928.0 97859.2    335   12.392  42      2.577   14.969
43648.0 43648.0  0.0   17288.7 87424.0  71832.8   699072.0   484242.7  163928.0 97860.3    341   12.627  42      2.577   15.204
43648.0 43648.0  0.0   9625.4 87424.0  10310.5   699072.0   494362.4  163928.0 97901.5    351   12.876  42      2.577   15.453
43648.0 43648.0 10822.7  0.0   87424.0  35654.6   699072.0   494531.5  163928.0 97924.4    356   13.006  42      2.577   15.583
43648.0 43648.0  0.0   18206.1 87424.0   7350.4   699072.0   494642.3  163928.0 97925.8    357   13.036  42      2.577   15.613
43648.0 43648.0  0.0   18206.1 87424.0  14112.0   699072.0   494642.3  163928.0 97925.9    357   13.036  42      2.577   15.613
43648.0 43648.0  0.0   13880.0 87424.0  34749.6   699072.0   496732.9  163928.0 97939.5    359   13.100  42      2.577   15.678
43648.0 43648.0  0.0   18353.0 87424.0  47828.2   699072.0   499095.0  163928.0 97971.2    365   13.257  42      2.577   15.834
43648.0 43648.0  0.0   27586.4 87424.0  54753.3   699072.0   500589.6  163928.0 97972.7    369   13.379  42      2.577   15.957
43648.0 43648.0 23453.8  0.0   87424.0   1747.5   699072.0   501056.4  163928.0 98048.4    370   13.425  42      2.577   16.002
43648.0 43648.0 23453.8  0.0   87424.0   9410.6   699072.0   501056.4  163928.0 98048.9    370   13.425  42      2.577   16.002
43648.0 43648.0 23453.8  0.0   87424.0  26378.4   699072.0   501056.4  163928.0 98053.0    370   13.425  42      2.577   16.002
43648.0 43648.0 23453.8  0.0   87424.0  72418.1   699072.0   501056.4  163928.0 98059.7    370   13.425  42      2.577   16.002
43648.0 43648.0 27041.8  0.0   87424.0  67304.6   699072.0   507520.0  163928.0 98060.8    374   13.526  42      2.577   16.103
43648.0 43648.0 23447.8  0.0   87424.0  78211.6   699072.0   507525.8  163928.0 98088.8    376   13.603  42      2.577   16.180
43648.0 43648.0 24908.2  0.0   87424.0  66569.3   699072.0   511065.1  163928.0 98088.9    380   13.750  42      2.577   16.327
43648.0 43648.0 24908.2  0.0   87424.0  86382.7   699072.0   511065.1  163928.0 98088.9    380   13.750  42      2.577   16.327
43648.0 43648.0  0.0   16516.8 87424.0  21002.5   699072.0   517709.9  163928.0 98092.0    383   13.849  42      2.577   16.427
43648.0 43648.0 8387.9  0.0   87424.0  71728.9   699072.0   520962.4  163928.0 98092.0    386   13.940  42      2.577   16.517
43648.0 43648.0  0.0   11086.3 87424.0   6155.5   699072.0   522638.4  163928.0 98092.0    387   13.969  42      2.577   16.546
43648.0 43648.0  0.0   12172.0 87424.0  26481.7   699072.0   524744.7  163928.0 98096.5    389   14.022  42      2.577   16.599
43648.0 43648.0  0.0   11481.6 87424.0  46185.3   699072.0   525862.5  163928.0 98102.9    391   14.069  42      2.577   16.646
43648.0 43648.0  0.0   12570.0 87424.0  61879.1   699072.0   525867.6  163928.0 98109.2    393   14.122  42      2.577   16.699
43648.0 43648.0  0.0   14752.7 87424.0  79681.5   699072.0   526008.1  163928.0 98109.2    395   14.179  42      2.577   16.756
43648.0 43648.0 21730.8  0.0   87424.0  31327.6   699072.0   527092.4  163928.0 98109.6    398   14.278  42      2.577   16.855
43648.0 43648.0  0.0   17786.6 87424.0  82148.5   699072.0   527131.5  163928.0 98119.6    401   14.384  42      2.577   16.961
43648.0 43648.0 12479.0  0.0   87424.0  11049.1   699072.0   528206.8  163928.0 98120.2    402   14.419  42      2.577   16.996
43648.0 43648.0 10336.6  0.0   87424.0   1236.8   699072.0   532797.5  163928.0 98124.6    406   14.552  42      2.577   17.129
43648.0 43648.0 11065.1  0.0   87424.0   131.5    699072.0   534753.4  163928.0 98124.8    408   14.604  42      2.577   17.181
43648.0 43648.0 11065.1  0.0   87424.0  37455.3   699072.0   534753.4  163928.0 98124.8    408   14.604  42      2.577   17.181
43648.0 43648.0 9214.3  0.0   87424.0  23045.8   699072.0   536858.9  163928.0 98124.8    410   14.657  42      2.577   17.234
43648.0 43648.0 9214.3  0.0   87424.0  28204.2   699072.0   536858.9  163928.0 98124.8    410   14.657  42      2.577   17.234
43648.0 43648.0 9214.3  0.0   87424.0  76005.4   699072.0   536858.9  163928.0 98126.7    410   14.657  42      2.577   17.234
43648.0 43648.0  0.0   11900.4 87424.0   8292.2   699072.0   537868.9  163928.0 98127.7    411   14.686  42      2.577   17.264
43648.0 43648.0  0.0   11900.4 87424.0   9769.0   699072.0   537868.9  163928.0 98127.7    411   14.686  42      2.577   17.264
43648.0 43648.0  0.0   11900.4 87424.0  11257.2   699072.0   537868.9  163928.0 98127.7    411   14.686  42      2.577   17.264
43648.0 43648.0  0.0   11473.6 87424.0  44668.9   699072.0   537961.2  163928.0 98136.4    413   14.735  42      2.577   17.312
43648.0 43648.0  0.0   11473.6 87424.0  47266.1   699072.0   537961.2  163928.0 98138.6    413   14.735  42      2.577   17.312
43648.0 43648.0 12163.8  0.0   87424.0  77348.9   699072.0   537966.8  163928.0 98139.0    414   14.769  42      2.577   17.346
43648.0 43648.0  0.0   16727.6 87424.0  80884.0   699072.0   537967.2  163928.0 98143.2    415   14.795  42      2.577   17.372
43648.0 43648.0  0.0   16727.6 87424.0  86808.1   699072.0   537967.2  163928.0 98145.0    415   14.795  42      2.577   17.372
43648.0 43648.0 15531.5  0.0   87424.0  80741.9   699072.0   538203.9  163928.0 98145.0    416   14.825  42      2.577   17.403
43648.0 43648.0 19557.8  0.0   87424.0   6525.2   699072.0   539226.5  163928.0 98145.0    422   14.998  42      2.577   17.575
43648.0 43648.0 13910.1  0.0   87424.0  75502.5   699072.0   541061.1  163928.0 98148.0    424   15.061  42      2.577   17.638
43648.0 43648.0 10781.2  0.0   87424.0   5752.7   699072.0   544972.9  163928.0 98148.3    428   15.159  42      2.577   17.737
43648.0 43648.0 10781.2  0.0   87424.0  21236.3   699072.0   544972.9  163928.0 98149.3    428   15.159  42      2.577   17.737
43648.0 43648.0 9667.0  0.0   87424.0  33747.8   699072.0   546921.2  163928.0 98150.0    430   15.211  42      2.577   17.788
43648.0 43648.0 9667.0  0.0   87424.0  35663.7   699072.0   546921.2  163928.0 98150.2    430   15.211  42      2.577   17.788
43648.0 43648.0  0.0   11236.5 87424.0  38474.8   699072.0   547736.1  163928.0 98153.4    431   15.237  42      2.577   17.814
43648.0 43648.0  0.0   12881.8 87424.0  63162.8   699072.0   547826.3  163928.0 98153.4    433   15.282  42      2.577   17.859
43648.0 43648.0 15364.2  0.0   87424.0  67355.2   699072.0   547826.7  163928.0 98154.6    434   15.309  42      2.577   17.886
43648.0 43648.0  0.0   10264.5 87424.0  24393.8   699072.0   547826.7  163928.0 98162.9    435   15.333  42      2.577   17.911
43648.0 43648.0  0.0   10264.5 87424.0  25323.2   699072.0   547826.7  163928.0 98162.9    435   15.333  42      2.577   17.911
43648.0 43648.0  0.0   10264.5 87424.0  56118.9   699072.0   547826.7  163928.0 98162.9    435   15.333  42      2.577   17.911
43648.0 43648.0  0.0   10264.5 87424.0  58346.0   699072.0   547826.7  163928.0 98162.9    435   15.333  42      2.577   17.911
43648.0 43648.0  0.0   10264.5 87424.0  64693.5   699072.0   547826.7  163928.0 98166.2    435   15.333  42      2.577   17.911
43648.0 43648.0  0.0   10264.5 87424.0  69883.4   699072.0   547826.7  163928.0 98166.5    435   15.333  42      2.577   17.911
43648.0 43648.0  0.0   10264.5 87424.0  80093.8   699072.0   547826.7  163928.0 98191.7    435   15.333  42      2.577   17.911
43648.0 43648.0  0.0   10264.5 87424.0  80251.4   699072.0   547826.7  163928.0 98191.7    435   15.333  42      2.577   17.911
43648.0 43648.0 15391.6  0.0   87424.0  25186.4   699072.0   548033.2  163928.0 98192.7    436   15.387  42      2.577   17.965
43648.0 43648.0 15391.6  0.0   87424.0  43754.8   699072.0   548033.2  163928.0 98193.0    436   15.387  42      2.577   17.965
43648.0 43648.0 10689.2  0.0   87424.0  56708.4   699072.0   549020.8  163928.0 98193.3    438   15.452  42      2.577   18.030
43648.0 43648.0 10689.2  0.0   87424.0  61696.4   699072.0   549020.8  163928.0 98193.7    438   15.452  42      2.577   18.030
43648.0 43648.0 10689.2  0.0   87424.0  62462.0   699072.0   549020.8  163928.0 98193.7    438   15.452  42      2.577   18.030
43648.0 43648.0 10689.2  0.0   87424.0  68795.0   699072.0   549020.8  163928.0 98193.9    438   15.452  42      2.577   18.030
43648.0 43648.0 12228.9  0.0   87424.0  33637.7   699072.0   549071.8  163928.0 98197.9    440   15.514  42      2.577   18.091
43648.0 43648.0  0.0   12337.2 87424.0  14102.1   699072.0   552465.9  163928.0 98197.9    445   15.667  42      2.577   18.244
43648.0 43648.0  0.0   6039.3 87424.0  42078.0   699072.0   555093.8  163928.0 98203.9    449   15.763  42      2.577   18.340
43648.0 43648.0  0.0   5850.6 87424.0    0.0     699072.0   557153.8  163928.0 98206.6    453   15.853  42      2.577   18.430
43648.0 43648.0 10288.4  0.0   87424.0  45048.9   699072.0   557989.8  163928.0 98208.5    458   15.948  42      2.577   18.525
43648.0 43648.0  0.0   15080.4 87424.0  12127.2   699072.0   558392.8  163928.0 98208.5    459   15.971  42      2.577   18.548
43648.0 43648.0  0.0   15080.4 87424.0  69060.8   699072.0   558392.8  163928.0 98209.8    459   15.971  42      2.577   18.548
43648.0 43648.0 13670.6  0.0   87424.0   8608.8   699072.0   559181.2  163928.0 98209.8    464   16.127  42      2.577   18.704
43648.0 43648.0  0.0   17842.5 87424.0  21396.8   699072.0   560385.7  163928.0 98209.8    467   16.201  42      2.577   18.778
43648.0 43648.0  0.0   17842.5 87424.0  51748.4   699072.0   560385.7  163928.0 98209.8    467   16.201  42      2.577   18.778
43648.0 43648.0 21065.1  0.0   87424.0    0.0     699072.0   560403.6  163928.0 98209.8    468   16.228  42      2.577   18.805
43648.0 43648.0  0.0   20704.8 87424.0  78122.2   699072.0   560456.7  163928.0 98212.8    469   16.255  42      2.577   18.833
43648.0 43648.0  0.0   20704.8 87424.0  86950.2   699072.0   560456.7  163928.0 98212.8    469   16.255  42      2.577   18.833
43648.0 43648.0 25256.6  0.0   87424.0  57197.3   699072.0   562170.1  163928.0 98214.8    472   16.355  42      2.577   18.933
43648.0 43648.0  0.0   23028.1 87424.0  42849.3   699072.0   563874.6  163928.0 98216.9    473   16.392  42      2.577   18.969
43648.0 43648.0  0.0   20036.9 87424.0  22238.2   699072.0   568143.6  163928.0 98216.9    475   16.482  42      2.577   19.059
43648.0 43648.0  0.0   20036.9 87424.0  34895.5   699072.0   568143.6  163928.0 98218.0    475   16.482  42      2.577   19.059
43648.0 43648.0  0.0   20036.9 87424.0  46380.5   699072.0   568143.6  163928.0 98218.0    475   16.482  42      2.577   19.059
43648.0 43648.0  0.0   20036.9 87424.0  80905.2   699072.0   568143.6  163928.0 98218.5    475   16.482  42      2.577   19.059
43648.0 43648.0  0.0   23586.2 87424.0  44393.9   699072.0   568145.1  163928.0 98218.9    477   16.551  42      2.577   19.128
43648.0 43648.0 15401.5  0.0   87424.0  25141.5   699072.0   577440.7  163928.0 98219.9    484   16.768  42      2.577   19.345
43648.0 43648.0 15401.5  0.0   87424.0  57818.6   699072.0   577440.7  163928.0 98220.7    484   16.768  43      2.674   19.442
43648.0 43648.0  0.0   16479.4 87424.0   5349.5   699072.0   578166.6  163928.0 98220.7    485   16.798  43      2.674   19.472
43648.0 43648.0  0.0   16479.4 87424.0  10671.0   699072.0   578166.6  163928.0 98220.7    485   16.798  43      2.674   19.472
43648.0 43648.0  0.0   12889.4 87424.0  52025.0   699072.0   580575.9  163928.0 98221.0    487   16.871  43      2.674   19.545
43648.0 43648.0 11001.6  0.0   87424.0  78696.7   699072.0   583172.4  163928.0 98222.7    492   17.005  43      2.674   19.679
43648.0 43648.0  0.0   11091.3 87424.0  17148.4   699072.0   583173.6  163928.0 98223.3    493   17.029  43      2.674   19.703
43648.0 43648.0  0.0   11091.3 87424.0  36144.7   699072.0   583173.6  163928.0 98225.4    493   17.029  43      2.674   19.703
43648.0 43648.0  0.0   12687.5 87424.0   1005.7   699072.0   583195.9  163928.0 98225.4    495   17.082  43      2.674   19.756
43648.0 43648.0  0.0   7870.5 87424.0  60000.1   699072.0   586656.3  163928.0 98225.4    499   17.182  43      2.674   19.856
43648.0 43648.0 6028.6  0.0   87424.0  27143.5   699072.0   586674.6  163928.0 98226.3    500   17.202  43      2.674   19.876
43648.0 43648.0 13809.6  0.0   87424.0  66803.4   699072.0   589195.4  163928.0 98227.9    504   17.304  43      2.674   19.978
43648.0 43648.0  0.0   11733.7 87424.0  71091.1   699072.0   590554.2  163928.0 98227.9    509   17.457  43      2.674   20.131
43648.0 43648.0 11558.9  0.0   87424.0  39859.1   699072.0   590641.8  163928.0 98228.4    510   17.480  43      2.674   20.154
43648.0 43648.0 10521.0  0.0   87424.0  72877.2   699072.0   590194.8  163928.0 98228.4    514   17.599  44      2.766   20.365
43648.0 43648.0 4904.0  0.0   87424.0  28241.2   699072.0   567958.9  163928.0 98229.6    520   17.749  44      2.766   20.515
43648.0 43648.0  0.0   4060.8 87424.0  86467.7   699072.0   546673.4  163928.0 98229.6    521   17.764  44      2.766   20.530
43648.0 43648.0 9599.0  0.0   87424.0  10937.8   699072.0   538810.0  163928.0 98232.4    524   17.839  44      2.766   20.605
43648.0 43648.0 9599.0  0.0   87424.0  33796.0   699072.0   538810.0  163928.0 98233.1    524   17.839  44      2.766   20.605
43648.0 43648.0 9599.0  0.0   87424.0  76264.9   699072.0   534515.5  163928.0 98233.1    524   17.839  44      2.766   20.605
43648.0 43648.0  0.0   11847.5 87424.0  62545.6   699072.0   526778.2  163928.0 98056.2    529   17.974  44      2.766   20.740
43648.0 43648.0 12099.7  0.0   87424.0  12787.8   699072.0   528450.3  163928.0 98057.0    536   18.181  44      2.766   20.947
43648.0 43648.0  0.0   9531.1 87424.0  72108.7   699072.0   534594.7  163928.0 98060.8    545   18.393  44      2.766   21.159
43648.0 43648.0 14722.3  0.0   87424.0  18028.3   699072.0   534788.4  163928.0 98060.8    548   18.466  44      2.766   21.232
43648.0 43648.0 14722.3  0.0   87424.0  32828.2   699072.0   534788.4  163928.0 98060.8    548   18.466  44      2.766   21.232
43648.0 43648.0 11631.8  0.0   87424.0  76812.5   699072.0   534869.5  163928.0 98060.8    550   18.525  44      2.766   21.291
43648.0 43648.0  0.0   21900.3 87424.0   9990.0   699072.0   536570.4  163928.0 98061.7    553   18.623  44      2.766   21.389
43648.0 43648.0  0.0   21900.3 87424.0  21046.6   699072.0   536570.4  163928.0 98061.7    553   18.623  44      2.766   21.389
43648.0 43648.0 15872.6  0.0   87424.0  48108.6   699072.0   537916.3  163928.0 98061.7    554   18.663  44      2.766   21.429
43648.0 43648.0  0.0   16462.3 87424.0  51305.0   699072.0   540755.5  163928.0 98079.3    561   18.888  44      2.766   21.654
43648.0 43648.0  0.0   13288.6 87424.0   4408.5   699072.0   546551.3  163928.0 98081.9    567   19.103  44      2.766   21.870
43648.0 43648.0 15198.5 10550.8 87424.0  87424.0   699072.0   548375.7  163928.0 98081.9    573   19.248  44      2.766   22.014
43648.0 43648.0  0.0   16119.3 87424.0  67575.7   699072.0   552661.1  163928.0 98082.7    577   19.421  44      2.766   22.187
43648.0 43648.0 9190.6  0.0   87424.0  75353.1   699072.0   556978.4  163928.0 98082.7    584   19.595  44      2.766   22.361
43648.0 43648.0 8303.7  0.0   87424.0  26081.9   699072.0   559756.8  163928.0 98088.5    588   19.695  44      2.766   22.461
43648.0 43648.0 3884.6  0.0   87424.0  84426.0   699072.0   560625.8  163928.0 98089.0    590   19.735  44      2.766   22.501
43648.0 43648.0  0.0   5153.1 87424.0  54512.8   699072.0   560670.2  163928.0 98090.3    591   19.752  44      2.766   22.518
43648.0 43648.0 11726.4  0.0   87424.0   9875.2   699072.0   561888.7  163928.0 98095.4    598   19.916  44      2.766   22.682
43648.0 43648.0  0.0   15858.6 87424.0  67801.5   699072.0   563109.3  163928.0 98095.4    605   20.095  44      2.766   22.861
43648.0 43648.0 24874.6  0.0   87424.0  58990.9   699072.0   564428.7  163928.0 98095.4    608   20.196  44      2.766   22.962
43648.0 43648.0 23659.6  0.0   87424.0  68721.0   699072.0   566701.8  163928.0 98098.6    612   20.352  44      2.766   23.118
43648.0 43648.0  0.0   24462.0 87424.0  16085.9   699072.0   566922.6  163928.0 98106.6    613   20.390  44      2.766   23.156
43648.0 43648.0  0.0   21054.1 87424.0  29534.6   699072.0   567484.1  163928.0 98106.6    615   20.453  44      2.766   23.219
43648.0 43648.0 16293.2  0.0   87424.0  16888.7   699072.0   571572.7  163928.0 98108.0    618   20.588  44      2.766   23.354
43648.0 43648.0 16688.7  0.0   87424.0  52371.6   699072.0   580189.8  163928.0 98110.7    626   20.855  44      2.766   23.621
43648.0 43648.0 10381.3  0.0   87424.0  56028.2   699072.0   586354.2  163928.0 98110.7    636   21.051  44      2.766   23.817
43648.0 43648.0 5456.8  0.0   87424.0  25835.3   699072.0   590182.9  163928.0 98110.7    640   21.116  44      2.766   23.882
43648.0 43648.0 9826.1  0.0   87424.0  48884.3   699072.0   590574.4  163928.0 98112.6    642   21.173  44      2.766   23.939
43648.0 43648.0  0.0   12763.5 87424.0  27967.1   699072.0   591080.1  163928.0 98113.4    649   21.358  44      2.766   24.124
43648.0 43648.0  0.0   7893.2 87424.0  84385.8   699072.0   593379.5  163928.0 98159.4    653   21.457  44      2.766   24.223
43648.0 43648.0 11717.6  0.0   87424.0  12632.8   699072.0   596633.3  163928.0 98159.4    658   21.613  44      2.766   24.379
43648.0 43648.0 11717.6  0.0   87424.0  65488.3   699072.0   596633.3  163928.0 98159.4    658   21.613  44      2.766   24.379
43648.0 43648.0 17803.5  0.0   87424.0   3454.9   699072.0   597284.7  163928.0 98161.7    664   21.799  44      2.766   24.565
43648.0 43648.0 20987.2  0.0   87424.0  36996.5   699072.0   599793.4  163928.0 98161.7    670   22.020  44      2.766   24.786
43648.0 43648.0  0.0   11646.1 87424.0  86118.9   699072.0   605044.6  163928.0 98165.5    676   22.186  44      2.766   24.952
43648.0 43648.0 17131.5  0.0   87424.0  61884.1   699072.0   611605.3  163928.0 98165.5    682   22.433  44      2.766   25.199
43648.0 43648.0 14389.4 9111.9 87424.0  87424.0   699072.0   612871.7  163928.0 98165.5    689   22.625  44      2.766   25.391
43648.0 43648.0  0.0   6272.8 87424.0   9017.7   699072.0   618907.4  163928.0 98165.5    697   22.907  44      2.766   25.673
43648.0 43648.0 14918.3  0.0   87424.0  39944.2   699072.0   621561.6  163928.0 98165.5    706   23.061  44      2.766   25.827
43648.0 43648.0 13301.9  0.0   87424.0  70390.1   699072.0   622613.3  163928.0 98166.2    708   23.093  44      2.766   25.859
43648.0 43648.0 13301.9  0.0   87424.0  78071.7   699072.0   622613.3  163928.0 98166.2    708   23.093  44      2.766   25.859
43648.0 43648.0  0.0   18701.3 87424.0   8803.7   699072.0   622676.8  163928.0 98166.2    711   23.189  44      2.766   25.955
43648.0 43648.0  0.0   18701.3 87424.0  10056.9   699072.0   622676.8  163928.0 98166.2    711   23.189  44      2.766   25.955
43648.0 43648.0  0.0   23734.8 87424.0  45637.4   699072.0   622770.5  163928.0 98166.3    713   23.253  44      2.766   26.019
43648.0 43648.0  0.0   24411.8 87424.0  35164.6   699072.0   624896.1  163928.0 98168.5    715   23.326  44      2.766   26.092
43648.0 43648.0  0.0   24411.8 87424.0  73681.0   699072.0   624896.1  163928.0 98170.5    715   23.326  44      2.766   26.092
43648.0 43648.0 27261.6  0.0   87424.0   2930.7   699072.0   626763.8  163928.0 98171.0    718   23.434  44      2.766   26.200
43648.0 43648.0 27336.5  0.0   87424.0  29019.4   699072.0   627485.0  163928.0 98172.3    720   23.511  44      2.766   26.277
43648.0 43648.0 24923.0  0.0   87424.0  18636.5   699072.0   628971.3  163928.0 98172.3    722   23.593  44      2.766   26.359
43648.0 43648.0 18681.4  0.0   87424.0  59343.3   699072.0   633620.7  163928.0 98172.3    726   23.734  44      2.766   26.500
43648.0 43648.0 18449.4  0.0   87424.0  84536.8   699072.0   635699.1  163928.0 98172.3    728   23.807  44      2.766   26.573
43648.0 43648.0  0.0   17689.3 87424.0   8883.4   699072.0   640880.9  163928.0 98172.9    733   23.975  44      2.766   26.741
43648.0 43648.0  0.0   17689.3 87424.0  65582.2   699072.0   640880.9  163928.0 98173.6    733   23.975  44      2.766   26.741
43648.0 43648.0  0.0   15259.4 87424.0  39946.1   699072.0   643377.6  163928.0 98175.2    739   24.165  44      2.766   26.931
43648.0 43648.0 9223.2  0.0   87424.0  27801.5   699072.0   649334.7  163928.0 98177.0    746   24.382  44      2.766   27.148
43648.0 43648.0 11559.1  0.0   87424.0  59530.9   699072.0   651725.7  163928.0 98178.7    748   24.437  44      2.766   27.203
43648.0 43648.0  0.0   11022.4 87424.0  12093.4   699072.0   653148.6  163928.0 98184.0    755   24.621  44      2.766   27.387
43648.0 43648.0 9612.1  0.0   87424.0  57900.2   699072.0   656653.7  163928.0 98188.5    762   24.800  44      2.766   27.566
43648.0 43648.0  0.0   15013.7 87424.0  42252.0   699072.0   660505.6  163928.0 98188.7    773   25.078  45      2.834   27.912
43648.0 43648.0  0.0   16606.4 87424.0  25511.8   699072.0   663414.8  163928.0 98188.9    781   25.329  45      2.834   28.162
43648.0 43648.0 9909.6  0.0   87424.0  34211.3   699072.0   668913.1  163928.0 98189.4    788   25.542  45      2.834   28.375
43648.0 43648.0 8369.8  0.0   87424.0  46052.5   699072.0   668464.9  163928.0 98190.5    792   25.654  46      2.958   28.612
43648.0 43648.0  0.0   11780.9 87424.0  10553.7   699072.0   646841.4  163928.0 97913.6    799   25.843  47      3.012   28.855
43648.0 43648.0 15099.3  0.0   87424.0  79592.2   699072.0   648134.5  163928.0 97913.6    804   25.987  47      3.012   28.999
43648.0 43648.0 15637.5  0.0   87424.0  17111.3   699072.0   650306.5  163928.0 97914.4    810   26.179  47      3.012   29.191
43648.0 43648.0  0.0   14292.4 87424.0    0.0     699072.0   656403.0  163928.0 97915.1    817   26.388  48      3.116   29.504
43648.0 43648.0  0.0   7017.7 87424.0  87424.0   699072.0   655123.8  163928.0 97912.9    824   26.524  48      3.116   29.640
43648.0 43648.0 9595.4  0.0   87424.0  43489.6   699072.0   655199.9  163928.0 97913.2    826   26.602  49      3.166   29.768
43648.0 43648.0  0.0   14824.7 87424.0  14533.3   699072.0   658806.1  163928.0 97913.9    833   26.798  49      3.166   29.964
43648.0 43648.0  0.0   14173.8 87424.0  76166.1   699072.0   659837.6  163928.0 97914.0    837   26.926  49      3.166   30.092
43648.0 43648.0 11941.1  0.0   87424.0    0.0     699072.0   663667.9  163928.0 97914.0    844   27.131  49      3.166   30.297
43648.0 43648.0 13460.7  0.0   87424.0  34385.8   699072.0   668223.5  163928.0 97914.0    848   27.244  50      3.254   30.498
43648.0 43648.0  0.0   12999.1 87424.0  31786.6   699072.0   668233.2  163928.0 97914.0    851   27.330  50      3.254   30.584
43648.0 43648.0  0.0   14426.9 87424.0  61835.1   699072.0   668720.8  163928.0 97914.6    857   27.512  51      3.325   30.838
43648.0 43648.0  0.0   11121.3 87424.0  28836.5   699072.0   674915.8  163928.0 97915.5    863   27.693  51      3.325   31.019
43648.0 43648.0  0.0   13908.2 87424.0   935.1    699072.0   675271.3  163928.0 97915.5    869   27.861  51      3.325   31.186
43648.0 43648.0  0.0   18404.0 87424.0  62133.2   699072.0   677605.0  163928.0 97916.7    871   27.917  52      3.438   31.356
43648.0 43648.0  0.0   18424.1 87424.0  82124.5   699072.0   678470.2  163928.0 97917.2    873   27.985  52      3.438   31.423
43648.0 43648.0 19310.3  0.0   87424.0  50716.5   699072.0   678455.0  163928.0 97920.9    874   28.016  52      3.438   31.455
43648.0 43648.0  0.0   19929.8 87424.0  45966.5   699072.0   678786.1  163928.0 97921.8    877   28.128  54      3.607   31.735
43648.0 43648.0  0.0   14507.9 87424.0  86736.6   699072.0   682732.8  163928.0 97921.9    882   28.293  55      3.675   31.968
43648.0 43648.0 15000.0  0.0   87424.0  38541.9   699072.0   691774.7  163928.0 97928.1    890   28.568  56      3.728   32.295
43648.0 43648.0 16550.6  0.0   87424.0  49640.0   699072.0   694222.3  163928.0 97928.3    894   28.674  57      3.797   32.471
43648.0 43648.0  0.0   15049.4 87424.0  55557.1   699072.0   694201.0  163928.0 97928.3    895   28.703  58      3.868   32.571
43648.0 43648.0  0.0   27381.5 87424.0  10226.9   699072.0   694574.0  163928.0 97932.1    901   28.860  61      4.043   32.903
43648.0 43648.0  0.0   26056.6 87424.0  80723.1   699072.0   696006.0  163928.0 97932.1    903   28.942  61      4.043   32.985
43648.0 43648.0 23564.7 25397.2 87424.0  87424.0   699072.0   698469.3  163928.0 97932.4    905   29.278  62      4.043   33.322
87360.0 87360.0  0.0   87360.0 174784.0 174784.0  699072.0   699072.0  163928.0 97923.3    905   29.278  64      6.777   36.055
87360.0 87360.0  0.0   87360.0 174784.0 174784.0  699072.0   699071.9  163928.0 97923.3    905   29.278  66     10.199   39.478
87360.0 87360.0  0.0   87359.8 174784.0 174784.0  699072.0   699068.8  163928.0 97926.6    905   29.278  69     12.227   41.506
87360.0 87360.0  0.0   15206.5 174784.0 174784.0  699072.0   699072.0  163928.0 97926.6    905   29.278  72     16.574   45.852
87360.0 87360.0  0.0   87359.8 174784.0 174784.0  699072.0   699071.7  163928.0 97926.9    905   29.278  75     18.941   48.219
87360.0 87360.0  0.0    0.0   174784.0 68234.3   699072.0   699072.0  163928.0 97926.9    905   29.278  78     23.004   52.283
87360.0 87360.0  0.0   87359.9 174784.0 174784.0  699072.0   699072.0  163928.0 97927.6    905   29.278  81     25.218   54.496
87360.0 87360.0  0.0   87359.9 174784.0 174784.0  699072.0   699072.0  163928.0 97927.8    905   29.278  83     27.644   56.923
87360.0 87360.0  0.0    0.0   174784.0 165497.8  699072.0   699071.7  163928.0 97930.3    905   29.278  86     32.035   61.313
87360.0 87360.0  0.0   87310.1 174784.0 174784.0  699072.0   699071.9  163928.0 97930.3    905   29.278  89     33.928   63.206
87360.0 87360.0  0.0   75866.6 174784.0 174784.0  699072.0   699072.0  163928.0 97930.7    905   29.278  92     38.451   67.729
87360.0 87360.0  0.0   87359.8 174784.0 174784.0  699072.0   699072.0  163928.0 97931.0    905   29.278  95     40.605   69.884
87360.0 87360.0  0.0   87359.5 174784.0 174784.0  699072.0   699072.0  163928.0 97931.0    905   29.278  99     44.852   74.131
87360.0 87360.0  0.0    0.0   174784.0 171661.8  699072.0   699071.9  163928.0 97931.6    905   29.278  102    48.369   77.647
87360.0 87360.0  0.0   87359.8 174784.0 174784.0  699072.0   699072.0  163928.0 97931.6    905   29.278  105    50.564   79.843
87360.0 87360.0  0.0    0.0   174784.0 55959.2   699072.0   699071.8  163928.0 97936.8    905   29.278  108    54.856   84.134
87360.0 87360.0  0.0   50521.1 174784.0 174784.0  699072.0   699071.9  163928.0 97938.3    905   29.278  110    57.088   86.366
87360.0 87360.0  0.0   87360.0 174784.0 174784.0  699072.0   699072.0  163928.0 97938.3    905   29.278  113    59.096   88.374
87360.0 87360.0  0.0   87359.9 174784.0 174784.0  699072.0   699071.6  163928.0 97941.5    905   29.278  117    63.464   92.743
87360.0 87360.0  0.0   2767.3 174784.0 174784.0  699072.0   699071.9  163928.0 97943.3    905   29.278  120    67.745   97.024
87360.0 87360.0  0.0   87360.0 174784.0 174784.0  699072.0   699072.0  163928.0 97943.3    905   29.278  123    69.477   98.755
87360.0 87360.0  0.0   87359.9 174784.0 174784.0  699072.0   699071.9  163928.0 97943.5    905   29.278  127    73.653  102.932
87360.0 87360.0  0.0    0.0   174784.0 68787.9   699072.0   699071.8  163928.0 97944.9    905   29.278  130    78.080  107.358
87360.0 87360.0  0.0   56371.7 174784.0 174784.0  699072.0   699071.9  163928.0 97948.0    905   29.278  132    80.767  110.045
87360.0 87360.0  0.0   87360.0 174784.0 174784.0  699072.0   699072.0  163928.0 97948.0    905   29.278  135    82.989  112.267
87360.0 87360.0  0.0   87360.0 174784.0 174784.0  699072.0   699071.9  163928.0 97951.9    905   29.278  139    87.080  116.359
87360.0 87360.0  0.0   87360.0 174784.0 174784.0  699072.0   699072.0  163928.0 97951.9    905   29.278  141    89.660  118.939
87360.0 87360.0  0.0   87360.0 174784.0 174784.0  699072.0   699071.9  163928.0 97952.1    905   29.278  145    94.320  123.598
87360.0 87360.0  0.0   87360.0 174784.0 174784.0  699072.0   699072.0  163928.0 97956.4    905   29.278  147    96.944  126.222
87360.0 87360.0  0.0   45545.4 174784.0 174784.0  699072.0   699072.0  163928.0 97961.6    905   29.278  150   102.313  131.591
87360.0 87360.0  0.0   87360.0 174784.0 174784.0  699072.0   699071.9  163928.0 97962.1    905   29.278  153   105.204  134.483
87360.0 87360.0  0.0   71077.1 174784.0 174784.0  699072.0   699072.0  163928.0 97963.3    905   29.278  156   109.816  139.094
87360.0 87360.0  0.0   87360.0 174784.0 174784.0  699072.0   699071.9  163928.0 97964.9    905   29.278  159   112.057  141.335
87360.0 87360.0  0.0   68642.6 174784.0 174784.0  699072.0   699071.6  163928.0 97965.1    905   29.278  162   117.198  146.476
87360.0 87360.0  0.0   87359.9 174784.0 174784.0  699072.0   699072.0  163928.0 97968.4    905   29.278  165   119.766  149.045
87360.0 87360.0  0.0   42292.7 174784.0 174784.0  699072.0   699072.0  163928.0 97975.1    905   29.278  168   124.607  153.886
87360.0 87360.0  0.0   87359.9 174784.0 174784.0  699072.0   699072.0  163928.0 98010.4    905   29.278  171   127.399  156.677
87360.0 87360.0  0.0   6508.0 174784.0 174784.0  699072.0   699071.9  163928.0 98017.7    905   29.278  174   132.287  161.566
87360.0 87360.0  0.0   87360.0 174784.0 174784.0  699072.0   699072.0  163928.0 98036.0    905   29.278  177   134.744  164.023
87360.0 87360.0  0.0   87360.0 174784.0 174784.0  699072.0   699072.0  163928.0 98051.9    905   29.278  179   138.025  167.303
87360.0 87360.0  0.0   72781.0 174784.0 174784.0  699072.0   699071.9  163928.0 98069.9    905   29.278  182   143.336  172.614
87360.0 87360.0  0.0   87360.0 174784.0 174784.0  699072.0   699072.0  163928.0 98076.8    905   29.278  185   146.595  175.873
87360.0 87360.0  0.0    0.0   174784.0 156227.1  699072.0   699071.6  163928.0 98086.8    905   29.278  188   151.746  181.025
87360.0 87360.0  0.0   87359.6 174784.0 174784.0  699072.0   699072.0  163928.0 98112.0    905   29.278  191   154.592  183.870
87360.0 87360.0  0.0   87360.0 174784.0 174784.0  699072.0   699072.0  163928.0 98114.5    905   29.278  193   157.101  186.380
87360.0 87360.0  0.0   87360.0 174784.0 174784.0  699072.0   699072.0  163928.0 98122.7    905   29.278  197   162.618  191.897
87360.0 87360.0  0.0   87360.0 174784.0 174784.0  699072.0   699072.0  163928.0 98170.7    905   29.278  199   165.716  194.994
87360.0 87360.0  0.0   14175.2 174784.0 174784.0  699072.0   699071.9  163928.0 98174.1    905   29.278  202   171.188  200.466
87360.0 87360.0  0.0   87359.6 174784.0 174784.0  699072.0   699071.9  163928.0 98174.6    905   29.278  205   173.953  203.231
87360.0 87360.0  0.0   87358.9 174784.0 174784.0  699072.0   699071.9  163928.0 98174.8    905   29.278  209   178.708  207.986
87360.0 87360.0  0.0   87359.9 174784.0 174784.0  699072.0   699071.9  163928.0 98176.4    905   29.278  211   181.514  210.793
87360.0 87360.0  0.0   87360.0 174784.0 174784.0  699072.0   699072.0  163928.0 98177.7    905   29.278  213   185.287  214.565
87360.0 87360.0  0.0   87360.0 174784.0 174784.0  699072.0   699071.9  163928.0 98179.8    905   29.278  217   190.542  219.820
87360.0 87360.0  0.0   87360.0 174784.0 174784.0  699072.0   699072.0  163928.0 98180.8    905   29.278  219   193.008  222.286
87360.0 87360.0  0.0   87360.0 174784.0 174784.0  699072.0   699072.0  163928.0 98182.6    905   29.278  223   198.600  227.878
87360.0 87360.0  0.0   87360.0 174784.0 174784.0  699072.0   699072.0  163928.0 98182.6    905   29.278  225   201.598  230.876
87360.0 87360.0  0.0   87360.0 174784.0 174784.0  699072.0   699072.0  163928.0 98182.6    905   29.278  229   206.665  235.943
87360.0 87360.0  0.0   87358.6 174784.0 174784.0  699072.0   699071.8  163928.0 98182.6    905   29.278  231   209.180  238.458
87360.0 87360.0  0.0   87360.0 174784.0 174784.0  699072.0   699072.0  163928.0 98184.1    905   29.278  235   214.395  243.673
87360.0 87360.0  0.0   87360.0 174784.0 174784.0  699072.0   699071.9  163928.0 98184.1    905   29.278  237   217.281  246.560
87360.0 87360.0  0.0   87359.8 174784.0 174784.0  699072.0   699071.9  163928.0 98184.6    905   29.278  241   223.236  252.514
87360.0 87360.0  0.0   87360.0 174784.0 174784.0  699072.0   699072.0  163928.0 98190.3    905   29.278  243   226.053  255.332
87360.0 87360.0  0.0   87360.0 174784.0 174784.0  699072.0   699072.0  163928.0 98208.7    905   29.278  247   231.065  260.344
87360.0 87360.0  0.0   87359.9 174784.0 174784.0  699072.0   699072.0  163928.0 98208.7    905   29.278  249   234.275  263.554
87360.0 87360.0  0.0   87359.9 174784.0 174784.0  699072.0   699071.9  163928.0 98208.7    905   29.278  253   239.887  269.166
87360.0 87360.0  0.0   87360.0 174784.0 174784.0  699072.0   699072.0  163928.0 98208.7    905   29.278  255   242.994  272.272
87360.0 87360.0  0.0   87359.8 174784.0 174784.0  699072.0   699072.0  163928.0 98209.9    905   29.278  259   248.289  277.568
87360.0 87360.0  0.0   87359.9 174784.0 174784.0  699072.0   699072.0  163928.0 98210.2    905   29.278  261   251.464  280.742
87360.0 87360.0  0.0   77662.0 174784.0 174784.0  699072.0   699072.0  163928.0 98210.2    905   29.278  264   257.301  286.579
87360.0 87360.0  0.0   87360.0 174784.0 174784.0  699072.0   699072.0  163928.0 98214.3    905   29.278  267   260.500  289.778
87360.0 87360.0  0.0   59487.7 174784.0 174784.0  699072.0   699072.0  163928.0 98215.9    905   29.278  270   265.774  295.052
87360.0 87360.0  0.0   87359.9 174784.0 174784.0  699072.0   699072.0  163928.0 98216.4    905   29.278  273   268.700  297.978
87360.0 87360.0  0.0   87360.0 174784.0 174784.0  699072.0   699072.0  163928.0 98216.6    905   29.278  275   271.752  301.030
87360.0 87360.0  0.0   87359.9 174784.0 174784.0  699072.0   699072.0  163928.0 98218.7    905   29.278  279   277.325  306.603
87360.0 87360.0  0.0   64749.1 174784.0 174784.0  699072.0   699072.0  163928.0 98221.2    905   29.278  282   282.857  312.135
87360.0 87360.0  0.0   87360.0 174784.0 174784.0  699072.0   699072.0  163928.0 98221.2    905   29.278  285   285.572  314.850
87360.0 87360.0  0.0   87359.9 174784.0 174784.0  699072.0   699072.0  163928.0 98222.6    905   29.278  289   291.218  320.496
87360.0 87360.0  0.0   87360.0 174784.0 174784.0  699072.0   699072.0  163928.0 98222.6    905   29.278  291   293.885  323.164
87360.0 87360.0  0.0   87359.9 174784.0 174784.0  699072.0   699071.9  163928.0 98222.6    905   29.278  294   299.363  328.641
87360.0 87360.0  0.0   61288.4 174784.0 174784.0  699072.0   699071.9  163928.0 98223.0    905   29.278  297   304.636  333.914
87360.0 87360.0  0.0   87359.7 174784.0 174784.0  699072.0   699072.0  163928.0 98223.0    905   29.278  300   307.599  336.877
87360.0 87360.0  0.0   87350.5 174784.0 174784.0  699072.0   699072.0  163928.0 98225.7    905   29.278  304   312.744  342.022
87360.0 87360.0  0.0   31744.9 174784.0 174784.0  699072.0   699072.0  163928.0 98225.9    905   29.278  307   318.166  347.445
87360.0 87360.0  0.0   87351.2 174784.0 174784.0  699072.0   699072.0  163928.0 98225.9    905   29.278  310   320.715  349.994
87360.0 87360.0  0.0   87360.0 174784.0 174784.0  699072.0   699072.0  163928.0 98227.4    905   29.278  314   325.984  355.262
87360.0 87360.0  0.0   87360.0 174784.0 174784.0  699072.0   699071.8  163928.0 98228.9    905   29.278  316   328.851  358.129
87360.0 87360.0  0.0   87360.0 174784.0 174784.0  699072.0   699072.0  163928.0 98233.1    905   29.278  320   334.189  363.467
87360.0 87360.0  0.0   64934.2 174784.0 174784.0  699072.0   699071.6  163928.0 98238.7    905   29.278  323   340.281  369.560
87360.0 87360.0  0.0   87360.0 174784.0 174784.0  699072.0   699071.9  163928.0 98238.7    905   29.278  326   343.402  372.680
87360.0 87360.0  0.0   87359.9 174784.0 174784.0  699072.0   699071.9  163928.0 98239.5    905   29.278  330   349.212  378.490
87360.0 87360.0  0.0   87360.0 174784.0 174784.0  699072.0   699072.0  163928.0 98239.5    905   29.278  332   352.286  381.565
87360.0 87360.0  0.0   51109.5 174784.0 174784.0  699072.0   699071.9  163928.0 98239.8    905   29.278  335   358.386  387.664
87360.0 87360.0  0.0   87359.9 174784.0 174784.0  699072.0   699071.9  163928.0 98244.2    905   29.278  338   361.748  391.027
87360.0 87360.0  0.0   87308.1 174784.0 174784.0  699072.0   699071.9  163928.0 98244.8    905   29.278  340   366.054  395.333
87360.0 87360.0  0.0   87359.7 174784.0 174784.0  699072.0   699072.0  163928.0 98269.5    905   29.278  342   369.397  398.676
87360.0 87360.0  0.0   87355.0 174784.0 174784.0  699072.0   699072.0  163928.0 98309.4    905   29.278  346   375.809  405.088
87360.0 87360.0  0.0   87351.5 174784.0 174784.0  699072.0   699071.9  163928.0 98311.6    905   29.278  348   379.414  408.692
87360.0 87360.0  0.0   58383.6 174784.0 174784.0  699072.0   699072.0  163928.0 98318.8    905   29.278  351   385.804  415.083
87360.0 87360.0  0.0   87360.0 174784.0 174784.0  699072.0   699072.0  163928.0 98372.4    905   29.278  354   388.860  418.139
87360.0 87360.0  0.0   87359.9 174784.0 174784.0  699072.0   699071.9  164120.0 98374.3    905   29.278  356   392.551  421.829
87360.0 87360.0  0.0   87360.0 174784.0 174784.0  699072.0   699071.9  164120.0 98390.5    905   29.278  360   398.453  427.732
87360.0 87360.0  0.0   87359.9 174784.0 174784.0  699072.0   699072.0  164120.0 98399.6    905   29.278  364   403.872  433.150
87360.0 87360.0  0.0   87358.6 174784.0 174784.0  699072.0   699072.0  164120.0 98399.9    905   29.278  366   406.899  436.177
87360.0 87360.0  0.0   87359.9 174784.0 174784.0  699072.0   699072.0  164120.0 98410.0    905   29.278  370   413.357  442.635
87360.0 87360.0  0.0   87359.8 174784.0 174784.0  699072.0   699072.0  164120.0 98418.1    905   29.278  372   417.066  446.345
87360.0 87360.0  0.0   87359.8 174784.0 174784.0  699072.0   699072.0  164120.0 98445.1    905   29.278  376   423.190  452.468
87360.0 87360.0  0.0   87359.9 174784.0 174784.0  699072.0   699072.0  164120.0 98465.0    905   29.278  378   426.112  455.391
87360.0 87360.0  0.0   87359.9 174784.0 174784.0  699072.0   699072.0  164312.0 98556.0    905   29.278  382   432.448  461.727
87360.0 87360.0  0.0   87344.3 174784.0 174784.0  699072.0   699071.9  164312.0 98557.8    905   29.278  384   435.609  464.887
87360.0 87360.0  0.0   87360.0 174784.0 174784.0  699072.0   699072.0  164312.0 98552.1    905   29.278  388   442.026  471.305
87360.0 87360.0  0.0   87358.9 174784.0 174784.0  699072.0   699072.0  164312.0 98605.5    905   29.278  390   444.830  474.108
87360.0 87360.0  0.0   87360.0 174784.0 174784.0  699072.0   699072.0  164504.0 98642.6    905   29.278  394   450.670  479.948
87360.0 87360.0  0.0   87360.0 174784.0 174784.0  699072.0   699072.0  164504.0 98646.9    905   29.278  396   454.213  483.492
87360.0 87360.0  0.0   87359.9 174784.0 174784.0  699072.0   699072.0  164504.0 98648.3    905   29.278  400   460.555  489.834
87360.0 87360.0  0.0   87329.2 174784.0 174784.0  699072.0   699072.0  164504.0 98648.5    905   29.278  402   463.618  492.896
87360.0 87360.0  0.0   87360.0 174784.0 174784.0  699072.0   699071.9  164504.0 98648.8    905   29.278  406   470.986  500.264
87360.0 87360.0  0.0   87359.8 174784.0 174784.0  699072.0   699071.9  164504.0 98680.9    905   29.278  408   474.057  503.335
87360.0 87360.0  0.0   87360.0 174784.0 174784.0  699072.0   699072.0  164504.0 98679.0    905   29.278  412   479.874  509.152
87360.0 87360.0  0.0   87360.0 174784.0 174784.0  699072.0   699072.0  164504.0 98679.0    905   29.278  414   483.012  512.291
87360.0 87360.0  0.0   87359.9 174784.0 174784.0  699072.0   699071.8  164504.0 98663.8    905   29.278  418   489.721  518.999
87360.0 87360.0  0.0   87360.0 174784.0 174784.0  699072.0   699072.0  164504.0 98664.0    905   29.278  420   493.034  522.312
87360.0 87360.0  0.0   87360.0 174784.0 174784.0  699072.0   699072.0  164504.0 98664.0    905   29.278  424   498.533  527.811
87360.0 87360.0  0.0   87360.0 174784.0 174784.0  699072.0   699072.0  164504.0 98673.5    905   29.278  428   504.987  534.265
87360.0 87360.0  0.0   87360.0 174784.0 174784.0  699072.0   699072.0  164504.0 98677.2    905   29.278  430   507.878  537.156
87360.0 87360.0  0.0   87360.0 174784.0 174784.0  699072.0   699072.0  164504.0 98681.4    905   29.278  434   513.336  542.615
87360.0 87360.0  0.0   87344.6 174784.0 174784.0  699072.0   699071.9  164504.0 98681.7    905   29.278  438   519.348  548.626
87360.0 87360.0  0.0   87358.8 174784.0 174784.0  699072.0   699071.9  164504.0 98681.8    905   29.278  440   522.272  551.551
87360.0 87360.0  0.0   87359.6 174784.0 174784.0  699072.0   699071.7  164504.0 98692.1    905   29.278  444   528.934  558.212
87360.0 87360.0  0.0   87349.7 174784.0 174784.0  699072.0   699072.0  164504.0 98692.1    905   29.278  446   531.983  561.262
87360.0 87360.0  0.0   70367.6 174784.0 174784.0  699072.0   699071.6  164504.0 98693.7    905   29.278  449   538.968  568.246
87360.0 87360.0  0.0   87360.0 174784.0 174784.0  699072.0   699072.0  164504.0 98699.1    905   29.278  452   542.182  571.461
87360.0 87360.0  0.0   87360.0 174784.0 174784.0  699072.0   699072.0  164504.0 98699.8    905   29.278  456   548.354  577.632
87360.0 87360.0  0.0   87360.0 174784.0 174784.0  699072.0   699072.0  164504.0 98712.4    905   29.278  458   551.284  580.562
87360.0 87360.0  0.0   87360.0 174784.0 174784.0  699072.0   699072.0  164696.0 98755.7    905   29.278  462   557.385  586.663
87360.0 87360.0  0.0   87359.9 174784.0 174784.0  699072.0   699072.0  164696.0 98753.2    905   29.278  464   560.764  590.043
87360.0 87360.0  0.0   87359.8 174784.0 174784.0  699072.0   699072.0  164696.0 98743.2    905   29.278  468   566.312  595.590
87360.0 87360.0  0.0   87359.8 174784.0 174784.0  699072.0   699072.0  164696.0 98737.0    905   29.278  472   572.278  601.556
87360.0 87360.0  0.0   87360.0 174784.0 174784.0  699072.0   699072.0  164696.0 98740.5    905   29.278  474   575.446  604.724
87360.0 87360.0  0.0   87359.9 174784.0 174784.0  699072.0   699072.0  164696.0 98636.4    905   29.278  478   581.206  610.484
87360.0 87360.0  0.0   72186.6 174784.0 173308.5  699072.0   699072.0  164696.0 98637.7    905   29.278  481   586.886  616.164
87360.0 87360.0  0.0   87360.0 174784.0 174784.0  699072.0   699072.0  164696.0 98640.7    905   29.278  484   590.143  619.422
87360.0 87360.0  0.0   87359.9 174784.0 174784.0  699072.0   699071.9  164696.0 98660.1    905   29.278  488   596.079  625.357
87360.0 87360.0  0.0   87360.0 174784.0 174784.0  699072.0   699071.9  164696.0 98660.1    905   29.278  490   598.944  628.223
87360.0 87360.0  0.0   87360.0 174784.0 174784.0  699072.0   699072.0  164696.0 98686.5    905   29.278  494   605.215  634.493
87360.0 87360.0  0.0   87359.9 174784.0 174784.0  699072.0   699072.0  164696.0 98647.0    905   29.278  498   610.946  640.224
87360.0 87360.0  0.0   87359.8 174784.0 174784.0  699072.0   699072.0  164696.0 98647.8    905   29.278  500   613.769  643.048
87360.0 87360.0  0.0   87360.0 174784.0 174784.0  699072.0   699072.0  164696.0 98647.8    905   29.278  504   619.397  648.676
87360.0 87360.0  0.0   87360.0 174784.0 174784.0  699072.0   699071.8  164696.0 98647.8    905   29.278  508   625.384  654.662
87360.0 87360.0  0.0   87359.9 174784.0 174784.0  699072.0   699071.9  164696.0 98647.8    905   29.278  510   628.245  657.523
87360.0 87360.0  0.0   87360.0 174784.0 174784.0  699072.0   699072.0  164696.0 98647.8    905   29.278  514   633.929  663.208
87360.0 87360.0  0.0   87360.0 174784.0 174784.0  699072.0   699072.0  164696.0 98647.8    905   29.278  518   639.588  668.867
87360.0 87360.0  0.0   87360.0 174784.0 174784.0  699072.0   699071.9  164696.0 98647.8    905   29.278  520   642.405  671.683
87360.0 87360.0  0.0   87359.9 174784.0 174784.0  699072.0   699071.9  164696.0 98660.4    905   29.278  524   648.152  677.430
87360.0 87360.0  0.0   87359.8 174784.0 174784.0  699072.0   699072.0  164696.0 98660.4    905   29.278  528   654.014  683.292
87360.0 87360.0  0.0   87360.0 174784.0 174784.0  699072.0   699071.8  164696.0 98660.5    905   29.278  530   656.833  686.112
87360.0 87360.0  0.0   87359.9 174784.0 174784.0  699072.0   699072.0  164696.0 98654.4    905   29.278  534   662.708  691.986
87360.0 87360.0  0.0   87359.9 174784.0 174784.0  699072.0   699071.9  164696.0 98656.0    905   29.278  538   668.541  697.820
87360.0 87360.0  0.0   87354.9 174784.0 174784.0  699072.0   699072.0  164696.0 98656.0    905   29.278  540   671.443  700.721
87360.0 87360.0  0.0   87360.0 174784.0 174784.0  699072.0   699072.0  164696.0 98640.8    905   29.278  544   677.248  706.526
87360.0 87360.0  0.0   87359.7 174784.0 174784.0  699072.0   699072.0  164696.0 98637.7    905   29.278  548   682.955  712.233
87360.0 87360.0  0.0   75248.7 174784.0 174784.0  699072.0   699072.0  164696.0 98637.7    905   29.278  551   688.619  717.897
87360.0 87360.0  0.0   87360.0 174784.0 174784.0  699072.0   699072.0  164696.0 98637.7    905   29.278  554   691.427  720.705
87360.0 87360.0  0.0   87360.0 174784.0 174784.0  699072.0   699072.0  164696.0 98638.0    905   29.278  558   697.095  726.373
87360.0 87360.0  0.0   87360.0 174784.0 174784.0  699072.0   699072.0  164696.0 98644.0    905   29.278  562   702.944  732.223
87360.0 87360.0  0.0   87360.0 174784.0 174784.0  699072.0   699072.0  164696.0 98644.0    905   29.278  564   705.786  735.064
87360.0 87360.0  0.0   87360.0 174784.0 174784.0  699072.0   699072.0  164696.0 98646.4    905   29.278  568   711.488  740.766
87360.0 87360.0  0.0   87360.0 174784.0 174784.0  699072.0   699072.0  164696.0 98647.6    905   29.278  572   717.204  746.482
87360.0 87360.0  0.0   87359.9 174784.0 174784.0  699072.0   699072.0  164696.0 98647.6    905   29.278  574   720.117  749.395
87360.0 87360.0  0.0   87360.0 174784.0 174784.0  699072.0   699072.0  164696.0 98659.4    905   29.278  578   725.890  755.169
87360.0 87360.0  0.0   87360.0 174784.0 174784.0  699072.0   699071.9  164696.0 98662.2    905   29.278  582   731.834  761.112
87360.0 87360.0  0.0   87359.9 174784.0 174784.0  699072.0   699071.9  164696.0 98662.2    905   29.278  584   734.857  764.136
87360.0 87360.0  0.0   87352.8 174784.0 174784.0  699072.0   699071.9  164696.0 98662.2    905   29.278  588   740.538  769.817
87360.0 87360.0  0.0   87347.1 174784.0 174784.0  699072.0   699072.0  164696.0 98662.2    905   29.278  592   746.524  775.803
87360.0 87360.0  0.0   87360.0 174784.0 174784.0  699072.0   699072.0  164696.0 98669.2    905   29.278  594   749.603  778.881
87360.0 87360.0  0.0   87359.8 174784.0 174784.0  699072.0   699072.0  164696.0 98669.2    905   29.278  598   755.644  784.922
87360.0 87360.0  0.0   87359.8 174784.0 174784.0  699072.0   699072.0  164696.0 98670.7    905   29.278  600   759.397  788.675
87360.0 87360.0  0.0   87360.0 174784.0 174784.0  699072.0   699072.0  164696.0 98670.7    905   29.278  604   765.057  794.336
87360.0 87360.0  0.0   87360.0 174784.0 174784.0  699072.0   699072.0  164696.0 98673.6    905   29.278  608   770.900  800.179
87360.0 87360.0  0.0   87360.0 174784.0 174784.0  699072.0   699072.0  164696.0 98673.6    905   29.278  610   773.890  803.168
87360.0 87360.0  0.0   87360.0 174784.0 174784.0  699072.0   699072.0  164696.0 98674.9    905   29.278  614   779.764  809.042
87360.0 87360.0  0.0   78159.1 174784.0 174784.0  699072.0   699072.0  164696.0 98665.8    905   29.278  617   785.975  815.253
87360.0 87360.0  0.0   87357.8 174784.0 174784.0  699072.0   699071.7  164696.0 98667.1    905   29.278  620   789.220  818.498
87360.0 87360.0  0.0   87360.0 174784.0 174784.0  699072.0   699072.0  164696.0 98667.1    905   29.278  622   792.761  822.040
87360.0 87360.0  0.0   87359.9 174784.0 174784.0  699072.0   699072.0  164696.0 98669.1    905   29.278  626   800.172  829.451
87360.0 87360.0  0.0   87359.6 174784.0 174784.0  699072.0   699072.0  164696.0 98664.1    905   29.278  628   803.777  833.056
87360.0 87360.0  0.0   87360.0 174784.0 174784.0  699072.0   699072.0  164696.0 98658.0    905   29.278  630   807.995  837.274
87360.0 87360.0  0.0   87360.0 174784.0 174784.0  699072.0   699072.0  164696.0 98654.5    905   29.278  634   814.932  844.210
87360.0 87360.0  0.0   87359.9 174784.0 174784.0  699072.0   699072.0  164696.0 98654.5    905   29.278  636   818.971  848.250
87360.0 87360.0  0.0   87360.0 174784.0 174784.0  699072.0   699072.0  164696.0 98651.5    905   29.278  640   824.990  854.268
87360.0 87360.0  0.0   87360.0 174784.0 174784.0  699072.0   699072.0  164696.0 98654.5    905   29.278  642   828.171  857.449
87360.0 87360.0  0.0   87360.0 174784.0 174784.0  699072.0   699071.9  164696.0 98655.0    905   29.278  646   834.569  863.848
87360.0 87360.0  0.0   87359.8 174784.0 174784.0  699072.0   699072.0  164696.0 98655.0    905   29.278  648   837.653  866.931
87360.0 87360.0  0.0   87360.0 174784.0 174784.0  699072.0   699071.9  164696.0 98655.0    905   29.278  652   843.906  873.185
87360.0 87360.0  0.0   87360.0 174784.0 174784.0  699072.0   699072.0  164696.0 98651.9    905   29.278  654   847.452  876.731
87360.0 87360.0  0.0   82246.8 174784.0 174784.0  699072.0   699072.0  164696.0 98642.7    905   29.278  657   854.519  883.798
87360.0 87360.0  0.0   87360.0 174784.0 174784.0  699072.0   699072.0  164696.0 98643.6    905   29.278  660   857.572  886.851
