 S0C    S1C    S0U    S1U      EC       EU        OC         OU       PC     PU    YGC     YGCT    FGC    FGCT     GCT   
43648.0 43648.0 30505.0  0.0   87424.0   4312.7   349568.0   146466.4  117420.0 82504.3     56    2.543  17      0.732    3.275
43648.0 43648.0 30505.0  0.0   87424.0   5321.1   349568.0   146466.4  117420.0 82504.3     56    2.543  17      0.732    3.275
43648.0 43648.0 30505.0  0.0   87424.0   7257.3   349568.0   146466.4  117420.0 82515.0     56    2.543  17      0.732    3.275
43648.0 43648.0 30505.0  0.0   87424.0   7840.1   349568.0   146466.4  117420.0 82515.2     56    2.543  17      0.732    3.275
43648.0 43648.0 30505.0  0.0   87424.0   7840.1   349568.0   146466.4  117420.0 82515.2     56    2.543  17      0.732    3.275
43648.0 43648.0 30505.0  0.0   87424.0   8423.0   349568.0   146466.4  117420.0 82515.2     56    2.543  17      0.732    3.275
43648.0 43648.0 30505.0  0.0   87424.0  73756.8   349568.0   146466.4  117420.0 86995.4     56    2.543  17      0.732    3.275
43648.0 43648.0 30505.0  0.0   87424.0  74339.6   349568.0   146466.4  117420.0 86996.3     56    2.543  17      0.732    3.275
43648.0 43648.0 30505.0  0.0   87424.0  77868.6   349568.0   146466.4  117420.0 87021.3     56    2.543  17      0.732    3.275
43648.0 43648.0 30505.0  0.0   87424.0  84899.3   349568.0   146466.4  117420.0 87047.8     56    2.543  17      0.732    3.275
43648.0 43648.0  0.0   43648.0 87424.0   4916.0   349568.0   152208.3  117420.0 87134.2     57    2.619  17      0.732    3.351
43648.0 43648.0  0.0   43648.0 87424.0   6530.3   349568.0   152208.3  117420.0 87134.2     57    2.619  17      0.732    3.351
43648.0 43648.0  0.0   43648.0 87424.0   6944.8   349568.0   152208.3  117420.0 87134.2     57    2.619  17      0.732    3.351
43648.0 43648.0  0.0   43648.0 87424.0   7396.5   349568.0   152208.3  117420.0 87134.4     57    2.619  17      0.732    3.351
43648.0 43648.0  0.0   43648.0 87424.0   9280.5   349568.0   152208.3  117420.0 87135.5     57    2.619  17      0.732    3.351
43648.0 43648.0  0.0   43648.0 87424.0  11193.3   349568.0   152208.3  117420.0 87139.0     57    2.619  17      0.732    3.351
43648.0 43648.0  0.0   43648.0 87424.0  13993.4   349568.0   152208.3  117420.0 87160.2     57    2.619  17      0.732    3.351
43648.0 43648.0  0.0   43648.0 87424.0  14290.7   349568.0   152208.3  117420.0 87164.0     57    2.619  17      0.732    3.351
43648.0 43648.0  0.0   43648.0 87424.0  14880.9   349568.0   152208.3  117420.0 87164.0     57    2.619  17      0.732    3.351
43648.0 43648.0  0.0   43648.0 87424.0  15306.0   349568.0   152208.3  117420.0 87164.0     57    2.619  17      0.732    3.351
43648.0 43648.0  0.0   43648.0 87424.0  15306.0   349568.0   152208.3  117420.0 87164.0     57    2.619  17      0.732    3.351
43648.0 43648.0  0.0   43648.0 87424.0  17083.0   349568.0   152208.3  117420.0 87174.1     57    2.619  17      0.732    3.351
43648.0 43648.0  0.0   43648.0 87424.0  17083.0   349568.0   152208.3  117420.0 87174.1     57    2.619  17      0.732    3.351
43648.0 43648.0  0.0   43648.0 87424.0  17380.2   349568.0   152208.3  117420.0 87174.1     57    2.619  17      0.732    3.351
43648.0 43648.0  0.0   43648.0 87424.0  17380.2   349568.0   152208.3  117420.0 87174.1     57    2.619  17      0.732    3.351
43648.0 43648.0  0.0   43648.0 87424.0  17805.4   349568.0   152208.3  117420.0 87176.0     57    2.619  17      0.732    3.351
43648.0 43648.0  0.0   43648.0 87424.0  18743.2   349568.0   152208.3  117420.0 87177.6     57    2.619  17      0.732    3.351
43648.0 43648.0  0.0   43648.0 87424.0  20323.3   349568.0   152208.3  117420.0 87177.9     57    2.619  17      0.732    3.351
43648.0 43648.0  0.0   43648.0 87424.0  22732.0   349568.0   152208.3  117420.0 87187.9     57    2.619  17      0.732    3.351
43648.0 43648.0  0.0   43648.0 87424.0  22732.0   349568.0   152208.3  117420.0 87188.1     57    2.619  17      0.732    3.351
43648.0 43648.0  0.0   43648.0 87424.0  23487.9   349568.0   152208.3  117420.0 87202.1     57    2.619  17      0.732    3.351
43648.0 43648.0  0.0   43648.0 87424.0  23487.9   349568.0   152208.3  117420.0 87202.3     57    2.619  17      0.732    3.351
43648.0 43648.0  0.0   43648.0 87424.0  23487.9   349568.0   152208.3  117420.0 87202.3     57    2.619  17      0.732    3.351
43648.0 43648.0  0.0   43648.0 87424.0  25469.3   349568.0   152208.3  117420.0 87203.2     57    2.619  17      0.732    3.351
43648.0 43648.0  0.0   43648.0 87424.0  25597.5   349568.0   152208.3  117420.0 87203.2     57    2.619  17      0.732    3.351
43648.0 43648.0  0.0   43648.0 87424.0  25597.5   349568.0   152208.3  117420.0 87203.5     57    2.619  17      0.732    3.351
43648.0 43648.0  0.0   43648.0 87424.0  25597.5   349568.0   152208.3  117420.0 87203.5     57    2.619  17      0.732    3.351
43648.0 43648.0  0.0   43648.0 87424.0  25597.5   349568.0   152208.3  117420.0 87203.7     57    2.619  17      0.732    3.351
43648.0 43648.0  0.0   43648.0 87424.0  26652.7   349568.0   152208.3  117420.0 87206.1     57    2.619  17      0.732    3.351
43648.0 43648.0  0.0   43648.0 87424.0  33548.0   349568.0   152208.3  117420.0 87247.3     57    2.619  17      0.732    3.351
43648.0 43648.0  0.0   43648.0 87424.0  36258.4   349568.0   152208.3  117420.0 87252.3     57    2.619  17      0.732    3.351
43648.0 43648.0  0.0   43648.0 87424.0  82377.2   349568.0   152208.3  117420.0 88940.7     57    2.619  17      0.732    3.351
43648.0 43648.0 30209.3  0.0   87424.0  76001.5   349568.0   158169.1  117420.0 91847.7     58    2.694  18      0.819    3.513
43648.0 43648.0 30209.3  0.0   87424.0  76425.5   349568.0   158169.1  117420.0 91847.7     58    2.694  18      0.819    3.513
43648.0 43648.0  0.0   27186.7 87424.0  46565.2   349568.0   155857.2  117420.0 93458.1     59    2.779  18      0.819    3.598
43648.0 43648.0  0.0   27186.7 87424.0  53436.1   349568.0   155857.2  117420.0 93511.1     59    2.779  18      0.819    3.598
43648.0 43648.0  0.0   27186.7 87424.0  54633.1   349568.0   155857.2  117420.0 93512.2     59    2.779  18      0.819    3.598
43648.0 43648.0 33064.8  0.0   87424.0  37202.9   349568.0   163217.4  117420.0 94592.1     60    2.912  18      0.819    3.731
43648.0 43648.0 33064.8  0.0   87424.0  38660.7   349568.0   163217.4  117420.0 94592.6     60    2.912  18      0.819    3.731
43648.0 43648.0 33064.8  0.0   87424.0  47694.4   349568.0   163217.4  157680.0 94629.7     60    2.912  18      0.819    3.731
43648.0 43648.0 33064.8  0.0   87424.0  49733.1   349568.0   163217.4  157680.0 94632.8     60    2.912  18      0.819    3.731
43648.0 43648.0 33064.8  0.0   87424.0  52226.5   349568.0   163217.4  157680.0 94633.7     60    2.912  18      0.819    3.731
43648.0 43648.0 33064.8  0.0   87424.0  54848.6   349568.0   163217.4  157680.0 94638.1     60    2.912  18      0.819    3.731
43648.0 43648.0 33064.8  0.0   87424.0  58268.4   349568.0   163217.4  157680.0 94694.3     60    2.912  18      0.819    3.731
43648.0 43648.0 33064.8  0.0   87424.0  64781.6   349568.0   163217.4  157680.0 94713.9     60    2.912  18      0.819    3.731
43648.0 43648.0 33064.8  0.0   87424.0  65083.9   349568.0   163217.4  157680.0 94717.6     60    2.912  18      0.819    3.731
43648.0 43648.0 33064.8  0.0   87424.0  66462.3   349568.0   163217.4  157680.0 94719.0     60    2.912  18      0.819    3.731
43648.0 43648.0 33064.8  0.0   87424.0  72172.1   349568.0   163217.4  157680.0 94724.6     60    2.912  18      0.819    3.731
43648.0 43648.0 33064.8  0.0   87424.0  80826.9   349568.0   163217.4  157680.0 94756.3     60    2.912  18      0.819    3.731
43648.0 43648.0  0.0   25528.3 87424.0  16962.0   349568.0   163217.4  157680.0 94816.6     61    2.976  18      0.819    3.795
43648.0 43648.0  0.0   25528.3 87424.0  18876.8   349568.0   163217.4  157680.0 94820.0     61    2.976  18      0.819    3.795
43648.0 43648.0  0.0   25528.3 87424.0  32257.2   349568.0   163217.4  157680.0 94870.2     61    2.976  18      0.819    3.795
43648.0 43648.0  0.0   25528.3 87424.0  33561.8   349568.0   163217.4  157680.0 94876.3     61    2.976  18      0.819    3.795
43648.0 43648.0  0.0   25528.3 87424.0  35344.8   349568.0   163217.4  157680.0 94878.2     61    2.976  18      0.819    3.795
43648.0 43648.0  0.0   25528.3 87424.0  64180.8   349568.0   163217.4  157680.0 94990.5     61    2.976  19      0.908    3.885
43648.0 43648.0  0.0   25528.3 87424.0  70176.1   349568.0   163217.4  157680.0 95016.5     61    2.976  19      0.908    3.885
43648.0 43648.0  0.0   25528.3 87424.0  70669.9   349568.0   163217.4  157680.0 95016.5     61    2.976  19      0.908    3.885
43648.0 43648.0  0.0   25528.3 87424.0  72586.9   349568.0   163217.4  157680.0 95017.7     61    2.976  19      0.908    3.885
43648.0 43648.0  0.0   25528.3 87424.0  85644.3   349568.0   163217.4  157680.0 95040.5     61    2.976  19      0.908    3.885
43648.0 43648.0  0.0   25528.3 87424.0  86796.1   349568.0   163217.4  157680.0 95040.7     61    2.976  19      0.908    3.885
43648.0 43648.0 35693.6  0.0   87424.0  14931.9   349568.0   163217.4  157680.0 95068.5     62    3.036  19      0.908    3.945
43648.0 43648.0 35693.6  0.0   87424.0  15988.2   349568.0   163217.4  157680.0 95068.8     62    3.036  19      0.908    3.945
43648.0 43648.0 35693.6  0.0   87424.0  16049.9   349568.0   163217.4  157680.0 95068.8     62    3.036  19      0.908    3.945
43648.0 43648.0 35693.6  0.0   87424.0  16338.6   349568.0   163217.4  157680.0 95068.8     62    3.036  19      0.908    3.945
43648.0 43648.0 35693.6  0.0   87424.0  18787.2   349568.0   163217.4  157680.0 95069.9     62    3.036  19      0.908    3.945
43648.0 43648.0 35693.6  0.0   87424.0  23161.4   349568.0   163217.4  157680.0 95072.3     62    3.036  19      0.908    3.945
43648.0 43648.0 35693.6  0.0   87424.0  29369.0   349568.0   163217.4  157680.0 95078.2     62    3.036  19      0.908    3.945
43648.0 43648.0 35693.6  0.0   87424.0  42671.3   349568.0   163217.4  157680.0 95099.3     62    3.036  19      0.908    3.945
43648.0 43648.0 35693.6  0.0   87424.0  43230.8   349568.0   163217.4  157680.0 95099.3     62    3.036  19      0.908    3.945
43648.0 43648.0 35693.6  0.0   87424.0  61391.0   349568.0   163217.4  157680.0 95192.9     62    3.036  19      0.908    3.945
43648.0 43648.0 35693.6  0.0   87424.0  61391.0   349568.0   163217.4  157680.0 95192.9     62    3.036  19      0.908    3.945
43648.0 43648.0 35693.6  0.0   87424.0  68610.5   349568.0   163217.4  157680.0 95196.7     62    3.036  19      0.908    3.945
43648.0 43648.0 35693.6  0.0   87424.0  68768.3   349568.0   163217.4  157680.0 95196.7     62    3.036  19      0.908    3.945
43648.0 43648.0 35693.6  0.0   87424.0  68963.5   349568.0   163217.4  157680.0 95196.9     62    3.036  19      0.908    3.945
43648.0 43648.0 35693.6  0.0   87424.0  79260.7   349568.0   163217.4  157680.0 95202.7     62    3.036  19      0.908    3.945
43648.0 43648.0  0.0   25059.4 87424.0    0.0     349568.0   163217.4  157680.0 95206.3     63    3.103  19      0.908    4.011
43648.0 43648.0  0.0   25059.4 87424.0  29497.4   349568.0   163217.4  157680.0 95289.9     63    3.103  19      0.908    4.011
43648.0 43648.0  0.0   25059.4 87424.0  53275.4   349568.0   163217.4  157680.0 95346.5     63    3.103  19      0.908    4.011
43648.0 43648.0  0.0   25059.4 87424.0  55797.1   349568.0   163217.4  157680.0 95346.5     63    3.103  19      0.908    4.011
43648.0 43648.0  0.0   25059.4 87424.0  58216.2   349568.0   163217.4  157680.0 95346.7     63    3.103  19      0.908    4.011
43648.0 43648.0  0.0   25059.4 87424.0  72878.8   349568.0   163217.4  157680.0 95357.4     63    3.103  19      0.908    4.011
43648.0 43648.0  0.0   25059.4 87424.0  73242.1   349568.0   163217.4  157680.0 95357.4     63    3.103  19      0.908    4.011
43648.0 43648.0  0.0   25059.4 87424.0  73242.1   349568.0   163217.4  157680.0 95357.4     63    3.103  19      0.908    4.011
43648.0 43648.0  0.0   25059.4 87424.0  74381.7   349568.0   163217.4  157680.0 95365.3     63    3.103  19      0.908    4.011
43648.0 43648.0  0.0   25059.4 87424.0  74430.6   349568.0   163217.4  157680.0 95365.3     63    3.103  19      0.908    4.011
43648.0 43648.0  0.0   25059.4 87424.0  76611.3   349568.0   163217.4  157680.0 95366.1     63    3.103  19      0.908    4.011
43648.0 43648.0 29148.4  0.0   87424.0  10102.7   349568.0   167544.6  157680.0 95401.0     64    3.193  19      0.908    4.102
43648.0 43648.0 29148.4  0.0   87424.0  10399.6   349568.0   167544.6  157680.0 95401.0     64    3.193  19      0.908    4.102
43648.0 43648.0 29148.4  0.0   87424.0  11514.0   349568.0   167544.6  157680.0 95401.0     64    3.193  19      0.908    4.102
43648.0 43648.0 29148.4  0.0   87424.0  13822.4   349568.0   167544.6  157680.0 95409.4     64    3.193  19      0.908    4.102
43648.0 43648.0 29148.4  0.0   87424.0  51370.2   349568.0   167544.6  157680.0 95440.8     64    3.193  19      0.908    4.102
43648.0 43648.0 29148.4  0.0   87424.0  51585.1   349568.0   167544.6  157680.0 95440.8     64    3.193  19      0.908    4.102
43648.0 43648.0 29148.4  0.0   87424.0  51923.0   349568.0   167544.6  157680.0 95440.8     64    3.193  19      0.908    4.102
43648.0 43648.0 29148.4  0.0   87424.0  52214.2   349568.0   167544.6  157680.0 95440.8     64    3.193  19      0.908    4.102
43648.0 43648.0 29148.4  0.0   87424.0  60732.8   349568.0   167544.6  157680.0 95624.2     64    3.193  19      0.908    4.102
43648.0 43648.0 29148.4  0.0   87424.0  69375.7   349568.0   167544.6  157680.0 95653.7     64    3.193  19      0.908    4.102
43648.0 43648.0 29148.4  0.0   87424.0  81706.3   349568.0   167544.6  157680.0 95731.9     64    3.193  19      0.908    4.102
43648.0 43648.0 29148.4  0.0   87424.0  86944.0   349568.0   167544.6  157680.0 95739.1     64    3.193  19      0.908    4.102
43648.0 43648.0  0.0   27581.6 87424.0   6483.0   349568.0   167544.6  157680.0 95752.9     65    3.248  19      0.908    4.156
43648.0 43648.0  0.0   27581.6 87424.0  17608.8   349568.0   167544.6  157680.0 95772.1     65    3.248  19      0.908    4.156
43648.0 43648.0  0.0   24880.2 87424.0   6725.7   349568.0   167544.6  157680.0 96886.8     67    3.351  19      0.908    4.259
43648.0 43648.0  0.0   27965.0 87424.0  73006.9   349568.0   170289.5  157680.0 97014.7     71    3.553  19      0.908    4.462
43648.0 43648.0 14215.7  0.0   87424.0  82905.3   349568.0   183161.5  157680.0 97260.5     78    3.772  19      0.908    4.680
43648.0 43648.0 15229.8  0.0   87424.0  25035.5   349568.0   185025.9  162232.0 97372.3     86    3.946  21      1.018    4.964
43648.0 43648.0  0.0   16498.7 87424.0  68131.6   349568.0   189231.0  162232.0 97533.4     93    4.069  21      1.018    5.087
43648.0 43648.0  0.0   13427.2 87424.0   533.8    349568.0   192837.6  162232.0 97583.2    101    4.273  21      1.018    5.291
43648.0 43648.0 11929.3  0.0   87424.0  11856.2   349568.0   202647.9  162764.0 97673.7    112    4.491  23      1.124    5.616
43648.0 43648.0 35423.2  0.0   87424.0  78085.8   349568.0   206941.4  162764.0 97830.0    124    4.709  23      1.124    5.834
43648.0 43648.0  0.0   31885.3 87424.0   5783.6   349568.0   215773.9  162764.0 97968.4    127    4.811  23      1.124    5.935
43648.0 43648.0  0.0   23832.2 87424.0   6344.9   367488.0   220490.9  163300.0 97978.8    131    4.941  24      1.197    6.138
43648.0 43648.0  0.0   27293.9 87424.0  73828.7   367488.0   223250.1  163300.0 98068.9    135    5.051  25      1.253    6.304
43648.0 43648.0  0.0   19810.3 87424.0  57494.1   367488.0   232886.3  163300.0 98080.2    137    5.112  25      1.253    6.366
43648.0 43648.0  0.0   25749.4 87424.0  43339.6   376060.0   231951.7  163492.0 98088.7    139    5.174  27      1.412    6.586
43648.0 43648.0 33898.7  0.0   87424.0  16957.2   376060.0   241760.1  163492.0 98137.9    144    5.331  27      1.412    6.743
43648.0 43648.0 33898.7  0.0   87424.0  25427.8   376060.0   241760.1  163492.0 98138.7    144    5.331  27      1.412    6.743
43648.0 43648.0 33898.7  0.0   87424.0  29774.5   376060.0   241760.1  163492.0 98153.3    144    5.331  27      1.412    6.743
43648.0 43648.0 30988.0  0.0   87424.0  49380.8   407152.0   244290.1  163684.0 98164.5    146    5.388  28      1.496    6.885
43648.0 43648.0 32507.4  0.0   87424.0  66795.7   407152.0   251130.6  163684.0 98170.3    148    5.451  29      1.579    7.030
43648.0 43648.0 26542.3  0.0   87424.0  49263.9   407152.0   257846.5  163684.0 98178.6    150    5.512  29      1.579    7.091
43648.0 43648.0  0.0   40253.5 87424.0   5147.7   407152.0   257846.5  163684.0 98186.7    151    5.539  29      1.579    7.118
43648.0 43648.0  0.0   40253.5 87424.0   6703.7   407152.0   257846.5  163684.0 98188.2    151    5.539  29      1.579    7.118
43648.0 43648.0  0.0   25792.1 87424.0  24186.6   407152.0   270005.6  163684.0 98198.3    155    5.653  29      1.579    7.231
43648.0 43648.0 25186.7  0.0   87424.0  22626.9   407152.0   274210.0  163684.0 98215.7    156    5.688  30      1.692    7.379
43648.0 43648.0 25339.6  0.0   87424.0  29510.5   453524.0   280510.8  163876.0 98221.2    164    5.914  30      1.692    7.606
43648.0 43648.0  0.0   21452.6 87424.0  29709.0   453524.0   285584.4  163876.0 98224.7    167    5.996  30      1.692    7.687
43648.0 43648.0  0.0   21452.6 87424.0  85387.3   453524.0   285584.4  163876.0 98230.7    167    5.996  30      1.692    7.687
43648.0 43648.0  0.0   21340.9 87424.0   5733.5   453524.0   291612.4  163876.0 98244.6    173    6.175  30      1.692    7.867
43648.0 43648.0 14050.3  0.0   87424.0  48753.8   453524.0   300868.0  163876.0 98258.0    180    6.371  30      1.692    8.062
43648.0 43648.0 13968.9  0.0   87424.0  78638.7   453524.0   303746.6  163876.0 98272.4    186    6.490  30      1.692    8.182
43648.0 43648.0 21212.8  0.0   87424.0  49871.2   453524.0   304895.6  163876.0 98283.8    194    6.714  30      1.692    8.406
43648.0 43648.0  0.0   20761.3 87424.0  69424.2   453524.0   313578.8  163876.0 98296.5    203    6.936  31      1.764    8.700
43648.0 43648.0 12542.0  0.0   87424.0  44071.8   453524.0   320287.2  163876.0 98299.1    208    7.076  31      1.764    8.840
43648.0 43648.0 16076.1  0.0   87424.0  53424.6   453524.0   322573.0  163876.0 98349.8    212    7.186  32      1.764    8.950
43648.0 43648.0 10072.3  0.0   87424.0  74080.7   453524.0   315899.4  163876.0 97940.4    218    7.329  32      1.861    9.190
43648.0 43648.0 11956.0  0.0   87424.0  57608.5   527488.0   316868.7  163876.0 97936.8    224    7.458  32      1.861    9.319
43648.0 43648.0 13815.0  0.0   87424.0  49221.2   527488.0   320175.3  163876.0 97949.7    232    7.632  32      1.861    9.493
43648.0 43648.0 13527.1  0.0   87424.0  81158.4   527488.0   321203.4  163876.0 97954.2    234    7.685  32      1.861    9.546
43648.0 43648.0 19860.7  0.0   87424.0  16218.2   527488.0   322177.3  163876.0 97958.5    238    7.803  32      1.861    9.664
43648.0 43648.0 16977.1  0.0   87424.0  72776.7   527488.0   324704.5  163876.0 97960.8    242    7.921  32      1.861    9.782
43648.0 43648.0  0.0   20523.7 87424.0  11618.2   527488.0   327063.1  163876.0 97963.8    245    8.020  32      1.861    9.881
43648.0 43648.0  0.0   20847.0 87424.0  21769.9   527488.0   329831.5  163876.0 97964.6    247    8.092  32      1.861    9.953
43648.0 43648.0  0.0   20847.0 87424.0  41739.9   527488.0   329831.5  163876.0 97965.7    247    8.092  32      1.861    9.953
43648.0 43648.0  0.0   20847.0 87424.0  84958.0   527488.0   329831.5  163876.0 97967.2    247    8.092  32      1.861    9.953
43648.0 43648.0  0.0   24233.5 87424.0  53580.7   527488.0   331124.8  163876.0 97967.5    249    8.158  32      1.861   10.019
43648.0 43648.0  0.0   24233.5 87424.0  54059.0   527488.0   331124.8  163876.0 97968.8    249    8.158  32      1.861   10.019
43648.0 43648.0  0.0   34176.1 87424.0  70748.0   527488.0   332829.3  163876.0 97970.8    251    8.235  32      1.861   10.096
43648.0 43648.0  0.0   34176.1 87424.0  70790.1   527488.0   332829.3  163876.0 97970.8    251    8.235  32      1.861   10.096
43648.0 43648.0  0.0   34176.1 87424.0  70990.5   527488.0   332829.3  163876.0 97970.8    251    8.235  32      1.861   10.096
43648.0 43648.0  0.0   34176.1 87424.0  76620.6   527488.0   332829.3  163876.0 97971.4    251    8.235  32      1.861   10.096
43648.0 43648.0  0.0   34176.1 87424.0  78444.5   527488.0   332829.3  163876.0 97971.4    251    8.235  32      1.861   10.096
43648.0 43648.0  0.0   24422.6 87424.0  84633.9   527488.0   338791.8  163876.0 97976.4    253    8.311  32      1.861   10.172
43648.0 43648.0 23092.6  0.0   87424.0  23084.7   527488.0   340284.6  163876.0 97979.9    254    8.342  32      1.861   10.203
43648.0 43648.0 21570.3  0.0   87424.0  27357.7   527488.0   344957.3  163876.0 97979.9    258    8.463  32      1.861   10.323
43648.0 43648.0  0.0   19063.5 87424.0  60662.3   527488.0   344957.3  163876.0 97979.9    259    8.489  32      1.861   10.350
43648.0 43648.0 21617.3  0.0   87424.0  49908.4   527488.0   346624.4  163876.0 97981.6    262    8.578  32      1.861   10.439
43648.0 43648.0  0.0   15851.3 87424.0  53388.9   527488.0   353141.6  163876.0 97981.6    265    8.646  32      1.861   10.507
43648.0 43648.0  0.0   15851.3 87424.0  76922.1   527488.0   353141.6  163876.0 97997.9    265    8.646  32      1.861   10.507
43648.0 43648.0  0.0   5867.9 87424.0  67721.8   527488.0   361766.8  163876.0 97999.9    269    8.744  32      1.861   10.605
43648.0 43648.0  0.0   8345.2 87424.0  74154.1   527488.0   361862.8  163876.0 98000.0    273    8.845  32      1.861   10.706
43648.0 43648.0  0.0   8553.6 87424.0   477.2    527488.0   362793.4  163876.0 98000.9    275    8.896  32      1.861   10.757
43648.0 43648.0 11967.7  0.0   87424.0   8747.3   527488.0   362871.4  163876.0 98000.9    276    8.919  32      1.861   10.780
43648.0 43648.0 11967.7  0.0   87424.0  28226.7   527488.0   362871.4  163876.0 98001.6    276    8.919  32      1.861   10.780
43648.0 43648.0 11967.7  0.0   87424.0  37128.3   527488.0   362871.4  163876.0 98007.6    276    8.919  32      1.861   10.780
43648.0 43648.0 11420.5  0.0   87424.0  38817.5   527488.0   362871.5  163876.0 98011.9    278    8.967  32      1.861   10.828
43648.0 43648.0 11420.5  0.0   87424.0  41218.6   527488.0   362871.5  163876.0 98011.9    278    8.967  32      1.861   10.828
43648.0 43648.0 11420.5  0.0   87424.0  61820.6   527488.0   362871.5  163876.0 98011.9    278    8.967  32      1.861   10.828
43648.0 43648.0 11420.5  0.0   87424.0  65081.6   527488.0   362871.5  163876.0 98011.9    278    8.967  32      1.861   10.828
43648.0 43648.0 11420.5  0.0   87424.0  66754.7   527488.0   362871.5  163876.0 98011.9    278    8.967  32      1.861   10.828
43648.0 43648.0 11420.5  0.0   87424.0  66806.6   527488.0   362871.5  163876.0 98011.9    278    8.967  32      1.861   10.828
43648.0 43648.0 11420.5  0.0   87424.0  66957.0   527488.0   362871.5  163876.0 98011.9    278    8.967  32      1.861   10.828
43648.0 43648.0 11420.5  0.0   87424.0  69665.9   527488.0   362871.5  163876.0 98011.9    278    8.967  32      1.861   10.828
43648.0 43648.0 11420.5  0.0   87424.0  72819.3   527488.0   362871.5  163876.0 98011.9    278    8.967  32      1.861   10.828
43648.0 43648.0  0.0   14685.3 87424.0  27642.9   527488.0   362871.5  163876.0 98013.3    279    8.997  32      1.861   10.858
43648.0 43648.0 18520.0  0.0   87424.0  78451.8   527488.0   363493.3  163876.0 98013.3    280    9.025  32      1.861   10.886
43648.0 43648.0 18520.0  0.0   87424.0  81042.5   527488.0   363493.3  163876.0 98014.2    280    9.025  32      1.861   10.886
43648.0 43648.0 18520.0  0.0   87424.0  84790.8   527488.0   363493.3  163876.0 98014.2    280    9.025  32      1.861   10.886
43648.0 43648.0 18520.0  0.0   87424.0  86237.9   527488.0   363493.3  163876.0 98016.1    280    9.025  32      1.861   10.886
43648.0 43648.0 18520.0  0.0   87424.0  86423.8   527488.0   363493.3  163876.0 98016.1    280    9.025  32      1.861   10.886
43648.0 43648.0  0.0   12635.2 87424.0   4706.2   527488.0   363858.6  163876.0 98016.1    281    9.054  32      1.861   10.915
43648.0 43648.0  0.0   12635.2 87424.0   6250.0   527488.0   363858.6  163876.0 98016.1    281    9.054  32      1.861   10.915
43648.0 43648.0  0.0   16671.7 87424.0  25631.2   527488.0   363936.1  163876.0 98016.6    283    9.114  32      1.861   10.975
43648.0 43648.0 11707.3  0.0   87424.0  61356.4   527488.0   364015.3  163876.0 98016.6    286    9.201  32      1.861   11.062
43648.0 43648.0 11707.3  0.0   87424.0  65276.5   527488.0   364015.3  163876.0 98018.2    286    9.201  32      1.861   11.062
43648.0 43648.0 11707.3  0.0   87424.0  65475.7   527488.0   364015.3  163876.0 98018.2    286    9.201  32      1.861   11.062
43648.0 43648.0 15992.1  0.0   87424.0  16615.2   527488.0   366115.0  163876.0 98019.7    288    9.296  32      1.861   11.157
43648.0 43648.0 8128.2  0.0   87424.0  78063.4   527488.0   369550.8  163876.0 98023.0    292    9.399  32      1.861   11.259
43648.0 43648.0 8128.2  0.0   87424.0  84710.1   527488.0   369550.8  163876.0 98023.0    292    9.399  32      1.861   11.259
43648.0 43648.0 8128.2  0.0   87424.0  85751.0   527488.0   369550.8  163876.0 98023.0    292    9.399  32      1.861   11.259
43648.0 43648.0  0.0   12957.9 87424.0   6351.0   527488.0   374351.2  163876.0 98026.0    297    9.523  32      1.861   11.384
43648.0 43648.0  0.0   12957.9 87424.0  29599.5   527488.0   374351.2  163876.0 98028.2    297    9.523  32      1.861   11.384
43648.0 43648.0  0.0   12957.9 87424.0  48500.8   527488.0   374351.2  163876.0 98029.1    297    9.523  32      1.861   11.384
43648.0 43648.0  0.0   12957.9 87424.0  50864.8   527488.0   374351.2  163876.0 98029.1    297    9.523  32      1.861   11.384
43648.0 43648.0  0.0   12957.9 87424.0  50910.6   527488.0   374351.2  163876.0 98029.1    297    9.523  32      1.861   11.384
43648.0 43648.0  0.0   12957.9 87424.0  51997.2   527488.0   374351.2  163876.0 98029.1    297    9.523  32      1.861   11.384
43648.0 43648.0 12054.2  0.0   87424.0  28623.3   527488.0   374357.6  163876.0 98037.2    300    9.611  32      1.861   11.471
43648.0 43648.0  0.0   10816.3 87424.0  46161.2   527488.0   375551.2  163876.0 98037.5    303    9.679  32      1.861   11.540
43648.0 43648.0  0.0   10816.3 87424.0  47236.1   527488.0   375551.2  163876.0 98037.5    303    9.679  32      1.861   11.540
43648.0 43648.0  0.0   10816.3 87424.0  48101.8   527488.0   375551.2  163876.0 98037.5    303    9.679  32      1.861   11.540
43648.0 43648.0  0.0   10816.3 87424.0  67723.7   527488.0   375551.2  163876.0 98039.8    303    9.679  32      1.861   11.540
43648.0 43648.0  0.0   10816.3 87424.0  68646.4   527488.0   375551.2  163876.0 98039.8    303    9.679  32      1.861   11.540
43648.0 43648.0 16908.8  0.0   87424.0   462.4    527488.0   375562.7  163876.0 98040.1    306    9.752  32      1.861   11.613
43648.0 43648.0  0.0   13935.1 87424.0  78804.8   527488.0   375618.5  163876.0 98040.1    307    9.779  32      1.861   11.640
43648.0 43648.0  0.0   13935.1 87424.0  85873.1   527488.0   375618.5  163876.0 98040.1    307    9.779  32      1.861   11.640
43648.0 43648.0 14497.5  0.0   87424.0   3271.0   527488.0   376488.2  163876.0 98040.1    308    9.810  32      1.861   11.671
43648.0 43648.0 14497.5  0.0   87424.0   4824.4   527488.0   376488.2  163876.0 98040.1    308    9.810  32      1.861   11.671
43648.0 43648.0  0.0   13810.9 87424.0   1155.5   527488.0   379257.0  163876.0 98040.1    311    9.901  32      1.861   11.761
43648.0 43648.0  0.0   7767.8 87424.0  59511.9   527488.0   381103.2  163876.0 98040.1    313    9.944  32      1.861   11.805
43648.0 43648.0  0.0   7767.8 87424.0  59704.2   527488.0   381103.2  163876.0 98040.1    313    9.944  32      1.861   11.805
43648.0 43648.0  0.0   7767.8 87424.0  86151.2   527488.0   381103.2  163876.0 98043.3    313    9.944  32      1.861   11.805
43648.0 43648.0 11140.4  0.0   87424.0  58193.4   527488.0   381168.1  163876.0 98043.6    314    9.970  32      1.861   11.831
43648.0 43648.0 15764.6  0.0   87424.0  25831.1   527488.0   381168.1  163876.0 98043.6    316   10.024  32      1.861   11.885
43648.0 43648.0 15764.6  0.0   87424.0  28702.5   527488.0   381168.1  163876.0 98043.6    316   10.024  32      1.861   11.885
43648.0 43648.0 15764.6  0.0   87424.0  49106.8   527488.0   381168.1  163876.0 98045.3    316   10.024  32      1.861   11.885
43648.0 43648.0  0.0   15630.9 87424.0  56751.0   527488.0   381168.1  163876.0 98046.0    317   10.056  32      1.861   11.916
43648.0 43648.0 20133.2  0.0   87424.0  57485.6   527488.0   381923.0  163876.0 98046.0    318   10.085  32      1.861   11.946
43648.0 43648.0 20133.2  0.0   87424.0  59289.5   527488.0   381923.0  163876.0 98046.0    318   10.085  32      1.861   11.946
43648.0 43648.0  0.0   17977.7 87424.0  28618.7   527488.0   382116.2  163876.0 98046.0    319   10.115  32      1.861   11.976
43648.0 43648.0 15306.4  0.0   87424.0  35254.3   527488.0   386806.9  163876.0 98046.0    324   10.253  32      1.861   12.114
43648.0 43648.0 15306.4  0.0   87424.0  35367.6   527488.0   386806.9  163876.0 98046.0    324   10.253  32      1.861   12.114
43648.0 43648.0 15306.4  0.0   87424.0  59816.1   527488.0   386806.9  163876.0 98046.7    324   10.253  32      1.861   12.114
43648.0 43648.0 15306.4  0.0   87424.0  67164.6   527488.0   386806.9  163876.0 98047.3    324   10.253  32      1.861   12.114
43648.0 43648.0 13973.2  0.0   87424.0  62658.6   527488.0   386937.1  163876.0 98052.6    328   10.350  32      1.861   12.211
43648.0 43648.0 15060.2  0.0   87424.0  30962.7   527488.0   388317.0  163876.0 98053.1    330   10.396  32      1.861   12.257
43648.0 43648.0 15060.2  0.0   87424.0  32562.5   527488.0   388317.0  163876.0 98053.1    330   10.396  32      1.861   12.257
43648.0 43648.0 15060.2  0.0   87424.0  46521.0   527488.0   388317.0  163876.0 98054.6    330   10.396  32      1.861   12.257
43648.0 43648.0  0.0   12510.7 87424.0  34491.0   527488.0   390069.4  163876.0 98054.8    331   10.423  32      1.861   12.284
43648.0 43648.0  0.0   7558.8 87424.0  12855.9   527488.0   396670.4  163876.0 98058.9    337   10.554  32      1.861   12.415
43648.0 43648.0 9026.9  0.0   87424.0  60918.3   527488.0   396670.5  163876.0 98059.4    338   10.574  32      1.861   12.435
43648.0 43648.0  0.0   10296.4 87424.0  41495.4   527488.0   397258.8  163876.0 98061.3    339   10.595  32      1.861   12.456
43648.0 43648.0 9183.3  0.0   87424.0  51512.9   527488.0   397981.4  163876.0 98061.6    344   10.700  32      1.861   12.561
43648.0 43648.0 9183.3  0.0   87424.0  75327.5   527488.0   397981.4  163876.0 98061.6    344   10.700  32      1.861   12.561
43648.0 43648.0 10666.8  0.0   87424.0  55369.2   527488.0   398996.5  163876.0 98062.2    346   10.743  32      1.861   12.604
43648.0 43648.0 10666.8  0.0   87424.0  82330.3   527488.0   398996.5  163876.0 98062.2    346   10.743  32      1.861   12.604
43648.0 43648.0  0.0   9750.3 87424.0   6886.3   527488.0   399230.0  163876.0 98062.2    347   10.766  32      1.861   12.627
43648.0 43648.0  0.0   16068.7 87424.0  11716.7   527488.0   399230.1  163876.0 98063.7    349   10.817  32      1.861   12.678
43648.0 43648.0 15717.6  0.0   87424.0  68279.7   527488.0   399237.9  163876.0 98063.7    350   10.847  32      1.861   12.707
43648.0 43648.0 10639.1  0.0   87424.0  65973.0   527488.0   402584.8  163876.0 98063.7    354   10.952  32      1.861   12.812
43648.0 43648.0  0.0   10196.0 87424.0  22300.1   527488.0   402765.7  163876.0 98063.7    355   10.973  32      1.861   12.834
43648.0 43648.0 13871.0  0.0   87424.0  73720.6   527488.0   402765.7  163876.0 98063.7    356   10.997  32      1.861   12.858
43648.0 43648.0 16773.1  0.0   87424.0  32537.4   527488.0   402766.1  163876.0 98063.7    358   11.059  32      1.861   12.920
43648.0 43648.0 8377.8  0.0   87424.0  66702.3   527488.0   405990.1  163876.0 98065.1    362   11.162  32      1.861   13.023
43648.0 43648.0  0.0   9728.4 87424.0  84199.8   527488.0   406729.1  163876.0 98068.3    363   11.185  32      1.861   13.045
43648.0 43648.0  0.0   12058.8 87424.0   6719.9   527488.0   408373.7  163876.0 98068.4    369   11.343  32      1.861   13.204
43648.0 43648.0  0.0   11625.7 87424.0  13902.1   527488.0   410597.3  163876.0 98068.4    371   11.394  32      1.861   13.254
43648.0 43648.0  0.0   11625.7 87424.0  45571.8   527488.0   410597.3  163876.0 98068.8    371   11.394  32      1.861   13.254
43648.0 43648.0  0.0   12658.5 87424.0  41502.8   527488.0   411677.4  163876.0 98071.2    373   11.442  32      1.861   13.303
43648.0 43648.0  0.0   12796.8 87424.0  42996.8   527488.0   411679.6  163876.0 98071.8    375   11.490  32      1.861   13.351
43648.0 43648.0  0.0   14843.2 87424.0  57875.9   527488.0   411686.9  163876.0 98071.8    377   11.545  32      1.861   13.406
43648.0 43648.0  0.0   14843.2 87424.0  62362.4   527488.0   411686.9  163876.0 98071.8    377   11.545  32      1.861   13.406
43648.0 43648.0  0.0   15846.2 87424.0  71413.4   527488.0   412849.2  163876.0 98073.0    379   11.611  32      1.861   13.472
43648.0 43648.0 18249.1  0.0   87424.0  41073.3   527488.0   415035.2  163876.0 98075.7    382   11.714  32      1.861   13.575
43648.0 43648.0 16751.8  0.0   87424.0  53647.1   527488.0   418388.3  163876.0 98077.0    388   11.872  32      1.861   13.733
43648.0 43648.0  0.0   11848.1 87424.0  27030.6   527488.0   420804.1  163876.0 98077.0    391   11.948  32      1.861   13.809
43648.0 43648.0  0.0   11848.1 87424.0  28053.6   527488.0   420804.1  163876.0 98077.0    391   11.948  32      1.861   13.809
43648.0 43648.0  0.0   11848.1 87424.0  31171.7   527488.0   420804.1  163876.0 98077.0    391   11.948  32      1.861   13.809
43648.0 43648.0  0.0   11848.1 87424.0  53025.1   527488.0   420804.1  163876.0 98077.5    391   11.948  32      1.861   13.809
43648.0 43648.0  0.0   9828.4 87424.0  67561.5   527488.0   425294.1  163876.0 98078.5    395   12.054  32      1.861   13.914
43648.0 43648.0  0.0   14022.0 87424.0  72574.3   527488.0   425552.3  163876.0 98078.5    397   12.106  32      1.861   13.967
43648.0 43648.0  0.0   18333.4 87424.0  81793.8   527488.0   425615.8  163876.0 98078.5    399   12.173  32      1.861   14.034
43648.0 43648.0 12826.6  0.0   87424.0  55106.7   527488.0   425616.5  163876.0 98080.6    400   12.202  32      1.861   14.063
43648.0 43648.0 14065.4  0.0   87424.0  16710.5   527488.0   427545.9  163876.0 98082.4    406   12.378  32      1.861   14.239
43648.0 43648.0  0.0   12653.5 87424.0  14978.6   527488.0   432252.2  163876.0 98082.4    411   12.520  32      1.861   14.381
43648.0 43648.0  0.0   12653.5 87424.0  56813.1   527488.0   432252.2  163876.0 98082.4    411   12.520  32      1.861   14.381
43648.0 43648.0 9745.8  0.0   87424.0   3171.0   527488.0   433635.8  163876.0 98082.4    412   12.546  32      1.861   14.407
43648.0 43648.0  0.0   9272.7 87424.0  84062.1   527488.0   434526.3  163876.0 98083.2    413   12.571  32      1.861   14.432
43648.0 43648.0 12704.7  0.0   87424.0   4811.0   527488.0   437066.2  163876.0 98083.4    416   12.645  32      1.861   14.506
43648.0 43648.0 12704.7  0.0   87424.0  21162.5   527488.0   437066.2  163876.0 98083.4    416   12.645  32      1.861   14.506
43648.0 43648.0 12704.7  0.0   87424.0  23814.9   527488.0   437066.2  163876.0 98083.5    416   12.645  32      1.861   14.506
43648.0 43648.0 12704.7  0.0   87424.0  43849.6   527488.0   437066.2  163876.0 98084.8    416   12.645  32      1.861   14.506
43648.0 43648.0 12704.7  0.0   87424.0  45552.0   527488.0   437066.2  163876.0 98084.8    416   12.645  32      1.861   14.506
43648.0 43648.0 12704.7  0.0   87424.0  45589.4   527488.0   437066.2  163876.0 98084.8    416   12.645  32      1.861   14.506
43648.0 43648.0 12704.7  0.0   87424.0  48213.7   527488.0   437066.2  163876.0 98084.9    416   12.645  32      1.861   14.506
43648.0 43648.0 12704.7  0.0   87424.0  48401.5   527488.0   437066.2  163876.0 98084.9    416   12.645  32      1.861   14.506
43648.0 43648.0 12704.7  0.0   87424.0  48588.3   527488.0   437066.2  163876.0 98084.9    416   12.645  32      1.861   14.506
43648.0 43648.0 12704.7  0.0   87424.0  48590.3   527488.0   437066.2  163876.0 98084.9    416   12.645  32      1.861   14.506
43648.0 43648.0 12704.7  0.0   87424.0  49577.9   527488.0   437066.2  163876.0 98084.9    416   12.645  32      1.861   14.506
43648.0 43648.0 12704.7  0.0   87424.0  50955.3   527488.0   437066.2  163876.0 98084.9    416   12.645  32      1.861   14.506
43648.0 43648.0 12704.7  0.0   87424.0  51107.1   527488.0   437066.2  163876.0 98084.9    416   12.645  32      1.861   14.506
43648.0 43648.0 12704.7  0.0   87424.0  51149.2   527488.0   437066.2  163876.0 98084.9    416   12.645  32      1.861   14.506
43648.0 43648.0 12704.7  0.0   87424.0  51344.2   527488.0   437066.2  163876.0 98084.9    416   12.645  32      1.861   14.506
43648.0 43648.0 12704.7  0.0   87424.0  54114.3   527488.0   437066.2  163876.0 98085.8    416   12.645  32      1.861   14.506
43648.0 43648.0 12704.7  0.0   87424.0  55449.2   527488.0   437066.2  163876.0 98085.8    416   12.645  32      1.861   14.506
43648.0 43648.0 12704.7  0.0   87424.0  57070.5   527488.0   437066.2  163876.0 98085.8    416   12.645  32      1.861   14.506
43648.0 43648.0 12704.7  0.0   87424.0  62379.8   527488.0   437066.2  163876.0 98085.8    416   12.645  32      1.861   14.506
43648.0 43648.0 12704.7  0.0   87424.0  65124.4   527488.0   437066.2  163876.0 98085.8    416   12.645  32      1.861   14.506
43648.0 43648.0 12704.7  0.0   87424.0  65316.1   527488.0   437066.2  163876.0 98085.8    416   12.645  32      1.861   14.506
43648.0 43648.0 12704.7  0.0   87424.0  65506.9   527488.0   437066.2  163876.0 98085.8    416   12.645  32      1.861   14.506
43648.0 43648.0 12704.7  0.0   87424.0  67856.8   527488.0   437066.2  163876.0 98085.8    416   12.645  32      1.861   14.506
43648.0 43648.0 11351.9  0.0   87424.0  38178.4   527488.0   437068.6  163876.0 98092.2    420   12.751  32      1.861   14.612
43648.0 43648.0 12663.6  0.0   87424.0  14109.6   527488.0   438400.4  163876.0 98095.5    426   12.956  32      1.861   14.817
43648.0 43648.0 9854.6  0.0   87424.0  17417.2   527488.0   440468.2  163876.0 98095.7    428   13.005  32      1.861   14.866
43648.0 43648.0 9854.6  0.0   87424.0  42994.9   527488.0   440468.2  163876.0 98095.7    428   13.005  32      1.861   14.866
43648.0 43648.0 8908.0  0.0   87424.0  30931.4   527488.0   442076.1  163876.0 98095.7    430   13.054  32      1.861   14.915
43648.0 43648.0 8908.0  0.0   87424.0  63103.2   527488.0   442076.1  163876.0 98095.7    430   13.054  32      1.861   14.915
43648.0 43648.0 8390.4  0.0   87424.0  66847.0   527488.0   444170.0  163876.0 98095.7    432   13.101  32      1.861   14.961
43648.0 43648.0 8390.4  0.0   87424.0  73927.3   527488.0   444170.0  163876.0 98095.7    432   13.101  32      1.861   14.961
43648.0 43648.0 8390.4  0.0   87424.0  77168.2   527488.0   444170.0  163876.0 98095.7    432   13.101  32      1.861   14.961
43648.0 43648.0  0.0   13451.3 87424.0  85389.8   527488.0   444250.2  163876.0 98095.7    434   13.124  32      1.861   14.984
43648.0 43648.0 7897.9  0.0   87424.0  51589.7   527488.0   445265.3  163876.0 98096.3    438   13.242  32      1.861   15.103
43648.0 43648.0 7897.9  0.0   87424.0  86785.4   527488.0   445265.3  163876.0 98097.6    438   13.242  32      1.861   15.103
43648.0 43648.0  0.0   14679.5 87424.0  67406.9   527488.0   445265.3  163876.0 98097.6    439   13.267  32      1.861   15.128
43648.0 43648.0 10902.8  0.0   87424.0  83481.9   527488.0   446338.6  163876.0 98097.6    444   13.384  32      1.861   15.244
43648.0 43648.0 10902.8  0.0   87424.0  85255.7   527488.0   446338.6  163876.0 98097.6    444   13.384  32      1.861   15.244
43648.0 43648.0 10902.8  0.0   87424.0  86994.4   527488.0   446338.6  163876.0 98097.8    444   13.384  32      1.861   15.244
43648.0 43648.0  0.0   10382.2 87424.0  17113.6   527488.0   447862.9  163876.0 98098.7    445   13.407  32      1.861   15.268
43648.0 43648.0  0.0   10382.2 87424.0  23052.7   527488.0   447862.9  163876.0 98098.7    445   13.407  32      1.861   15.268
43648.0 43648.0  0.0   8257.4 87424.0  46719.1   527488.0   449971.3  163876.0 98098.9    447   13.455  32      1.861   15.316
43648.0 43648.0 11243.7  0.0   87424.0  67339.7   527488.0   450916.6  163876.0 98100.0    450   13.521  32      1.861   15.382
43648.0 43648.0  0.0   15353.5 87424.0  47348.8   527488.0   450916.6  163876.0 98100.0    451   13.547  32      1.861   15.408
43648.0 43648.0  0.0   15353.5 87424.0  47544.9   527488.0   450916.6  163876.0 98100.0    451   13.547  32      1.861   15.408
43648.0 43648.0  0.0   15353.5 87424.0  51215.2   527488.0   450916.6  163876.0 98100.0    451   13.547  32      1.861   15.408
43648.0 43648.0  0.0   15353.5 87424.0  57019.4   527488.0   450916.6  163876.0 98100.0    451   13.547  32      1.861   15.408
43648.0 43648.0  0.0   15353.5 87424.0  57065.2   527488.0   450916.6  163876.0 98100.0    451   13.547  32      1.861   15.408
43648.0 43648.0 18406.5  0.0   87424.0  16370.0   527488.0   450916.6  163876.0 98100.8    452   13.574  32      1.861   15.435
43648.0 43648.0  0.0   23407.5 87424.0  77421.3   527488.0   451169.9  163876.0 98100.8    453   13.604  32      1.861   15.465
43648.0 43648.0  0.0   24954.3 87424.0  57632.4   527488.0   452116.7  163876.0 98100.8    457   13.728  32      1.861   15.589
43648.0 43648.0  0.0   19782.8 87424.0  43575.7   527488.0   452116.9  163876.0 98100.8    459   13.786  32      1.861   15.647
43648.0 43648.0  0.0   19782.8 87424.0  47634.1   527488.0   452116.9  163876.0 98101.7    459   13.786  32      1.861   15.647
43648.0 43648.0  0.0   26790.8 87424.0  55749.3   527488.0   453239.3  163876.0 98102.6    461   13.853  32      1.861   15.714
43648.0 43648.0  0.0   26790.8 87424.0  62907.4   527488.0   453239.3  163876.0 98102.6    461   13.853  32      1.861   15.714
43648.0 43648.0  0.0   21530.8 87424.0  66967.0   527488.0   455739.7  163876.0 98104.6    463   13.930  32      1.861   15.791
43648.0 43648.0 12515.6  0.0   87424.0  57218.6   527488.0   466600.8  163876.0 98104.6    470   14.080  33      1.891   15.970
43648.0 43648.0 12327.4  0.0   87424.0  44719.1   699072.0   448511.9  163876.0 97676.8    472   14.130  34      2.034   16.164
43648.0 43648.0  0.0   20747.7 87424.0  22723.2   699072.0   449576.5  163876.0 97676.8    475   14.226  35      2.098   16.324
43648.0 43648.0 17023.9  0.0   87424.0  62287.7   699072.0   451911.3  163876.0 97678.7    478   14.302  35      2.098   16.401
43648.0 43648.0  0.0   17666.8 87424.0   8684.5   699072.0   451985.2  163876.0 97678.7    481   14.383  35      2.098   16.482
43648.0 43648.0 18945.4 9585.6 87424.0  87424.0   699072.0   450574.2  163876.0 97678.7    485   14.477  36      2.174   16.651
43648.0 43648.0 11522.3  0.0   87424.0  24771.0   699072.0   459162.9  163876.0 97678.6    492   14.680  37      2.224   16.903
43648.0 43648.0 10472.0  0.0   87424.0  40266.2   699072.0   460259.6  163876.0 97679.0    494   14.729  37      2.224   16.953
43648.0 43648.0 10472.0  0.0   87424.0  61858.0   699072.0   460259.6  163876.0 97679.0    494   14.729  37      2.224   16.953
43648.0 43648.0  0.0   12929.4 87424.0  44761.0   699072.0   462573.4  163876.0 97679.0    497   14.806  37      2.224   17.030
43648.0 43648.0 12532.8  0.0   87424.0  86626.9   699072.0   462576.4  163876.0 97679.2    500   14.866  37      2.224   17.090
43648.0 43648.0 18170.4  0.0   87424.0  58822.4   699072.0   463462.7  163876.0 97679.2    504   14.972  38      2.300   17.272
43648.0 43648.0 18170.4  0.0   87424.0  67192.6   699072.0   463462.7  163876.0 97679.2    504   14.972  38      2.300   17.272
43648.0 43648.0 18170.4  0.0   87424.0  81484.8   699072.0   463462.7  163876.0 97679.2    504   14.972  38      2.300   17.272
43648.0 43648.0 18170.4  0.0   87424.0  82432.4   699072.0   463462.7  163876.0 97679.2    504   14.972  38      2.300   17.272
43648.0 43648.0 18170.4  0.0   87424.0  86415.7   699072.0   463462.7  163876.0 97679.2    504   14.972  38      2.300   17.272
43648.0 43648.0  0.0   20527.8 87424.0  13352.9   699072.0   464085.3  163876.0 97679.2    507   15.066  39      2.386   17.452
43648.0 43648.0  0.0   20527.8 87424.0  15728.5   699072.0   464085.3  163876.0 97679.2    507   15.066  39      2.386   17.452
43648.0 43648.0  0.0   20527.8 87424.0  17107.6   699072.0   464085.3  163876.0 97679.2    507   15.066  39      2.386   17.452
43648.0 43648.0  0.0   20527.8 87424.0  19721.2   699072.0   464085.3  163876.0 97679.2    507   15.066  39      2.386   17.452
43648.0 43648.0  0.0   20527.8 87424.0  47984.0   699072.0   464085.3  163876.0 97679.2    507   15.066  39      2.386   17.452
43648.0 43648.0  0.0   16526.5 87424.0  39693.4   699072.0   466589.9  163876.0 97681.8    509   15.134  39      2.386   17.520
43648.0 43648.0  0.0   16526.5 87424.0  44795.5   699072.0   466589.9  163876.0 97681.8    509   15.134  39      2.386   17.520
43648.0 43648.0  0.0   16526.5 87424.0  47592.4   699072.0   466589.9  163876.0 97681.8    509   15.134  39      2.386   17.520
43648.0 43648.0  0.0   16526.5 87424.0  53789.3   699072.0   466589.9  163876.0 97683.8    509   15.134  39      2.386   17.520
43648.0 43648.0  0.0   17648.2 87424.0  11037.6   699072.0   470943.2  163876.0 97683.8    511   15.202  39      2.386   17.588
43648.0 43648.0  0.0   17627.3 87424.0  44094.7   699072.0   471378.3  163876.0 97687.0    515   15.317  39      2.386   17.702
43648.0 43648.0  0.0   17627.3 87424.0  45575.0   699072.0   471378.3  163876.0 97687.0    515   15.317  39      2.386   17.702
43648.0 43648.0 18642.9  0.0   87424.0  15360.2   699072.0   471926.6  163876.0 97688.3    516   15.349  39      2.386   17.735
43648.0 43648.0  0.0   9766.9 87424.0  24936.8   699072.0   474848.8  163876.0 97688.3    521   15.493  40      2.466   17.959
43648.0 43648.0  0.0   9766.9 87424.0  45118.5   699072.0   474848.8  163876.0 97688.9    521   15.493  40      2.466   17.959
43648.0 43648.0  0.0   9766.9 87424.0  82868.4   699072.0   474848.8  163876.0 97689.4    521   15.493  40      2.466   17.959
43648.0 43648.0  0.0   12343.7 87424.0  50440.5   699072.0   477183.3  163876.0 97689.4    523   15.545  40      2.466   18.010
43648.0 43648.0 8921.3  0.0   87424.0  25261.6   699072.0   479025.8  163876.0 97689.9    524   15.571  40      2.466   18.036
43648.0 43648.0  0.0   9767.6 87424.0  82865.0   699072.0   479168.1  163876.0 97690.1    525   15.593  40      2.466   18.058
43648.0 43648.0 14977.6  0.0   87424.0   3591.4   699072.0   479235.3  163876.0 97690.6    528   15.664  40      2.466   18.130
43648.0 43648.0 14977.6  0.0   87424.0   7225.6   699072.0   479235.3  163876.0 97690.6    528   15.664  40      2.466   18.130
43648.0 43648.0 14977.6  0.0   87424.0  10862.3   699072.0   479235.3  163876.0 97690.6    528   15.664  40      2.466   18.130
43648.0 43648.0 14977.6  0.0   87424.0  12367.0   699072.0   479235.3  163876.0 97690.6    528   15.664  40      2.466   18.130
43648.0 43648.0 14977.6  0.0   87424.0  27329.5   699072.0   479235.3  163876.0 97690.6    528   15.664  40      2.466   18.130
43648.0 43648.0 11545.7  0.0   87424.0  44908.7   699072.0   480303.1  163876.0 97690.6    532   15.778  40      2.466   18.244
43648.0 43648.0  0.0   12732.2 87424.0  68104.5   699072.0   480304.0  163876.0 97690.6    533   15.804  40      2.466   18.269
43648.0 43648.0  0.0   12732.2 87424.0  68292.7   699072.0   480304.0  163876.0 97690.6    533   15.804  40      2.466   18.269
43648.0 43648.0 17782.8  0.0   87424.0   8544.1   699072.0   480304.0  163876.0 97690.6    534   15.834  40      2.466   18.299
43648.0 43648.0 18493.4  0.0   87424.0  31871.7   699072.0   481157.8  163876.0 97692.0    536   15.899  40      2.466   18.365
43648.0 43648.0 18493.4  0.0   87424.0  33811.0   699072.0   481157.8  163876.0 97692.0    536   15.899  40      2.466   18.365
43648.0 43648.0 18493.4  0.0   87424.0  39115.5   699072.0   481157.8  163876.0 97692.0    536   15.899  40      2.466   18.365
43648.0 43648.0 18493.4  0.0   87424.0  58004.8   699072.0   481157.8  163876.0 97692.0    536   15.899  40      2.466   18.365
43648.0 43648.0 18493.4  0.0   87424.0  58196.1   699072.0   481157.8  163876.0 97692.0    536   15.899  40      2.466   18.365
43648.0 43648.0 18493.4  0.0   87424.0  61842.3   699072.0   481157.8  163876.0 97692.0    536   15.899  40      2.466   18.365
43648.0 43648.0 16444.6  0.0   87424.0  64096.1   699072.0   483075.3  163876.0 97692.0    538   15.969  40      2.466   18.434
43648.0 43648.0 16444.6  0.0   87424.0  65345.9   699072.0   483075.3  163876.0 97692.0    538   15.969  40      2.466   18.434
43648.0 43648.0  0.0   22574.4 87424.0   1911.3   699072.0   483630.1  163876.0 97692.0    539   16.002  40      2.466   18.468
43648.0 43648.0  0.0   11537.2 87424.0    0.0     699072.0   488235.7  163876.0 97692.0    543   16.142  40      2.466   18.608
43648.0 43648.0  0.0   14448.0 87424.0  24001.1   699072.0   488353.7  163876.0 97701.2    545   16.188  40      2.466   18.654
43648.0 43648.0 9538.1  0.0   87424.0  45371.5   699072.0   489736.3  163876.0 97702.9    550   16.311  40      2.466   18.777
43648.0 43648.0 9538.1  0.0   87424.0  48476.7   699072.0   489736.3  163876.0 97702.9    550   16.311  40      2.466   18.777
43648.0 43648.0 9538.1  0.0   87424.0  48514.4   699072.0   489736.3  163876.0 97702.9    550   16.311  40      2.466   18.777
43648.0 43648.0 9538.1  0.0   87424.0  64580.6   699072.0   489736.3  163876.0 97703.7    550   16.311  40      2.466   18.777
43648.0 43648.0 10896.5  0.0   87424.0  67702.5   699072.0   491851.8  163876.0 97705.1    552   16.365  40      2.466   18.831
43648.0 43648.0  0.0   9680.1 87424.0   139.1    699072.0   494242.5  163876.0 97705.1    555   16.440  40      2.466   18.906
43648.0 43648.0  0.0   9680.1 87424.0  17434.8   699072.0   494242.5  163876.0 97705.1    555   16.440  40      2.466   18.906
43648.0 43648.0  0.0   9680.1 87424.0  18265.6   699072.0   494242.5  163876.0 97705.1    555   16.440  40      2.466   18.906
43648.0 43648.0  0.0   9680.1 87424.0  20750.1   699072.0   494242.5  163876.0 97705.1    555   16.440  40      2.466   18.906
43648.0 43648.0  0.0   9680.1 87424.0  23495.9   699072.0   494242.5  163876.0 97705.1    555   16.440  40      2.466   18.906
43648.0 43648.0  0.0   9680.1 87424.0  24409.3   699072.0   494242.5  163876.0 97705.1    555   16.440  40      2.466   18.906
43648.0 43648.0  0.0   9680.1 87424.0  25280.7   699072.0   494242.5  163876.0 97705.1    555   16.440  40      2.466   18.906
43648.0 43648.0  0.0   9680.1 87424.0  26477.5   699072.0   494242.5  163876.0 97706.0    555   16.440  40      2.466   18.906
43648.0 43648.0  0.0   9680.1 87424.0  31292.7   699072.0   494242.5  163876.0 97706.0    555   16.440  40      2.466   18.906
43648.0 43648.0  0.0   9680.1 87424.0  32240.3   699072.0   494242.5  163876.0 97706.0    555   16.440  40      2.466   18.906
43648.0 43648.0  0.0   10336.9 87424.0  67952.0   699072.0   494242.5  163876.0 97748.3    557   16.494  40      2.466   18.960
43648.0 43648.0  0.0   18867.0 87424.0  47634.0   699072.0   495281.1  163876.0 97908.6    563   16.695  40      2.466   19.161
43648.0 43648.0  0.0   18867.0 87424.0  50644.4   699072.0   495281.1  163876.0 97908.6    563   16.695  40      2.466   19.161
43648.0 43648.0  0.0   18867.0 87424.0  67742.9   699072.0   495281.1  163876.0 97908.6    563   16.695  40      2.466   19.161
43648.0 43648.0  0.0   18867.0 87424.0  68922.7   699072.0   495281.1  163876.0 97908.6    563   16.695  40      2.466   19.161
43648.0 43648.0  0.0   18867.0 87424.0  76718.1   699072.0   495281.1  163876.0 97911.6    563   16.695  40      2.466   19.161
43648.0 43648.0  0.0   15125.9 87424.0  83943.7   699072.0   495762.5  163876.0 97917.8    565   16.768  40      2.466   19.234
43648.0 43648.0 17874.6  0.0   87424.0  32805.8   699072.0   498600.6  163876.0 97917.8    568   16.908  40      2.466   19.373
43648.0 43648.0  0.0   13222.8 87424.0  65127.1   699072.0   501054.8  163876.0 97917.8    571   17.006  40      2.466   19.471
43648.0 43648.0  0.0   13222.8 87424.0  69537.9   699072.0   501054.8  163876.0 97917.8    571   17.006  40      2.466   19.471
43648.0 43648.0  0.0   13222.8 87424.0  72878.9   699072.0   501054.8  163876.0 97917.8    571   17.006  40      2.466   19.471
43648.0 43648.0 17426.3  0.0   87424.0  38376.3   699072.0   501058.5  163876.0 97917.9    572   17.043  40      2.466   19.509
43648.0 43648.0  0.0   8946.1 87424.0  65258.5   699072.0   504877.7  163876.0 97958.4    577   17.190  40      2.466   19.655
43648.0 43648.0 11353.2  0.0   87424.0  11267.1   699072.0   506698.6  163876.0 97958.4    578   17.217  40      2.466   19.683
43648.0 43648.0 11353.2  0.0   87424.0  68582.8   699072.0   506698.6  163876.0 97961.9    578   17.217  40      2.466   19.683
43648.0 43648.0 10567.5  0.0   87424.0  46658.0   699072.0   509468.3  163876.0 97962.0    582   17.318  40      2.466   19.783
43648.0 43648.0 12266.7  0.0   87424.0  27802.1   699072.0   509524.7  163876.0 97962.7    586   17.420  40      2.466   19.885
43648.0 43648.0 11181.0  0.0   87424.0  28001.8   699072.0   510929.5  163876.0 97962.7    588   17.470  40      2.466   19.935
43648.0 43648.0 11181.0  0.0   87424.0  57385.8   699072.0   510929.5  163876.0 97963.7    588   17.470  40      2.466   19.935
43648.0 43648.0 11181.0  0.0   87424.0  76103.3   699072.0   510929.5  163876.0 97963.7    588   17.470  40      2.466   19.935
43648.0 43648.0  0.0   11373.3 87424.0  13081.7   699072.0   510929.5  163876.0 97964.2    589   17.496  40      2.466   19.962
43648.0 43648.0  0.0   11373.3 87424.0  15494.3   699072.0   510929.5  163876.0 97964.2    589   17.496  40      2.466   19.962
43648.0 43648.0 11723.2  0.0   87424.0   3992.8   699072.0   510932.8  163876.0 97965.2    590   17.524  40      2.466   19.989
43648.0 43648.0 15688.9  0.0   87424.0  39872.7   699072.0   510935.6  163876.0 97969.5    592   17.580  40      2.466   20.046
43648.0 43648.0 12137.0  0.0   87424.0  36351.4   699072.0   514385.5  163876.0 97969.9    598   17.740  40      2.466   20.206
43648.0 43648.0  0.0   15996.9 87424.0  30415.6   699072.0   514385.8  163876.0 97969.9    599   17.767  40      2.466   20.233
43648.0 43648.0 15184.3  0.0   87424.0   1176.4   699072.0   514386.6  163876.0 97969.9    600   17.797  40      2.466   20.263
43648.0 43648.0  0.0   10973.2 87424.0  18574.1   699072.0   518337.3  163876.0 97969.9    605   17.933  40      2.466   20.399
43648.0 43648.0  0.0   12794.0 87424.0  28218.1   699072.0   520222.9  163876.0 97971.4    607   17.983  40      2.466   20.449
43648.0 43648.0  0.0   12794.0 87424.0  30817.0   699072.0   520222.9  163876.0 97971.4    607   17.983  40      2.466   20.449
43648.0 43648.0 15143.6  0.0   87424.0  52929.1   699072.0   520223.4  163876.0 97971.4    610   18.059  40      2.466   20.524
43648.0 43648.0  0.0   11479.1 87424.0   4762.5   699072.0   521575.1  163876.0 97971.4    613   18.133  40      2.466   20.599
43648.0 43648.0  0.0   11479.1 87424.0  40347.0   699072.0   521575.1  163876.0 97974.4    613   18.133  40      2.466   20.599
43648.0 43648.0  0.0   11479.1 87424.0  44953.4   699072.0   521575.1  163876.0 97975.7    613   18.133  40      2.466   20.599
43648.0 43648.0  0.0   9940.4 87424.0  55146.9   699072.0   523799.7  163876.0 97978.5    615   18.187  40      2.466   20.653
43648.0 43648.0  0.0   15434.9 87424.0  77025.5   699072.0   523832.1  163876.0 97983.5    619   18.297  40      2.466   20.762
43648.0 43648.0  0.0   15434.9 87424.0  82418.7   699072.0   523832.1  163876.0 97984.3    619   18.297  40      2.466   20.762
43648.0 43648.0 14120.4  0.0   87424.0  16132.7   699072.0   527230.3  163876.0 97984.3    622   18.425  40      2.466   20.890
43648.0 43648.0 14120.4  0.0   87424.0  23387.7   699072.0   527230.3  163876.0 97984.3    622   18.425  40      2.466   20.890
43648.0 43648.0 14120.4  0.0   87424.0  28444.4   699072.0   527230.3  163876.0 97986.2    622   18.425  40      2.466   20.890
43648.0 43648.0 14120.4  0.0   87424.0  86665.4   699072.0   527230.3  163876.0 97986.8    622   18.425  40      2.466   20.890
43648.0 43648.0 17528.8  0.0   87424.0   9409.5   699072.0   528293.4  163876.0 97986.9    628   18.620  40      2.466   21.086
43648.0 43648.0 17528.8  0.0   87424.0  43386.2   699072.0   528293.4  163876.0 97987.8    628   18.620  40      2.466   21.086
43648.0 43648.0 13174.1  0.0   87424.0  36047.5   699072.0   531626.4  163876.0 97987.8    632   18.742  40      2.466   21.208
43648.0 43648.0 9818.8  0.0   87424.0  11529.4   699072.0   534173.1  163876.0 97987.8    634   18.795  40      2.466   21.261
43648.0 43648.0 9818.8  0.0   87424.0  15713.7   699072.0   534173.1  163876.0 97987.8    634   18.795  40      2.466   21.261
43648.0 43648.0  0.0   11858.9 87424.0  17804.5   699072.0   535300.1  163876.0 97991.1    635   18.821  40      2.466   21.286
43648.0 43648.0 13373.9  0.0   87424.0  70679.7   699072.0   537774.3  163876.0 97991.4    640   18.946  40      2.466   21.411
43648.0 43648.0 14258.3  0.0   87424.0  56564.8   699072.0   538848.2  163876.0 97991.6    646   19.107  40      2.466   21.572
