 S0C    S1C    S0U    S1U      EC       EU        OC         OU       PC     PU    YGC     YGCT    FGC    FGCT     GCT   
59968.0 61184.0  0.0   27727.8 223104.0 110293.9  349568.0   127209.9  78272.0 78015.6     21    0.687   1      0.099    0.785
59968.0 61184.0  0.0   27727.8 223104.0 209694.7  349568.0   127209.9  81152.0 81075.2     21    0.687   1      0.099    0.785
59968.0 61184.0  0.0   27727.8 223104.0 209694.8  349568.0   127209.9  81152.0 81077.1     21    0.687   1      0.099    0.785
59968.0 61184.0  0.0   27727.8 223104.0 213056.6  349568.0   127209.9  81152.0 81077.6     21    0.687   1      0.099    0.785
59968.0 61184.0  0.0   27727.8 223104.0 213056.8  349568.0   127209.9  81152.0 81077.6     21    0.687   1      0.099    0.785
59968.0 61184.0  0.0   27727.8 223104.0 213056.9  349568.0   127209.9  81152.0 81077.9     21    0.687   1      0.099    0.785
59968.0 61184.0  0.0   27727.8 223104.0 215989.3  349568.0   127209.9  81152.0 81108.4     21    0.687   1      0.099    0.785
59968.0 61184.0  0.0   27727.8 223104.0 215989.5  349568.0   127209.9  81152.0 81111.4     21    0.687   1      0.099    0.785
59968.0 61184.0  0.0   27727.8 223104.0 215989.6  349568.0   127209.9  81152.0 81111.4     21    0.687   1      0.099    0.785
54656.0 57472.0 24693.4  0.0   228352.0 23630.3   349568.0   148202.5  82688.0 82663.0     22    0.784   1      0.099    0.882
54656.0 57472.0 24693.4  0.0   228352.0 24595.6   349568.0   148202.5  82688.0 82663.0     22    0.784   1      0.099    0.882
54656.0 57472.0 24693.4  0.0   228352.0 88785.9   349568.0   148202.5  84032.0 83851.7     22    0.784   1      0.099    0.882
54656.0 57472.0 24693.4  0.0   228352.0 88786.2   349568.0   148202.5  84032.0 83851.7     22    0.784   1      0.099    0.882
54656.0 57472.0 24693.4  0.0   228352.0 89296.7   349568.0   148202.5  84032.0 83867.1     22    0.784   1      0.099    0.882
54656.0 57472.0 24693.4  0.0   228352.0 89297.0   349568.0   148202.5  84032.0 83867.1     22    0.784   1      0.099    0.882
54656.0 57472.0 24693.4  0.0   228352.0 89297.3   349568.0   148202.5  84032.0 83867.2     22    0.784   1      0.099    0.882
54656.0 57472.0 24693.4  0.0   228352.0 89297.6   349568.0   148202.5  84032.0 83867.6     22    0.784   1      0.099    0.882
54656.0 57472.0 24693.4  0.0   228352.0 89297.9   349568.0   148202.5  84032.0 83867.6     22    0.784   1      0.099    0.882
54656.0 57472.0 24693.4  0.0   228352.0 91695.8   349568.0   148202.5  84032.0 83877.7     22    0.784   1      0.099    0.882
54656.0 57472.0 24693.4  0.0   228352.0 91696.1   349568.0   148202.5  84032.0 83877.7     22    0.784   1      0.099    0.882
54656.0 57472.0 24693.4  0.0   228352.0 91696.4   349568.0   148202.5  84032.0 83877.7     22    0.784   1      0.099    0.882
54656.0 57472.0 24693.4  0.0   228352.0 91696.7   349568.0   148202.5  84032.0 83877.9     22    0.784   1      0.099    0.882
54656.0 57472.0 24693.4  0.0   228352.0 91697.1   349568.0   148202.5  84032.0 83878.2     22    0.784   1      0.099    0.882
54656.0 57472.0 24693.4  0.0   228352.0 92080.8   349568.0   148202.5  84032.0 83878.2     22    0.784   1      0.099    0.882
54656.0 57472.0 24693.4  0.0   228352.0 92081.1   349568.0   148202.5  84032.0 83878.2     22    0.784   1      0.099    0.882
54656.0 57472.0 24693.4  0.0   228352.0 92081.4   349568.0   148202.5  84032.0 83878.6     22    0.784   1      0.099    0.882
54656.0 57472.0 24693.4  0.0   228352.0 92081.7   349568.0   148202.5  84032.0 83878.6     22    0.784   1      0.099    0.882
54656.0 57472.0 24693.4  0.0   228352.0 92082.1   349568.0   148202.5  84032.0 83878.6     22    0.784   1      0.099    0.882
54656.0 57472.0 24693.4  0.0   228352.0 92082.4   349568.0   148202.5  84032.0 83880.5     22    0.784   1      0.099    0.882
54656.0 57472.0 24693.4  0.0   228352.0 92082.7   349568.0   148202.5  84032.0 83883.3     22    0.784   1      0.099    0.882
54656.0 57472.0 24693.4  0.0   228352.0 94482.7   349568.0   148202.5  84032.0 83900.1     22    0.784   1      0.099    0.882
54656.0 57472.0 24693.4  0.0   228352.0 94483.0   349568.0   148202.5  84032.0 83900.4     22    0.784   1      0.099    0.882
54656.0 57472.0 24693.4  0.0   228352.0 94483.3   349568.0   148202.5  84032.0 83900.4     22    0.784   1      0.099    0.882
54656.0 57472.0 24693.4  0.0   228352.0 94483.6   349568.0   148202.5  84032.0 83900.4     22    0.784   1      0.099    0.882
54656.0 57472.0 24693.4  0.0   228352.0 94483.9   349568.0   148202.5  84032.0 83900.4     22    0.784   1      0.099    0.882
54656.0 57472.0 24693.4  0.0   228352.0 94484.2   349568.0   148202.5  84032.0 83900.4     22    0.784   1      0.099    0.882
54656.0 57472.0 24693.4  0.0   228352.0 94484.6   349568.0   148202.5  84032.0 83900.4     22    0.784   1      0.099    0.882
54656.0 57472.0 24693.4  0.0   228352.0 96021.5   349568.0   148202.5  84032.0 83921.6     22    0.784   1      0.099    0.882
54656.0 57472.0 24693.4  0.0   228352.0 96021.8   349568.0   148202.5  84032.0 83921.6     22    0.784   1      0.099    0.882
54656.0 57472.0 24693.4  0.0   228352.0 96022.1   349568.0   148202.5  84032.0 83921.6     22    0.784   1      0.099    0.882
54656.0 57472.0 24693.4  0.0   228352.0 96405.1   349568.0   148202.5  84032.0 83921.6     22    0.784   1      0.099    0.882
54656.0 57472.0 24693.4  0.0   228352.0 96405.4   349568.0   148202.5  84032.0 83921.6     22    0.784   1      0.099    0.882
54656.0 57472.0 24693.4  0.0   228352.0 98943.5   349568.0   148202.5  84032.0 83922.5     22    0.784   1      0.099    0.882
54656.0 57472.0 24693.4  0.0   228352.0 141045.7  349568.0   148202.5  84800.0 84733.0     22    0.784   1      0.099    0.882
48256.0 51648.0 21240.1  0.0   237184.0 81652.5   349568.0   169987.0  87872.0 87837.4     24    0.909   1      0.099    1.008
48256.0 51648.0 21240.1  0.0   237184.0 105392.0  349568.0   169987.0  88064.0 87908.3     24    0.909   1      0.099    1.008
48256.0 51648.0 21240.1  0.0   237184.0 105789.8  349568.0   169987.0  88064.0 87910.3     24    0.909   1      0.099    1.008
49856.0 51648.0  0.0   13009.5 237184.0 13045.2   349568.0   185426.2  88640.0 88510.4     25    0.965   1      0.099    1.064
49856.0 51648.0  0.0   13009.5 237184.0 100938.4  349568.0   185426.2  91712.0 91547.0     25    0.965   1      0.099    1.064
49856.0 51648.0  0.0   13009.5 237184.0 105325.7  349568.0   185426.2  91712.0 91554.9     25    0.965   1      0.099    1.064
46336.0 48896.0 7956.1  0.0   248000.0 83031.4   349568.0   196383.5  91904.0 91729.8     26    1.019   1      0.099    1.118
46336.0 48896.0 7956.1  0.0   248000.0 83766.4   349568.0   196383.5  91904.0 91729.8     26    1.019   1      0.099    1.118
46336.0 48896.0 7956.1  0.0   248000.0 85881.4   349568.0   196383.5  91904.0 91730.1     26    1.019   1      0.099    1.118
46336.0 48896.0 7956.1  0.0   248000.0 86253.3   349568.0   196383.5  91904.0 91730.1     26    1.019   1      0.099    1.118
46336.0 48896.0 7956.1  0.0   248000.0 88733.8   349568.0   196383.5  91904.0 91735.1     26    1.019   1      0.099    1.118
46336.0 48896.0 7956.1  0.0   248000.0 93441.7   349568.0   196383.5  91904.0 91749.0     26    1.019   1      0.099    1.118
41728.0 43712.0 15872.0  0.0   254592.0 172546.4  349568.0   206552.1  92288.0 92179.0     28    1.184   1      0.099    1.283
38272.0 39744.0 14889.5  0.0   264320.0 108297.0  349568.0   226520.3  92864.0 92749.9     30    1.326   1      0.099    1.424
35904.0 38400.0 29394.8  0.0   272704.0 85638.6   349568.0   294656.2  93632.0 93623.8     36    1.615   1      0.099    1.714
35840.0 18688.0  0.0   18640.0 274496.0 52849.2   454080.0   343299.9  175296.0 94902.4     43    1.945   2      1.437    3.382
36544.0 34816.0  0.0   28640.0 276544.0   0.0     454080.0   434882.6  175296.0 95330.5     49    2.261   3      1.437    3.698
43200.0 44800.0 23072.0  0.0   256768.0 10986.1   550016.0   415453.6  181056.0 95582.8     56    2.637   3      2.384    5.021
44160.0 45824.0  0.0    0.0   257856.0 248237.4  653312.0   376468.6  177984.0 95694.4     63    2.953   4      3.350    6.303
38464.0 41984.0 18048.0  0.0   259328.0 253793.2  653312.0   461377.7  177984.0 95847.5     73    3.264   4      3.350    6.614
42944.0 46912.0 18176.0  0.0   246912.0 183031.4  653312.0   590986.0  177984.0 95905.9     80    3.808   4      3.350    7.158
38912.0 38592.0 9616.1  0.0   272000.0 230470.0  699072.0   431515.9  173376.0 95961.1     86    4.131   5      4.406    8.536
41024.0 38912.0 17376.0  0.0   269568.0 91263.2   699072.0   600864.9  173376.0 96083.2     98    4.655   5      4.406    9.060
53760.0 50880.0 20256.2  0.0   244864.0 78285.4   699072.0   523843.8  167104.0 96281.6    108    5.117   6      5.594   10.711
45952.0 44736.0 11216.0  0.0   254528.0 182499.1  699072.0   565054.1  167104.0 96373.0    112    5.312   6      5.594   10.906
46080.0 54592.0 46048.0  0.0   240320.0 115660.3  699072.0   569670.1  167104.0 96396.5    116    5.487   6      5.594   11.081
73600.0 74752.0 11728.0  0.0   198464.0 33968.4   699072.0   400588.3  160384.0 96431.5    126    6.034   7      6.729   12.763
56000.0 58944.0  0.0   18416.0 224960.0 187211.6  699072.0   500536.8  160384.0 96473.1    135    6.475   7      6.729   13.203
50560.0 14464.0  0.0   14416.0 242688.0 213901.1  699072.0   594385.1  160384.0 96510.8    143    6.882   7      6.729   13.611
52928.0 9600.0  0.0   9552.0 240960.0   0.0     699072.0   675577.3  160384.0 96534.2    149    7.211   8      6.729   13.940
49728.0 51776.0 23984.0  0.0   242048.0 75603.1   699072.0   551926.7  153664.0 96590.8    160    7.642   8      8.210   15.852
47808.0 55104.0 45248.0  0.0   239296.0 122232.6  699072.0   575934.5  153664.0 96638.5    164    7.872   8      8.210   16.082
54464.0 54656.0  0.0   32118.6 235264.0 152661.2  699072.0   606622.7  153664.0 96737.7    171    8.266   8      8.210   16.476
63168.0 65728.0  0.0   24992.0 218048.0  1426.9   699072.0   670786.9  153664.0 96761.3    179    8.781   8      8.210   16.991
58432.0 60480.0 16928.0  0.0   224512.0 121495.5  699072.0   416862.2  147456.0 96820.8    182    8.947   9      9.780   18.727
55488.0 57984.0 12128.0  0.0   229504.0 182998.6  699072.0   433838.2  147456.0 96823.9    184    9.068   9      9.780   18.848
51200.0 52352.0  0.0   29008.0 240448.0   37.2    699072.0   438854.2  147456.0 96831.2    189    9.378   9      9.780   19.159
53120.0 58240.0 47952.0  0.0   233024.0 136127.0  699072.0   438854.2  147456.0 96840.8    192    9.584   9      9.780   19.364
61440.0 65536.0 50208.0  0.0   218432.0  3710.2   699072.0   438854.2  147456.0 96853.0    194    9.819   9      9.780   19.599
74688.0 75904.0 51184.0  0.0   197696.0 143154.3  699072.0   447053.6  147456.0 96864.4    198   10.302   9      9.780   20.082
72320.0 69120.0 39488.0  0.0   202112.0 151406.8  699072.0   458661.6  147456.0 96869.5    200   10.507   9      9.780   20.287
63872.0 65152.0  0.0   29792.0 210368.0 132632.6  699072.0   471229.7  147456.0 96876.9    203   10.751   9      9.780   20.531
57344.0 35328.0  0.0   35264.0 230272.0 16888.8   699072.0   494701.4  147456.0 96877.3    209   11.217   9      9.780   20.997
57344.0 35328.0  0.0   35264.0 230272.0 71694.2   699072.0   494701.4  147456.0 96877.8    209   11.217   9      9.780   20.997
56832.0 57792.0  0.0   27088.1 230272.0 146779.9  699072.0   506037.5  147456.0 96895.8    211   11.329   9      9.780   21.109
53376.0 54016.0 38176.2  0.0   239616.0 26658.8   699072.0   506037.5  147456.0 96895.8    214   11.562   9      9.780   21.342
53376.0 54016.0 38176.2  0.0   239616.0 31554.2   699072.0   506037.5  147456.0 96899.0    214   11.562   9      9.780   21.342
55808.0 54016.0  0.0   44608.2 239616.0 141797.2  699072.0   506037.5  147456.0 96899.5    215   11.670   9      9.780   21.450
60736.0 50816.0  0.0   50800.2 233600.0 58317.2   699072.0   509941.5  147456.0 96907.1    219   11.963   9      9.780   21.743
59584.0 59584.0 27440.3  0.0   227712.0 224102.0  699072.0   526268.8  147456.0 96910.3    223   12.211   9      9.780   21.991
60416.0 28800.0  0.0   28784.2 224768.0 208459.4  699072.0   543300.6  147456.0 96929.9    227   12.512   9      9.780   22.292
59072.0 61888.0 46246.6  0.0   225728.0 180350.0  699072.0   549352.3  147456.0 96972.0    232   12.802   9      9.780   22.582
54912.0 56320.0 19392.1  0.0   234688.0 117461.0  699072.0   561456.4  147456.0 96987.1    236   13.113   9      9.780   22.893
56064.0 55744.0 34272.2 10528.0 236352.0 236352.0  699072.0   561536.5  147456.0 96998.7    241   13.420   9      9.780   23.200
72320.0 9024.0  0.0   8992.0 207360.0 27919.1   699072.0   655447.8  147456.0 97012.1    255   14.279   9      9.780   24.059
50880.0 52288.0  0.0   11536.0 241472.0   0.0     699072.0   510807.2  141632.0 97032.6    271   14.832  10     10.828   25.660
44800.0 42816.0 16176.0  0.0   258624.0 137109.7  699072.0   602063.5  141632.0 97051.3    278   15.250  10     10.828   26.078
44160.0 43712.0 20686.3  0.0   257024.0 240185.2  699072.0   509047.0  135936.0 97073.4    291   15.664  11     12.017   27.682
39168.0 19328.0  0.0    0.0   264832.0 56646.1   699072.0   475354.6  130688.0 97293.8    301   16.189  12     13.350   29.538
61952.0 64384.0 7696.0  0.0   217408.0   0.0     699072.0   661447.4  130688.0 97341.1    314   16.750  13     13.350   30.099
67200.0 68160.0 13312.0  0.0   205056.0 18250.0   699072.0   665311.6  126400.0 97380.3    332   17.495  13     14.654   32.148
59392.0 60416.0  0.0   4896.0 220160.0 117132.7  699072.0   631702.3  122304.0 97407.7    345   18.093  14     15.896   33.990
73664.0 76544.0 42432.0  0.0   191552.0   0.0     699072.0   686605.7  122304.0 97436.8    356   18.732  15     15.896   34.629
60672.0 72512.0 60672.0  0.0   204480.0 181963.8  699072.0   652628.4  118528.0 97461.2    372   19.392  15     17.151   36.543
92864.0 18432.0  0.0   18432.0 152896.0 99693.2   699072.0   605242.9  115328.0 97415.5    389   20.195  16     18.381   38.576
70848.0 72128.0 39264.0  0.0   205248.0 186866.0  699072.0   460223.0  112704.0 97426.7    398   20.580  17     19.795   40.375
70656.0 72256.0 38752.0  0.0   201984.0 141530.9  699072.0   460223.0  112704.0 97433.7    404   20.984  17     19.795   40.779
85376.0 87360.0 60800.0  0.0   174784.0 72300.7   699072.0   495990.7  112704.0 97462.4    416   21.845  17     19.795   41.640
56448.0 58880.0 36464.0 9568.0 227264.0 227264.0  699072.0   538638.9  112704.0 97470.2    431   22.550  17     19.795   42.344
72192.0 72192.0 12288.0 72176.0 205120.0 205120.0  699072.0   558210.9  112704.0 97477.8    438   23.113  17     19.795   42.908
82944.0 69312.0  0.0   69312.0 190400.0 105766.0  699072.0   576443.0  112704.0 97480.7    445   23.802  17     19.795   43.597
76608.0 78656.0 37312.0  0.0   188288.0 129046.2  699072.0   602436.1  112704.0 97490.2    452   24.411  17     19.795   44.205
72192.0 73856.0  0.0   38736.0 196480.0 93496.7   699072.0   607708.2  112704.0 97492.3    457   24.877  17     19.795   44.672
64960.0 65984.0 28000.0 47136.0 212224.0 212224.0  699072.0   622900.2  112704.0 97495.2    464   25.455  17     19.795   45.250
67008.0 57152.0  0.0   57088.0 218560.0 173217.5  699072.0   628500.2  112704.0 97495.8    465   25.592  17     19.795   45.387
62720.0 63424.0  0.0   38432.0 218240.0 82021.1   699072.0   634980.3  112704.0 97495.8    469   25.998  17     19.795   45.792
62016.0 61312.0 45472.0  0.0   222656.0 167111.0  699072.0   636260.3  112704.0 97495.8    470   26.112  17     19.795   45.907
59648.0 59008.0  0.0   49632.0 227584.0 204125.9  699072.0   641028.3  112704.0 97496.0    473   26.382  17     19.795   46.177
67072.0 60160.0  0.0   60160.0 221888.0 168896.9  699072.0   663732.3  112704.0 97497.4    479   27.009  17     19.795   46.803
67584.0 57408.0 34720.0 57408.0 216448.0 216448.0  699072.0   666940.0  112704.0 97497.4    482   27.255  17     19.795   47.050
69184.0 70592.0 59344.0  0.0   208320.0 34977.8   699072.0   672844.0  112704.0 97497.4    484   27.559  17     19.795   47.354
68864.0 68544.0 55328.0  0.0   210048.0 194836.0  699072.0   676756.0  112704.0 97506.7    486   27.818  17     19.795   47.613
65728.0 65600.0 54368.0  0.0   216768.0 151034.5  699072.0   688636.1  112704.0 97507.1    490   28.167  17     19.795   47.962
67968.0 28608.0  0.0   28592.0 217024.0 144001.2  699072.0   385357.1  109632.0 96965.8    493   28.449  18     21.168   49.617
63360.0 65920.0 43216.0  0.0   212096.0 151781.0  699072.0   385357.1  109632.0 96969.3    496   28.684  18     21.168   49.852
69952.0 61184.0  0.0   61152.0 217024.0 59462.7   699072.0   385357.1  109632.0 96969.3    501   29.251  18     21.168   50.419
69952.0 61184.0  0.0   61152.0 217024.0 198370.8  699072.0   385357.1  109632.0 96970.2    501   29.251  18     21.168   50.419
72064.0 81024.0 68736.1  0.0   187456.0 115097.6  699072.0   385357.1  109632.0 96970.8    506   29.773  18     21.168   50.941
80768.0 83136.0  0.0   53104.1 183232.0   0.0     699072.0   415636.9  109632.0 96973.9    511   30.186  18     21.168   51.354
75200.0 75968.0  0.0   36752.1 192704.0 161746.0  699072.0   428892.9  109632.0 96977.5    515   30.523  18     21.168   51.691
72064.0 73408.0  0.0   50368.1 198336.0 44014.7   699072.0   429060.9  109632.0 96977.5    517   30.737  18     21.168   51.905
67008.0 70144.0 44016.1  0.0   204032.0 185572.2  699072.0   429772.9  109632.0 96980.7    518   30.838  18     21.168   52.006
68608.0 70144.0  0.0   49088.1 204032.0 52277.6   699072.0   431261.8  109632.0 96980.7    519   30.956  18     21.168   52.124
69696.0 67200.0  0.0   58816.1 210752.0 163861.3  699072.0   434763.1  109632.0 96980.7    521   31.104  18     21.168   52.272
67968.0 67584.0 47152.0  0.0   212224.0 81781.2   699072.0   438059.2  109632.0 96980.7    522   31.230  18     21.168   52.398
65536.0 65664.0 49824.1  0.0   217344.0 84054.6   699072.0   441571.3  109632.0 96980.7    526   31.589  18     21.168   52.757
64256.0 65024.0 52880.1  0.0   217536.0 217134.5  699072.0   446499.3  109632.0 96980.8    528   31.813  18     21.168   52.981
61568.0 62720.0 43376.0  0.0   220416.0 13828.8   699072.0   451883.4  109632.0 96982.7    530   32.026  18     21.168   53.194
62848.0 62016.0  0.0   62000.1 224640.0 57259.4   699072.0   471659.1  109632.0 96982.7    535   32.463  18     21.168   53.631
67200.0 69952.0 53472.0  0.0   205824.0 47412.4   699072.0   477963.2  109632.0 96984.9    538   32.864  18     21.168   54.031
68160.0 69952.0  0.0   50416.0 205824.0 195232.3  699072.0   478219.3  109632.0 96984.9    539   32.981  18     21.168   54.149
65280.0 66752.0  0.0   50000.0 211392.0 75000.1   699072.0   485475.3  109632.0 96984.9    541   33.161  18     21.168   54.329
63488.0 64960.0  0.0   49840.0 217472.0 203359.4  699072.0   492931.3  109632.0 96984.9    543   33.454  18     21.168   54.622
62528.0 62848.0  0.0   43424.1 221056.0 140530.8  699072.0   494467.4  109632.0 96986.2    545   33.668  18     21.168   54.836
61184.0 61248.0 40272.0  0.0   224832.0 49391.6   699072.0   503507.5  109632.0 96987.3    548   34.001  18     21.168   55.169
60608.0 71104.0 60576.0  0.0   207296.0 128495.2  699072.0   523059.5  109632.0 96987.3    550   34.118  18     21.168   55.286
60608.0 71104.0 60576.0  0.0   207296.0 161252.5  699072.0   523059.5  109632.0 96987.3    550   34.118  18     21.168   55.286
69824.0 71104.0  0.0   45584.0 207296.0 26003.7   699072.0   524179.5  109632.0 96987.5    551   34.229  18     21.168   55.397
66112.0 68608.0 45248.0  0.0   208576.0 129216.7  699072.0   524179.5  109632.0 96987.5    552   34.331  18     21.168   55.499
67520.0 69824.0 60784.0  0.0   209856.0 108314.6  699072.0   524275.5  109632.0 96988.0    554   34.579  18     21.168   55.747
68544.0 69824.0  0.0   52256.0 209856.0 129877.5  699072.0   524299.5  109632.0 96988.0    555   34.692  18     21.168   55.859
68544.0 69824.0  0.0   52256.0 209856.0 163654.5  699072.0   524299.5  109632.0 96988.0    555   34.692  18     21.168   55.859
68544.0 69824.0  0.0   52256.0 209856.0 197771.8  699072.0   524299.5  109632.0 96988.0    555   34.692  18     21.168   55.859
70272.0 59776.0  0.0   59776.0 211136.0 181244.5  699072.0   529763.5  109632.0 96988.9    557   34.881  18     21.168   56.049
67968.0 68032.0 56064.0  0.0   210112.0 20253.5   699072.0   538507.6  109632.0 96988.9    560   35.248  18     21.168   56.416
67136.0 68032.0  0.0   47600.0 210112.0 194176.6  699072.0   541507.6  109632.0 96990.0    561   35.361  18     21.168   56.529
64512.0 65216.0 56832.0  0.0   217728.0 60645.8   699072.0   549699.6  109632.0 96990.4    564   35.739  18     21.168   56.906
63936.0 48192.0  0.0   48192.0 218624.0 78619.9   699072.0   561523.6  109632.0 96990.7    567   35.884  18     21.168   57.052
62336.0 63360.0  0.0   50656.0 220224.0 115971.7  699072.0   568427.6  109632.0 96991.5    569   36.132  18     21.168   57.300
61312.0 62080.0  0.0   46240.0 222464.0 126508.8  699072.0   569523.6  109632.0 96991.5    571   36.326  18     21.168   57.494
60864.0 60416.0  0.0   39328.0 225984.0 90405.5   699072.0   573707.6  109632.0 96991.9    573   36.538  18     21.168   57.706
60160.0 60288.0 43296.0  0.0   228224.0 157278.8  699072.0   573763.6  109632.0 96991.9    574   36.636  18     21.168   57.803
60352.0 60288.0 21472.0 39520.0 228224.0 228224.0  699072.0   577475.7  109632.0 96991.9    576   36.744  18     21.168   57.912
59904.0 60160.0 34544.0  0.0   228160.0 59485.8   699072.0   586123.7  109632.0 96993.4    578   37.061  18     21.168   58.229
59520.0 59712.0 32816.0  0.0   229248.0 105689.2  699072.0   591395.7  109632.0 96994.1    580   37.270  18     21.168   58.438
57024.0 57984.0  0.0   38752.0 230912.0 48756.2   699072.0   598315.7  109632.0 96995.0    583   37.595  18     21.168   58.763
57024.0 57088.0 32608.0  0.0   232832.0 145412.3  699072.0   601451.8  109632.0 96995.0    584   37.683  18     21.168   58.851
57152.0 57088.0  0.0   31488.0 232832.0 77810.6   699072.0   603779.8  109632.0 96995.0    585   37.768  18     21.168   58.936
57152.0 57792.0 25952.0  0.0   233920.0 170798.2  699072.0   607747.8  109632.0 96995.0    586   37.848  18     21.168   59.016
57152.0 57792.0 25952.0  0.0   233920.0 173095.1  699072.0   607747.8  109632.0 96995.6    586   37.848  18     21.168   59.016
54208.0 56000.0 35056.0  0.0   234176.0 180403.1  699072.0   610467.8  109632.0 96995.6    588   38.171  18     21.168   59.339
57664.0 54336.0  0.0   54336.0 237504.0 143691.2  699072.0   617051.8  109632.0 96996.5    591   38.425  18     21.168   59.593
63744.0 60800.0  0.0   60768.0 224960.0  5610.2   699072.0   632331.9  109632.0 96997.4    597   39.071  18     21.168   60.239
63744.0 68096.0 55280.0  0.0   213312.0 115416.5  699072.0   632379.9  109632.0 96997.9    598   39.198  18     21.168   60.366
63744.0 68096.0 55280.0  0.0   213312.0 150268.8  699072.0   632379.9  109632.0 96997.9    598   39.198  18     21.168   60.366
68800.0 53760.0 42624.0 53712.0 213312.0 213312.0  699072.0   632419.9  109632.0 96997.9    600   39.330  18     21.168   60.497
75072.0 79360.0 68096.0  0.0   190784.0 30611.2   699072.0   637427.9  109632.0 96998.0    602   39.776  18     21.168   60.943
81536.0 64704.0  0.0   64704.0 190784.0 70071.7   699072.0   640883.9  109632.0 96999.4    603   39.923  18     21.168   61.091
81536.0 80320.0 57216.0  0.0   187648.0 61848.2   699072.0   643907.9  109632.0 96999.4    604   40.057  18     21.168   61.224
81664.0 81152.0 60256.0  0.0   186688.0 35025.6   699072.0   652227.9  109632.0 96999.4    606   40.287  18     21.168   61.455
78592.0 78784.0 61776.0  0.0   186496.0 142215.6  699072.0   657236.0  109632.0 96999.6    608   40.486  18     21.168   61.654
74496.0 74880.0 54368.0  0.0   193792.0 169866.2  699072.0   665788.0  109632.0 96999.6    610   40.670  18     21.168   61.838
73728.0 73920.0 42144.0  0.0   199936.0 19690.5   699072.0   673836.0  109632.0 96999.6    612   40.868  18     21.168   62.036
74048.0 73920.0  0.0   40672.0 199936.0 114431.7  699072.0   675988.0  109632.0 96999.6    613   40.920  18     21.168   62.088
69056.0 71680.0  0.0    0.0   201216.0 42565.9   699072.0   394448.1  107968.0 96794.0    618   41.395  19     22.264   63.659
74688.0 74944.0 28896.0  0.0   199616.0 142830.3  699072.0   394448.1  107968.0 96794.0    620   41.517  19     22.264   63.781
75456.0 24512.0  0.0   24480.0 199616.0 52947.3   699072.0   394448.1  107968.0 96794.0    621   41.587  19     22.264   63.851
73856.0 70464.0 39952.0  0.0   202240.0 138436.1  699072.0   394448.1  107968.0 96794.0    624   41.777  19     22.264   64.041
67520.0 67712.0  0.0   47536.0 205056.0 28920.1   699072.0   394448.1  107968.0 96797.2    627   42.110  19     22.264   64.374
64256.0 65856.0 43888.0  0.0   214272.0 144738.9  699072.0   394448.1  107968.0 96798.6    628   42.208  19     22.264   64.472
71104.0 58944.0  0.0   58928.1 213568.0 51345.9   699072.0   394448.1  107968.0 96798.6    631   42.555  19     22.264   64.819
73472.0 75584.0 37136.0 50000.0 198336.0 198336.0  699072.0   417216.2  107968.0 96798.6    636   42.930  19     22.264   65.194
66368.0 69120.0 42736.0  0.0   206976.0 205580.7  699072.0   431840.2  107968.0 96798.6    638   43.302  19     22.264   65.566
65728.0 66048.0  0.0   31584.0 213056.0 177151.7  699072.0   450632.3  107968.0 96798.6    643   43.732  19     22.264   65.995
65728.0 66048.0  0.0   31584.0 213056.0 180626.6  699072.0   450632.3  107968.0 96798.6    643   43.732  19     22.264   65.995
65728.0 65344.0 30352.0  0.0   217152.0 167489.7  699072.0   454296.3  107968.0 96798.6    644   43.820  19     22.264   66.084
63104.0 39808.0  0.0   39776.0 217152.0 14707.5   699072.0   454296.3  107968.0 96798.6    645   43.908  19     22.264   66.172
63104.0 39808.0  0.0   39776.0 217152.0 21495.0   699072.0   454296.3  107968.0 96798.6    645   43.908  19     22.264   66.172
63104.0 39808.0  0.0   39776.0 217152.0 96564.6   699072.0   454296.3  107968.0 96798.6    645   43.908  19     22.264   66.172
63104.0 61952.0 34320.0  0.0   219584.0 177639.6  699072.0   454296.3  107968.0 96798.6    646   43.994  19     22.264   66.258
64576.0 61952.0  0.0   53728.0 222528.0 86676.2   699072.0   454296.3  107968.0 96798.6    649   44.305  19     22.264   66.569
71040.0 71040.0  0.0   52800.0 207424.0  2677.5   699072.0   466040.3  107968.0 96803.6    653   44.761  19     22.264   67.025
69952.0 79488.0 69936.0  0.0   190528.0 100602.3  699072.0   478352.4  107968.0 96803.6    656   45.157  19     22.264   67.421
69952.0 79488.0 69936.0  0.0   190528.0 169328.0  699072.0   478352.4  107968.0 96803.6    656   45.157  19     22.264   67.421
69952.0 79488.0 69936.0  0.0   190528.0 171723.0  699072.0   478352.4  107968.0 96803.6    656   45.157  19     22.264   67.421
75776.0 77504.0  0.0   46592.0 192192.0 130110.7  699072.0   492376.4  107968.0 96814.0    659   45.575  19     22.264   67.839
75776.0 77504.0  0.0   46592.0 192192.0 165063.6  699072.0   492376.4  107968.0 96814.0    659   45.575  19     22.264   67.839
72832.0 73728.0  0.0   42752.0 196224.0 72124.9   699072.0   496280.4  107968.0 96816.0    661   45.725  19     22.264   67.989
69376.0 71552.0 44384.0  0.0   202944.0 180888.1  699072.0   496280.4  107968.0 96816.0    662   45.826  19     22.264   68.090
69440.0 71552.0  0.0   49280.0 202944.0 14926.9   699072.0   499912.4  107968.0 96816.0    663   45.951  19     22.264   68.215
65664.0 67584.0 48544.0  0.0   208512.0 117086.3  699072.0   502976.5  107968.0 96816.0    664   46.055  19     22.264   68.319
65920.0 67584.0  0.0   48720.0 208512.0 11279.1   699072.0   505784.5  107968.0 96816.0    665   46.178  19     22.264   68.442
65920.0 67584.0  0.0   48720.0 208512.0 145227.6  699072.0   505784.5  107968.0 96816.0    665   46.178  19     22.264   68.442
65536.0 65856.0 40016.0  0.0   216000.0 29078.8   699072.0   510368.5  107968.0 96816.0    666   46.282  19     22.264   68.546
62016.0 62976.0 54864.0  0.0   223232.0 23849.9   699072.0   523400.5  107968.0 96816.0    670   46.789  19     22.264   69.053
65088.0 56832.0  0.0   56768.0 221376.0 125344.1  699072.0   531632.6  107968.0 96816.0    673   47.176  19     22.264   69.440
65088.0 64384.0  0.0   64368.0 220032.0 170707.3  699072.0   540536.6  107968.0 96816.0    675   47.449  19     22.264   69.713
65088.0 64384.0  0.0   64368.0 220032.0 208311.2  699072.0   540536.6  107968.0 96818.2    675   47.449  19     22.264   69.713
65088.0 69696.0 55200.0  0.0   210112.0 61682.2   699072.0   541240.6  107968.0 96818.2    676   47.579  19     22.264   69.843
65088.0 69696.0 55200.0  0.0   210112.0 204803.3  699072.0   541240.6  107968.0 96818.2    676   47.579  19     22.264   69.843
69184.0 69696.0  0.0   46144.0 210112.0 64184.8   699072.0   544696.6  107968.0 96818.2    677   47.694  19     22.264   69.958
69184.0 69696.0  0.0   46144.0 210112.0 163808.6  699072.0   544696.6  107968.0 96818.2    677   47.694  19     22.264   69.958
66752.0 68224.0 47552.0  0.0   210624.0 17604.4   699072.0   544696.6  107968.0 96818.2    678   47.810  19     22.264   70.074
66752.0 68224.0 47552.0  0.0   210624.0 84605.5   699072.0   544696.6  107968.0 96818.2    678   47.810  19     22.264   70.074
67968.0 68224.0  0.0   43520.0 210624.0 132793.1  699072.0   546832.6  107968.0 96818.2    679   47.912  19     22.264   70.176
67968.0 68224.0  0.0   43520.0 210624.0 196821.7  699072.0   546832.6  107968.0 96818.2    679   47.912  19     22.264   70.176
65856.0 66304.0  0.0   53824.0 213312.0 71449.8   699072.0   549648.6  107968.0 96818.2    681   48.153  19     22.264   70.417
62592.0 64448.0 50784.0  0.0   217344.0 127227.2  699072.0   553312.6  107968.0 96818.5    682   48.279  19     22.264   70.543
63488.0 64448.0  0.0   49008.0 217344.0 141594.2  699072.0   557256.6  107968.0 96818.5    683   48.403  19     22.264   70.667
63488.0 64448.0  0.0   49008.0 217344.0 143741.2  699072.0   557256.6  107968.0 96818.5    683   48.403  19     22.264   70.667
60544.0 62464.0 49456.0  0.0   221568.0 58323.6   699072.0   560576.7  107968.0 96818.5    684   48.527  19     22.264   70.791
58880.0 60672.0 51216.0  0.0   225472.0 77152.2   699072.0   569000.7  107968.0 96819.2    686   48.733  19     22.264   70.996
58752.0 59456.0  0.0   48800.1 229056.0 53667.6   699072.0   579176.7  107968.0 96819.2    689   49.095  19     22.264   71.359
56832.0 58048.0 49200.1  0.0   231296.0 167336.4  699072.0   583768.8  107968.0 96821.7    690   49.210  19     22.264   71.474
56832.0 58048.0 49200.1  0.0   231296.0 171941.3  699072.0   583768.8  107968.0 96821.7    690   49.210  19     22.264   71.474
57600.0 58048.0  0.0   50928.2 231296.0 226501.3  699072.0   585632.8  107968.0 96821.7    691   49.343  19     22.264   71.607
66176.0 67072.0 59136.1  0.0   215360.0 210250.3  699072.0   609909.3  107968.0 96822.1    696   49.916  19     22.264   72.180
67776.0 65920.0  0.0   65904.1 215808.0 23056.5   699072.0   626837.4  107968.0 96822.7    699   50.339  19     22.264   72.603
67776.0 65920.0  0.0   65904.1 215808.0 24148.4   699072.0   626837.4  107968.0 96822.7    699   50.339  19     22.264   72.603
67776.0 65920.0  0.0   65904.1 215808.0 63349.3   699072.0   626837.4  107968.0 96822.7    699   50.339  19     22.264   72.603
67776.0 65920.0  0.0   65904.1 215808.0 69962.2   699072.0   626837.4  107968.0 96822.7    699   50.339  19     22.264   72.603
67776.0 65920.0  0.0   65904.1 215808.0 71695.8   699072.0   626837.4  107968.0 96822.7    699   50.339  19     22.264   72.603
67776.0 70912.0 53984.1  0.0   207680.0 40384.2   699072.0   632765.4  107968.0 96822.7    700   50.470  19     22.264   72.734
67776.0 70912.0 53984.1  0.0   207680.0 120842.9  699072.0   632765.4  107968.0 96822.7    700   50.470  19     22.264   72.734
69632.0 70912.0  0.0   53920.1 207680.0 171797.1  699072.0   634791.2  107968.0 96822.7    701   50.596  19     22.264   72.860
69632.0 70912.0  0.0   53920.1 207680.0 173844.2  699072.0   634791.2  107968.0 96822.7    701   50.596  19     22.264   72.860
69632.0 70912.0  0.0   53920.1 207680.0 174477.7  699072.0   634791.2  107968.0 96822.7    701   50.596  19     22.264   72.860
69632.0 70912.0  0.0   53920.1 207680.0 177457.6  699072.0   634791.2  107968.0 96824.6    701   50.596  19     22.264   72.860
67968.0 69440.0 58640.1  0.0   208960.0  6929.8   699072.0   634791.2  107968.0 96824.6    702   50.751  19     22.264   73.015
67968.0 69440.0 58640.1  0.0   208960.0  7335.4   699072.0   634791.2  107968.0 96824.6    702   50.751  19     22.264   73.015
67968.0 69440.0 58640.1  0.0   208960.0  8612.0   699072.0   634791.2  107968.0 96825.7    702   50.751  19     22.264   73.015
67968.0 69440.0 58640.1  0.0   208960.0 12389.9   699072.0   634791.2  107968.0 96825.7    702   50.751  19     22.264   73.015
67968.0 69440.0 58640.1  0.0   208960.0 12641.9   699072.0   634791.2  107968.0 96825.7    702   50.751  19     22.264   73.015
67968.0 69440.0 58640.1  0.0   208960.0 86654.2   699072.0   634791.2  107968.0 96825.7    702   50.751  19     22.264   73.015
67968.0 69440.0 58640.1  0.0   208960.0 88258.5   699072.0   634791.2  107968.0 96825.7    702   50.751  19     22.264   73.015
67968.0 69440.0 58640.1  0.0   208960.0 89238.3   699072.0   634791.2  107968.0 96825.7    702   50.751  19     22.264   73.015
68288.0 73344.0 68272.2  0.0   202816.0 123470.2  699072.0   639231.2  107968.0 96825.7    704   51.006  19     22.264   73.270
68288.0 73344.0 68272.2  0.0   202816.0 126202.4  699072.0   639231.2  107968.0 96825.7    704   51.006  19     22.264   73.270
68288.0 73344.0 68272.2  0.0   202816.0 126348.0  699072.0   639231.2  107968.0 96825.7    704   51.006  19     22.264   73.270
68288.0 73344.0 68272.2  0.0   202816.0 126384.1  699072.0   639231.2  107968.0 96825.7    704   51.006  19     22.264   73.270
73344.0 73344.0  0.0   61744.1 202816.0 149800.6  699072.0   645335.3  107968.0 96825.7    705   51.160  19     22.264   73.424
73344.0 73344.0  0.0   61744.1 202816.0 182258.4  699072.0   645335.3  107968.0 96825.7    705   51.160  19     22.264   73.424
73344.0 74368.0 64768.1  0.0   200768.0 16309.3   699072.0   645335.3  107968.0 96825.7    706   51.308  19     22.264   73.572
73344.0 74368.0 64768.1  0.0   200768.0 117153.2  699072.0   645335.3  107968.0 96825.7    706   51.308  19     22.264   73.572
73344.0 74368.0 64768.1  0.0   200768.0 117238.1  699072.0   645335.3  107968.0 96825.7    706   51.308  19     22.264   73.572
73344.0 74368.0 64768.1  0.0   200768.0 117428.6  699072.0   645335.3  107968.0 96825.7    706   51.308  19     22.264   73.572
73344.0 74368.0 64768.1  0.0   200768.0 149562.2  699072.0   645335.3  107968.0 96825.7    706   51.308  19     22.264   73.572
73600.0 74368.0  0.0   60720.1 200768.0 179368.7  699072.0   645335.3  107968.0 96825.7    707   51.445  19     22.264   73.709
72448.0 72384.0  0.0   62416.1 201536.0  7468.0   699072.0   659563.8  107968.0 96825.7    709   51.745  19     22.264   74.009
72448.0 72384.0  0.0   62416.1 201536.0 42351.7   699072.0   659563.8  107968.0 96825.7    709   51.745  19     22.264   74.009
72448.0 72384.0  0.0   62416.1 201536.0 42677.6   699072.0   659563.8  107968.0 96825.7    709   51.745  19     22.264   74.009
72448.0 72384.0  0.0   62416.1 201536.0 82625.3   699072.0   659563.8  107968.0 96829.4    709   51.745  19     22.264   74.009
72000.0 72192.0 52416.0  0.0   204672.0 109378.6  699072.0   663605.6  107968.0 96829.4    710   51.871  19     22.264   74.135
72000.0 72192.0 52416.0  0.0   204672.0 118667.0  699072.0   663605.6  107968.0 96829.4    710   51.871  19     22.264   74.135
70976.0 71040.0 52816.2  0.0   205760.0 43080.7   699072.0   672229.6  107968.0 96829.4    712   52.221  19     22.264   74.485
69312.0 69568.0 58368.1  0.0   208064.0 51012.7   699072.0   680438.5  107968.0 96829.4    714   52.493  19     22.264   74.757
69504.0 74944.0 69488.3  0.0   199616.0 103285.2  699072.0   687686.6  107968.0 96829.4    716   52.742  19     22.264   75.006
69504.0 74944.0 69488.3  0.0   199616.0 107109.1  699072.0   687686.6  107968.0 96829.4    716   52.742  19     22.264   75.006
74048.0 79360.0 17072.0  0.0   190784.0 163068.0  699072.0   406972.9  105408.0 96160.6    718   52.896  20     23.606   76.502
74048.0 79360.0 17072.0  0.0   190784.0 166704.6  699072.0   406972.9  105408.0 96160.6    718   52.896  20     23.606   76.502
80768.0 39168.0  0.0   39136.0 184256.0 61973.0   699072.0   406972.9  105408.0 96160.6    721   53.114  20     23.606   76.719
80768.0 39168.0  0.0   39136.0 184256.0 62429.0   699072.0   406972.9  105408.0 96160.6    721   53.114  20     23.606   76.719
80768.0 39168.0  0.0   39136.0 184256.0 64711.4   699072.0   406972.9  105408.0 96160.6    721   53.114  20     23.606   76.719
80768.0 39168.0  0.0   39136.0 184256.0 64776.8   699072.0   406972.9  105408.0 96160.6    721   53.114  20     23.606   76.719
77376.0 80384.0  0.0   43248.1 185216.0 151300.6  699072.0   406972.9  105408.0 96160.6    723   53.268  20     23.606   76.874
77376.0 80384.0  0.0   43248.1 185216.0 158728.4  699072.0   406972.9  105408.0 96160.6    723   53.268  20     23.606   76.874
74880.0 74432.0 43888.2  0.0   191296.0  5956.8   699072.0   406972.9  105408.0 96160.6    724   53.374  20     23.606   76.979
74880.0 74432.0 43888.2  0.0   191296.0  6622.0   699072.0   406972.9  105408.0 96160.6    724   53.374  20     23.606   76.979
74880.0 74432.0 43888.2  0.0   191296.0  7496.5   699072.0   406972.9  105408.0 96160.6    724   53.374  20     23.606   76.979
73152.0 74432.0  0.0   49664.2 191296.0 47889.1   699072.0   406972.9  105408.0 96160.6    725   53.480  20     23.606   77.086
73152.0 74432.0  0.0   49664.2 191296.0 53596.6   699072.0   406972.9  105408.0 96160.9    725   53.480  20     23.606   77.086
73152.0 74432.0  0.0   49664.2 191296.0 85677.0   699072.0   406972.9  105408.0 96160.9    725   53.480  20     23.606   77.086
73152.0 74432.0  0.0   49664.2 191296.0 86327.8   699072.0   406972.9  105408.0 96160.9    725   53.480  20     23.606   77.086
73152.0 74432.0  0.0   49664.2 191296.0 86664.9   699072.0   406972.9  105408.0 96164.2    725   53.480  20     23.606   77.086
73152.0 74432.0  0.0   49664.2 191296.0 90195.4   699072.0   406972.9  105408.0 96164.2    725   53.480  20     23.606   77.086
73152.0 74432.0  0.0   49664.2 191296.0 90518.0   699072.0   406972.9  105408.0 96164.2    725   53.480  20     23.606   77.086
69760.0 70592.0 44784.2  0.0   201920.0 126166.4  699072.0   406972.9  105408.0 96164.2    726   53.586  20     23.606   77.192
69760.0 70592.0 44784.2  0.0   201920.0 126654.6  699072.0   406972.9  105408.0 96164.6    726   53.586  20     23.606   77.192
69760.0 70592.0 44784.2  0.0   201920.0 127615.5  699072.0   406972.9  105408.0 96164.6    726   53.586  20     23.606   77.192
69760.0 70592.0 44784.2  0.0   201920.0 127702.8  699072.0   406972.9  105408.0 96164.6    726   53.586  20     23.606   77.192
69760.0 70592.0 44784.2  0.0   201920.0 127772.9  699072.0   406972.9  105408.0 96164.6    726   53.586  20     23.606   77.192
69760.0 70592.0 44784.2  0.0   201920.0 127885.2  699072.0   406972.9  105408.0 96164.6    726   53.586  20     23.606   77.192
69760.0 70592.0 44784.2  0.0   201920.0 127953.0  699072.0   406972.9  105408.0 96164.6    726   53.586  20     23.606   77.192
69760.0 70592.0 44784.2  0.0   201920.0 128062.0  699072.0   406972.9  105408.0 96164.6    726   53.586  20     23.606   77.192
69760.0 70592.0 44784.2  0.0   201920.0 128062.3  699072.0   406972.9  105408.0 96164.6    726   53.586  20     23.606   77.192
69760.0 70592.0 44784.2  0.0   201920.0 160441.4  699072.0   406972.9  105408.0 96164.6    726   53.586  20     23.606   77.192
70080.0 70592.0  0.0   51056.4 201920.0  4068.0   699072.0   406972.9  105408.0 96164.6    727   53.707  20     23.606   77.313
70080.0 72896.0 60160.4  0.0   203712.0 17891.7   699072.0   406972.9  105408.0 96164.6    728   53.837  20     23.606   77.442
70080.0 72896.0 60160.4  0.0   203712.0 154818.3  699072.0   406972.9  105408.0 96164.6    728   53.837  20     23.606   77.442
72064.0 72896.0  0.0   52256.5 203712.0 200308.0  699072.0   406972.9  105408.0 96197.8    729   53.947  20     23.606   77.553
72064.0 72896.0  0.0   52256.5 203712.0 200725.7  699072.0   406972.9  105408.0 96197.8    729   53.947  20     23.606   77.553
72064.0 72896.0  0.0   52256.5 203712.0 202612.0  699072.0   406972.9  105408.0 96197.9    729   53.947  20     23.606   77.553
72064.0 72896.0  0.0   52256.5 203712.0 202879.7  699072.0   406972.9  105408.0 96197.9    729   53.947  20     23.606   77.553
72064.0 73600.0 58688.5  0.0   202304.0  1928.7   699072.0   406972.9  105408.0 96197.9    730   54.078  20     23.606   77.684
72064.0 73600.0 58688.5  0.0   202304.0  2374.8   699072.0   406972.9  105408.0 96197.9    730   54.078  20     23.606   77.684
72064.0 73600.0 58688.5  0.0   202304.0  3002.7   699072.0   406972.9  105408.0 96197.9    730   54.078  20     23.606   77.684
72064.0 73600.0 58688.5  0.0   202304.0  4635.9   699072.0   406972.9  105408.0 96197.9    730   54.078  20     23.606   77.684
72064.0 73600.0 58688.5  0.0   202304.0  4747.3   699072.0   406972.9  105408.0 96197.9    730   54.078  20     23.606   77.684
72064.0 73600.0 58688.5  0.0   202304.0  8051.8   699072.0   406972.9  105408.0 96197.9    730   54.078  20     23.606   77.684
72064.0 73600.0 58688.5  0.0   202304.0 11835.9   699072.0   406972.9  105408.0 96197.9    730   54.078  20     23.606   77.684
78208.0 83008.0 71280.6  0.0   183488.0 69663.1   699072.0   406972.9  105408.0 96198.4    732   54.370  20     23.606   77.976
78208.0 83008.0 71280.6  0.0   183488.0 128632.7  699072.0   406972.9  105408.0 96198.4    732   54.370  20     23.606   77.976
75840.0 79424.0 56240.5  0.0   185408.0  770.3    699072.0   423077.0  105408.0 96198.4    734   54.650  20     23.606   78.256
75840.0 79424.0 56240.5  0.0   185408.0  2406.3   699072.0   423077.0  105408.0 96198.4    734   54.650  20     23.606   78.256
75840.0 79424.0 56240.5  0.0   185408.0  3434.4   699072.0   423077.0  105408.0 96198.4    734   54.650  20     23.606   78.256
75840.0 79424.0 56240.5  0.0   185408.0  5037.9   699072.0   423077.0  105408.0 96198.4    734   54.650  20     23.606   78.256
75840.0 79424.0 56240.5  0.0   185408.0  9315.8   699072.0   423077.0  105408.0 96198.4    734   54.650  20     23.606   78.256
75840.0 79424.0 56240.5  0.0   185408.0 16219.2   699072.0   423077.0  105408.0 96198.4    734   54.650  20     23.606   78.256
75840.0 79424.0 56240.5  0.0   185408.0 16753.4   699072.0   423077.0  105408.0 96198.4    734   54.650  20     23.606   78.256
75840.0 79424.0 56240.5  0.0   185408.0 17956.6   699072.0   423077.0  105408.0 96198.4    734   54.650  20     23.606   78.256
75840.0 79424.0 56240.5  0.0   185408.0 19233.2   699072.0   423077.0  105408.0 96198.4    734   54.650  20     23.606   78.256
75840.0 79424.0 56240.5  0.0   185408.0 23119.2   699072.0   423077.0  105408.0 96199.3    734   54.650  20     23.606   78.256
75840.0 79424.0 56240.5  0.0   185408.0 24734.2   699072.0   423077.0  105408.0 96199.3    734   54.650  20     23.606   78.256
75840.0 79424.0 56240.5  0.0   185408.0 28466.4   699072.0   423077.0  105408.0 96199.3    734   54.650  20     23.606   78.256
75840.0 79424.0 56240.5  0.0   185408.0 28879.8   699072.0   423077.0  105408.0 96199.3    734   54.650  20     23.606   78.256
75840.0 79424.0 56240.5  0.0   185408.0 29293.2   699072.0   423077.0  105408.0 96199.3    734   54.650  20     23.606   78.256
75840.0 79424.0 56240.5  0.0   185408.0 31144.8   699072.0   423077.0  105408.0 96199.3    734   54.650  20     23.606   78.256
75840.0 79424.0 56240.5  0.0   185408.0 63291.5   699072.0   423077.0  105408.0 96199.3    734   54.650  20     23.606   78.256
75840.0 79424.0 56240.5  0.0   185408.0 64472.3   699072.0   423077.0  105408.0 96199.3    734   54.650  20     23.606   78.256
75840.0 79424.0 56240.5  0.0   185408.0 98712.0   699072.0   423077.0  105408.0 96199.3    734   54.650  20     23.606   78.256
75840.0 79424.0 56240.5  0.0   185408.0 100425.1  699072.0   423077.0  105408.0 96199.3    734   54.650  20     23.606   78.256
75840.0 79424.0 56240.5  0.0   185408.0 103092.0  699072.0   423077.0  105408.0 96199.3    734   54.650  20     23.606   78.256
75840.0 79424.0 56240.5  0.0   185408.0 136499.1  699072.0   423077.0  105408.0 96199.3    734   54.650  20     23.606   78.256
75840.0 79424.0 56240.5  0.0   185408.0 169393.8  699072.0   423077.0  105408.0 96199.4    734   54.650  20     23.606   78.256
75840.0 79424.0 56240.5 8608.1 185408.0 185408.0  699072.0   423077.0  105408.0 96199.4    735   54.650  20     23.606   78.256
77184.0 79424.0  0.0   51536.6 185408.0 56924.7   699072.0   426413.0  105408.0 96199.4    735   54.780  20     23.606   78.386
73024.0 75712.0 55808.6  0.0   192896.0 66628.9   699072.0   429909.0  105408.0 96199.4    736   54.923  20     23.606   78.529
73024.0 75712.0 55808.6  0.0   192896.0 68879.7   699072.0   429909.0  105408.0 96199.4    736   54.923  20     23.606   78.529
73024.0 75712.0 55808.6  0.0   192896.0 71230.1   699072.0   429909.0  105408.0 96199.4    736   54.923  20     23.606   78.529
73024.0 75712.0 55808.6  0.0   192896.0 73850.7   699072.0   429909.0  105408.0 96199.4    736   54.923  20     23.606   78.529
73024.0 75712.0 55808.6  0.0   192896.0 76755.3   699072.0   429909.0  105408.0 96199.4    736   54.923  20     23.606   78.529
73024.0 75712.0 55808.6  0.0   192896.0 110938.3  699072.0   429909.0  105408.0 96199.7    736   54.923  20     23.606   78.529
74368.0 75712.0  0.0   48624.7 192896.0 144931.7  699072.0   431813.2  105408.0 96199.7    737   55.095  20     23.606   78.701
74368.0 75712.0  0.0   48624.7 192896.0 148213.8  699072.0   431813.2  105408.0 96199.7    737   55.095  20     23.606   78.701
74368.0 75712.0  0.0   48624.7 192896.0 149865.3  699072.0   431813.2  105408.0 96200.0    737   55.095  20     23.606   78.701
69248.0 72448.0 51872.8  0.0   199424.0 65523.6   699072.0   433069.2  105408.0 96200.0    738   55.223  20     23.606   78.829
72256.0 72448.0  0.0   57792.8 199424.0 55713.6   699072.0   437293.2  105408.0 96200.0    739   55.358  20     23.606   78.964
72256.0 72448.0  0.0   57792.8 199424.0 56163.1   699072.0   437293.2  105408.0 96200.0    739   55.358  20     23.606   78.964
72256.0 72448.0  0.0   57792.8 199424.0 56163.1   699072.0   437293.2  105408.0 96200.0    739   55.358  20     23.606   78.964
72256.0 72448.0  0.0   57792.8 199424.0 56163.1   699072.0   437293.2  105408.0 96200.0    739   55.358  20     23.606   78.964
72256.0 72448.0  0.0   57792.8 199424.0 56163.1   699072.0   437293.2  105408.0 96200.0    739   55.358  20     23.606   78.964
72256.0 72448.0  0.0   57792.8 199424.0 56163.1   699072.0   437293.2  105408.0 96200.0    739   55.358  20     23.606   78.964
