 S0C    S1C    S0U    S1U      EC       EU        OC         OU       PC     PU    YGC     YGCT    FGC    FGCT     GCT   
43648.0 43648.0  0.0   36917.7 87424.0  71477.5   349568.0   116686.3  112696.0 79908.5     49    1.706  17      0.623    2.329
43648.0 43648.0  0.0   36917.7 87424.0  71477.5   349568.0   116686.3  112696.0 79908.5     49    1.706  17      0.623    2.329
43648.0 43648.0  0.0   36917.7 87424.0  71923.4   349568.0   116686.3  112696.0 79908.5     49    1.706  17      0.623    2.329
43648.0 43648.0  0.0   36917.7 87424.0  71923.4   349568.0   116686.3  112696.0 79908.5     49    1.706  17      0.623    2.329
43648.0 43648.0  0.0   36917.7 87424.0  71923.4   349568.0   116686.3  112696.0 79908.5     49    1.706  17      0.623    2.329
43648.0 43648.0  0.0   36917.7 87424.0  71923.4   349568.0   116686.3  112696.0 79912.1     49    1.706  17      0.623    2.329
43648.0 43648.0  0.0   36917.7 87424.0  71923.4   349568.0   116686.3  112696.0 79912.1     49    1.706  17      0.623    2.329
43648.0 43648.0  0.0   36917.7 87424.0  71923.4   349568.0   116686.3  112696.0 79919.1     49    1.706  17      0.623    2.329
43648.0 43648.0  0.0   36917.7 87424.0  72369.4   349568.0   116686.3  112696.0 79920.3     49    1.706  17      0.623    2.329
43648.0 43648.0  0.0   36917.7 87424.0  72369.4   349568.0   116686.3  112696.0 79920.3     49    1.706  17      0.623    2.329
43648.0 43648.0  0.0   36917.7 87424.0  74578.8   349568.0   116686.3  112696.0 79931.1     49    1.706  17      0.623    2.329
43648.0 43648.0  0.0   36917.7 87424.0  74578.8   349568.0   116686.3  112696.0 79931.1     49    1.706  17      0.623    2.329
43648.0 43648.0  0.0   36917.7 87424.0  74578.8   349568.0   116686.3  112696.0 79931.1     49    1.706  17      0.623    2.329
43648.0 43648.0  0.0   36917.7 87424.0  74578.8   349568.0   116686.3  112696.0 79931.7     49    1.706  17      0.623    2.329
43648.0 43648.0  0.0   36917.7 87424.0  74578.8   349568.0   116686.3  112696.0 79931.7     49    1.706  17      0.623    2.329
43648.0 43648.0  0.0   36917.7 87424.0  74578.8   349568.0   116686.3  112696.0 79931.7     49    1.706  17      0.623    2.329
43648.0 43648.0  0.0   36917.7 87424.0  74578.8   349568.0   116686.3  112696.0 79931.7     49    1.706  17      0.623    2.329
43648.0 43648.0  0.0   36917.7 87424.0  74578.8   349568.0   116686.3  112696.0 79932.9     49    1.706  17      0.623    2.329
43648.0 43648.0  0.0   36917.7 87424.0  74578.8   349568.0   116686.3  112696.0 79932.9     49    1.706  17      0.623    2.329
43648.0 43648.0  0.0   36917.7 87424.0  74578.8   349568.0   116686.3  112696.0 79933.2     49    1.706  17      0.623    2.329
43648.0 43648.0  0.0   36917.7 87424.0  74578.8   349568.0   116686.3  112696.0 79933.2     49    1.706  17      0.623    2.329
43648.0 43648.0  0.0   36917.7 87424.0  74578.8   349568.0   116686.3  112696.0 79934.7     49    1.706  17      0.623    2.329
43648.0 43648.0  0.0   36917.7 87424.0  76947.6   349568.0   116686.3  112696.0 79936.6     49    1.706  17      0.623    2.329
43648.0 43648.0  0.0   36917.7 87424.0  76947.6   349568.0   116686.3  112696.0 79936.6     49    1.706  17      0.623    2.329
43648.0 43648.0  0.0   36917.7 87424.0  76947.6   349568.0   116686.3  112696.0 79938.5     49    1.706  17      0.623    2.329
43648.0 43648.0  0.0   36917.7 87424.0  76947.6   349568.0   116686.3  112696.0 79938.5     49    1.706  17      0.623    2.329
43648.0 43648.0  0.0   36917.7 87424.0  77393.5   349568.0   116686.3  112696.0 79938.8     49    1.706  17      0.623    2.329
43648.0 43648.0  0.0   36917.7 87424.0  77976.5   349568.0   116686.3  112696.0 79938.8     49    1.706  17      0.623    2.329
43648.0 43648.0  0.0   36917.7 87424.0  77976.5   349568.0   116686.3  112696.0 79938.8     49    1.706  17      0.623    2.329
43648.0 43648.0  0.0   36917.7 87424.0  77976.5   349568.0   116686.3  112696.0 79938.8     49    1.706  17      0.623    2.329
43648.0 43648.0  0.0   36917.7 87424.0  77976.5   349568.0   116686.3  112696.0 79938.8     49    1.706  17      0.623    2.329
43648.0 43648.0  0.0   36917.7 87424.0  77976.5   349568.0   116686.3  112696.0 79938.8     49    1.706  17      0.623    2.329
43648.0 43648.0  0.0   36917.7 87424.0  77976.5   349568.0   116686.3  112696.0 79939.1     49    1.706  17      0.623    2.329
43648.0 43648.0  0.0   36917.7 87424.0  77976.5   349568.0   116686.3  112696.0 79939.1     49    1.706  17      0.623    2.329
43648.0 43648.0  0.0   36917.7 87424.0  80195.2   349568.0   116686.3  112696.0 79958.0     49    1.706  17      0.623    2.329
43648.0 43648.0  0.0   36917.7 87424.0  80195.2   349568.0   116686.3  112696.0 79958.0     49    1.706  17      0.623    2.329
43648.0 43648.0  0.0   36917.7 87424.0  80195.2   349568.0   116686.3  112696.0 79958.0     49    1.706  17      0.623    2.329
43648.0 43648.0  0.0   36917.7 87424.0  80195.2   349568.0   116686.3  112696.0 79958.0     49    1.706  17      0.623    2.329
43648.0 43648.0  0.0   36917.7 87424.0  80195.2   349568.0   116686.3  112696.0 79958.0     49    1.706  17      0.623    2.329
43648.0 43648.0  0.0   36917.7 87424.0  80492.6   349568.0   116686.3  112696.0 79958.0     49    1.706  17      0.623    2.329
43648.0 43648.0  0.0   36917.7 87424.0  80492.6   349568.0   116686.3  112696.0 79958.0     49    1.706  17      0.623    2.329
43648.0 43648.0  0.0   36917.7 87424.0  80492.6   349568.0   116686.3  112696.0 79958.0     49    1.706  17      0.623    2.329
43648.0 43648.0  0.0   36917.7 87424.0  80492.6   349568.0   116686.3  112696.0 79958.0     49    1.706  17      0.623    2.329
43648.0 43648.0  0.0   36917.7 87424.0  80492.6   349568.0   116686.3  112696.0 79958.0     49    1.706  17      0.623    2.329
43648.0 43648.0  0.0   36917.7 87424.0  80938.8   349568.0   116686.3  112696.0 79958.0     49    1.706  17      0.623    2.329
43648.0 43648.0  0.0   36917.7 87424.0  80938.8   349568.0   116686.3  112696.0 79958.0     49    1.706  17      0.623    2.329
43648.0 43648.0  0.0   36917.7 87424.0  83332.2   349568.0   116686.3  112696.0 79962.8     49    1.706  17      0.623    2.329
43648.0 43648.0  0.0   36917.7 87424.0  83332.2   349568.0   116686.3  112696.0 79963.0     49    1.706  17      0.623    2.329
43648.0 43648.0  0.0   36917.7 87424.0  83915.0   349568.0   116686.3  112696.0 79963.0     49    1.706  17      0.623    2.329
43648.0 43648.0  0.0   36917.7 87424.0  84502.7   349568.0   116686.3  112696.0 79966.6     49    1.706  17      0.623    2.329
43648.0 43648.0  0.0   36917.7 87424.0  84502.7   349568.0   116686.3  112696.0 79967.0     49    1.706  17      0.623    2.329
43648.0 43648.0  0.0   36917.7 87424.0  84502.7   349568.0   116686.3  112696.0 79967.0     49    1.706  17      0.623    2.329
43648.0 43648.0  0.0   36917.7 87424.0  84502.7   349568.0   116686.3  112696.0 79967.0     49    1.706  17      0.623    2.329
43648.0 43648.0  0.0   36917.7 87424.0  84502.7   349568.0   116686.3  112696.0 79968.8     49    1.706  17      0.623    2.329
43648.0 43648.0  0.0   36917.7 87424.0  84502.7   349568.0   116686.3  112696.0 79968.8     49    1.706  17      0.623    2.329
43648.0 43648.0  0.0   36917.7 87424.0  84502.7   349568.0   116686.3  112696.0 79969.3     49    1.706  17      0.623    2.329
43648.0 43648.0  0.0   36917.7 87424.0  84502.7   349568.0   116686.3  112696.0 79969.3     49    1.706  17      0.623    2.329
43648.0 43648.0  0.0   36917.7 87424.0  84502.7   349568.0   116686.3  112696.0 79971.2     49    1.706  17      0.623    2.329
43648.0 43648.0  0.0   36917.7 87424.0  86886.8   349568.0   116686.3  112696.0 79972.6     49    1.706  17      0.623    2.329
43648.0 43648.0  0.0   36917.7 87424.0  87424.0   349568.0   116686.3  112696.0 79974.5     49    1.706  17      0.623    2.329
43648.0 43648.0  0.0   36917.7 87424.0  87424.0   349568.0   116686.3  112696.0 79974.9     49    1.706  17      0.623    2.329
43648.0 43648.0  0.0   36917.7 87424.0  87424.0   349568.0   116686.3  112696.0 79974.9     49    1.706  17      0.623    2.329
43648.0 43648.0 28096.8  0.0   87424.0   897.0    349568.0   119488.5  112696.0 79974.9     50    1.814  17      0.623    2.436
43648.0 43648.0 28096.8  0.0   87424.0   1206.0   349568.0   119488.5  112696.0 79974.9     50    1.814  17      0.623    2.436
43648.0 43648.0 28096.8  0.0   87424.0   1401.3   349568.0   119488.5  112696.0 79974.9     50    1.814  17      0.623    2.436
43648.0 43648.0 28096.8  0.0   87424.0   1598.7   349568.0   119488.5  112696.0 79975.1     50    1.814  17      0.623    2.436
43648.0 43648.0 28096.8  0.0   87424.0   1598.7   349568.0   119488.5  112696.0 79975.1     50    1.814  17      0.623    2.436
43648.0 43648.0 28096.8  0.0   87424.0   1598.7   349568.0   119488.5  112696.0 79975.1     50    1.814  17      0.623    2.436
43648.0 43648.0 28096.8  0.0   87424.0   1598.7   349568.0   119488.5  112696.0 79975.1     50    1.814  17      0.623    2.436
43648.0 43648.0 28096.8  0.0   87424.0   1598.7   349568.0   119488.5  112696.0 79975.1     50    1.814  17      0.623    2.436
43648.0 43648.0 28096.8  0.0   87424.0   4233.6   349568.0   119488.5  112696.0 79977.9     50    1.814  17      0.623    2.436
43648.0 43648.0 28096.8  0.0   87424.0   4233.6   349568.0   119488.5  112696.0 79978.0     50    1.814  17      0.623    2.436
43648.0 43648.0 28096.8  0.0   87424.0   4233.6   349568.0   119488.5  112696.0 79978.0     50    1.814  17      0.623    2.436
43648.0 43648.0 28096.8  0.0   87424.0   4233.6   349568.0   119488.5  112696.0 79978.7     50    1.814  17      0.623    2.436
43648.0 43648.0 28096.8  0.0   87424.0   4828.9   349568.0   119488.5  112696.0 79978.7     50    1.814  17      0.623    2.436
43648.0 43648.0 28096.8  0.0   87424.0   4828.9   349568.0   119488.5  112696.0 79978.7     50    1.814  17      0.623    2.436
43648.0 43648.0 28096.8  0.0   87424.0   4828.9   349568.0   119488.5  112696.0 79978.7     50    1.814  17      0.623    2.436
43648.0 43648.0 28096.8  0.0   87424.0   4828.9   349568.0   119488.5  112696.0 79978.7     50    1.814  17      0.623    2.436
43648.0 43648.0 28096.8  0.0   87424.0   4828.9   349568.0   119488.5  112696.0 79978.7     50    1.814  17      0.623    2.436
43648.0 43648.0 28096.8  0.0   87424.0   5137.8   349568.0   119488.5  112696.0 79978.7     50    1.814  17      0.623    2.436
43648.0 43648.0 28096.8  0.0   87424.0   5137.8   349568.0   119488.5  112696.0 79978.7     50    1.814  17      0.623    2.436
43648.0 43648.0 28096.8  0.0   87424.0   5137.8   349568.0   119488.5  112696.0 79978.7     50    1.814  17      0.623    2.436
43648.0 43648.0 28096.8  0.0   87424.0   7389.6   349568.0   119488.5  112696.0 79978.7     50    1.814  17      0.623    2.436
43648.0 43648.0 28096.8  0.0   87424.0   7389.6   349568.0   119488.5  112696.0 79979.1     50    1.814  17      0.623    2.436
43648.0 43648.0 28096.8  0.0   87424.0   7389.6   349568.0   119488.5  112696.0 79979.1     50    1.814  17      0.623    2.436
43648.0 43648.0 28096.8  0.0   87424.0   7389.6   349568.0   119488.5  112696.0 79979.1     50    1.814  17      0.623    2.436
43648.0 43648.0 28096.8  0.0   87424.0   7692.2   349568.0   119488.5  112696.0 79979.7     50    1.814  17      0.623    2.436
43648.0 43648.0 28096.8  0.0   87424.0   7692.2   349568.0   119488.5  112696.0 79979.7     50    1.814  17      0.623    2.436
43648.0 43648.0 28096.8  0.0   87424.0   7692.2   349568.0   119488.5  112696.0 79979.7     50    1.814  17      0.623    2.436
43648.0 43648.0 28096.8  0.0   87424.0   7692.2   349568.0   119488.5  112696.0 79980.2     50    1.814  17      0.623    2.436
43648.0 43648.0 28096.8  0.0   87424.0   7692.2   349568.0   119488.5  112696.0 79980.2     50    1.814  17      0.623    2.436
43648.0 43648.0 28096.8  0.0   87424.0   7889.6   349568.0   119488.5  112696.0 79980.2     50    1.814  17      0.623    2.436
43648.0 43648.0 28096.8  0.0   87424.0   7889.6   349568.0   119488.5  112696.0 79980.2     50    1.814  17      0.623    2.436
43648.0 43648.0 28096.8  0.0   87424.0   7889.6   349568.0   119488.5  112696.0 79980.4     50    1.814  17      0.623    2.436
43648.0 43648.0 28096.8  0.0   87424.0  10214.3   349568.0   119488.5  112696.0 79981.8     50    1.814  17      0.623    2.436
43648.0 43648.0 28096.8  0.0   87424.0  10214.3   349568.0   119488.5  112696.0 79981.8     50    1.814  17      0.623    2.436
43648.0 43648.0 28096.8  0.0   87424.0  10214.3   349568.0   119488.5  112696.0 79981.8     50    1.814  17      0.623    2.436
43648.0 43648.0 28096.8  0.0   87424.0  10523.5   349568.0   119488.5  112696.0 79981.8     50    1.814  17      0.623    2.436
43648.0 43648.0 28096.8  0.0   87424.0  10825.8   349568.0   119488.5  112696.0 79983.1     50    1.814  17      0.623    2.436
43648.0 43648.0 28096.8  0.0   87424.0  10825.8   349568.0   119488.5  112696.0 79983.1     50    1.814  17      0.623    2.436
43648.0 43648.0 28096.8  0.0   87424.0  10825.8   349568.0   119488.5  112696.0 79983.1     50    1.814  17      0.623    2.436
43648.0 43648.0 28096.8  0.0   87424.0  10825.8   349568.0   119488.5  112696.0 79983.1     50    1.814  17      0.623    2.436
43648.0 43648.0 28096.8  0.0   87424.0  10825.8   349568.0   119488.5  112696.0 79983.1     50    1.814  17      0.623    2.436
43648.0 43648.0 28096.8  0.0   87424.0  10825.8   349568.0   119488.5  112696.0 79983.9     50    1.814  17      0.623    2.436
43648.0 43648.0 28096.8  0.0   87424.0  10825.8   349568.0   119488.5  112696.0 79983.9     50    1.814  17      0.623    2.436
43648.0 43648.0 28096.8  0.0   87424.0  10825.8   349568.0   119488.5  112696.0 79984.0     50    1.814  17      0.623    2.436
43648.0 43648.0 28096.8  0.0   87424.0  12609.4   349568.0   119488.5  112696.0 79984.6     50    1.814  17      0.623    2.436
43648.0 43648.0 28096.8  0.0   87424.0  13158.4   349568.0   119488.5  112696.0 79984.8     50    1.814  17      0.623    2.436
43648.0 43648.0 28096.8  0.0   87424.0  14066.2   349568.0   119488.5  112696.0 79993.0     50    1.814  17      0.623    2.436
43648.0 43648.0 28096.8  0.0   87424.0  14066.2   349568.0   119488.5  112696.0 79993.2     50    1.814  17      0.623    2.436
43648.0 43648.0 28096.8  0.0   87424.0  14368.7   349568.0   119488.5  112696.0 79993.2     50    1.814  17      0.623    2.436
43648.0 43648.0 28096.8  0.0   87424.0  14368.7   349568.0   119488.5  112696.0 79993.2     50    1.814  17      0.623    2.436
43648.0 43648.0 28096.8  0.0   87424.0  14368.7   349568.0   119488.5  112696.0 79993.2     50    1.814  17      0.623    2.436
43648.0 43648.0 28096.8  0.0   87424.0  14677.8   349568.0   119488.5  112696.0 79993.5     50    1.814  17      0.623    2.436
43648.0 43648.0 28096.8  0.0   87424.0  14677.8   349568.0   119488.5  112696.0 79993.5     50    1.814  17      0.623    2.436
43648.0 43648.0 28096.8  0.0   87424.0  14677.8   349568.0   119488.5  112696.0 79993.5     50    1.814  17      0.623    2.436
43648.0 43648.0 28096.8  0.0   87424.0  14677.8   349568.0   119488.5  112696.0 79993.5     50    1.814  17      0.623    2.436
43648.0 43648.0 28096.8  0.0   87424.0  14677.8   349568.0   119488.5  112696.0 79993.5     50    1.814  17      0.623    2.436
43648.0 43648.0 28096.8  0.0   87424.0  14677.8   349568.0   119488.5  112696.0 79993.7     50    1.814  17      0.623    2.436
43648.0 43648.0 28096.8  0.0   87424.0  17010.9   349568.0   119488.5  112696.0 79995.9     50    1.814  17      0.623    2.436
43648.0 43648.0 28096.8  0.0   87424.0  17010.9   349568.0   119488.5  112696.0 79995.9     50    1.814  17      0.623    2.436
43648.0 43648.0 28096.8  0.0   87424.0  17010.9   349568.0   119488.5  112696.0 79996.1     50    1.814  17      0.623    2.436
43648.0 43648.0 28096.8  0.0   87424.0  17313.2   349568.0   119488.5  112696.0 79996.1     50    1.814  17      0.623    2.436
43648.0 43648.0 28096.8  0.0   87424.0  17510.6   349568.0   119488.5  112696.0 79996.3     50    1.814  17      0.623    2.436
43648.0 43648.0 28096.8  0.0   87424.0  17510.6   349568.0   119488.5  112696.0 79996.3     50    1.814  17      0.623    2.436
43648.0 43648.0 28096.8  0.0   87424.0  17510.6   349568.0   119488.5  112696.0 79996.4     50    1.814  17      0.623    2.436
43648.0 43648.0 28096.8  0.0   87424.0  17510.6   349568.0   119488.5  112696.0 79996.4     50    1.814  17      0.623    2.436
43648.0 43648.0 28096.8  0.0   87424.0  17510.6   349568.0   119488.5  112696.0 79996.4     50    1.814  17      0.623    2.436
43648.0 43648.0 28096.8  0.0   87424.0  17510.6   349568.0   119488.5  112696.0 79996.4     50    1.814  17      0.623    2.436
43648.0 43648.0 28096.8  0.0   87424.0  17510.6   349568.0   119488.5  112696.0 79996.4     50    1.814  17      0.623    2.436
43648.0 43648.0 28096.8  0.0   87424.0  17510.6   349568.0   119488.5  112696.0 79996.4     50    1.814  17      0.623    2.436
43648.0 43648.0 28096.8  0.0   87424.0  20023.5   349568.0   119488.5  112696.0 79997.4     50    1.814  17      0.623    2.436
43648.0 43648.0 28096.8  0.0   87424.0  20023.5   349568.0   119488.5  112696.0 79997.4     50    1.814  17      0.623    2.436
43648.0 43648.0 28096.8  0.0   87424.0  20023.5   349568.0   119488.5  112696.0 79997.4     50    1.814  17      0.623    2.436
43648.0 43648.0 28096.8  0.0   87424.0  20325.9   349568.0   119488.5  112696.0 79997.4     50    1.814  17      0.623    2.436
43648.0 43648.0 28096.8  0.0   87424.0  20908.8   349568.0   119488.5  112696.0 79997.4     50    1.814  17      0.623    2.436
43648.0 43648.0 28096.8  0.0   87424.0  20908.8   349568.0   119488.5  112696.0 79997.4     50    1.814  17      0.623    2.436
43648.0 43648.0 28096.8  0.0   87424.0  20908.8   349568.0   119488.5  112696.0 79997.4     50    1.814  17      0.623    2.436
43648.0 43648.0 28096.8  0.0   87424.0  20908.8   349568.0   119488.5  112696.0 79997.4     50    1.814  17      0.623    2.436
43648.0 43648.0 28096.8  0.0   87424.0  20908.8   349568.0   119488.5  112696.0 79997.4     50    1.814  17      0.623    2.436
43648.0 43648.0 28096.8  0.0   87424.0  20908.8   349568.0   119488.5  112696.0 79997.4     50    1.814  17      0.623    2.436
43648.0 43648.0 28096.8  0.0   87424.0  20908.8   349568.0   119488.5  112696.0 79998.5     50    1.814  17      0.623    2.436
43648.0 43648.0 28096.8  0.0   87424.0  20908.8   349568.0   119488.5  112696.0 79998.5     50    1.814  17      0.623    2.436
43648.0 43648.0 28096.8  0.0   87424.0  23280.7   349568.0   119488.5  112696.0 80001.9     50    1.814  17      0.623    2.436
43648.0 43648.0 28096.8  0.0   87424.0  23280.7   349568.0   119488.5  112696.0 80001.9     50    1.814  17      0.623    2.436
43648.0 43648.0 28096.8  0.0   87424.0  23280.7   349568.0   119488.5  112696.0 80001.9     50    1.814  17      0.623    2.436
43648.0 43648.0 28096.8  0.0   87424.0  23583.1   349568.0   119488.5  112696.0 80002.9     50    1.814  17      0.623    2.436
43648.0 43648.0 28096.8  0.0   87424.0  23892.1   349568.0   119488.5  112696.0 80002.9     50    1.814  17      0.623    2.436
43648.0 43648.0 28096.8  0.0   87424.0  23892.1   349568.0   119488.5  112696.0 80002.9     50    1.814  17      0.623    2.436
43648.0 43648.0 28096.8  0.0   87424.0  23892.1   349568.0   119488.5  112696.0 80002.9     50    1.814  17      0.623    2.436
43648.0 43648.0 28096.8  0.0   87424.0  24089.6   349568.0   119488.5  112696.0 80002.9     50    1.814  17      0.623    2.436
43648.0 43648.0 28096.8  0.0   87424.0  24089.6   349568.0   119488.5  112696.0 80003.8     50    1.814  17      0.623    2.436
43648.0 43648.0 28096.8  0.0   87424.0  24089.6   349568.0   119488.5  112696.0 80003.8     50    1.814  17      0.623    2.436
43648.0 43648.0 28096.8  0.0   87424.0  24089.6   349568.0   119488.5  112696.0 80003.8     50    1.814  17      0.623    2.436
43648.0 43648.0 28096.8  0.0   87424.0  24089.6   349568.0   119488.5  112696.0 80004.5     50    1.814  17      0.623    2.436
43648.0 43648.0 28096.8  0.0   87424.0  26414.4   349568.0   119488.5  112696.0 80012.4     50    1.814  17      0.623    2.436
43648.0 43648.0 28096.8  0.0   87424.0  26414.4   349568.0   119488.5  112696.0 80012.4     50    1.814  17      0.623    2.436
43648.0 43648.0 28096.8  0.0   87424.0  26414.4   349568.0   119488.5  112696.0 80012.4     50    1.814  17      0.623    2.436
43648.0 43648.0 28096.8  0.0   87424.0  26716.7   349568.0   119488.5  112696.0 80012.4     50    1.814  17      0.623    2.436
43648.0 43648.0 28096.8  0.0   87424.0  26716.7   349568.0   119488.5  112696.0 80012.6     50    1.814  17      0.623    2.436
43648.0 43648.0 28096.8  0.0   87424.0  26716.7   349568.0   119488.5  112696.0 80012.6     50    1.814  17      0.623    2.436
43648.0 43648.0 28096.8  0.0   87424.0  26716.7   349568.0   119488.5  112696.0 80012.6     50    1.814  17      0.623    2.436
43648.0 43648.0 28096.8  0.0   87424.0  26716.7   349568.0   119488.5  112696.0 80012.6     50    1.814  17      0.623    2.436
43648.0 43648.0 28096.8  0.0   87424.0  26716.7   349568.0   119488.5  112696.0 80012.6     50    1.814  17      0.623    2.436
43648.0 43648.0 28096.8  0.0   87424.0  26716.7   349568.0   119488.5  112696.0 80012.6     50    1.814  17      0.623    2.436
43648.0 43648.0 28096.8  0.0   87424.0  27025.8   349568.0   119488.5  112696.0 80012.6     50    1.814  17      0.623    2.436
43648.0 43648.0 28096.8  0.0   87424.0  27025.8   349568.0   119488.5  112696.0 80012.6     50    1.814  17      0.623    2.436
43648.0 43648.0 28096.8  0.0   87424.0  29281.8   349568.0   119488.5  112696.0 80015.3     50    1.814  17      0.623    2.436
43648.0 43648.0 28096.8  0.0   87424.0  29281.8   349568.0   119488.5  112696.0 80018.3     50    1.814  17      0.623    2.436
43648.0 43648.0 28096.8  0.0   87424.0  29281.8   349568.0   119488.5  112696.0 80018.3     50    1.814  17      0.623    2.436
43648.0 43648.0 28096.8  0.0   87424.0  29584.1   349568.0   119488.5  112696.0 80018.3     50    1.814  17      0.623    2.436
43648.0 43648.0 28096.8  0.0   87424.0  29584.1   349568.0   119488.5  112696.0 80018.3     50    1.814  17      0.623    2.436
43648.0 43648.0 28096.8  0.0   87424.0  29584.1   349568.0   119488.5  112696.0 80018.3     50    1.814  17      0.623    2.436
43648.0 43648.0 28096.8  0.0   87424.0  29584.1   349568.0   119488.5  112696.0 80018.3     50    1.814  17      0.623    2.436
43648.0 43648.0 28096.8  0.0   87424.0  29584.1   349568.0   119488.5  112696.0 80018.3     50    1.814  17      0.623    2.436
43648.0 43648.0 28096.8  0.0   87424.0  29615.1   349568.0   119488.5  112696.0 80018.3     50    1.814  17      0.623    2.436
43648.0 43648.0 28096.8  0.0   87424.0  29615.1   349568.0   119488.5  112696.0 80018.3     50    1.814  17      0.623    2.436
43648.0 43648.0 28096.8  0.0   87424.0  29615.1   349568.0   119488.5  112696.0 80018.5     50    1.814  17      0.623    2.436
43648.0 43648.0 28096.8  0.0   87424.0  29615.1   349568.0   119488.5  112696.0 80018.5     50    1.814  17      0.623    2.436
43648.0 43648.0 28096.8  0.0   87424.0  31911.5   349568.0   119488.5  112696.0 80021.8     50    1.814  17      0.623    2.436
43648.0 43648.0 28096.8  0.0   87424.0  32108.9   349568.0   119488.5  112696.0 80021.8     50    1.814  17      0.623    2.436
43648.0 43648.0 28096.8  0.0   87424.0  32108.9   349568.0   119488.5  112696.0 80021.8     50    1.814  17      0.623    2.436
43648.0 43648.0 28096.8  0.0   87424.0  32411.3   349568.0   119488.5  112696.0 80021.8     50    1.814  17      0.623    2.436
43648.0 43648.0 28096.8  0.0   87424.0  32720.2   349568.0   119488.5  112696.0 80021.8     50    1.814  17      0.623    2.436
43648.0 43648.0 28096.8  0.0   87424.0  32720.2   349568.0   119488.5  112696.0 80021.8     50    1.814  17      0.623    2.436
43648.0 43648.0 28096.8  0.0   87424.0  32720.2   349568.0   119488.5  112696.0 80021.8     50    1.814  17      0.623    2.436
43648.0 43648.0 28096.8  0.0   87424.0  32720.2   349568.0   119488.5  112696.0 80021.8     50    1.814  17      0.623    2.436
43648.0 43648.0 28096.8  0.0   87424.0  32720.2   349568.0   119488.5  112696.0 80021.8     50    1.814  17      0.623    2.436
43648.0 43648.0 28096.8  0.0   87424.0  32720.2   349568.0   119488.5  112696.0 80021.8     50    1.814  17      0.623    2.436
43648.0 43648.0 28096.8  0.0   87424.0  32720.2   349568.0   119488.5  112696.0 80021.8     50    1.814  17      0.623    2.436
43648.0 43648.0 28096.8  0.0   87424.0  32720.2   349568.0   119488.5  112696.0 80021.8     50    1.814  17      0.623    2.436
43648.0 43648.0 28096.8  0.0   87424.0  35049.9   349568.0   119488.5  112696.0 80025.7     50    1.814  17      0.623    2.436
43648.0 43648.0 28096.8  0.0   87424.0  35049.9   349568.0   119488.5  112696.0 80025.7     50    1.814  17      0.623    2.436
43648.0 43648.0 28096.8  0.0   87424.0  35049.9   349568.0   119488.5  112696.0 80025.7     50    1.814  17      0.623    2.436
43648.0 43648.0 28096.8  0.0   87424.0  35645.4   349568.0   119488.5  112696.0 80025.7     50    1.814  17      0.623    2.436
43648.0 43648.0  0.0   32207.9 87424.0  34741.8   349568.0   122767.1  112696.0 83215.1     51    1.904  17      0.623    2.527
43648.0 43648.0  0.0   32207.9 87424.0  37486.1   349568.0   122767.1  112696.0 83243.3     51    1.904  17      0.623    2.527
43648.0 43648.0  0.0   32207.9 87424.0  37704.2   349568.0   122767.1  112696.0 83243.3     51    1.904  17      0.623    2.527
43648.0 43648.0  0.0   32207.9 87424.0  37959.1   349568.0   122767.1  112696.0 83248.7     51    1.904  17      0.623    2.527
43648.0 43648.0  0.0   32207.9 87424.0  37959.1   349568.0   122767.1  112696.0 83249.7     51    1.904  17      0.623    2.527
43648.0 43648.0  0.0   32207.9 87424.0  37959.1   349568.0   122767.1  112696.0 83249.7     51    1.904  17      0.623    2.527
43648.0 43648.0  0.0   32207.9 87424.0  37959.1   349568.0   122767.1  112696.0 83249.7     51    1.904  17      0.623    2.527
43648.0 43648.0  0.0   32207.9 87424.0  37959.1   349568.0   122767.1  112696.0 83250.0     51    1.904  17      0.623    2.527
43648.0 43648.0  0.0   32207.9 87424.0  40854.3   349568.0   122767.1  112696.0 83265.1     51    1.904  17      0.623    2.527
43648.0 43648.0  0.0   32207.9 87424.0  40854.3   349568.0   122767.1  112696.0 83265.1     51    1.904  17      0.623    2.527
43648.0 43648.0  0.0   32207.9 87424.0  42404.2   349568.0   122767.1  112696.0 83272.1     51    1.904  17      0.623    2.527
43648.0 43648.0  0.0   32207.9 87424.0  42871.9   349568.0   122767.1  112696.0 83273.7     51    1.904  17      0.623    2.527
43648.0 43648.0  0.0   32207.9 87424.0  42871.9   349568.0   121761.7  138716.0 83228.9     51    1.904  18      0.730    2.634
43648.0 43648.0  0.0   32207.9 87424.0  42871.9   349568.0   121761.7  138716.0 83228.9     51    1.904  18      0.730    2.634
43648.0 43648.0  0.0   32207.9 87424.0  43090.0   349568.0   121761.7  138716.0 83228.9     51    1.904  18      0.730    2.634
43648.0 43648.0  0.0   32207.9 87424.0  43090.0   349568.0   121761.7  138716.0 83228.9     51    1.904  18      0.730    2.634
43648.0 43648.0  0.0   32207.9 87424.0  43090.0   349568.0   121761.7  138716.0 83228.9     51    1.904  18      0.730    2.634
43648.0 43648.0  0.0   32207.9 87424.0  43447.9   349568.0   121761.7  138716.0 83228.9     51    1.904  18      0.730    2.634
43648.0 43648.0  0.0   32207.9 87424.0  43447.9   349568.0   121761.7  138716.0 83228.9     51    1.904  18      0.730    2.634
43648.0 43648.0  0.0   32207.9 87424.0  43447.9   349568.0   121761.7  138716.0 83228.9     51    1.904  18      0.730    2.634
43648.0 43648.0  0.0   32207.9 87424.0  45828.8   349568.0   121761.7  138716.0 83233.6     51    1.904  18      0.730    2.634
43648.0 43648.0  0.0   32207.9 87424.0  45828.8   349568.0   121761.7  138716.0 83233.6     51    1.904  18      0.730    2.634
43648.0 43648.0  0.0   32207.9 87424.0  45828.8   349568.0   121761.7  138716.0 83233.6     51    1.904  18      0.730    2.634
43648.0 43648.0  0.0   32207.9 87424.0  45828.8   349568.0   121761.7  138716.0 83233.6     51    1.904  18      0.730    2.634
43648.0 43648.0  0.0   32207.9 87424.0  45828.8   349568.0   121761.7  138716.0 83233.6     51    1.904  18      0.730    2.634
43648.0 43648.0  0.0   32207.9 87424.0  45828.8   349568.0   121761.7  138716.0 83233.6     51    1.904  18      0.730    2.634
43648.0 43648.0  0.0   32207.9 87424.0  46568.5   349568.0   121761.7  138716.0 83234.0     51    1.904  18      0.730    2.634
43648.0 43648.0  0.0   32207.9 87424.0  50016.1   349568.0   121761.7  138716.0 83280.2     51    1.904  18      0.730    2.634
43648.0 43648.0  0.0   32207.9 87424.0  50161.8   349568.0   121761.7  138716.0 83280.4     51    1.904  18      0.730    2.634
43648.0 43648.0  0.0   32207.9 87424.0  50161.8   349568.0   121761.7  138716.0 83280.4     51    1.904  18      0.730    2.634
43648.0 43648.0  0.0   32207.9 87424.0  50161.8   349568.0   121761.7  138716.0 83280.4     51    1.904  18      0.730    2.634
43648.0 43648.0  0.0   32207.9 87424.0  50161.8   349568.0   121761.7  138716.0 83280.4     51    1.904  18      0.730    2.634
43648.0 43648.0  0.0   32207.9 87424.0  52389.8   349568.0   121761.7  138716.0 83283.4     51    1.904  18      0.730    2.634
43648.0 43648.0  0.0   32207.9 87424.0  53187.7   349568.0   121761.7  138716.0 83293.7     51    1.904  18      0.730    2.634
43648.0 43648.0  0.0   32207.9 87424.0  58291.0   349568.0   121761.7  138716.0 83459.8     51    1.904  18      0.730    2.634
43648.0 43648.0  0.0   32207.9 87424.0  58513.0   349568.0   121761.7  138716.0 83459.8     51    1.904  18      0.730    2.634
43648.0 43648.0  0.0   32207.9 87424.0  58513.0   349568.0   121761.7  138716.0 83459.8     51    1.904  18      0.730    2.634
43648.0 43648.0  0.0   32207.9 87424.0  58648.4   349568.0   121761.7  138716.0 83459.8     51    1.904  18      0.730    2.634
43648.0 43648.0  0.0   32207.9 87424.0  58866.5   349568.0   121761.7  138716.0 83459.8     51    1.904  18      0.730    2.634
43648.0 43648.0  0.0   32207.9 87424.0  58866.5   349568.0   121761.7  138716.0 83459.8     51    1.904  18      0.730    2.634
43648.0 43648.0  0.0   32207.9 87424.0  58866.5   349568.0   121761.7  138716.0 83459.8     51    1.904  18      0.730    2.634
43648.0 43648.0  0.0   32207.9 87424.0  58866.5   349568.0   121761.7  138716.0 83459.8     51    1.904  18      0.730    2.634
43648.0 43648.0  0.0   32207.9 87424.0  58866.5   349568.0   121761.7  138716.0 83459.8     51    1.904  18      0.730    2.634
43648.0 43648.0  0.0   32207.9 87424.0  58866.5   349568.0   121761.7  138716.0 83459.8     51    1.904  18      0.730    2.634
43648.0 43648.0  0.0   32207.9 87424.0  61500.6   349568.0   121761.7  138716.0 83461.1     51    1.904  18      0.730    2.634
43648.0 43648.0  0.0   32207.9 87424.0  61500.6   349568.0   121761.7  138716.0 83461.1     51    1.904  18      0.730    2.634
43648.0 43648.0  0.0   32207.9 87424.0  61500.6   349568.0   121761.7  138716.0 83461.1     51    1.904  18      0.730    2.634
43648.0 43648.0  0.0   32207.9 87424.0  61500.6   349568.0   121761.7  138716.0 83461.4     51    1.904  18      0.730    2.634
43648.0 43648.0  0.0   32207.9 87424.0  61500.6   349568.0   121761.7  138716.0 83461.5     51    1.904  18      0.730    2.634
43648.0 43648.0  0.0   32207.9 87424.0  61500.6   349568.0   121761.7  138716.0 83461.5     51    1.904  18      0.730    2.634
43648.0 43648.0  0.0   32207.9 87424.0  61718.8   349568.0   121761.7  138716.0 83464.8     51    1.904  18      0.730    2.634
43648.0 43648.0  0.0   32207.9 87424.0  61718.8   349568.0   121761.7  138716.0 83464.8     51    1.904  18      0.730    2.634
43648.0 43648.0  0.0   32207.9 87424.0  61718.8   349568.0   121761.7  138716.0 83465.3     51    1.904  18      0.730    2.634
43648.0 43648.0  0.0   32207.9 87424.0  61940.7   349568.0   121761.7  138716.0 83465.3     51    1.904  18      0.730    2.634
43648.0 43648.0  0.0   32207.9 87424.0  61940.7   349568.0   121761.7  138716.0 83465.3     51    1.904  18      0.730    2.634
43648.0 43648.0  0.0   32207.9 87424.0  61940.7   349568.0   121761.7  138716.0 83465.3     51    1.904  18      0.730    2.634
43648.0 43648.0  0.0   32207.9 87424.0  64169.6   349568.0   121761.7  138716.0 83468.9     51    1.904  18      0.730    2.634
43648.0 43648.0  0.0   32207.9 87424.0  64169.6   349568.0   121761.7  138716.0 83468.9     51    1.904  18      0.730    2.634
43648.0 43648.0  0.0   32207.9 87424.0  64169.6   349568.0   121761.7  138716.0 83468.9     51    1.904  18      0.730    2.634
43648.0 43648.0  0.0   32207.9 87424.0  64305.2   349568.0   121761.7  138716.0 83468.9     51    1.904  18      0.730    2.634
43648.0 43648.0  0.0   32207.9 87424.0  64555.0   349568.0   121761.7  138716.0 83468.9     51    1.904  18      0.730    2.634
43648.0 43648.0  0.0   32207.9 87424.0  64555.0   349568.0   121761.7  138716.0 83468.9     51    1.904  18      0.730    2.634
43648.0 43648.0  0.0   32207.9 87424.0  64995.2   349568.0   121761.7  138716.0 83468.9     51    1.904  18      0.730    2.634
43648.0 43648.0  0.0   32207.9 87424.0  64995.2   349568.0   121761.7  138716.0 83468.9     51    1.904  18      0.730    2.634
43648.0 43648.0  0.0   32207.9 87424.0  64995.2   349568.0   121761.7  138716.0 83468.9     51    1.904  18      0.730    2.634
43648.0 43648.0  0.0   32207.9 87424.0  64995.2   349568.0   121761.7  138716.0 83468.9     51    1.904  18      0.730    2.634
43648.0 43648.0  0.0   32207.9 87424.0  64995.2   349568.0   121761.7  138716.0 83468.9     51    1.904  18      0.730    2.634
43648.0 43648.0  0.0   25595.6 87424.0  27505.9   349568.0   134175.6  138716.0 84252.0     55    2.097  18      0.730    2.826
43648.0 43648.0 38904.2  0.0   87424.0   7876.1   349568.0   174690.2  138716.0 87302.7     62    2.390  18      0.730    3.120
43648.0 43648.0  0.0   18308.8 87424.0  54581.0   397444.0   238465.0  147248.0 88436.3     75    3.016  21      0.868    3.883
43648.0 43648.0 18576.9  0.0   87424.0  86850.6   397444.0   210947.4  147552.0 88714.6     79    3.106  23      0.940    4.046
43648.0 43648.0  0.0   40121.3 87424.0  61781.7   397444.0   207796.5  148576.0 90816.7     85    3.423  25      1.076    4.499
43648.0 43648.0  0.0   27757.5 87424.0  32285.5   397444.0   238737.1  152152.0 92567.7     99    3.889  28      1.379    5.269
43648.0 43648.0 34734.7  0.0   87424.0  10616.3   397444.0   225624.3  154304.0 92635.0    102    4.073  29      1.577    5.650
43648.0 43648.0 34734.7  0.0   87424.0  17061.5   397444.0   225624.3  154304.0 92734.1    102    4.073  29      1.577    5.650
43648.0 43648.0 24466.5  0.0   87424.0  70632.2   397444.0   231505.3  154304.0 92750.4    104    4.207  29      1.577    5.784
43648.0 43648.0 24466.5  0.0   87424.0  72830.6   397444.0   231505.3  154304.0 92752.6    104    4.207  29      1.577    5.784
43648.0 43648.0  0.0   43648.0 87424.0  87235.6   397444.0   204849.4  154592.0 92783.0    109    4.396  31      1.785    6.181
43648.0 43648.0 33790.1  0.0   87424.0  37113.9   397444.0   219270.7  154592.0 92808.7    110    4.508  31      1.785    6.292
43648.0 43648.0  0.0   9676.5 87424.0  19732.9   397444.0   219270.7  154592.0 92816.2    111    4.550  31      1.785    6.335
43648.0 43648.0 9846.8  0.0   87424.0   1041.1   397444.0   218223.5  154592.0 92822.5    112    4.591  32      1.925    6.516
43648.0 43648.0 9846.8  0.0   87424.0   5380.7   397444.0   218223.5  154592.0 92826.5    112    4.591  32      1.925    6.516
43648.0 43648.0 9846.8  0.0   87424.0   7129.3   397444.0   218223.5  154592.0 92827.2    112    4.591  32      1.925    6.516
43648.0 43648.0 9846.8  0.0   87424.0  39024.9   397444.0   200575.5  154784.0 92832.0    112    4.591  32      1.925    6.516
43648.0 43648.0 12899.3  0.0   87424.0  71989.5   397444.0   200575.5  154784.0 92863.2    114    4.665  33      1.968    6.634
43648.0 43648.0 10286.4  0.0   87424.0  25583.4   397444.0   200575.5  154784.0 92877.3    116    4.744  33      1.968    6.713
43648.0 43648.0  0.0   12437.1 87424.0  60110.6   397444.0   209046.3  154784.0 92930.1    125    5.179  34      2.106    7.284
43648.0 43648.0 25759.4  0.0   87424.0   6413.1   397444.0   191597.3  155100.0 93065.7    130    5.433  34      2.106    7.539
43648.0 43648.0 18563.4 12478.2 87424.0  87424.0   397444.0   192602.7  155100.0 93081.7    133    5.508  36      2.338    7.846
43648.0 43648.0 21572.4  0.0   87424.0  39505.9   397444.0   184894.5  155292.0 93098.8    136    5.790  36      2.338    8.128
43648.0 43648.0  0.0   31762.9 87424.0  14691.8   397444.0   188274.6  155292.0 93122.6    139    5.970  37      2.482    8.452
43648.0 43648.0  0.0   26856.3 87424.0  64794.1   397444.0   194808.2  155292.0 93163.5    145    6.325  37      2.482    8.807
43648.0 43648.0 33280.5  0.0   87424.0  48773.2   397444.0   192590.4  155484.0 93196.6    148    6.508  38      2.624    9.132
43648.0 43648.0 22546.1  0.0   87424.0   1769.4   397444.0   206174.0  155484.0 93244.1    156    6.950  39      2.774    9.724
43648.0 43648.0  0.0   30956.3 87424.0  28741.7   397444.0   206174.0  155484.0 93267.8    157    7.025  39      2.774    9.799
43648.0 43648.0  0.0   33003.0 87424.0  59828.1   397444.0   230801.2  155484.0 95246.5    169    7.523  39      2.774   10.297
43648.0 43648.0  0.0   20056.3 87424.0  11222.8   397444.0   224145.4  158760.0 95256.4    173    7.723  40      2.910   10.632
43648.0 43648.0  0.0   20056.3 87424.0  51390.7   397444.0   224145.4  158760.0 95266.9    173    7.723  40      2.910   10.632
43648.0 43648.0 16300.6  0.0   87424.0  38548.0   397444.0   224145.4  158760.0 95270.5    174    7.742  41      2.955   10.698
43648.0 43648.0  0.0   43532.8 87424.0  38751.6   397444.0   204224.3  158952.0 95347.2    181    8.154  43      3.266   11.420
43648.0 43648.0  0.0   36500.7 87424.0  26436.2   397444.0   213744.2  158952.0 95359.6    187    8.318  43      3.266   11.585
43648.0 43648.0 25487.6  0.0   87424.0   7076.9   397444.0   220442.1  158952.0 95361.1    188    8.398  43      3.266   11.665
43648.0 43648.0 25487.6  0.0   87424.0  11212.5   397444.0   220442.1  158952.0 95361.1    188    8.398  43      3.266   11.665
43648.0 43648.0  0.0   12355.0 87424.0  66555.5   397444.0   220442.1  158952.0 95398.6    189    8.435  43      3.266   11.702
43648.0 43648.0 16180.6  0.0   87424.0  20909.3   397444.0   220442.1  158952.0 95401.9    190    8.476  43      3.266   11.742
43648.0 43648.0 19356.8  0.0   87424.0  19235.5   397444.0   201365.2  159144.0 95414.2    196    8.768  44      3.403   12.172
43648.0 43648.0  0.0   15937.8 87424.0  77032.2   397444.0   201365.2  159144.0 95433.1    197    8.815  45      3.507   12.322
43648.0 43648.0  0.0   15937.8 87424.0  81797.6   397444.0   201365.2  159144.0 95444.5    197    8.815  45      3.507   12.322
43648.0 43648.0  0.0   15838.9 87424.0   9145.0   397444.0   201365.2  159144.0 95446.2    199    8.909  45      3.507   12.415
43648.0 43648.0  0.0   15838.9 87424.0  45920.6   397444.0   201365.2  159144.0 95448.0    199    8.909  45      3.507   12.415
43648.0 43648.0 17848.4  0.0   87424.0  23681.6   397444.0   178551.9  159144.0 95449.5    200    8.957  46      3.666   12.623
43648.0 43648.0  0.0   17059.6 87424.0  77199.6   397444.0   180373.5  159144.0 95457.6    201    9.009  47      3.807   12.816
43648.0 43648.0 11142.0  0.0   87424.0  49481.2   397444.0   182578.7  159144.0 95457.7    202    9.061  47      3.807   12.868
43648.0 43648.0 6263.8  0.0   87424.0  23346.8   397444.0   182653.3  159144.0 95460.5    204    9.122  47      3.807   12.928
43648.0 43648.0  0.0   19039.7 87424.0  60940.3   397444.0   182820.6  159144.0 95473.6    207    9.215  47      3.807   13.022
43648.0 43648.0  0.0   12788.8 87424.0  65305.2   397444.0   182838.6  159144.0 95482.8    209    9.285  47      3.807   13.092
43648.0 43648.0 8501.0  0.0   87424.0  57629.7   397444.0   182870.4  159144.0 95500.5    210    9.308  47      3.807   13.115
43648.0 43648.0 8501.0  0.0   87424.0  58282.8   397444.0   182870.4  159144.0 95500.5    210    9.308  47      3.807   13.115
43648.0 43648.0  0.0   12228.6 87424.0   8256.9   397444.0   183144.6  159144.0 95511.6    215    9.565  47      3.807   13.372
43648.0 43648.0 15847.2  0.0   87424.0   8221.6   397444.0   183154.0  159144.0 95526.2    216    9.609  47      3.807   13.416
43648.0 43648.0 15847.2  0.0   87424.0   9129.9   397444.0   183154.0  159144.0 95526.2    216    9.609  47      3.807   13.416
43648.0 43648.0 15847.2  0.0   87424.0  11806.2   397444.0   183154.0  159144.0 95532.3    216    9.609  47      3.807   13.416
43648.0 43648.0 15847.2  0.0   87424.0  11904.6   397444.0   183154.0  159144.0 95533.5    216    9.609  47      3.807   13.416
43648.0 43648.0 15847.2  0.0   87424.0  12042.8   397444.0   183154.0  159144.0 95533.5    216    9.609  47      3.807   13.416
43648.0 43648.0 15847.2  0.0   87424.0  12118.0   397444.0   183154.0  159144.0 95533.5    216    9.609  47      3.807   13.416
43648.0 43648.0 15847.2  0.0   87424.0  12156.5   397444.0   183154.0  159144.0 95533.5    216    9.609  47      3.807   13.416
43648.0 43648.0 15847.2  0.0   87424.0  12192.7   397444.0   183154.0  159144.0 95533.5    216    9.609  47      3.807   13.416
43648.0 43648.0 15847.2  0.0   87424.0  12507.2   397444.0   183154.0  159144.0 95533.5    216    9.609  47      3.807   13.416
43648.0 43648.0 15847.2  0.0   87424.0  14922.1   397444.0   183154.0  159144.0 95534.4    216    9.609  47      3.807   13.416
43648.0 43648.0 15847.2  0.0   87424.0  14922.1   397444.0   183154.0  159144.0 95534.4    216    9.609  47      3.807   13.416
43648.0 43648.0 15847.2  0.0   87424.0  16730.5   397444.0   183154.0  159144.0 95534.4    216    9.609  47      3.807   13.416
43648.0 43648.0 15847.2  0.0   87424.0  16800.5   397444.0   183154.0  159144.0 95534.4    216    9.609  47      3.807   13.416
43648.0 43648.0 15847.2  0.0   87424.0  16840.7   397444.0   183154.0  159144.0 95534.4    216    9.609  47      3.807   13.416
43648.0 43648.0 15847.2  0.0   87424.0  16879.1   397444.0   183154.0  159144.0 95534.4    216    9.609  47      3.807   13.416
43648.0 43648.0 15847.2  0.0   87424.0  16953.6   397444.0   183154.0  159144.0 95534.4    216    9.609  47      3.807   13.416
43648.0 43648.0 15847.2  0.0   87424.0  16953.6   397444.0   183154.0  159144.0 95534.4    216    9.609  47      3.807   13.416
43648.0 43648.0 15847.2  0.0   87424.0  17306.0   397444.0   183154.0  159144.0 95534.4    216    9.609  47      3.807   13.416
43648.0 43648.0 15847.2  0.0   87424.0  19049.8   397444.0   183154.0  159144.0 95534.4    216    9.609  47      3.807   13.416
43648.0 43648.0 15847.2  0.0   87424.0  19085.9   397444.0   183154.0  159144.0 95534.4    216    9.609  47      3.807   13.416
43648.0 43648.0 15847.2  0.0   87424.0  19124.3   397444.0   183154.0  159144.0 95534.4    216    9.609  47      3.807   13.416
43648.0 43648.0 15847.2  0.0   87424.0  21550.2   397444.0   183154.0  159144.0 95534.4    216    9.609  47      3.807   13.416
43648.0 43648.0 15847.2  0.0   87424.0  21550.2   397444.0   183154.0  159144.0 95534.4    216    9.609  47      3.807   13.416
43648.0 43648.0 15847.2  0.0   87424.0  21650.2   397444.0   183154.0  159144.0 95534.4    216    9.609  47      3.807   13.416
43648.0 43648.0 15847.2  0.0   87424.0  21721.3   397444.0   183154.0  159144.0 95534.4    216    9.609  47      3.807   13.416
43648.0 43648.0 15847.2  0.0   87424.0  21757.6   397444.0   183154.0  159144.0 95534.4    216    9.609  47      3.807   13.416
43648.0 43648.0 15847.2  0.0   87424.0  21800.0   397444.0   183154.0  159144.0 95534.4    216    9.609  47      3.807   13.416
43648.0 43648.0 15847.2  0.0   87424.0  21874.6   397444.0   183154.0  159144.0 95534.4    216    9.609  47      3.807   13.416
43648.0 43648.0 15847.2  0.0   87424.0  21915.7   397444.0   183154.0  159144.0 95534.4    216    9.609  47      3.807   13.416
43648.0 43648.0 15847.2  0.0   87424.0  21991.7   397444.0   183154.0  159144.0 95534.4    216    9.609  47      3.807   13.416
43648.0 43648.0 15847.2  0.0   87424.0  22030.1   397444.0   183154.0  159144.0 95534.4    216    9.609  47      3.807   13.416
43648.0 43648.0 15847.2  0.0   87424.0  22066.2   397444.0   183154.0  159144.0 95534.4    216    9.609  47      3.807   13.416
43648.0 43648.0 15847.2  0.0   87424.0  22104.6   397444.0   183154.0  159144.0 95534.4    216    9.609  47      3.807   13.416
43648.0 43648.0 15847.2  0.0   87424.0  24495.8   397444.0   183154.0  159144.0 95534.8    216    9.609  47      3.807   13.416
43648.0 43648.0 15847.2  0.0   87424.0  24621.8   397444.0   183154.0  159144.0 95534.8    216    9.609  47      3.807   13.416
43648.0 43648.0 15847.2  0.0   87424.0  24789.4   397444.0   183154.0  159144.0 95534.8    216    9.609  47      3.807   13.416
43648.0 43648.0 15847.2  0.0   87424.0  24859.5   397444.0   183154.0  159144.0 95534.8    216    9.609  47      3.807   13.416
43648.0 43648.0 15847.2  0.0   87424.0  24895.6   397444.0   183154.0  159144.0 95534.8    216    9.609  47      3.807   13.416
43648.0 43648.0 15847.2  0.0   87424.0  24934.0   397444.0   183154.0  159144.0 95534.8    216    9.609  47      3.807   13.416
43648.0 43648.0 15847.2  0.0   87424.0  25049.1   397444.0   183154.0  159144.0 95534.8    216    9.609  47      3.807   13.416
43648.0 43648.0 15847.2  0.0   87424.0  25049.1   397444.0   183154.0  159144.0 95534.8    216    9.609  47      3.807   13.416
43648.0 43648.0 15847.2  0.0   87424.0  25125.1   397444.0   183154.0  159144.0 95534.8    216    9.609  47      3.807   13.416
43648.0 43648.0 15847.2  0.0   87424.0  25163.6   397444.0   183154.0  159144.0 95534.8    216    9.609  47      3.807   13.416
43648.0 43648.0 15847.2  0.0   87424.0  25199.7   397444.0   183154.0  159144.0 95534.8    216    9.609  47      3.807   13.416
43648.0 43648.0 15847.2  0.0   87424.0  25274.3   397444.0   183154.0  159144.0 95534.8    216    9.609  47      3.807   13.416
43648.0 43648.0 15847.2  0.0   87424.0  27663.7   397444.0   183154.0  159144.0 95535.1    216    9.609  47      3.807   13.416
43648.0 43648.0 15847.2  0.0   87424.0  27663.7   397444.0   183154.0  159144.0 95535.1    216    9.609  47      3.807   13.416
43648.0 43648.0 15847.2  0.0   87424.0  27738.2   397444.0   183154.0  159144.0 95535.1    216    9.609  47      3.807   13.416
43648.0 43648.0 15847.2  0.0   87424.0  27808.8   397444.0   183154.0  159144.0 95535.1    216    9.609  47      3.807   13.416
43648.0 43648.0 15847.2  0.0   87424.0  27881.8   397444.0   183154.0  159144.0 95535.1    216    9.609  47      3.807   13.416
43648.0 43648.0 15847.2  0.0   87424.0  27922.2   397444.0   183154.0  159144.0 95535.1    216    9.609  47      3.807   13.416
43648.0 43648.0 15847.2  0.0   87424.0  27996.8   397444.0   183154.0  159144.0 95535.1    216    9.609  47      3.807   13.416
43648.0 43648.0 15847.2  0.0   87424.0  28000.8   397444.0   183154.0  159144.0 95535.1    216    9.609  47      3.807   13.416
43648.0 43648.0 15847.2  0.0   87424.0  28076.9   397444.0   183154.0  159144.0 95535.1    216    9.609  47      3.807   13.416
43648.0 43648.0 15847.2  0.0   87424.0  28115.2   397444.0   183154.0  159144.0 95535.1    216    9.609  47      3.807   13.416
43648.0 43648.0 15847.2  0.0   87424.0  28187.6   397444.0   183154.0  159144.0 95535.1    216    9.609  47      3.807   13.416
43648.0 43648.0 15847.2  0.0   87424.0  28226.1   397444.0   183154.0  159144.0 95535.1    216    9.609  47      3.807   13.416
43648.0 43648.0 15847.2  0.0   87424.0  30602.8   397444.0   183154.0  159144.0 95537.9    216    9.609  47      3.807   13.416
43648.0 43648.0 15847.2  0.0   87424.0  30602.8   397444.0   183154.0  159144.0 95537.9    216    9.609  47      3.807   13.416
43648.0 43648.0 15847.2  0.0   87424.0  30679.3   397444.0   183154.0  159144.0 95537.9    216    9.609  47      3.807   13.416
43648.0 43648.0 15847.2  0.0   87424.0  30733.8   397444.0   183154.0  159144.0 95537.9    216    9.609  47      3.807   13.416
43648.0 43648.0 15847.2  0.0   87424.0  30806.5   397444.0   183154.0  159144.0 95537.9    216    9.609  47      3.807   13.416
43648.0 43648.0 15847.2  0.0   87424.0  30844.9   397444.0   183154.0  159144.0 95537.9    216    9.609  47      3.807   13.416
43648.0 43648.0 15847.2  0.0   87424.0  30919.4   397444.0   183154.0  159144.0 95537.9    216    9.609  47      3.807   13.416
43648.0 43648.0 15847.2  0.0   87424.0  30919.4   397444.0   183154.0  159144.0 95537.9    216    9.609  47      3.807   13.416
43648.0 43648.0 15847.2  0.0   87424.0  30999.5   397444.0   183154.0  159144.0 95537.9    216    9.609  47      3.807   13.416
43648.0 43648.0 15847.2  0.0   87424.0  31074.9   397444.0   183154.0  159144.0 95537.9    216    9.609  47      3.807   13.416
43648.0 43648.0 15847.2  0.0   87424.0  31111.0   397444.0   183154.0  159144.0 95537.9    216    9.609  47      3.807   13.416
43648.0 43648.0 15847.2  0.0   87424.0  31149.4   397444.0   183154.0  159144.0 95537.9    216    9.609  47      3.807   13.416
43648.0 43648.0 15847.2  0.0   87424.0  33551.4   397444.0   183154.0  159144.0 95538.3    216    9.609  47      3.807   13.416
43648.0 43648.0 15847.2  0.0   87424.0  33551.4   397444.0   183154.0  159144.0 95538.3    216    9.609  47      3.807   13.416
43648.0 43648.0 15847.2  0.0   87424.0  33662.4   397444.0   183154.0  159144.0 95538.3    216    9.609  47      3.807   13.416
43648.0 43648.0 15847.2  0.0   87424.0  33733.0   397444.0   183154.0  159144.0 95538.3    216    9.609  47      3.807   13.416
43648.0 43648.0 15847.2  0.0   87424.0  33769.4   397444.0   183154.0  159144.0 95538.3    216    9.609  47      3.807   13.416
43648.0 43648.0 15847.2  0.0   87424.0  33807.8   397444.0   183154.0  159144.0 95538.3    216    9.609  47      3.807   13.416
43648.0 43648.0 15847.2  0.0   87424.0  33882.3   397444.0   183154.0  159144.0 95538.3    216    9.609  47      3.807   13.416
43648.0 43648.0 15847.2  0.0   87424.0  33907.7   397444.0   183154.0  159144.0 95538.3    216    9.609  47      3.807   13.416
43648.0 43648.0 15847.2  0.0   87424.0  33987.8   397444.0   183154.0  159144.0 95538.3    216    9.609  47      3.807   13.416
43648.0 43648.0 15847.2  0.0   87424.0  34026.2   397444.0   183154.0  159144.0 95538.3    216    9.609  47      3.807   13.416
43648.0 43648.0 15847.2  0.0   87424.0  34062.3   397444.0   183154.0  159144.0 95538.3    216    9.609  47      3.807   13.416
43648.0 43648.0 15847.2  0.0   87424.0  34100.7   397444.0   183154.0  159144.0 95538.3    216    9.609  47      3.807   13.416
43648.0 43648.0 15847.2  0.0   87424.0  36518.7   397444.0   183154.0  159144.0 95538.3    216    9.609  47      3.807   13.416
43648.0 43648.0 15847.2  0.0   87424.0  36518.7   397444.0   183154.0  159144.0 95538.3    216    9.609  47      3.807   13.416
43648.0 43648.0 15847.2  0.0   87424.0  36595.2   397444.0   183154.0  159144.0 95538.3    216    9.609  47      3.807   13.416
43648.0 43648.0 15847.2  0.0   87424.0  36665.3   397444.0   183154.0  159144.0 95538.3    216    9.609  47      3.807   13.416
43648.0 43648.0 15847.2  0.0   87424.0  36701.4   397444.0   183154.0  159144.0 95538.3    216    9.609  47      3.807   13.416
43648.0 43648.0  0.0   16488.7 87424.0  32492.8   397444.0   183186.1  159144.0 95538.3    217    9.658  47      3.807   13.465
43648.0 43648.0  0.0   20485.9 87424.0    0.0     397444.0   194887.1  159144.0 95538.5    225   10.150  48      3.952   14.102
43648.0 43648.0 20849.3  0.0   87424.0   6604.9   397444.0   228689.1  159336.0 95550.1    236   10.809  49      4.079   14.887
43648.0 43648.0 41642.1  0.0   87424.0  48750.6   397444.0   255362.9  159336.0 95654.4    248   11.386  52      4.281   15.667
43648.0 43648.0  0.0   41084.4 87424.0  60257.1   416896.0   249218.6  159528.0 95689.7    261   11.834  55      4.539   16.372
43648.0 43648.0  0.0   15585.1 87424.0  27383.5   469544.0   244270.0  159720.0 95729.5    275   12.530  59      4.846   17.376
43648.0 43648.0 22746.0 36563.0 87424.0  87424.0   469544.0   282017.9  159720.0 95598.1    290   13.070  61      4.958   18.028
43648.0 43648.0  0.0   36303.3 87424.0  54485.0   469544.0   334457.2  159720.0 95487.4    305   13.835  64      5.140   18.975
43648.0 43648.0  0.0   21246.0 87424.0    0.0     478916.0   274097.5  159720.0 95508.3    321   14.575  67      5.579   20.153
43648.0 43648.0  0.0   25317.1 87424.0  38788.6   536000.0   312098.6  159720.0 95567.3    345   15.562  71      5.860   21.422
43648.0 43648.0 13460.6 18114.3 87424.0  87424.0   578452.0   347070.4  159720.0 95581.9    362   16.415  73      6.044   22.458
43648.0 43648.0  0.0   43648.0 87424.0  31212.4   578452.0   330027.5  159720.0 95536.2    375   17.173  75      6.199   23.373
43648.0 43648.0 14804.8 40572.8 87424.0  87424.0   594764.0   397533.1  159720.0 95615.3    402   18.184  77      6.365   24.549
43648.0 43648.0  0.0   31819.1 87424.0  57134.9   699072.0   505744.0  159720.0 95719.9    429   19.440  80      6.544   25.985
43648.0 43648.0 36991.9  0.0   87424.0  24385.7   699072.0   463587.7  159720.0 95709.7    462   20.788  83      6.701   27.488
43648.0 43648.0  0.0   43648.0 87424.0  39046.4   699072.0   516337.7  159720.0 95688.0    483   21.923  86      6.951   28.873
43648.0 43648.0  0.0   33367.3 87424.0  41002.7   699072.0   421057.3  159720.0 95736.7    509   22.936  89      7.110   30.046
43648.0 43648.0 32215.1  0.0   87424.0  63514.4   699072.0   398706.7  159720.0 95756.1    522   23.519  91      7.305   30.824
43648.0 43648.0 30069.1  0.0   87424.0  78249.8   699072.0   348316.7  159720.0 95785.5    532   24.086  93      7.481   31.567
43648.0 43648.0 23537.2 4350.4 87424.0  87424.0   699072.0   314610.2  159720.0 95793.6    541   24.494  95      7.674   32.168
43648.0 43648.0  0.0   24644.6 87424.0    0.0     699072.0   299963.5  159720.0 95816.3    549   25.025  96      7.835   32.860
43648.0 43648.0  0.0   34046.4 87424.0  43134.7   699072.0   334031.4  159720.0 95828.5    565   25.795  97      7.889   33.683
43648.0 43648.0 20253.0  0.0   87424.0  65870.0   699072.0   345555.9  159720.0 95829.6    572   26.198  97      7.889   34.087
43648.0 43648.0  0.0   21926.9 87424.0   3661.3   699072.0   314368.4  159912.0 95834.2    575   26.467  98      8.037   34.504
43648.0 43648.0  0.0   21926.9 87424.0  75809.2   699072.0   314368.4  159912.0 95836.5    575   26.467  99      8.159   34.625
43648.0 43648.0 39668.8  0.0   87424.0   8425.2   699072.0   314368.4  159912.0 95837.2    580   26.780  99      8.159   34.938
43648.0 43648.0  0.0   31602.8 87424.0  75418.4   699072.0   329812.0  159912.0 95838.6    581   26.895  99      8.159   35.054
43648.0 43648.0 12060.7  0.0   87424.0  40922.3   699072.0   339530.2  159912.0 95840.7    586   27.241  100     8.311   35.552
43648.0 43648.0 17849.4  0.0   87424.0  16613.3   699072.0   273654.4  159912.0 95855.5    590   27.482  100     8.311   35.793
43648.0 43648.0 21916.6 36330.4 87424.0  87424.0   699072.0   283036.8  159912.0 95856.7    594   27.743  101     8.430   36.173
43648.0 43648.0 33221.8  0.0   87424.0  37020.9   699072.0   254027.2  159912.0 95871.1    602   28.228  102     8.494   36.723
43648.0 43648.0 17399.8  0.0   87424.0  83139.2   699072.0   259814.7  159912.0 95875.2    604   28.352  103     8.635   36.988
43648.0 43648.0  0.0   32443.9 87424.0  27471.0   699072.0   259583.4  159912.0 95875.7    609   28.587  104     8.754   37.342
43648.0 43648.0  0.0   31145.6 87424.0  42970.7   699072.0   244391.4  159912.0 95885.8    615   28.929  105     8.906   37.835
43648.0 43648.0 19100.3  0.0   87424.0  71273.2   699072.0   248556.9  159912.0 95891.9    620   29.181  105     8.906   38.087
43648.0 43648.0  0.0   43144.0 87424.0  74896.0   699072.0   249809.2  159912.0 95892.0    625   29.480  105     8.906   38.386
43648.0 43648.0  0.0   16784.5 87424.0   6550.0   699072.0   282343.3  159912.0 95894.5    631   29.940  106     9.052   38.991
43648.0 43648.0 29143.7  0.0   87424.0  26522.6   699072.0   270712.4  159912.0 95894.5    636   30.298  106     9.052   39.350
43648.0 43648.0  0.0   26856.1 87424.0  82623.7   699072.0   301337.5  159912.0 95923.4    651   31.014  107     9.116   40.130
43648.0 43648.0  0.0   14584.1 87424.0  19668.4   699072.0   301337.5  159912.0 95926.5    653   31.118  107     9.116   40.234
43648.0 43648.0  0.0   25006.9 87424.0    0.0     699072.0   264262.0  159912.0 95929.2    663   31.822  109     9.505   41.327
43648.0 43648.0  0.0   17752.5 87424.0  43157.3   699072.0   290121.6  159912.0 95955.8    675   32.308  109     9.505   41.813
43648.0 43648.0  0.0   18273.5 87424.0  54499.9   699072.0   294032.2  160104.0 95973.0    689   33.088  111     9.730   42.818
43648.0 43648.0  0.0   15224.6 87424.0  72078.4   699072.0   269519.5  160104.0 95978.1    693   33.257  113     9.980   43.237
43648.0 43648.0 27750.9  0.0   87424.0  12164.1   699072.0   302744.6  160104.0 95980.6    710   34.173  114    10.047   44.220
43648.0 43648.0 39958.9  0.0   87424.0  68751.8   699072.0   333349.9  160104.0 95990.9    731   35.006  116    10.248   45.254
43648.0 43648.0 12768.6  0.0   87424.0    0.0     699072.0   370455.5  160104.0 95997.2    752   35.904  119    10.469   46.373
43648.0 43648.0  0.0   26430.3 87424.0  60229.6   699072.0   363723.2  160104.0 96005.5    767   36.558  121    10.582   47.140
43648.0 43648.0 12202.1 17122.8 87424.0  87424.0   699072.0   490789.7  160104.0 96009.2    800   37.989  123    10.700   48.689
43648.0 43648.0  0.0   12960.4 87424.0  65101.2   699072.0   438302.4  160104.0 96016.0    811   38.469  126    10.981   49.450
