 S0C    S1C    S0U    S1U      EC       EU        OC         OU       PC     PU    YGC     YGCT    FGC    FGCT     GCT   
43648.0 43648.0 31922.5  0.0   87424.0  23366.4   349568.0   121491.9  116328.0 81034.5     50    1.795  18      0.620    2.415
43648.0 43648.0 31922.5  0.0   87424.0  23366.4   349568.0   121491.9  116328.0 81034.5     50    1.795  18      0.620    2.415
43648.0 43648.0 31922.5  0.0   87424.0  24172.2   349568.0   121491.9  116328.0 81035.0     50    1.795  18      0.620    2.415
43648.0 43648.0 31922.5  0.0   87424.0  24311.2   349568.0   121491.9  116328.0 81035.5     50    1.795  18      0.620    2.415
43648.0 43648.0 31922.5  0.0   87424.0  24311.2   349568.0   121491.9  116328.0 81035.5     50    1.795  18      0.620    2.415
43648.0 43648.0 31922.5  0.0   87424.0  27513.3   349568.0   121491.9  116328.0 81068.7     50    1.795  18      0.620    2.415
43648.0 43648.0 31922.5  0.0   87424.0  27513.3   349568.0   121491.9  116328.0 81068.7     50    1.795  18      0.620    2.415
43648.0 43648.0 31922.5  0.0   87424.0  27513.3   349568.0   121491.9  116328.0 81068.7     50    1.795  18      0.620    2.415
43648.0 43648.0 31922.5  0.0   87424.0  27513.3   349568.0   121491.9  116328.0 81068.7     50    1.795  18      0.620    2.415
43648.0 43648.0 31922.5  0.0   87424.0  28002.9   349568.0   121491.9  116328.0 81068.9     50    1.795  18      0.620    2.415
43648.0 43648.0 31922.5  0.0   87424.0  28002.9   349568.0   121491.9  116328.0 81068.9     50    1.795  18      0.620    2.415
43648.0 43648.0 31922.5  0.0   87424.0  28002.9   349568.0   121491.9  116328.0 81068.9     50    1.795  18      0.620    2.415
43648.0 43648.0 31922.5  0.0   87424.0  28002.9   349568.0   121491.9  116328.0 81069.4     50    1.795  18      0.620    2.415
43648.0 43648.0 31922.5  0.0   87424.0  28002.9   349568.0   121491.9  116328.0 81069.6     50    1.795  18      0.620    2.415
43648.0 43648.0 31922.5  0.0   87424.0  28002.9   349568.0   121491.9  116328.0 81070.1     50    1.795  18      0.620    2.415
43648.0 43648.0 31922.5  0.0   87424.0  28002.9   349568.0   121491.9  116328.0 81070.1     50    1.795  18      0.620    2.415
43648.0 43648.0 31922.5  0.0   87424.0  28449.2   349568.0   121491.9  116328.0 81070.1     50    1.795  18      0.620    2.415
43648.0 43648.0 31922.5  0.0   87424.0  30679.8   349568.0   121491.9  116328.0 81086.4     50    1.795  18      0.620    2.415
43648.0 43648.0 31922.5  0.0   87424.0  30679.8   349568.0   121491.9  116328.0 81086.4     50    1.795  18      0.620    2.415
43648.0 43648.0 31922.5  0.0   87424.0  30818.8   349568.0   121491.9  116328.0 81086.4     50    1.795  18      0.620    2.415
43648.0 43648.0 31922.5  0.0   87424.0  30818.8   349568.0   121491.9  116328.0 81086.6     50    1.795  18      0.620    2.415
43648.0 43648.0 31922.5  0.0   87424.0  30818.8   349568.0   121491.9  116328.0 81086.6     50    1.795  18      0.620    2.415
43648.0 43648.0 31922.5  0.0   87424.0  30818.8   349568.0   121491.9  116328.0 81086.6     50    1.795  18      0.620    2.415
43648.0 43648.0 31922.5  0.0   87424.0  30818.8   349568.0   121491.9  116328.0 81086.6     50    1.795  18      0.620    2.415
43648.0 43648.0 31922.5  0.0   87424.0  48701.7   349568.0   121491.9  136700.0 82640.8     50    1.795  18      0.620    2.415
43648.0 43648.0 31922.5  0.0   87424.0  48701.7   349568.0   121491.9  136700.0 82640.8     50    1.795  18      0.620    2.415
43648.0 43648.0 31922.5  0.0   87424.0  48701.7   349568.0   121491.9  136700.0 82641.1     50    1.795  18      0.620    2.415
43648.0 43648.0 31922.5  0.0   87424.0  48701.7   349568.0   121491.9  136700.0 82641.1     50    1.795  18      0.620    2.415
43648.0 43648.0  0.0   33317.9 87424.0  24378.8   349568.0   124291.4  136700.0 83751.3     51    1.883  18      0.620    2.503
43648.0 43648.0  0.0   33317.9 87424.0  27259.3   349568.0   124291.4  136700.0 83753.2     51    1.883  18      0.620    2.503
43648.0 43648.0  0.0   33317.9 87424.0  29695.1   349568.0   124291.4  136700.0 83774.6     51    1.883  18      0.620    2.503
43648.0 43648.0  0.0   33317.9 87424.0  29695.1   349568.0   124291.4  136700.0 83774.6     51    1.883  18      0.620    2.503
43648.0 43648.0  0.0   33317.9 87424.0  29695.1   349568.0   124291.4  136700.0 83774.6     51    1.883  18      0.620    2.503
43648.0 43648.0  0.0   33317.9 87424.0  30016.8   349568.0   124291.4  136700.0 83774.6     51    1.883  18      0.620    2.503
43648.0 43648.0  0.0   33317.9 87424.0  39571.0   349568.0   124291.4  136700.0 84101.0     51    1.883  18      0.620    2.503
43648.0 43648.0  0.0   43648.0 87424.0  80346.1   349568.0   145208.9  136700.0 87654.5     55    2.097  19      0.725    2.821
43648.0 43648.0 32989.0  0.0   87424.0  59702.1   349568.0   150885.2  136700.0 92488.9     56    2.174  20      0.776    2.950
43648.0 43648.0 32989.0  0.0   87424.0  61749.9   349568.0   150885.2  136700.0 92489.1     56    2.174  20      0.776    2.950
43648.0 43648.0 27690.0  0.0   87424.0  48500.8   349568.0   158641.5  136700.0 93459.8     58    2.307  20      0.776    3.083
43648.0 43648.0  0.0   22993.0 87424.0  29853.4   349568.0   158641.5  136700.0 96060.0     59    2.372  20      0.776    3.148
43648.0 43648.0  0.0   22993.0 87424.0  31950.1   349568.0   158641.5  136700.0 96060.0     59    2.372  20      0.776    3.148
43648.0 43648.0  0.0   22993.0 87424.0  35506.8   349568.0   158641.5  136700.0 96060.8     59    2.372  20      0.776    3.148
43648.0 43648.0  0.0   22993.0 87424.0  36692.4   349568.0   158641.5  136700.0 96060.8     59    2.372  20      0.776    3.148
43648.0 43648.0 38520.2  0.0   87424.0   9627.7   349568.0   156411.5  160292.0 96288.2     62    2.538  20      0.776    3.314
43648.0 43648.0 38520.2  0.0   87424.0  12047.3   349568.0   156411.5  160292.0 96289.4     62    2.538  20      0.776    3.314
43648.0 43648.0 23716.5  0.0   87424.0  12626.7   349568.0   169944.1  160292.0 96348.2     64    2.714  20      0.776    3.490
43648.0 43648.0 23716.5  0.0   87424.0  70961.4   349568.0   169944.1  160292.0 96420.4     64    2.714  20      0.776    3.490
43648.0 43648.0  0.0   13597.7 87424.0    0.0     349568.0   169944.1  160292.0 96716.5     67    2.852  20      0.776    3.628
43648.0 43648.0 35844.2  0.0   87424.0   3149.6   349568.0   169944.1  160292.0 97833.7     70    3.048  20      0.776    3.825
43648.0 43648.0  0.0   24552.5 87424.0  22215.8   349568.0   177375.5  160292.0 97857.9     71    3.136  20      0.776    3.912
43648.0 43648.0 26167.2  0.0   87424.0  66113.8   349568.0   177375.5  160292.0 97923.5     72    3.215  20      0.776    3.991
43648.0 43648.0 26167.2  0.0   87424.0  70031.5   349568.0   177375.5  160292.0 97952.8     72    3.215  20      0.776    3.991
43648.0 43648.0 26167.2  0.0   87424.0  70863.9   349568.0   177375.5  160292.0 97952.8     72    3.215  20      0.776    3.991
43648.0 43648.0 26167.2  0.0   87424.0  73376.6   349568.0   177375.5  160292.0 97956.4     72    3.215  20      0.776    3.991
43648.0 43648.0  0.0   34712.1 87424.0  45641.5   349568.0   179366.9  160292.0 98119.5     75    3.362  20      0.776    4.138
43648.0 43648.0  0.0   34712.1 87424.0  51027.8   349568.0   179366.9  160292.0 98122.3     75    3.362  20      0.776    4.138
43648.0 43648.0 23513.3 9267.8 87424.0  87424.0   349568.0   184349.5  160292.0 98182.4     77    3.457  20      0.776    4.233
43648.0 43648.0 32601.1  0.0   87424.0  24727.4   349568.0   184349.5  160292.0 98264.1     78    3.578  20      0.776    4.355
43648.0 43648.0 32601.1  0.0   87424.0  25217.6   349568.0   184349.5  160292.0 98265.6     78    3.578  20      0.776    4.355
43648.0 43648.0 23378.3  0.0   87424.0  80367.1   349568.0   190450.2  160292.0 98335.5     80    3.715  20      0.776    4.492
43648.0 43648.0 23378.3  0.0   87424.0  81571.1   349568.0   190450.2  160292.0 98336.2     80    3.715  20      0.776    4.492
43648.0 43648.0 19823.0  0.0   87424.0  31578.1   349568.0   190450.2  160292.0 98338.0     82    3.821  20      0.776    4.598
43648.0 43648.0 19823.0  0.0   87424.0  31621.7   349568.0   190450.2  160292.0 98338.0     82    3.821  20      0.776    4.598
43648.0 43648.0 19823.0  0.0   87424.0  38838.1   349568.0   190450.2  160292.0 98361.9     82    3.821  20      0.776    4.598
43648.0 43648.0  0.0   32937.7 87424.0  12702.1   349568.0   190450.2  160292.0 98531.5     85    4.001  20      0.776    4.777
43648.0 43648.0  0.0   25876.1 87424.0  74289.8   349568.0   198699.5  160292.0 98583.2     87    4.148  20      0.776    4.924
43648.0 43648.0  0.0   25876.1 87424.0  74935.9   349568.0   198699.5  160292.0 98584.1     87    4.148  20      0.776    4.924
43648.0 43648.0  0.0   25876.1 87424.0  76954.4   349568.0   198699.5  160292.0 98590.5     87    4.148  20      0.776    4.924
43648.0 43648.0  0.0   21692.1 87424.0  54131.4   349568.0   198699.5  160292.0 98736.6     91    4.292  20      0.776    5.069
43648.0 43648.0  0.0   21692.1 87424.0  54437.6   349568.0   198699.5  160292.0 98736.6     91    4.292  20      0.776    5.069
43648.0 43648.0 32185.4  0.0   87424.0  30410.8   349568.0   199643.6  160292.0 98916.7     94    4.496  20      0.776    5.273
43648.0 43648.0 32185.4  0.0   87424.0  32208.1   349568.0   199643.6  160292.0 98918.0     94    4.496  20      0.776    5.273
43648.0 43648.0 32185.4  0.0   87424.0  32294.6   349568.0   199643.6  160292.0 98919.4     94    4.496  20      0.776    5.273
43648.0 43648.0 9877.7  0.0   87424.0  55599.2   349568.0   207154.2  160292.0 99000.7     96    4.612  20      0.776    5.388
43648.0 43648.0 9877.7  0.0   87424.0  57689.6   349568.0   207154.2  160292.0 99002.4     96    4.612  20      0.776    5.388
43648.0 43648.0 9877.7  0.0   87424.0  58655.8   349568.0   207154.2  160292.0 99002.4     96    4.612  20      0.776    5.388
43648.0 43648.0  0.0   26620.6 87424.0  35179.8   349568.0   207154.2  160292.0 99019.6     99    4.741  20      0.776    5.518
43648.0 43648.0  0.0   26620.6 87424.0  39834.8   349568.0   207154.2  160292.0 99021.0     99    4.741  20      0.776    5.518
43648.0 43648.0  0.0   26620.6 87424.0  39909.5   349568.0   207154.2  160292.0 99021.0     99    4.741  20      0.776    5.518
43648.0 43648.0 32100.2  0.0   87424.0  14273.7   349568.0   210050.2  160292.0 99032.1    102    4.928  20      0.776    5.705
43648.0 43648.0 32100.2  0.0   87424.0  14554.5   349568.0   210050.2  160292.0 99032.8    102    4.928  20      0.776    5.705
43648.0 43648.0 18458.6  0.0   87424.0  13419.2   349568.0   215091.3  160292.0 99059.7    104    5.037  20      0.776    5.813
43648.0 43648.0 18458.6  0.0   87424.0  13494.8   349568.0   215091.3  160292.0 99059.7    104    5.037  20      0.776    5.813
43648.0 43648.0 18458.6  0.0   87424.0  14660.0   349568.0   215091.3  160292.0 99059.7    104    5.037  20      0.776    5.813
43648.0 43648.0 29591.1  0.0   87424.0  71299.5   349568.0   215091.3  160292.0 99070.9    106    5.152  20      0.776    5.929
43648.0 43648.0 29591.1  0.0   87424.0  74084.1   349568.0   215091.3  160292.0 99071.4    106    5.152  20      0.776    5.929
43648.0 43648.0 21191.9  0.0   87424.0  71279.6   349568.0   215091.3  160292.0 99102.6    108    5.259  20      0.776    6.035
43648.0 43648.0 21191.9  0.0   87424.0  71676.1   349568.0   215091.3  160292.0 99104.5    108    5.259  20      0.776    6.035
43648.0 43648.0 21191.9  0.0   87424.0  73584.4   349568.0   215091.3  160292.0 99110.5    108    5.259  20      0.776    6.035
43648.0 43648.0 21191.9  0.0   87424.0  78169.5   349568.0   215091.3  160292.0 99110.8    108    5.259  20      0.776    6.035
43648.0 43648.0 21191.9  0.0   87424.0  78490.0   349568.0   215091.3  160292.0 99110.8    108    5.259  20      0.776    6.035
43648.0 43648.0 21191.9  0.0   87424.0  78528.4   349568.0   215091.3  160292.0 99110.8    108    5.259  20      0.776    6.035
43648.0 43648.0 21191.9  0.0   87424.0  78566.5   349568.0   215091.3  160292.0 99110.8    108    5.259  20      0.776    6.035
43648.0 43648.0 21191.9  0.0   87424.0  78644.3   349568.0   215091.3  160292.0 99110.8    108    5.259  20      0.776    6.035
43648.0 43648.0 31733.8  0.0   87424.0  23435.7   349568.0   236451.5  160292.0 99250.7    114    5.624  20      0.776    6.400
43648.0 43648.0 43648.0 15051.6 87424.0  87424.0   349568.0   262371.4  160292.0 99603.2    123    6.111  21      0.884    6.995
43648.0 43648.0 33413.7 22432.2 87424.0  87424.0   488208.0   292923.3  166192.0 99725.3    135    6.701  25      1.220    7.921
43648.0 43648.0  0.0   35793.2 87424.0  80635.6   488208.0   291827.4  166384.0 99759.0    141    7.135  26      1.260    8.395
43648.0 43648.0 27132.0  0.0   87424.0  32787.9   488208.0   279166.4  166576.0 99883.1    148    7.519  29      1.483    9.002
43648.0 43648.0 30426.6  0.0   87424.0  49219.9   488208.0   279166.4  166576.0 99931.6    152    7.686  29      1.535    9.221
43648.0 43648.0 28938.1  0.0   87424.0  34734.9   488208.0   302118.9  166768.0 100011.2    160    8.076  31      1.744    9.821
43648.0 43648.0 28938.1  0.0   87424.0  40688.5   488208.0   302074.3  166768.0 100012.3    160    8.076  32      1.835    9.911
43648.0 43648.0  0.0   13001.5 87424.0  39905.2   493136.0   306936.3  166768.0 100057.2    165    8.350  33      1.915   10.264
43648.0 43648.0 29677.0  0.0   87424.0    0.0     493136.0   295675.2  166768.0 100078.4    168    8.511  35      2.128   10.639
43648.0 43648.0 29677.0  0.0   87424.0  82594.4   493136.0   295675.2  166768.0 100092.8    168    8.511  35      2.128   10.639
43648.0 43648.0 29677.0  0.0   87424.0  83384.4   493136.0   295675.2  166768.0 100099.3    168    8.511  35      2.128   10.639
43648.0 43648.0 29677.0  0.0   87424.0  84508.0   493136.0   295675.2  166768.0 100099.9    168    8.511  35      2.128   10.639
43648.0 43648.0 21707.0  0.0   87424.0   4552.7   494004.0   298599.4  166960.0 100119.0    172    8.783  36      2.272   11.055
43648.0 43648.0 20226.5  0.0   87424.0   4313.1   494004.0   298599.4  166960.0 100149.5    176    8.991  37      2.406   11.397
43648.0 43648.0  0.0   20646.0 87424.0  27253.1   494004.0   298599.4  166960.0 100163.3    177    9.041  37      2.406   11.448
43648.0 43648.0 17247.6  0.0   87424.0  26662.1   494004.0   298757.5  166960.0 100171.2    182    9.326  38      2.548   11.874
43648.0 43648.0 29348.7  0.0   87424.0  56352.9   494004.0   271277.3  166960.0 100181.4    186    9.598  39      2.689   12.287
43648.0 43648.0  0.0   21948.2 87424.0  12573.4   494004.0   275647.3  166960.0 100199.2    187    9.671  39      2.689   12.360
43648.0 43648.0  0.0   34617.4 87424.0  52255.0   494004.0   277153.7  166960.0 100309.8    193   10.014  40      2.819   12.833
43648.0 43648.0 30045.5  0.0   87424.0  25490.3   494004.0   273462.9  166960.0 100312.9    196   10.204  40      2.819   13.023
43648.0 43648.0 15345.7  0.0   87424.0  63895.4   494004.0   234140.2  167196.0 100323.8    198   10.330  41      2.946   13.276
43648.0 43648.0  0.0   34583.9 87424.0  71400.7   494004.0   234140.2  167196.0 100326.8    201   10.491  41      2.946   13.437
43648.0 43648.0 27950.7  0.0   87424.0   5040.5   494004.0   248431.0  167196.0 100329.5    210   11.039  41      2.946   13.985
43648.0 43648.0  0.0   22597.8 87424.0  52864.9   494004.0   224968.1  167196.0 100395.9    217   11.365  42      3.061   14.426
43648.0 43648.0 23554.1 33095.6 87424.0  87424.0   494004.0   235757.9  167388.0 100426.3    226   11.918  43      3.189   15.107
43648.0 43648.0  0.0   22056.7 87424.0  16702.6   494004.0   244200.6  167388.0 100439.2    229   12.201  43      3.189   15.390
43648.0 43648.0 25369.7  0.0   87424.0  86813.2   494004.0   252423.3  167388.0 100442.2    235   12.544  43      3.189   15.733
43648.0 43648.0  0.0   22475.1 87424.0  39621.2   494004.0   256715.8  167388.0 100450.0    237   12.741  43      3.189   15.930
43648.0 43648.0 18692.2  0.0   87424.0  18363.4   494004.0   256715.8  167388.0 100451.2    238   12.787  43      3.189   15.976
43648.0 43648.0  0.0   31386.4 87424.0   6047.2   494004.0   272765.2  167388.0 100454.5    245   13.274  43      3.189   16.463
43648.0 43648.0  0.0   13538.5 87424.0  10879.8   504676.0   302804.0  167580.0 100485.5    253   13.642  44      3.328   16.970
43648.0 43648.0  0.0   13538.5 87424.0  78179.2   504676.0   302804.0  167580.0 100487.5    253   13.642  45      3.438   17.080
43648.0 43648.0  0.0   18186.3 87424.0  57014.0   504676.0   246133.4  167580.0 100489.1    257   13.846  47      3.747   17.593
43648.0 43648.0  0.0   33402.5 87424.0  56219.4   504676.0   246133.4  167580.0 100492.1    259   13.981  47      3.747   17.728
43648.0 43648.0  0.0   17396.6 87424.0  54961.0   504676.0   243414.8  167580.0 100494.9    261   14.098  48      3.879   17.977
43648.0 43648.0  0.0   17937.5 87424.0  55717.0   504676.0   229610.7  167580.0 100501.5    263   14.261  49      3.926   18.187
43648.0 43648.0 12184.9  0.0   87424.0  67161.3   504676.0   229610.7  167580.0 100502.5    264   14.303  49      3.926   18.229
43648.0 43648.0  0.0   15998.0 87424.0  51350.3   504676.0   229610.7  167580.0 100502.7    265   14.348  49      3.926   18.274
43648.0 43648.0 12067.8  0.0   87424.0   642.0    504676.0   229610.7  167580.0 100503.8    266   14.391  49      3.926   18.317
43648.0 43648.0 12067.8  0.0   87424.0   1749.8   504676.0   229610.7  167580.0 100504.3    266   14.391  49      3.926   18.317
43648.0 43648.0  0.0   16158.1 87424.0  85757.5   504676.0   228506.1  167580.0 100507.0    267   14.438  50      4.072   18.510
43648.0 43648.0 12015.6  0.0   87424.0  64970.8   504676.0   227707.6  167580.0 100508.5    268   14.479  50      4.072   18.551
43648.0 43648.0 14029.6  0.0   87424.0  37628.6   504676.0   223190.5  167580.0 100509.8    270   14.630  50      4.072   18.702
43648.0 43648.0 23752.0  0.0   87424.0  53114.8   504676.0   206536.2  167580.0 100509.8    272   14.748  51      4.192   18.939
43648.0 43648.0 23752.0  0.0   87424.0  87188.2   504676.0   206536.2  167580.0 100510.2    272   14.748  51      4.192   18.939
43648.0 43648.0 12014.4  0.0   87424.0   3317.8   504676.0   210320.2  167580.0 100511.1    274   14.852  51      4.192   19.044
43648.0 43648.0 7236.8  0.0   87424.0  68870.2   504676.0   210367.0  167580.0 100513.8    276   14.911  51      4.192   19.103
43648.0 43648.0 29027.0  0.0   87424.0  34940.1   504676.0   210439.3  167580.0 100528.8    278   15.016  51      4.192   19.208
43648.0 43648.0  0.0   23825.6 87424.0   4734.1   504676.0   210532.9  167580.0 100529.0    281   15.158  52      4.290   19.448
43648.0 43648.0  0.0   23825.6 87424.0  79175.0   504676.0   197318.5  167580.0 100528.8    281   15.158  52      4.290   19.448
43648.0 43648.0  0.0   15079.0 87424.0  81266.7   504676.0   197364.8  167580.0 100528.9    283   15.246  53      4.447   19.692
43648.0 43648.0  0.0   35828.7 87424.0  10269.4   504676.0   199813.2  167580.0 100528.9    287   15.495  53      4.447   19.942
43648.0 43648.0  0.0   10040.8 87424.0  21202.9   504676.0   203073.0  167580.0 100535.2    289   15.592  53      4.447   20.038
43648.0 43648.0  0.0   10040.8 87424.0  33535.8   504676.0   203073.0  167580.0 100540.2    289   15.592  53      4.447   20.038
43648.0 43648.0  0.0   10040.8 87424.0  41601.1   504676.0   203073.0  167580.0 100541.4    289   15.592  53      4.447   20.038
43648.0 43648.0  0.0   10040.8 87424.0  44001.0   504676.0   203073.0  167580.0 100541.4    289   15.592  53      4.447   20.038
43648.0 43648.0  0.0   10040.8 87424.0  82572.2   504676.0   202765.2  167580.0 100541.4    289   15.592  54      4.544   20.135
43648.0 43648.0 19384.7  0.0   87424.0  84699.2   504676.0   202715.5  167580.0 100541.9    292   15.729  54      4.544   20.272
43648.0 43648.0  0.0   25941.0 87424.0  24770.5   504676.0   202715.5  167580.0 100541.9    293   15.793  54      4.544   20.336
43648.0 43648.0  0.0   31642.8 87424.0  54819.1   504676.0   196473.2  167580.0 100541.9    295   15.912  54      4.544   20.456
43648.0 43648.0 12472.6  0.0   87424.0  40991.0   504676.0   200553.2  167580.0 100572.1    300   16.059  55      4.603   20.662
43648.0 43648.0 12472.6  0.0   87424.0  77915.2   504676.0   200553.2  167580.0 100572.1    300   16.059  55      4.603   20.662
43648.0 43648.0 12472.6  0.0   87424.0  81092.6   504676.0   200553.2  167580.0 100572.1    300   16.059  55      4.603   20.662
43648.0 43648.0 12472.6  0.0   87424.0  81595.5   504676.0   200553.2  167580.0 100572.1    300   16.059  55      4.603   20.662
43648.0 43648.0 12472.6  0.0   87424.0  81633.9   504676.0   200553.2  167580.0 100572.1    300   16.059  55      4.603   20.662
43648.0 43648.0  0.0   21075.9 87424.0  26145.1   504676.0   200553.2  167580.0 100572.1    301   16.100  55      4.603   20.703
43648.0 43648.0 30454.3  0.0   87424.0   2560.8   504676.0   200643.6  167580.0 100580.2    304   16.254  55      4.603   20.857
43648.0 43648.0 30454.3  0.0   87424.0   5520.6   504676.0   200643.6  167580.0 100580.2    304   16.254  55      4.603   20.857
43648.0 43648.0 30454.3  0.0   87424.0  42562.5   504676.0   200643.6  167580.0 100580.2    304   16.254  55      4.603   20.857
43648.0 43648.0  0.0   23143.6 87424.0  22498.0   504676.0   204072.1  167580.0 100583.0    307   16.408  55      4.603   21.011
43648.0 43648.0  0.0   23143.6 87424.0  56041.6   504676.0   204072.1  167580.0 100583.0    307   16.408  55      4.603   21.011
43648.0 43648.0 31717.9  0.0   87424.0    0.0     504676.0   204072.1  167580.0 100583.0    310   16.580  55      4.603   21.183
43648.0 43648.0 31717.9  0.0   87424.0  23088.3   504676.0   204072.1  167580.0 100583.0    310   16.580  55      4.603   21.183
43648.0 43648.0 31717.9  0.0   87424.0  23166.7   504676.0   204072.1  167580.0 100583.0    310   16.580  55      4.603   21.183
43648.0 43648.0 31717.9  0.0   87424.0  25983.9   504676.0   204072.1  167580.0 100583.0    310   16.580  55      4.603   21.183
43648.0 43648.0  0.0   30434.4 87424.0  55421.8   504676.0   206160.5  167580.0 100586.3    313   16.764  55      4.603   21.367
43648.0 43648.0  0.0   30434.4 87424.0  59500.2   504676.0   206160.5  167580.0 100586.6    313   16.764  55      4.603   21.367
43648.0 43648.0  0.0   9361.3 87424.0  40570.9   504676.0   210438.6  167580.0 100586.6    315   16.859  55      4.603   21.462
43648.0 43648.0 23949.7  0.0   87424.0  33490.0   504676.0   210438.6  167580.0 100586.6    318   17.028  55      4.603   21.631
43648.0 43648.0 20102.0  0.0   87424.0  37357.6   504676.0   210443.9  167580.0 100588.6    320   17.135  55      4.603   21.738
43648.0 43648.0  0.0   15360.5 87424.0  17511.7   504676.0   210443.9  167580.0 100591.5    321   17.183  55      4.603   21.786
43648.0 43648.0  0.0   15360.5 87424.0  20129.5   504676.0   210443.9  167580.0 100591.5    321   17.183  55      4.603   21.786
43648.0 43648.0  0.0   15360.5 87424.0  26720.4   504676.0   210443.9  167580.0 100591.6    321   17.183  55      4.603   21.786
43648.0 43648.0  0.0   15360.5 87424.0  32233.7   504676.0   210443.9  167580.0 100591.9    321   17.183  55      4.603   21.786
43648.0 43648.0  0.0   28941.3 87424.0  85874.8   504676.0   210887.4  167580.0 100591.9    323   17.265  55      4.603   21.868
43648.0 43648.0 23061.4  0.0   87424.0   806.2    504676.0   210887.4  167580.0 100592.2    324   17.336  55      4.603   21.939
43648.0 43648.0 23061.4  0.0   87424.0   4861.2   504676.0   210887.4  167580.0 100592.2    324   17.336  55      4.603   21.939
43648.0 43648.0 30926.1  0.0   87424.0  63210.1   504676.0   211689.6  167580.0 100592.2    326   17.453  55      4.603   22.056
43648.0 43648.0 18929.2  0.0   87424.0  78010.6   504676.0   217319.9  167580.0 100610.5    328   17.580  55      4.603   22.183
43648.0 43648.0 18929.2  0.0   87424.0  79806.2   504676.0   217319.9  167580.0 100610.5    328   17.580  55      4.603   22.183
43648.0 43648.0  0.0   32561.2 87424.0  82218.5   504676.0   217319.9  167580.0 100612.2    331   17.746  55      4.603   22.349
43648.0 43648.0  0.0   32561.2 87424.0  83370.0   504676.0   217319.9  167580.0 100612.2    331   17.746  55      4.603   22.349
43648.0 43648.0 23667.4  0.0   87424.0   2997.5   504676.0   221583.0  167580.0 100612.2    332   17.833  55      4.603   22.436
43648.0 43648.0 19177.5 13470.8 87424.0  87424.0   504676.0   221583.0  167580.0 100613.1    335   17.930  55      4.603   22.533
43648.0 43648.0  0.0   30724.8 87424.0  81385.5   504676.0   232599.4  167580.0 100620.6    339   18.278  56      4.771   23.049
43648.0 43648.0 23147.8  0.0   87424.0   2102.3   504676.0   232599.4  167580.0 100620.6    340   18.326  56      4.771   23.097
43648.0 43648.0 23147.8  0.0   87424.0   2385.4   504676.0   232599.4  167580.0 100620.6    340   18.326  56      4.771   23.097
43648.0 43648.0 23147.8  0.0   87424.0   2491.8   504676.0   232599.4  167580.0 100620.6    340   18.326  56      4.771   23.097
43648.0 43648.0 26645.9  0.0   87424.0  60534.8   504676.0   230060.0  167580.0 100620.6    342   18.436  56      4.771   23.208
43648.0 43648.0 26645.9  0.0   87424.0  61610.0   504676.0   230060.0  167580.0 100620.6    342   18.436  56      4.771   23.208
43648.0 43648.0 25008.7  0.0   87424.0  11537.8   504676.0   235341.6  167580.0 100636.2    346   18.690  56      4.771   23.461
43648.0 43648.0 25008.7  0.0   87424.0  15498.3   504676.0   235341.6  167580.0 100636.2    346   18.690  56      4.771   23.461
43648.0 43648.0 25008.7  0.0   87424.0  51348.1   504676.0   235190.3  167580.0 100637.9    346   18.690  56      4.771   23.461
43648.0 43648.0 25008.7  0.0   87424.0  54259.7   504676.0   235190.3  167580.0 100637.9    346   18.690  56      4.771   23.461
43648.0 43648.0 25008.7  0.0   87424.0  56302.7   504676.0   235190.3  167580.0 100637.9    346   18.690  56      4.771   23.461
43648.0 43648.0  0.0   23508.1 87424.0  22428.7   504676.0   232328.6  167580.0 100638.0    349   18.773  56      4.771   23.544
43648.0 43648.0 15389.1  0.0   87424.0  31478.6   504676.0   229134.5  167580.0 100649.8    352   18.910  56      4.771   23.681
43648.0 43648.0 15389.1  0.0   87424.0  40066.7   504676.0   229134.5  167580.0 100650.8    352   18.910  56      4.771   23.681
43648.0 43648.0  0.0   31673.7 87424.0   8577.6   504676.0   226668.3  167580.0 100651.6    355   19.067  56      4.771   23.838
43648.0 43648.0  0.0   31673.7 87424.0  11930.1   504676.0   226668.3  167580.0 100652.7    355   19.067  56      4.771   23.838
43648.0 43648.0  0.0   31673.7 87424.0  11968.8   504676.0   226668.3  167580.0 100652.7    355   19.067  56      4.771   23.838
43648.0 43648.0  0.0   28026.4 87424.0  69944.7   504676.0   228232.5  167580.0 100652.7    357   19.193  56      4.771   23.965
43648.0 43648.0  0.0   20820.3 87424.0  86857.2   504676.0   228232.5  167580.0 100503.9    359   19.233  56      4.771   24.005
43648.0 43648.0  0.0   26281.3 87424.0  57076.8   504676.0   228232.5  167580.0 100503.9    361   19.269  56      4.771   24.041
43648.0 43648.0 28593.5  0.0   87424.0  59521.9   504676.0   228232.5  167580.0 100503.9    362   19.303  56      4.771   24.075
43648.0 43648.0  0.0   28279.8 87424.0  35309.4   504676.0   233185.6  167580.0 100505.6    365   19.487  56      4.771   24.258
43648.0 43648.0  0.0   28279.8 87424.0  57819.0   504676.0   233185.6  167580.0 100505.6    365   19.487  56      4.771   24.258
43648.0 43648.0  0.0   13157.4 87424.0  37386.7   504676.0   236197.8  167580.0 100508.7    367   19.592  56      4.771   24.364
43648.0 43648.0 23898.3  0.0   87424.0  30351.5   504676.0   236197.8  167580.0 100508.7    368   19.644  56      4.771   24.415
43648.0 43648.0 29843.1  0.0   87424.0  76292.2   504676.0   236197.8  167580.0 100508.7    370   19.754  56      4.771   24.526
43648.0 43648.0  0.0   34014.9 87424.0  46161.3   504676.0   237356.8  167580.0 100509.5    373   19.966  56      4.771   24.737
43648.0 43648.0  0.0   34014.9 87424.0  48346.0   504676.0   237356.8  167580.0 100509.5    373   19.966  56      4.771   24.737
43648.0 43648.0  0.0   34014.9 87424.0  49272.8   504676.0   237356.8  167580.0 100509.5    373   19.966  56      4.771   24.737
43648.0 43648.0  0.0   23787.3 87424.0  12545.2   504676.0   248181.6  167580.0 100515.3    377   20.229  56      4.771   25.001
43648.0 43648.0 28314.2  0.0   87424.0  15582.4   504676.0   248181.6  167580.0 100516.5    380   20.378  56      4.771   25.149
43648.0 43648.0 28314.2  0.0   87424.0  16360.5   504676.0   248181.6  167580.0 100516.5    380   20.378  56      4.771   25.149
43648.0 43648.0 28314.2  0.0   87424.0  22675.1   504676.0   248181.6  167580.0 100516.5    380   20.378  56      4.771   25.149
43648.0 43648.0 19845.7  0.0   87424.0  71069.2   504676.0   251057.7  167580.0 100521.8    384   20.608  56      4.771   25.379
43648.0 43648.0  0.0   19526.2 87424.0  62245.5   504676.0   256943.0  167580.0 100523.2    387   20.818  56      4.771   25.589
43648.0 43648.0  0.0   19526.2 87424.0  65958.9   504676.0   256943.0  167580.0 100523.2    387   20.818  56      4.771   25.589
43648.0 43648.0  0.0   19526.2 87424.0  69301.3   504676.0   256943.0  167580.0 100523.2    387   20.818  56      4.771   25.589
43648.0 43648.0 33733.6 20534.3 87424.0  87424.0   504676.0   257426.7  167580.0 100523.2    391   21.050  56      4.771   25.822
43648.0 43648.0 22130.9  0.0   87424.0  14683.4   504676.0   264277.2  167580.0 100524.4    394   21.303  56      4.771   26.075
43648.0 43648.0 28772.6  0.0   87424.0  16053.8   504676.0   264277.2  167580.0 100536.0    398   21.505  56      4.771   26.276
43648.0 43648.0 28772.6  0.0   87424.0  49163.5   504676.0   264277.2  167580.0 100536.0    398   21.505  56      4.771   26.276
43648.0 43648.0  0.0   24419.8 87424.0  66490.4   504676.0   274517.4  167580.0 100540.7    405   21.903  56      4.771   26.675
43648.0 43648.0  0.0   27913.0 87424.0  48033.2   504676.0   274517.4  167580.0 100546.6    407   22.010  56      4.771   26.781
43648.0 43648.0 22178.3  0.0   87424.0  37563.5   504676.0   277789.7  167580.0 100551.8    408   22.079  56      4.771   26.851
43648.0 43648.0 23948.1  0.0   87424.0  46481.5   504676.0   283211.1  167580.0 100552.6    412   22.319  56      4.771   27.090
43648.0 43648.0  0.0   19322.1 87424.0  64579.3   504676.0   283211.1  167580.0 100552.6    413   22.379  56      4.771   27.151
43648.0 43648.0 17440.5  0.0   87424.0  48924.5   504676.0   283211.1  167580.0 100552.6    414   22.434  56      4.771   27.205
43648.0 43648.0  0.0   30254.5 87424.0  17443.6   504676.0   283211.1  167580.0 100552.6    417   22.595  56      4.771   27.366
43648.0 43648.0  0.0   30254.5 87424.0  22531.8   504676.0   283211.1  167580.0 100552.6    417   22.595  56      4.771   27.366
43648.0 43648.0  0.0   23496.0 87424.0  78409.7   504676.0   287428.6  167580.0 100552.6    419   22.688  56      4.771   27.459
43648.0 43648.0 20814.2  0.0   87424.0  82780.9   504676.0   287428.6  167580.0 100557.9    422   22.832  56      4.771   27.604
43648.0 43648.0 33098.8  0.0   87424.0  51980.6   504676.0   295858.3  167580.0 100558.7    428   23.099  57      4.820   27.919
43648.0 43648.0 19159.5  0.0   87424.0  84311.3   504676.0   304650.2  167580.0 100558.8    433   23.317  57      4.820   28.137
43648.0 43648.0  0.0   21081.9 87424.0  67313.2   504676.0   304650.2  167580.0 100561.5    435   23.473  57      4.820   28.293
43648.0 43648.0  0.0   21081.9 87424.0  71752.8   504676.0   304650.2  167580.0 100561.5    435   23.473  57      4.820   28.293
43648.0 43648.0 26802.8  0.0   87424.0  21834.3   504676.0   304650.2  167580.0 100566.6    436   23.526  57      4.820   28.346
43648.0 43648.0 26540.8  0.0   87424.0  77946.4   504676.0   270518.3  167580.0 100566.7    438   23.649  58      5.033   28.681
43648.0 43648.0  0.0   23174.3 87424.0  63137.5   504676.0   261309.1  167580.0 100566.7    439   23.729  58      5.033   28.762
43648.0 43648.0 32305.4  0.0   87424.0  30365.1   504676.0   229756.0  167580.0 100566.7    442   23.916  58      5.033   28.949
43648.0 43648.0  0.0   30256.3 87424.0  86532.3   504676.0   232083.2  167580.0 100224.6    443   24.017  59      5.202   29.219
43648.0 43648.0 25303.1  0.0   87424.0   5203.0   504676.0   238956.8  167580.0 100224.6    444   24.052  59      5.202   29.254
43648.0 43648.0 25303.1  0.0   87424.0   5278.1   504676.0   238956.8  167580.0 100224.6    444   24.052  59      5.202   29.254
43648.0 43648.0  0.0   34749.0 87424.0  79603.5   504676.0   238956.8  167580.0 100236.3    447   24.198  59      5.202   29.400
43648.0 43648.0  0.0   34749.0 87424.0  80817.5   504676.0   238956.8  167580.0 100236.3    447   24.198  59      5.202   29.400
43648.0 43648.0 25865.5  0.0   87424.0  48094.1   504676.0   208204.6  167580.0 100106.3    450   24.363  60      5.362   29.725
43648.0 43648.0  0.0   18690.7 87424.0  56374.1   504676.0   208204.6  167580.0 100106.3    451   24.417  61      5.509   29.926
43648.0 43648.0  0.0   18690.7 87424.0  59864.3   504676.0   208204.6  167580.0 100106.3    451   24.417  61      5.509   29.926
43648.0 43648.0 27170.8 17330.7 87424.0  87424.0   504676.0   210065.5  167580.0 100106.3    455   24.585  61      5.509   30.094
43648.0 43648.0 14055.4  0.0   87424.0  13558.4   504676.0   210580.3  167580.0 100109.4    458   24.783  61      5.509   30.292
43648.0 43648.0 14055.4  0.0   87424.0  60958.6   504676.0   210580.3  167580.0 100109.9    458   24.783  61      5.509   30.292
43648.0 43648.0  0.0   11267.1 87424.0   6002.2   504676.0   210580.3  167580.0 100109.9    459   24.822  61      5.509   30.331
43648.0 43648.0  0.0   11267.1 87424.0  41983.1   504676.0   210580.3  167580.0 100109.9    459   24.822  61      5.509   30.331
43648.0 43648.0  0.0   11267.1 87424.0  45102.8   504676.0   210580.3  167580.0 100109.9    459   24.822  62      5.509   30.331
43648.0 43648.0 22246.1  0.0   87424.0  14038.0   504676.0   188587.2  167580.0 100109.9    462   25.007  63      5.728   30.735
43648.0 43648.0 12495.4  0.0   87424.0  26893.8   504676.0   189852.3  167580.0 100111.0    464   25.093  63      5.728   30.821
43648.0 43648.0 12495.4  0.0   87424.0  70412.6   504676.0   189852.3  167580.0 100111.0    464   25.093  63      5.728   30.821
43648.0 43648.0 12495.4  0.0   87424.0  70451.4   504676.0   189852.3  167580.0 100111.0    464   25.093  63      5.728   30.821
43648.0 43648.0  0.0   14713.3 87424.0  17346.7   504676.0   191709.6  167580.0 100111.0    465   25.140  63      5.728   30.868
43648.0 43648.0 16160.5  0.0   87424.0  67781.8   504676.0   192784.6  167580.0 100111.0    468   25.280  63      5.728   31.007
43648.0 43648.0  0.0   15065.6 87424.0  65066.4   504676.0   192787.0  167580.0 100111.8    469   25.315  63      5.728   31.043
43648.0 43648.0  0.0   15065.6 87424.0  65068.5   504676.0   192787.0  167580.0 100111.8    469   25.315  63      5.728   31.043
43648.0 43648.0  0.0   15065.6 87424.0  67539.9   504676.0   192787.0  167580.0 100112.2    469   25.315  63      5.728   31.043
43648.0 43648.0  0.0   15065.6 87424.0  68695.1   504676.0   192787.0  167580.0 100112.2    469   25.315  63      5.728   31.043
43648.0 43648.0  0.0   15065.6 87424.0  70750.6   504676.0   192787.0  167580.0 100112.2    469   25.315  63      5.728   31.043
43648.0 43648.0  0.0   15065.6 87424.0  70817.8   504676.0   192787.0  167580.0 100112.2    469   25.315  63      5.728   31.043
43648.0 43648.0  0.0   15065.6 87424.0  70892.4   504676.0   192787.0  167580.0 100112.2    469   25.315  63      5.728   31.043
43648.0 43648.0  0.0   15065.6 87424.0  72100.6   504676.0   192787.0  167580.0 100112.2    469   25.315  63      5.728   31.043
43648.0 43648.0  0.0   15065.6 87424.0  72424.9   504676.0   192787.0  167580.0 100112.2    469   25.315  63      5.728   31.043
43648.0 43648.0  0.0   15065.6 87424.0  72745.5   504676.0   192787.0  167580.0 100112.2    469   25.315  63      5.728   31.043
43648.0 43648.0  0.0   15065.6 87424.0  72783.2   504676.0   192787.0  167580.0 100112.2    469   25.315  63      5.728   31.043
43648.0 43648.0  0.0   15065.6 87424.0  72864.8   504676.0   192787.0  167580.0 100112.2    469   25.315  63      5.728   31.043
43648.0 43648.0  0.0   15065.6 87424.0  73951.7   504676.0   192787.0  167580.0 100112.2    469   25.315  63      5.728   31.043
43648.0 43648.0  0.0   30688.1 87424.0   8162.2   504676.0   197006.1  167580.0 100123.8    475   25.672  63      5.728   31.400
43648.0 43648.0  0.0   23799.2 87424.0  71191.4   504676.0   201491.2  167580.0 100123.8    477   25.827  63      5.728   31.554
43648.0 43648.0  0.0   23799.2 87424.0  72322.7   504676.0   201491.2  167580.0 100123.8    477   25.827  63      5.728   31.554
43648.0 43648.0  0.0   41617.0 87424.0   7168.6   504676.0   215858.8  167580.0 100123.8    483   26.179  63      5.728   31.907
43648.0 43648.0  0.0   41617.0 87424.0  85147.8   504676.0   215858.8  167580.0 100123.8    483   26.179  63      5.728   31.907
43648.0 43648.0 28244.1  0.0   87424.0   5450.4   504676.0   225190.7  167580.0 100123.8    484   26.276  63      5.728   32.004
43648.0 43648.0 28244.1  0.0   87424.0   6584.0   504676.0   225190.7  167580.0 100123.8    484   26.276  63      5.728   32.004
43648.0 43648.0  0.0   12090.2 87424.0   8313.9   504676.0   225190.7  167580.0 100127.4    485   26.314  63      5.728   32.042
43648.0 43648.0 18665.5  0.0   87424.0  79693.7   504676.0   209538.4  167580.0 100130.9    488   26.475  64      5.847   32.321
43648.0 43648.0  0.0   30946.5 87424.0  84578.7   504676.0   207368.4  167580.0 100057.3    491   26.656  65      5.977   32.633
43648.0 43648.0  0.0   30946.5 87424.0  85515.1   504676.0   207368.4  167580.0 100057.3    491   26.656  65      5.977   32.633
43648.0 43648.0 31745.6  0.0   87424.0  56752.5   504676.0   212968.1  167580.0 100058.6    494   26.873  65      5.977   32.849
43648.0 43648.0 31745.6  0.0   87424.0  59371.1   504676.0   212968.1  167580.0 100058.6    494   26.873  65      5.977   32.849
43648.0 43648.0  0.0   33938.9 87424.0  14278.7   504676.0   218113.0  167580.0 100058.6    495   26.959  65      5.977   32.936
43648.0 43648.0  0.0   33938.9 87424.0  46221.4   504676.0   218113.0  167580.0 100058.6    495   26.959  65      5.977   32.936
43648.0 43648.0 17092.1  0.0   87424.0   3116.3   504676.0   201882.3  167580.0 100020.9    496   27.002  66      6.077   33.079
43648.0 43648.0 23906.2  0.0   87424.0  71500.8   504676.0   204320.4  167580.0 100020.9    500   27.262  67      6.228   33.490
43648.0 43648.0  0.0   43301.9 87424.0  14069.6   504676.0   205428.3  167580.0 100022.2    505   27.602  67      6.228   33.830
43648.0 43648.0  0.0   43301.9 87424.0  74911.9   504676.0   205428.3  167580.0 100022.2    505   27.602  67      6.228   33.830
43648.0 43648.0  0.0   43301.9 87424.0  77963.7   504676.0   205428.3  167580.0 100022.2    505   27.602  67      6.228   33.830
43648.0 43648.0  0.0   43301.9 87424.0  78002.2   504676.0   205428.3  167580.0 100022.2    505   27.602  67      6.228   33.830
43648.0 43648.0  0.0   26324.7 87424.0  20803.8   504676.0   210547.9  167580.0 100039.3    509   27.887  68      6.375   34.262
43648.0 43648.0 23697.7  0.0   87424.0  23352.1   504676.0   201690.3  167580.0 100039.3    512   28.093  68      6.375   34.467
43648.0 43648.0 23697.7  0.0   87424.0  27654.9   504676.0   201690.3  167580.0 100039.3    512   28.093  68      6.375   34.467
43648.0 43648.0  0.0   15523.2 87424.0  75180.8   504676.0   201690.3  167580.0 100039.3    513   28.140  69      6.528   34.668
43648.0 43648.0  0.0   20316.1 87424.0   1795.0   504676.0   201690.3  167580.0 100046.8    515   28.258  69      6.528   34.786
43648.0 43648.0  0.0   20316.1 87424.0   3796.4   504676.0   201690.3  167580.0 100046.8    515   28.258  69      6.528   34.786
43648.0 43648.0  0.0   20316.1 87424.0  41043.8   504676.0   201690.3  167580.0 100046.8    515   28.258  69      6.528   34.786
43648.0 43648.0 18992.1  0.0   87424.0  25271.6   504676.0   202854.9  167580.0 100046.8    516   28.313  69      6.528   34.841
43648.0 43648.0  0.0   29933.7 87424.0  26668.4   504676.0   202170.1  167580.0 100046.9    519   28.459  70      6.676   35.135
43648.0 43648.0  0.0   29933.7 87424.0  27656.6   504676.0   202170.1  167580.0 100046.9    519   28.459  70      6.676   35.135
43648.0 43648.0 30387.1  0.0   87424.0  37530.3   504676.0   217216.4  167580.0 100050.1    526   28.773  70      6.676   35.449
43648.0 43648.0 30387.1  0.0   87424.0  62459.3   504676.0   217216.4  167580.0 100052.0    526   28.773  70      6.676   35.449
43648.0 43648.0  0.0   37314.6 87424.0  31140.8   504676.0   217216.4  167580.0 100061.1    529   29.013  71      6.836   35.849
43648.0 43648.0 25383.2 37314.6 87424.0  87424.0   504676.0   227775.4  167580.0 100061.1    530   29.013  71      6.836   35.849
43648.0 43648.0 20870.2  0.0   87424.0  36965.6   504676.0   231907.4  167580.0 100062.8    532   29.239  71      6.836   36.075
43648.0 43648.0 31299.5  0.0   87424.0  10865.9   504676.0   248900.0  167580.0 100065.7    538   29.647  72      6.987   36.634
43648.0 43648.0 31299.5  0.0   87424.0  18539.8   504676.0   248900.0  167580.0 100066.2    538   29.647  72      6.987   36.634
43648.0 43648.0 23725.0  0.0   87424.0  35379.1   504676.0   240867.6  167580.0 100072.7    540   29.745  72      6.987   36.732
43648.0 43648.0 26115.4  0.0   87424.0   897.6    504676.0   240867.6  167580.0 100072.7    542   29.869  73      7.143   37.012
43648.0 43648.0 30939.8  0.0   87424.0  75305.3   504676.0   253310.9  167580.0 100074.4    546   30.181  73      7.143   37.323
43648.0 43648.0  0.0   17663.2 87424.0  16299.6   504676.0   259756.1  167580.0 100076.4    551   30.486  73      7.143   37.628
43648.0 43648.0  0.0   17663.2 87424.0  79324.6   504676.0   259756.1  167580.0 100078.9    551   30.486  73      7.143   37.628
43648.0 43648.0 18917.0  0.0   87424.0  26908.9   504676.0   259756.1  167580.0 100078.9    552   30.535  73      7.143   37.677
43648.0 43648.0 18917.0  0.0   87424.0  28270.1   504676.0   259756.1  167580.0 100078.9    552   30.535  73      7.143   37.677
43648.0 43648.0 30321.1  0.0   87424.0  25198.2   504676.0   262277.6  167580.0 100079.3    556   30.711  74      7.299   38.010
43648.0 43648.0 30321.1  0.0   87424.0  64787.2   504676.0   261361.2  167580.0 100079.3    556   30.711  74      7.299   38.010
43648.0 43648.0  0.0   23137.2 87424.0  44129.8   504676.0   235684.0  167580.0 100079.3    557   30.787  74      7.299   38.086
43648.0 43648.0  0.0   23137.2 87424.0  81773.3   504676.0   235684.0  167580.0 100079.3    557   30.787  74      7.299   38.086
43648.0 43648.0 15436.9  0.0   87424.0  68315.3   504676.0   235684.0  167580.0 100080.2    558   30.833  75      7.437   38.270
43648.0 43648.0 15436.9  0.0   87424.0  68570.6   504676.0   235684.0  167580.0 100080.2    558   30.833  75      7.437   38.270
43648.0 43648.0  0.0   16454.0 87424.0  22381.1   504676.0   235684.0  167580.0 100080.3    561   30.972  75      7.437   38.409
43648.0 43648.0  0.0   22834.5 87424.0  17840.5   504676.0   240770.0  167580.0 100080.3    567   31.311  75      7.437   38.748
43648.0 43648.0  0.0   22834.5 87424.0  73602.8   504676.0   240770.0  167580.0 100080.3    567   31.311  75      7.437   38.748
43648.0 43648.0  0.0   22834.5 87424.0  77396.9   504676.0   240770.0  167580.0 100080.3    567   31.311  75      7.437   38.748
43648.0 43648.0  0.0   22834.5 87424.0  77943.3   504676.0   240770.0  167580.0 100080.3    567   31.311  75      7.437   38.748
43648.0 43648.0 28963.1  0.0   87424.0  41766.3   504676.0   243831.0  167580.0 100080.3    570   31.458  75      7.437   38.895
43648.0 43648.0 28963.1  0.0   87424.0  42249.4   504676.0   199313.9  167580.0 100080.3    570   31.458  76      7.555   39.013
43648.0 43648.0 28963.1  0.0   87424.0  54519.8   504676.0   199313.9  167580.0 100080.3    570   31.458  76      7.555   39.013
43648.0 43648.0  0.0   23799.3 87424.0  17386.9   504676.0   203182.6  167580.0 100080.3    573   31.632  77      7.712   39.344
43648.0 43648.0 19022.5  0.0   87424.0  85040.9   504676.0   205200.9  167580.0 100080.3    574   31.687  77      7.712   39.399
43648.0 43648.0 36299.5  0.0   87424.0  71697.3   504676.0   208534.6  167580.0 100081.2    580   32.051  77      7.712   39.762
43648.0 43648.0 36299.5  0.0   87424.0  72063.2   504676.0   208534.6  167580.0 100081.2    580   32.051  77      7.712   39.762
43648.0 43648.0  0.0   25156.6 87424.0  24002.3   504676.0   214674.2  167580.0 100081.2    581   32.139  77      7.712   39.851
43648.0 43648.0  0.0   27834.5 87424.0  16195.2   504676.0   219620.0  167580.0 100082.2    587   32.455  77      7.712   40.166
43648.0 43648.0  0.0   27834.5 87424.0  18733.6   504676.0   219620.0  167580.0 100082.2    587   32.455  77      7.712   40.166
43648.0 43648.0  0.0   27834.5 87424.0  22535.5   504676.0   219620.0  167580.0 100082.2    587   32.455  77      7.712   40.166
43648.0 43648.0  0.0   27834.5 87424.0  58543.9   504676.0   219620.0  167580.0 100082.2    587   32.455  77      7.712   40.166
43648.0 43648.0  0.0   27834.5 87424.0  58582.6   504676.0   219620.0  167580.0 100082.2    587   32.455  77      7.712   40.166
43648.0 43648.0  0.0   27834.5 87424.0  59733.2   504676.0   219620.0  167580.0 100082.2    587   32.455  77      7.712   40.166
43648.0 43648.0  0.0   27834.5 87424.0  60312.0   504676.0   219620.0  167580.0 100082.2    587   32.455  77      7.712   40.166
43648.0 43648.0 22244.5  0.0   87424.0  12926.7   504676.0   223213.1  167580.0 100082.2    588   32.485  77      7.712   40.197
43648.0 43648.0 22244.5  0.0   87424.0  77887.7   504676.0   223213.1  167580.0 100082.2    588   32.485  77      7.712   40.197
43648.0 43648.0 22244.5  0.0   87424.0  82074.1   504676.0   223213.1  167580.0 100082.5    588   32.485  77      7.712   40.197
43648.0 43648.0 21086.0  0.0   87424.0  35603.5   504676.0   227037.2  167580.0 100082.5    592   32.716  77      7.712   40.427
43648.0 43648.0 17580.5  0.0   87424.0  14393.1   504676.0   227037.2  167580.0 100083.8    594   32.802  77      7.712   40.513
43648.0 43648.0 17580.5  0.0   87424.0  53886.5   504676.0   226920.7  167580.0 100083.8    594   32.802  78      7.862   40.664
43648.0 43648.0 17580.5  0.0   87424.0  55002.0   504676.0   226920.7  167580.0 100084.4    594   32.802  78      7.862   40.664
43648.0 43648.0 17580.5  0.0   87424.0  57247.5   504676.0   226920.7  167580.0 100084.4    594   32.802  78      7.862   40.664
43648.0 43648.0 17580.5  0.0   87424.0  60065.0   504676.0   226920.7  167580.0 100087.8    594   32.802  78      7.862   40.664
43648.0 43648.0  0.0   31124.8 87424.0  27738.1   504676.0   226378.2  167580.0 100087.8    597   32.913  78      7.862   40.774
43648.0 43648.0  0.0   18846.5 87424.0  82965.4   504676.0   230246.8  167580.0 100087.8    599   33.034  78      7.862   40.896
43648.0 43648.0 15404.7  0.0   87424.0  15716.7   504676.0   220054.8  167580.0 100087.8    602   33.205  78      7.862   41.067
43648.0 43648.0 28236.7  0.0   87424.0  71272.8   504676.0   212379.0  167580.0 100087.8    604   33.317  78      7.862   41.179
43648.0 43648.0 28236.7  0.0   87424.0  71274.8   504676.0   212379.0  167580.0 100087.8    604   33.317  78      7.862   41.179
43648.0 43648.0  0.0   30245.3 87424.0  65829.2   504676.0   213979.3  167580.0 100089.7    607   33.519  78      7.862   41.381
43648.0 43648.0 14511.5  0.0   87424.0   412.3    504676.0   222977.5  167580.0 100089.9    612   33.882  78      7.862   41.744
43648.0 43648.0 14511.5  0.0   87424.0   5167.2   504676.0   222977.5  167580.0 100089.9    612   33.882  78      7.862   41.744
43648.0 43648.0 14511.5  0.0   87424.0   6440.6   504676.0   222977.5  167580.0 100089.9    612   33.882  78      7.862   41.744
43648.0 43648.0  0.0   29745.8 87424.0  54053.3   504676.0   222977.5  167580.0 100091.5    615   34.052  78      7.862   41.914
43648.0 43648.0 23702.4  0.0   87424.0   8977.1   504676.0   226008.6  167580.0 100091.5    616   34.077  78      7.862   41.939
43648.0 43648.0 23702.4  0.0   87424.0  45649.2   504676.0   226008.6  167580.0 100091.5    616   34.077  78      7.862   41.939
43648.0 43648.0 23702.4  0.0   87424.0  48359.9   504676.0   226008.6  167580.0 100091.5    616   34.077  78      7.862   41.939
43648.0 43648.0 23702.4  0.0   87424.0  48946.1   504676.0   226008.6  167580.0 100091.5    616   34.077  78      7.862   41.939
43648.0 43648.0 23702.4  0.0   87424.0  80996.0   504676.0   226008.6  167580.0 100091.5    616   34.077  78      7.862   41.939
43648.0 43648.0 23702.4  0.0   87424.0  84159.2   504676.0   226008.6  167580.0 100091.5    616   34.077  78      7.862   41.939
43648.0 43648.0 23702.4  0.0   87424.0  86293.8   504676.0   226008.6  167580.0 100091.5    616   34.077  78      7.862   41.939
43648.0 43648.0  0.0   18428.2 87424.0  73001.5   504676.0   227042.3  167580.0 100093.3    621   34.311  78      7.862   42.173
43648.0 43648.0  0.0   18428.2 87424.0  74397.7   504676.0   227042.3  167580.0 100093.3    621   34.311  78      7.862   42.173
43648.0 43648.0  0.0   18428.2 87424.0  74808.1   504676.0   227042.3  167580.0 100093.3    621   34.311  78      7.862   42.173
43648.0 43648.0 19825.9  0.0   87424.0  36475.2   504676.0   230896.6  167580.0 100103.2    626   34.581  78      7.862   42.443
43648.0 43648.0  0.0   31198.0 87424.0   2541.9   504676.0   230896.6  167580.0 100103.2    629   34.761  78      7.862   42.623
43648.0 43648.0  0.0   31198.0 87424.0  74902.1   504676.0   230896.6  167580.0 100103.2    629   34.761  78      7.862   42.623
43648.0 43648.0  0.0   31198.0 87424.0  75777.3   504676.0   230896.6  167580.0 100103.2    629   34.761  78      7.862   42.623
43648.0 43648.0  0.0   28602.4 87424.0  18713.1   504676.0   238334.8  167580.0 100108.4    633   35.024  78      7.862   42.886
43648.0 43648.0  0.0   18976.0 87424.0  76912.9   504676.0   240071.8  167580.0 100108.4    635   35.131  78      7.862   42.993
43648.0 43648.0  0.0   18976.0 87424.0  81638.6   504676.0   240071.8  167580.0 100108.4    635   35.131  78      7.862   42.993
43648.0 43648.0 31604.8  0.0   87424.0  62189.0   504676.0   240071.8  167580.0 100166.7    638   35.310  78      7.862   43.172
43648.0 43648.0 31604.8  0.0   87424.0  63336.7   504676.0   240071.8  167580.0 100166.7    638   35.310  78      7.862   43.172
43648.0 43648.0 31604.8  0.0   87424.0  67069.8   504676.0   240071.8  167580.0 100166.7    638   35.310  78      7.862   43.172
43648.0 43648.0 31604.8  0.0   87424.0  68579.6   504676.0   240071.8  167580.0 100166.7    638   35.310  78      7.862   43.172
43648.0 43648.0 31604.8  0.0   87424.0  70705.1   504676.0   240071.8  167580.0 100166.7    638   35.310  78      7.862   43.172
43648.0 43648.0  0.0   27865.5 87424.0  69035.8   504676.0   244473.9  167580.0 100166.7    641   35.483  78      7.862   43.345
43648.0 43648.0  0.0   27865.5 87424.0  69125.0   504676.0   244473.9  167580.0 100166.7    641   35.483  78      7.862   43.345
43648.0 43648.0 30779.9  0.0   87424.0  79844.2   504676.0   245850.6  167580.0 100174.3    644   35.675  78      7.862   43.537
43648.0 43648.0  0.0   30809.4 87424.0  30953.0   504676.0   252550.6  167580.0 100293.3    649   35.938  78      7.862   43.800
43648.0 43648.0  0.0   30809.4 87424.0  35083.8   504676.0   252550.6  167580.0 100293.3    649   35.938  78      7.862   43.800
43648.0 43648.0  0.0   30809.4 87424.0  53097.6   504676.0   252550.6  167580.0 100293.8    649   35.938  78      7.862   43.800
43648.0 43648.0 29081.2  0.0   87424.0  71380.2   504676.0   257935.8  167580.0 100293.8    652   36.130  78      7.862   43.992
43648.0 43648.0 29081.2  0.0   87424.0  77293.7   504676.0   257935.8  167580.0 100293.8    652   36.130  78      7.862   43.992
43648.0 43648.0 43648.0  0.0   87424.0  69533.1   504676.0   271701.9  167580.0 100304.9    660   36.618  79      8.000   44.617
43648.0 43648.0 8341.0  0.0   87424.0  24881.9   504676.0   280742.0  167580.0 100304.9    662   36.742  79      8.000   44.742
43648.0 43648.0  0.0   8697.9 87424.0   7416.8   504676.0   280742.0  167580.0 100306.7    663   36.774  79      8.000   44.774
43648.0 43648.0  0.0   23279.3 87424.0  59433.3   504676.0   280742.0  167580.0 100310.9    665   36.875  79      8.000   44.874
43648.0 43648.0  0.0   23279.3 87424.0  61022.9   504676.0   280742.0  167580.0 100310.9    665   36.875  79      8.000   44.874
43648.0 43648.0 18390.3  0.0   87424.0   7810.0   504676.0   280742.0  167580.0 100310.9    666   36.932  79      8.000   44.931
43648.0 43648.0 18390.3  0.0   87424.0  12502.1   504676.0   280742.0  167580.0 100310.9    666   36.932  79      8.000   44.931
43648.0 43648.0  0.0   23877.9 87424.0  53590.1   504676.0   284800.7  167580.0 100313.9    669   37.132  79      8.000   45.131
43648.0 43648.0  0.0   24085.4 87424.0  39724.2   504676.0   291465.7  167580.0 100313.9    673   37.383  79      8.000   45.383
43648.0 43648.0 14744.5  0.0   87424.0  47026.8   504676.0   291465.7  167580.0 100314.6    674   37.420  79      8.000   45.419
43648.0 43648.0  0.0   27394.1 87424.0  16843.2   504676.0   274372.6  167580.0 100314.6    677   37.577  80      8.198   45.775
43648.0 43648.0 25826.9  0.0   87424.0  70152.0   504676.0   233638.2  167580.0 100314.6    680   37.758  80      8.198   45.956
43648.0 43648.0 25826.9  0.0   87424.0  74186.5   504676.0   233638.2  167580.0 100314.6    680   37.758  80      8.198   45.956
43648.0 43648.0  0.0   14633.6 87424.0  57051.3   504676.0   234688.9  167580.0 100314.1    683   37.890  81      8.331   46.221
43648.0 43648.0 32486.5  0.0   87424.0  28495.7   504676.0   234688.9  167580.0 100314.1    684   37.971  81      8.331   46.302
43648.0 43648.0  0.0   22687.6 87424.0  48309.3   504676.0   235898.9  167580.0 100368.7    685   38.032  81      8.331   46.363
43648.0 43648.0  0.0   22687.6 87424.0  51477.1   504676.0   235898.9  167580.0 100368.7    685   38.032  81      8.331   46.363
43648.0 43648.0  0.0   22687.6 87424.0  51539.6   504676.0   235898.9  167580.0 100368.7    685   38.032  81      8.331   46.363
43648.0 43648.0 25265.1  0.0   87424.0  58608.9   504676.0   235898.9  167580.0 100368.7    688   38.242  81      8.331   46.573
43648.0 43648.0  0.0   32040.8 87424.0  56859.7   504676.0   239407.9  167580.0 100368.7    691   38.385  81      8.331   46.717
43648.0 43648.0 30077.0  0.0   87424.0  25394.5   504676.0   244150.7  167580.0 100370.3    694   38.568  81      8.331   46.900
43648.0 43648.0  0.0   23770.3 87424.0  35784.4   504676.0   252457.5  167580.0 100372.6    699   38.784  81      8.331   47.116
43648.0 43648.0  0.0   23770.3 87424.0  41583.7   504676.0   252457.5  167580.0 100372.7    699   38.784  81      8.331   47.116
43648.0 43648.0  0.0   23770.3 87424.0  43717.8   504676.0   212981.9  167580.0 100372.7    699   38.784  82      8.479   47.264
43648.0 43648.0 30213.4  0.0   87424.0   9422.6   504676.0   212981.9  167580.0 100372.7    702   38.962  83      8.640   47.602
43648.0 43648.0 24912.9  0.0   87424.0   6818.8   504676.0   218851.1  167580.0 100372.7    704   39.101  83      8.640   47.742
43648.0 43648.0 20517.0  0.0   87424.0  66913.9   504676.0   220103.6  167580.0 100376.7    706   39.229  83      8.640   47.870
43648.0 43648.0 21775.3  0.0   87424.0  33740.9   504676.0   220103.6  167580.0 100376.7    708   39.342  83      8.640   47.982
43648.0 43648.0  0.0   21631.6 87424.0  41687.2   504676.0   220103.6  167580.0 100378.0    709   39.393  83      8.640   48.033
43648.0 43648.0  0.0   24796.7 87424.0   7525.7   504676.0   254049.8  167580.0 100378.7    717   39.936  83      8.640   48.577
43648.0 43648.0  0.0   24796.7 87424.0  11658.8   504676.0   254049.8  167580.0 100378.7    717   39.936  83      8.640   48.577
43648.0 43648.0 37914.0  0.0   87424.0  43994.4   504676.0   254049.8  167580.0 100402.6    720   40.043  84      8.640   48.683
43648.0 43648.0 37914.0  0.0   87424.0  47342.8   504676.0   229763.6  167580.0 100402.5    720   40.043  84      8.739   48.782
43648.0 43648.0  0.0   34568.5 87424.0  62469.0   504676.0   240065.1  167580.0 100402.9    725   40.280  85      8.861   49.141
43648.0 43648.0  0.0   34568.5 87424.0  64993.1   504676.0   240065.1  167580.0 100402.9    725   40.280  85      8.861   49.141
43648.0 43648.0 23413.2  0.0   87424.0  15770.2   504676.0   244471.7  167580.0 100403.4    726   40.355  85      8.861   49.215
43648.0 43648.0 23413.2  0.0   87424.0  17254.5   504676.0   244471.7  167580.0 100403.4    726   40.355  85      8.861   49.215
43648.0 43648.0 15310.8  0.0   87424.0  39351.5   504676.0   243819.1  167580.0 100403.4    728   40.437  86      8.985   49.422
43648.0 43648.0 16247.2  0.0   87424.0  50610.3   504676.0   238591.5  167580.0 100403.7    732   40.675  87      9.106   49.781
43648.0 43648.0  0.0   13070.6 87424.0   8613.6   504676.0   238591.5  167580.0 100403.7    733   40.723  87      9.106   49.830
43648.0 43648.0  0.0   13070.6 87424.0  41679.5   504676.0   207517.2  167580.0 100403.6    733   40.723  88      9.246   49.970
43648.0 43648.0 16711.4  0.0   87424.0  26907.3   504676.0   207517.2  167580.0 100403.6    734   40.771  88      9.246   50.017
43648.0 43648.0 22304.2  0.0   87424.0  83494.8   504676.0   207517.2  167580.0 100403.6    736   40.871  89      9.374   50.245
43648.0 43648.0  0.0   30335.7 87424.0  40092.4   504676.0   207517.2  167580.0 100403.6    739   41.060  89      9.374   50.434
43648.0 43648.0 19861.7  0.0   87424.0  29411.4   504676.0   218834.4  167580.0 100403.6    744   41.443  90      9.522   50.965
43648.0 43648.0 19861.7  0.0   87424.0  70995.7   504676.0   208836.7  167580.0 100423.7    744   41.443  90      9.522   50.965
43648.0 43648.0  0.0   14416.2 87424.0  60229.5   504676.0   204966.6  167580.0 100423.7    745   41.494  90      9.522   51.016
43648.0 43648.0 34528.3  0.0   87424.0  24518.1   504676.0   204810.2  167580.0 100423.7    748   41.676  91      9.654   51.330
43648.0 43648.0 24268.0  0.0   87424.0  81645.6   504676.0   210558.7  167580.0 100423.7    750   41.841  91      9.654   51.496
