 S0C    S1C    S0U    S1U      EC       EU        OC         OU       PC     PU    YGC     YGCT    FGC    FGCT     GCT   
43648.0 43648.0 12794.3  0.0   87424.0  83573.6   547816.0   328688.5  129716.0 82360.5     60    3.107  23      0.995    4.102
43648.0 43648.0  0.0   19848.6 87424.0  26726.5   547816.0   328503.1  137888.0 82735.2     61    3.146  24      1.040    4.186
43648.0 43648.0  0.0   19848.6 87424.0  27338.6   547816.0   328503.1  137888.0 82735.2     61    3.146  24      1.040    4.186
43648.0 43648.0  0.0   19848.6 87424.0  28198.3   547816.0   328503.1  137888.0 82735.2     61    3.146  24      1.040    4.186
43648.0 43648.0  0.0   19848.6 87424.0  30179.7   547816.0   328503.1  137888.0 82747.0     61    3.146  24      1.040    4.186
43648.0 43648.0  0.0   19848.6 87424.0  30762.5   547816.0   328503.1  137888.0 82747.0     61    3.146  24      1.040    4.186
43648.0 43648.0  0.0   19848.6 87424.0  31034.7   547816.0   328503.1  137888.0 82747.0     61    3.146  24      1.040    4.186
43648.0 43648.0  0.0   19848.6 87424.0  32063.5   547816.0   328503.1  137888.0 82747.0     61    3.146  24      1.040    4.186
43648.0 43648.0  0.0   19848.6 87424.0  32646.3   547816.0   328503.1  137888.0 82751.1     61    3.146  24      1.040    4.186
43648.0 43648.0  0.0   19848.6 87424.0  33229.1   547816.0   328503.1  137888.0 82751.3     61    3.146  24      1.040    4.186
43648.0 43648.0  0.0   19848.6 87424.0  33421.6   547816.0   328503.1  137888.0 82751.5     61    3.146  24      1.040    4.186
43648.0 43648.0  0.0   19848.6 87424.0  35874.2   547816.0   328503.1  137888.0 82865.8     61    3.146  24      1.040    4.186
43648.0 43648.0  0.0   19848.6 87424.0  35874.2   547816.0   328503.1  137888.0 82865.8     61    3.146  24      1.040    4.186
43648.0 43648.0  0.0   19848.6 87424.0  36457.1   547816.0   328503.1  137888.0 82865.8     61    3.146  24      1.040    4.186
43648.0 43648.0 24940.4  0.0   87424.0  13980.1   547816.0   328503.1  137888.0 87340.1     62    3.192  24      1.040    4.232
43648.0 43648.0 24940.4  0.0   87424.0  14921.0   547816.0   328503.1  137888.0 87340.1     62    3.192  24      1.040    4.232
43648.0 43648.0 24940.4  0.0   87424.0  22826.7   547816.0   328503.1  137888.0 87375.3     62    3.192  25      1.088    4.280
43648.0 43648.0 24940.4  0.0   87424.0  30376.4   547816.0   317939.4  145736.0 87441.1     62    3.192  26      1.162    4.353
43648.0 43648.0 24940.4  0.0   87424.0  30376.4   547816.0   317939.4  145736.0 87451.9     62    3.192  26      1.162    4.353
43648.0 43648.0 24940.4  0.0   87424.0  31094.6   547816.0   317939.4  145736.0 87456.2     62    3.192  26      1.162    4.353
43648.0 43648.0 24940.4  0.0   87424.0  31391.8   547816.0   317939.4  145736.0 87456.2     62    3.192  26      1.162    4.353
43648.0 43648.0 24940.4  0.0   87424.0  31689.1   547816.0   317939.4  145736.0 87456.2     62    3.192  26      1.162    4.353
43648.0 43648.0 24940.4  0.0   87424.0  31689.1   547816.0   317939.4  145736.0 87456.2     62    3.192  26      1.162    4.353
43648.0 43648.0 24940.4  0.0   87424.0  35463.5   547816.0   317939.4  145736.0 87502.9     62    3.192  26      1.162    4.353
43648.0 43648.0 24940.4  0.0   87424.0  35591.5   547816.0   317939.4  145736.0 87502.9     62    3.192  26      1.162    4.353
43648.0 43648.0 24940.4  0.0   87424.0  35888.8   547816.0   317939.4  145736.0 87502.9     62    3.192  26      1.162    4.353
43648.0 43648.0 24940.4  0.0   87424.0  35888.8   547816.0   317939.4  145736.0 87502.9     62    3.192  26      1.162    4.353
43648.0 43648.0 24940.4  0.0   87424.0  36186.0   547816.0   317939.4  145736.0 87504.8     62    3.192  26      1.162    4.353
43648.0 43648.0 24940.4  0.0   87424.0  37390.7   547816.0   317939.4  145736.0 87507.0     62    3.192  26      1.162    4.353
43648.0 43648.0 24940.4  0.0   87424.0  38738.2   547816.0   317939.4  145736.0 87507.0     62    3.192  26      1.162    4.353
43648.0 43648.0 24940.4  0.0   87424.0  38866.0   547816.0   317939.4  145736.0 87507.0     62    3.192  26      1.162    4.353
43648.0 43648.0 24940.4  0.0   87424.0  39218.7   547816.0   317939.4  145736.0 87507.2     62    3.192  26      1.162    4.353
43648.0 43648.0  0.0   31272.7 87424.0   7814.2   547816.0   317939.4  145736.0 89641.9     63    3.250  26      1.162    4.411
43648.0 43648.0  0.0   31272.7 87424.0  17741.9   547816.0   317939.4  145736.0 89686.8     63    3.250  26      1.162    4.411
43648.0 43648.0  0.0   31272.7 87424.0  24374.7   547816.0   317939.4  145736.0 89718.0     63    3.250  26      1.162    4.411
43648.0 43648.0 31435.2  0.0   87424.0   8162.0   547816.0   323713.0  145736.0 91734.6     64    3.310  27      1.229    4.539
43648.0 43648.0 31435.2  0.0   87424.0  61170.8   547816.0   323259.2  156188.0 93827.3     64    3.310  28      1.271    4.582
43648.0 43648.0 31435.2  0.0   87424.0  61534.1   547816.0   323259.2  156188.0 93829.2     64    3.310  28      1.271    4.582
43648.0 43648.0  0.0   40214.3 87424.0   9828.2   547816.0   323259.2  156188.0 94730.2     65    3.375  28      1.271    4.646
43648.0 43648.0  0.0   40214.3 87424.0  14485.2   547816.0   323259.2  156188.0 94736.0     65    3.375  28      1.271    4.646
43648.0 43648.0  0.0   40214.3 87424.0  46188.6   547816.0   323259.2  156188.0 94978.5     65    3.375  29      1.340    4.715
43648.0 43648.0  0.0   40214.3 87424.0  48362.8   547816.0   323114.9  158300.0 94979.6     65    3.375  30      1.428    4.803
43648.0 43648.0  0.0   40214.3 87424.0  50543.6   547816.0   323114.9  158300.0 94986.0     65    3.375  30      1.428    4.803
43648.0 43648.0 29957.2  0.0   87424.0  75976.2   547816.0   329610.6  158300.0 96153.9     66    3.418  31      1.462    4.880
43648.0 43648.0  0.0   26170.1 87424.0  75978.4   549348.0   329608.7  160468.0 96281.4     69    3.586  32      1.557    5.144
43648.0 43648.0 28894.5  0.0   87424.0  36839.9   549348.0   329608.7  160468.0 96479.5     72    3.716  33      1.615    5.332
43648.0 43648.0 28894.5  0.0   87424.0  54413.9   549348.0   329608.7  160468.0 96486.9     72    3.716  33      1.615    5.332
43648.0 43648.0  0.0   40478.0 87424.0  19784.7   549348.0   329608.7  160468.0 96574.6     73    3.775  33      1.615    5.390
43648.0 43648.0 23904.1  0.0   87424.0  52407.1   554736.0   332840.5  161000.0 96605.5     76    3.931  35      1.849    5.780
43648.0 43648.0 17838.1  0.0   87424.0  64909.1   554736.0   338750.9  161000.0 96713.8     78    4.023  35      1.849    5.872
43648.0 43648.0 17838.1  0.0   87424.0  84889.7   554736.0   338750.9  161000.0 96727.6     78    4.023  35      1.849    5.872
43648.0 43648.0 20342.6  0.0   87424.0  45398.7   554736.0   345720.2  161000.0 96892.0     80    4.110  36      1.849    5.959
43648.0 43648.0  0.0   19560.1 87424.0  46905.2   579072.0   347672.6  161736.0 97117.5     83    4.198  37      2.032    6.229
43648.0 43648.0 16402.6  0.0   87424.0  80929.6   579072.0   349024.4  161736.0 97150.2     88    4.354  37      2.032    6.386
43648.0 43648.0  0.0   25372.1 87424.0  28050.2   579072.0   349341.2  161736.0 97268.2     91    4.450  37      2.032    6.481
43648.0 43648.0  0.0   25372.1 87424.0  33233.7   579072.0   349341.2  161736.0 97285.2     91    4.450  37      2.032    6.481
43648.0 43648.0  0.0   25372.1 87424.0  52938.4   579072.0   349339.8  161736.0 97299.5     91    4.450  38      2.127    6.577
43648.0 43648.0  0.0   25372.1 87424.0  57585.2   579072.0   349339.8  161736.0 97307.8     91    4.450  38      2.127    6.577
43648.0 43648.0  0.0   23339.3 87424.0  84157.1   579072.0   352735.2  161736.0 97346.0     93    4.523  38      2.127    6.650
43648.0 43648.0 34106.1  0.0   87424.0   4902.9   579072.0   352735.2  161736.0 97355.0     94    4.557  38      2.127    6.684
43648.0 43648.0 34106.1  0.0   87424.0   9028.0   579072.0   352735.2  161736.0 97356.6     94    4.557  38      2.127    6.684
43648.0 43648.0 34106.1  0.0   87424.0  10960.5   579072.0   352735.2  161736.0 97361.2     94    4.557  38      2.127    6.684
43648.0 43648.0 34106.1  0.0   87424.0  14574.3   579072.0   352735.2  161736.0 97367.7     94    4.557  38      2.127    6.684
43648.0 43648.0  0.0   24385.4 87424.0  27181.2   587844.0   360578.2  162368.0 97565.0     95    4.615  38      2.127    6.743
43648.0 43648.0  0.0   28977.7 87424.0   3584.0   587844.0   371521.4  162368.0 97635.3     99    4.776  39      2.201    6.976
43648.0 43648.0  0.0   28977.7 87424.0  39957.2   587844.0   371521.4  162368.0 97651.9     99    4.776  39      2.201    6.976
43648.0 43648.0 27034.0  0.0   87424.0  26858.2   587844.0   379291.4  162368.0 97697.5    102    4.901  39      2.201    7.101
43648.0 43648.0 27034.0  0.0   87424.0  36665.9   587844.0   379291.4  162368.0 97710.6    102    4.901  39      2.201    7.101
43648.0 43648.0 27034.0  0.0   87424.0  56611.9   587844.0   379291.4  162368.0 97719.4    102    4.901  39      2.201    7.101
43648.0 43648.0 27034.0  0.0   87424.0  74029.0   587844.0   379291.4  162368.0 97719.7    102    4.901  39      2.201    7.101
43648.0 43648.0 26258.7  0.0   87424.0  72456.3   587844.0   383807.3  162368.0 97810.7    106    5.032  39      2.201    7.233
43648.0 43648.0 24051.3  0.0   87424.0  87424.0   587844.0   389046.7  162368.0 97837.8    113    5.195  39      2.201    7.396
43648.0 43648.0  0.0   14461.5 87424.0  34286.9   587844.0   401760.4  162368.0 97931.8    117    5.347  39      2.201    7.548
43648.0 43648.0 10977.9  0.0   87424.0  86153.3   587844.0   402844.5  162368.0 97991.1    120    5.440  40      2.281    7.721
43648.0 43648.0 16102.2  0.0   87424.0  82063.0   587844.0   402959.2  162368.0 98006.2    122    5.484  40      2.281    7.765
43648.0 43648.0 24214.9  0.0   87424.0  84283.6   670772.0   403603.5  163352.0 98017.1    124    5.539  40      2.281    7.820
43648.0 43648.0  0.0   23603.5 87424.0  38117.2   670772.0   405751.5  163352.0 98043.1    125    5.567  40      2.281    7.848
43648.0 43648.0 30312.8  0.0   87424.0  26000.4   670772.0   409107.8  163352.0 98066.0    128    5.665  40      2.281    7.945
43648.0 43648.0  0.0   34299.2 87424.0  49441.7   670772.0   414524.2  163352.0 98079.1    133    5.814  40      2.281    8.095
43648.0 43648.0  0.0   34299.2 87424.0  53407.5   670772.0   414524.2  163352.0 98079.4    133    5.814  40      2.281    8.095
43648.0 43648.0  0.0   34299.2 87424.0  73835.8   670772.0   414524.2  163352.0 98080.1    133    5.814  40      2.281    8.095
43648.0 43648.0  0.0   34299.2 87424.0  74124.9   670772.0   414524.2  163352.0 98081.8    133    5.814  40      2.281    8.095
43648.0 43648.0 32758.4  0.0   87424.0   9835.0   670772.0   414524.2  163352.0 98089.1    134    5.844  40      2.281    8.124
43648.0 43648.0 32758.4  0.0   87424.0  64616.2   670772.0   414524.2  163352.0 98114.6    134    5.844  40      2.281    8.124
43648.0 43648.0 24289.9  0.0   87424.0  49910.2   670772.0   419628.3  163352.0 98122.9    136    5.906  40      2.281    8.187
43648.0 43648.0 24289.9  0.0   87424.0  72914.8   670772.0   419628.3  163352.0 98140.3    136    5.906  40      2.281    8.187
43648.0 43648.0  0.0   29241.8 87424.0  31949.4   670772.0   426885.6  163352.0 98151.9    141    6.085  40      2.281    8.365
43648.0 43648.0  0.0   18990.2 87424.0  69432.0   670772.0   433675.5  163352.0 98167.7    147    6.235  40      2.281    8.516
43648.0 43648.0 18423.9  0.0   87424.0  23392.2   670772.0   434366.0  163352.0 98172.8    148    6.261  40      2.281    8.542
43648.0 43648.0 17966.0  0.0   87424.0  13752.8   670772.0   437447.3  163352.0 98173.1    150    6.317  40      2.281    8.598
43648.0 43648.0 17966.0  0.0   87424.0  20395.2   670772.0   437447.3  163352.0 98181.9    150    6.317  40      2.281    8.598
43648.0 43648.0 17966.0  0.0   87424.0  80841.0   670772.0   437447.3  163352.0 98210.5    150    6.317  40      2.281    8.598
43648.0 43648.0  0.0   27391.2 87424.0   9647.8   670772.0   444490.1  163352.0 98255.9    155    6.465  40      2.281    8.746
43648.0 43648.0  0.0   27191.2 87424.0   4157.0   670772.0   445466.8  163352.0 98260.3    161    6.650  40      2.281    8.930
43648.0 43648.0  0.0   19370.0 87424.0  86268.6   670772.0   450330.2  163352.0 98262.6    163    6.715  40      2.281    8.996
43648.0 43648.0 16792.2  0.0   87424.0   6316.8   670772.0   451371.7  163352.0 98267.6    164    6.742  40      2.281    9.022
43648.0 43648.0 16792.2  0.0   87424.0  24852.0   670772.0   451371.7  163352.0 98268.0    164    6.742  40      2.281    9.022
43648.0 43648.0 16792.2  0.0   87424.0  29351.2   670772.0   451371.7  163352.0 98268.2    164    6.742  40      2.281    9.022
43648.0 43648.0 16792.2  0.0   87424.0  33875.5   670772.0   451371.7  163352.0 98269.8    164    6.742  40      2.281    9.022
43648.0 43648.0 16792.2  0.0   87424.0  79254.7   670772.0   451371.7  163352.0 98277.4    164    6.742  40      2.281    9.022
43648.0 43648.0 13368.8  0.0   87424.0  75439.3   670772.0   463536.4  163352.0 98280.4    168    6.857  40      2.281    9.138
43648.0 43648.0 13368.8  0.0   87424.0  82422.3   670772.0   463536.4  163352.0 98285.8    168    6.857  40      2.281    9.138
43648.0 43648.0 13368.8  0.0   87424.0  83806.8   670772.0   463536.4  163352.0 98285.8    168    6.857  40      2.281    9.138
43648.0 43648.0 13368.8  0.0   87424.0  84045.6   670772.0   463536.4  163352.0 98285.8    168    6.857  40      2.281    9.138
43648.0 43648.0 21193.6  0.0   87424.0  73746.5   670772.0   463651.9  163352.0 98288.2    170    6.913  40      2.281    9.194
43648.0 43648.0 17728.2  0.0   87424.0  61017.8   670772.0   464902.1  163352.0 98288.6    174    7.024  40      2.281    9.305
43648.0 43648.0  0.0   14786.4 87424.0  16929.6   670772.0   464904.8  163352.0 98290.3    175    7.063  40      2.281    9.344
43648.0 43648.0  0.0   23081.1 87424.0  23538.6   670772.0   464910.4  163352.0 98299.0    177    7.124  40      2.281    9.405
43648.0 43648.0  0.0   27124.9 87424.0  52250.2   670772.0   465998.2  163352.0 98300.6    179    7.198  40      2.281    9.479
43648.0 43648.0  0.0   19874.1 87424.0  77561.7   670772.0   474820.9  163352.0 98310.9    181    7.280  40      2.281    9.561
43648.0 43648.0  0.0   19874.1 87424.0  78927.0   670772.0   474820.9  163352.0 98314.6    181    7.280  40      2.281    9.561
43648.0 43648.0 26497.5  0.0   87424.0  21881.9   670772.0   474820.9  163352.0 98321.8    182    7.311  40      2.281    9.592
43648.0 43648.0  0.0   28016.4 87424.0  42911.8   670772.0   474820.9  163352.0 98328.0    183    7.344  40      2.281    9.624
43648.0 43648.0 26413.6  0.0   87424.0  62717.0   670772.0   479079.4  163352.0 98332.4    190    7.591  40      2.281    9.871
43648.0 43648.0  0.0   12878.7 87424.0  41289.2   670772.0   490795.9  163352.0 98337.0    195    7.735  40      2.281   10.016
43648.0 43648.0  0.0   12878.7 87424.0  45265.5   670772.0   490795.9  163352.0 98337.0    195    7.735  41      2.356   10.090
43648.0 43648.0  0.0   12878.7 87424.0  76489.5   670772.0   490795.9  163352.0 98344.3    195    7.735  41      2.356   10.090
43648.0 43648.0 10607.1  0.0   87424.0  56947.9   670772.0   490270.3  163352.0 98345.4    196    7.763  42      2.487   10.250
43648.0 43648.0 18215.1  0.0   87424.0  23546.7   699072.0   466626.6  163352.0 97827.4    200    7.874  42      2.487   10.361
43648.0 43648.0 18215.1  0.0   87424.0  24439.8   699072.0   466626.6  163352.0 97827.4    200    7.874  42      2.487   10.361
43648.0 43648.0 18215.1  0.0   87424.0  36352.1   699072.0   466626.6  163352.0 97828.0    200    7.874  42      2.487   10.361
43648.0 43648.0 18215.1  0.0   87424.0  40420.2   699072.0   466626.6  163352.0 97828.0    200    7.874  42      2.487   10.361
43648.0 43648.0 18215.1  0.0   87424.0  40697.1   699072.0   466626.6  163352.0 97828.0    200    7.874  42      2.487   10.361
43648.0 43648.0 18215.1  0.0   87424.0  42665.3   699072.0   466626.6  163352.0 97828.3    200    7.874  42      2.487   10.361
43648.0 43648.0 18215.1  0.0   87424.0  44632.2   699072.0   466626.6  163352.0 97828.3    200    7.874  42      2.487   10.361
43648.0 43648.0 18215.1  0.0   87424.0  48110.0   699072.0   466626.6  163352.0 97828.3    200    7.874  42      2.487   10.361
43648.0 43648.0 17749.8  0.0   87424.0  62905.8   699072.0   468230.2  163352.0 97830.5    202    7.933  42      2.487   10.420
43648.0 43648.0 17749.8  0.0   87424.0  65700.3   699072.0   468230.2  163352.0 97831.5    202    7.933  42      2.487   10.420
43648.0 43648.0  0.0   19215.7 87424.0  54248.0   699072.0   468231.7  163352.0 97831.5    203    7.963  42      2.487   10.450
43648.0 43648.0  0.0   17327.4 87424.0   2142.5   699072.0   468232.1  163352.0 97839.2    205    8.041  42      2.487   10.528
43648.0 43648.0  0.0   17327.4 87424.0   5716.9   699072.0   468232.1  163352.0 97840.7    205    8.041  42      2.487   10.528
43648.0 43648.0  0.0   20810.0 87424.0  59519.1   699072.0   468234.0  163352.0 97842.7    207    8.111  42      2.487   10.598
43648.0 43648.0 23167.6  0.0   87424.0  77488.1   699072.0   470966.5  163352.0 97845.5    212    8.301  42      2.487   10.788
43648.0 43648.0  0.0   5809.8 87424.0  83713.5   699072.0   483210.2  163352.0 97848.9    219    8.503  42      2.487   10.990
43648.0 43648.0 6141.3  0.0   87424.0  20475.9   699072.0   484497.9  163352.0 97848.9    222    8.556  42      2.487   11.043
43648.0 43648.0 9107.5  0.0   87424.0  34061.5   699072.0   484504.8  163352.0 97849.1    224    8.597  42      2.487   11.084
43648.0 43648.0 9107.5  0.0   87424.0  59673.3   699072.0   484504.8  163352.0 97849.4    224    8.597  42      2.487   11.084
43648.0 43648.0  0.0   10399.5 87424.0   8747.4   699072.0   484538.6  163352.0 97854.4    225    8.620  42      2.487   11.107
43648.0 43648.0  0.0   16359.3 87424.0  14003.7   699072.0   485766.8  163352.0 97856.4    229    8.727  42      2.487   11.214
43648.0 43648.0  0.0   16359.3 87424.0  15422.5   699072.0   485766.8  163352.0 97856.4    229    8.727  42      2.487   11.214
43648.0 43648.0  0.0   16359.3 87424.0  24110.1   699072.0   485766.8  163352.0 97858.9    229    8.727  42      2.487   11.214
43648.0 43648.0  0.0   16359.3 87424.0  25773.7   699072.0   485766.8  163352.0 97859.1    229    8.727  42      2.487   11.214
43648.0 43648.0  0.0   16359.3 87424.0  25810.8   699072.0   485766.8  163352.0 97859.1    229    8.727  42      2.487   11.214
43648.0 43648.0  0.0   16359.3 87424.0  27492.4   699072.0   485766.8  163352.0 97859.5    229    8.727  42      2.487   11.214
43648.0 43648.0  0.0   16359.3 87424.0  50016.5   699072.0   485766.8  163352.0 97859.5    229    8.727  42      2.487   11.214
43648.0 43648.0  0.0   20385.1 87424.0  30145.6   699072.0   485766.9  163352.0 97872.4    233    8.849  42      2.487   11.336
43648.0 43648.0  0.0   20119.0 87424.0  19676.3   699072.0   486861.7  163352.0 97875.8    235    8.910  42      2.487   11.397
43648.0 43648.0  0.0   20119.0 87424.0  75495.2   699072.0   486861.7  163352.0 97876.0    235    8.910  42      2.487   11.397
43648.0 43648.0  0.0   14774.9 87424.0  15500.1   699072.0   491078.3  163352.0 97878.8    241    9.057  42      2.487   11.544
43648.0 43648.0  0.0   14233.5 87424.0  37154.7   699072.0   493862.6  163352.0 97881.4    243    9.114  42      2.487   11.601
43648.0 43648.0 19790.6  0.0   87424.0   1996.9   699072.0   495162.0  163352.0 97886.6    244    9.141  42      2.487   11.628
43648.0 43648.0 19169.6  0.0   87424.0  14303.0   699072.0   499405.2  163352.0 97887.6    246    9.194  42      2.487   11.681
43648.0 43648.0  0.0   21477.8 87424.0  51345.2   699072.0   499405.2  163352.0 97887.9    247    9.222  42      2.487   11.709
43648.0 43648.0  0.0   23743.6 87424.0  82942.8   699072.0   500810.1  163352.0 97888.1    253    9.402  42      2.487   11.889
43648.0 43648.0 23913.4  0.0   87424.0  21016.4   699072.0   500811.0  163352.0 97891.2    254    9.432  42      2.487   11.919
43648.0 43648.0 23913.4  0.0   87424.0  25742.8   699072.0   500811.0  163352.0 97891.7    254    9.432  42      2.487   11.919
43648.0 43648.0 23913.4  0.0   87424.0  33642.7   699072.0   500811.0  163352.0 97891.7    254    9.432  42      2.487   11.919
43648.0 43648.0 25467.3  0.0   87424.0  46743.3   699072.0   502038.8  163352.0 97891.7    256    9.513  42      2.487   12.000
43648.0 43648.0 25467.3  0.0   87424.0  85555.0   699072.0   502038.8  163352.0 97897.8    256    9.513  42      2.487   12.000
43648.0 43648.0 27533.2  0.0   87424.0  66988.1   699072.0   504423.7  163352.0 97898.0    258    9.588  42      2.487   12.075
43648.0 43648.0 27533.2  0.0   87424.0  73100.0   699072.0   504423.7  163352.0 97898.2    258    9.588  42      2.487   12.075
43648.0 43648.0 27533.2  0.0   87424.0  78783.5   699072.0   504423.7  163352.0 97900.0    258    9.588  42      2.487   12.075
43648.0 43648.0  0.0   30436.7 87424.0  54208.0   699072.0   508602.2  163352.0 97903.0    259    9.626  42      2.487   12.113
43648.0 43648.0  0.0   10945.5 87424.0  13722.8   699072.0   517566.6  163352.0 97905.1    265    9.828  42      2.487   12.315
43648.0 43648.0 8356.9  0.0   87424.0  38243.5   699072.0   520576.8  163352.0 97906.5    270    9.968  42      2.487   12.455
43648.0 43648.0 10558.1  0.0   87424.0  29353.3   699072.0   525292.0  163352.0 97912.0    274   10.076  42      2.487   12.563
43648.0 43648.0 10997.5  0.0   87424.0  31905.5   699072.0   525388.6  163352.0 97912.0    278   10.159  42      2.487   12.646
43648.0 43648.0 10997.5  0.0   87424.0  52911.8   699072.0   525388.6  163352.0 97912.0    278   10.159  42      2.487   12.646
43648.0 43648.0 13631.7  0.0   87424.0  84251.7   699072.0   526477.4  163352.0 97914.0    280   10.211  42      2.487   12.698
43648.0 43648.0  0.0   13278.5 87424.0  30181.5   699072.0   526562.7  163352.0 97915.0    281   10.235  42      2.487   12.722
43648.0 43648.0  0.0   19453.4 87424.0  76408.5   699072.0   526885.8  163352.0 97923.9    285   10.355  42      2.487   12.842
43648.0 43648.0 14653.1  0.0   87424.0  15573.1   699072.0   532425.2  163352.0 97934.1    290   10.511  42      2.487   12.998
43648.0 43648.0  0.0   14500.5 87424.0  38334.6   699072.0   532425.2  163352.0 97934.2    291   10.538  42      2.487   13.025
43648.0 43648.0 10479.7  0.0   87424.0  25178.1   699072.0   533735.5  163352.0 97938.8    294   10.629  42      2.487   13.116
43648.0 43648.0  0.0   10454.3 87424.0  20183.6   699072.0   536526.7  163352.0 97939.3    297   10.710  42      2.487   13.197
43648.0 43648.0  0.0   10492.6 87424.0  47786.4   699072.0   538645.6  163352.0 97939.7    299   10.766  42      2.487   13.253
43648.0 43648.0  0.0   7482.5 87424.0  72445.2   699072.0   541009.8  163352.0 97940.3    305   10.902  42      2.487   13.389
43648.0 43648.0 3920.8  0.0   87424.0  71759.3   699072.0   542217.3  163352.0 97940.7    308   10.956  42      2.487   13.443
43648.0 43648.0  0.0   6284.9 87424.0  13339.1   699072.0   542221.3  163352.0 97945.4    309   10.974  42      2.487   13.461
43648.0 43648.0  0.0   6284.9 87424.0  44802.8   699072.0   542221.3  163352.0 97946.7    309   10.974  42      2.487   13.461
43648.0 43648.0 8929.9  0.0   87424.0  37127.2   699072.0   543306.4  163352.0 97952.9    312   11.041  42      2.487   13.528
43648.0 43648.0  0.0   13356.6 87424.0  76449.5   699072.0   543493.8  163352.0 97954.3    317   11.178  42      2.487   13.665
43648.0 43648.0  0.0   13356.6 87424.0  84500.2   699072.0   543493.8  163352.0 97955.2    317   11.178  42      2.487   13.665
43648.0 43648.0  0.0   15455.6 87424.0  20780.9   699072.0   544590.3  163352.0 97956.5    321   11.316  42      2.487   13.803
43648.0 43648.0  0.0   12289.9 87424.0  77321.7   699072.0   548204.7  163352.0 97959.0    327   11.525  42      2.487   14.012
43648.0 43648.0  0.0   8994.2 87424.0  65566.3   699072.0   553000.1  163352.0 97960.7    331   11.640  42      2.487   14.127
43648.0 43648.0  0.0   8994.2 87424.0  69223.8   699072.0   553000.1  163352.0 97960.7    331   11.640  42      2.487   14.127
43648.0 43648.0 12611.9  0.0   87424.0  51512.8   699072.0   554315.0  163352.0 97961.6    332   11.670  42      2.487   14.157
43648.0 43648.0 9344.4  0.0   87424.0  16548.2   699072.0   555580.8  163352.0 97968.2    338   11.751  42      2.487   14.238
43648.0 43648.0 10634.9  0.0   87424.0   1200.9   699072.0   556780.2  163352.0 97968.2    342   11.853  42      2.487   14.340
43648.0 43648.0 10585.7  0.0   87424.0   7852.0   699072.0   559674.9  163352.0 97970.0    346   11.982  42      2.487   14.469
43648.0 43648.0  0.0   25493.8 87424.0  50018.0   699072.0   560308.5  163352.0 97972.9    351   12.123  42      2.487   14.610
43648.0 43648.0  0.0   20866.9 87424.0  18855.7   699072.0   569095.8  163352.0 97979.8    357   12.324  42      2.487   14.811
43648.0 43648.0 15586.2  0.0   87424.0  53355.3   699072.0   578303.0  163352.0 97985.3    366   12.613  42      2.487   15.100
43648.0 43648.0 18184.0  0.0   87424.0  23011.3   699072.0   583873.1  163352.0 97987.0    372   12.779  42      2.487   15.266
43648.0 43648.0 26905.0  0.0   87424.0  53776.0   699072.0   586474.5  163352.0 97990.1    376   12.896  42      2.487   15.383
43648.0 43648.0  0.0   23000.7 87424.0  18413.4   699072.0   587102.0  163352.0 97991.0    377   12.931  42      2.487   15.418
43648.0 43648.0 23377.7  0.0   87424.0  58911.6   699072.0   587851.5  163352.0 98010.2    380   13.028  42      2.487   15.515
43648.0 43648.0  0.0   13126.0 87424.0  43829.7   699072.0   596638.4  163352.0 98011.1    387   13.235  42      2.487   15.722
43648.0 43648.0  0.0   12346.1 87424.0  63415.9   699072.0   601614.0  163352.0 98014.0    393   13.400  42      2.487   15.887
43648.0 43648.0  0.0   16620.9 87424.0   2848.5   699072.0   602800.3  163352.0 98015.0    401   13.601  42      2.487   16.088
43648.0 43648.0  0.0   16620.9 87424.0  29786.4   699072.0   602800.3  163352.0 98016.5    401   13.601  42      2.487   16.088
43648.0 43648.0 21930.7  0.0   87424.0  35332.9   699072.0   605942.0  163352.0 98017.7    404   13.697  42      2.487   16.184
43648.0 43648.0 28884.2  0.0   87424.0  11646.8   699072.0   608391.0  163352.0 98017.8    408   13.854  42      2.487   16.341
43648.0 43648.0 28884.2  0.0   87424.0  22156.6   699072.0   608391.0  163352.0 98018.2    408   13.854  42      2.487   16.341
43648.0 43648.0  0.0   19722.2 87424.0  73390.7   699072.0   608602.1  163352.0 98019.2    409   13.893  42      2.487   16.380
43648.0 43648.0  0.0   15880.8 87424.0   8918.0   699072.0   614538.0  163352.0 98023.8    417   14.197  42      2.487   16.684
43648.0 43648.0  0.0   9222.6 87424.0  85137.5   699072.0   619316.5  163352.0 98024.1    421   14.313  42      2.487   16.800
43648.0 43648.0  0.0   8104.3 87424.0  17801.6   699072.0   621750.0  163352.0 98029.9    425   14.417  42      2.487   16.904
43648.0 43648.0 13602.8  0.0   87424.0  71469.5   699072.0   624192.8  163352.0 98035.1    432   14.610  42      2.487   17.097
43648.0 43648.0 18954.9  0.0   87424.0  53796.9   699072.0   625404.9  163352.0 98037.9    436   14.727  42      2.487   17.214
43648.0 43648.0  0.0   18718.6 87424.0   9336.4   699072.0   626519.0  163352.0 98045.4    439   14.837  42      2.487   17.324
43648.0 43648.0 18915.9  0.0   87424.0  71903.8   699072.0   630279.3  163352.0 98067.4    446   15.110  42      2.487   17.597
43648.0 43648.0 7129.7  0.0   87424.0   8749.5   699072.0   637761.6  163352.0 98068.0    454   15.343  42      2.487   17.830
43648.0 43648.0 8195.1  0.0   87424.0  14493.1   699072.0   642093.0  163352.0 98074.6    462   15.532  42      2.487   18.019
43648.0 43648.0 17085.4  0.0   87424.0  17913.7   699072.0   643581.8  163352.0 98077.8    470   15.718  42      2.487   18.205
43648.0 43648.0 8088.3  0.0   87424.0  34449.2   699072.0   645726.1  163352.0 98081.1    474   15.833  42      2.487   18.320
43648.0 43648.0 18860.6  0.0   87424.0  50744.6   699072.0   647430.0  163352.0 98100.7    480   15.998  42      2.487   18.485
43648.0 43648.0 23958.4  0.0   87424.0  36733.3   699072.0   650972.1  163352.0 98102.4    486   16.189  42      2.487   18.676
43648.0 43648.0 24716.8  0.0   87424.0  84239.6   699072.0   655345.6  163352.0 98104.0    494   16.477  42      2.487   18.964
43648.0 43648.0 14828.5  0.0   87424.0  61478.5   699072.0   661148.1  163352.0 98106.6    498   16.590  43      2.546   19.136
43648.0 43648.0 15058.9  0.0   87424.0  64691.9   699072.0   663074.8  163352.0 98108.7    502   16.734  43      2.546   19.280
43648.0 43648.0 10342.3  0.0   87424.0  21623.8   699072.0   617667.6  163352.0 97664.0    510   16.938  44      2.670   19.608
43648.0 43648.0 11012.5  0.0   87424.0  38972.6   699072.0   617675.8  163352.0 97663.6    512   16.979  45      2.745   19.724
43648.0 43648.0 12538.4  0.0   87424.0  38779.5   699072.0   618876.9  163352.0 97664.6    514   17.028  45      2.745   19.773
43648.0 43648.0 11619.4  0.0   87424.0  73233.8   699072.0   618950.3  163352.0 97665.5    516   17.077  46      2.836   19.913
43648.0 43648.0 11619.4  0.0   87424.0  77756.0   699072.0   618950.3  163352.0 97665.5    516   17.077  46      2.836   19.913
43648.0 43648.0  0.0   21165.5 87424.0  27183.3   699072.0   620078.9  163352.0 97674.2    521   17.237  47      2.900   20.137
43648.0 43648.0  0.0   18438.4 87424.0    0.0     699072.0   625876.8  163352.0 97675.6    529   17.538  47      2.900   20.439
43648.0 43648.0  0.0   18438.4 87424.0  49740.7   699072.0   625876.8  163352.0 97676.4    529   17.538  47      2.900   20.439
43648.0 43648.0  0.0   18438.4 87424.0  73338.2   699072.0   625876.8  163352.0 97676.4    529   17.538  47      2.900   20.439
43648.0 43648.0  0.0   18438.4 87424.0  75134.6   699072.0   625876.8  163352.0 97678.7    529   17.538  47      2.900   20.439
43648.0 43648.0 17172.5  0.0   87424.0  39925.2   699072.0   628301.5  163352.0 97681.6    532   17.639  48      2.979   20.619
43648.0 43648.0 24833.7  0.0   87424.0  81572.5   699072.0   629318.1  163352.0 97693.0    535   17.711  49      3.065   20.776
43648.0 43648.0 18703.5  0.0   87424.0  65353.9   699072.0   633240.7  163352.0 97693.4    538   17.855  49      3.065   20.920
43648.0 43648.0  0.0   30341.2 87424.0  33395.2   699072.0   635541.7  163352.0 97697.5    543   18.055  49      3.065   21.120
43648.0 43648.0 17863.5  0.0   87424.0  18961.3   699072.0   641963.8  163352.0 97699.2    550   18.320  50      3.152   21.472
43648.0 43648.0  0.0   10212.5 87424.0  77951.4   699072.0   647449.4  163352.0 97699.8    557   18.519  51      3.214   21.733
43648.0 43648.0  0.0   11167.9 87424.0  40622.6   699072.0   648444.3  163352.0 97700.0    563   18.668  52      3.283   21.951
43648.0 43648.0 11635.0  0.0   87424.0  51177.0   699072.0   650570.5  163352.0 97715.8    568   18.786  52      3.283   22.069
43648.0 43648.0  0.0   12249.6 87424.0   5076.9   699072.0   651838.5  163352.0 97715.8    573   18.927  53      3.338   22.266
43648.0 43648.0  0.0   14457.0 87424.0  59022.9   699072.0   654407.9  163352.0 97717.7    579   19.110  53      3.338   22.448
43648.0 43648.0  0.0   21623.8 87424.0  87030.3   699072.0   658385.2  163352.0 97717.7    590   19.356  53      3.338   22.695
43648.0 43648.0  0.0   22393.8 87424.0  33722.1   699072.0   658131.5  163352.0 97718.6    599   19.663  54      3.419   23.082
43648.0 43648.0 24782.9  0.0   87424.0  53150.2   699072.0   654811.5  163352.0 97718.6    604   19.786  56      3.536   23.322
43648.0 43648.0 21900.5  0.0   87424.0   4778.4   699072.0   652271.5  163352.0 97719.0    610   19.970  57      3.592   23.562
43648.0 43648.0  0.0   13123.5 87424.0  84028.0   699072.0   660398.2  163352.0 97725.8    615   20.125  57      3.592   23.717
43648.0 43648.0 9132.0  0.0   87424.0  24091.1   699072.0   660821.1  163352.0 97726.5    616   20.149  57      3.592   23.741
43648.0 43648.0  0.0   16398.6 87424.0  87424.0   699072.0   662466.8  163352.0 97732.3    622   20.302  58      3.672   23.974
43648.0 43648.0  0.0   19603.2 87424.0   3421.4   699072.0   665632.9  163352.0 97734.6    629   20.592  59      3.730   24.322
43648.0 43648.0 11738.5  0.0   87424.0  18782.4   699072.0   673106.7  163352.0 97738.0    638   20.922  59      3.730   24.652
43648.0 43648.0  0.0   8158.0 87424.0  63903.6   699072.0   677178.6  163352.0 97738.6    645   21.105  61      3.848   24.953
43648.0 43648.0 10340.4  0.0   87424.0  27831.6   699072.0   680489.3  163352.0 97739.6    650   21.211  61      3.848   25.060
43648.0 43648.0 14335.3  0.0   87424.0  65053.2   699072.0   681050.2  163352.0 97739.8    652   21.263  62      3.926   25.189
43648.0 43648.0 13513.6  0.0   87424.0  84398.1   699072.0   680143.8  163352.0 97740.6    654   21.317  62      3.926   25.243
43648.0 43648.0 18663.0  0.0   87424.0  23617.1   699072.0   681404.8  163352.0 97740.6    660   21.529  63      3.978   25.507
43648.0 43648.0  0.0   16662.1 87424.0  37292.2   699072.0   685444.3  163352.0 97741.5    665   21.762  64      4.050   25.812
43648.0 43648.0 9479.2  0.0   87424.0  13857.9   699072.0   690500.6  163352.0 97741.5    672   21.999  65      4.105   26.104
43648.0 43648.0 12359.8  0.0   87424.0  27079.9   699072.0   693384.7  163352.0 97797.8    674   22.050  65      4.105   26.155
43648.0 43648.0  0.0   11879.8 87424.0  54906.6   699072.0   695724.9  163352.0 97797.8    679   22.185  68      4.204   26.388
43648.0 43648.0 12018.0  0.0   87424.0  65400.0   699072.0   697854.3  163352.0 97798.6    688   22.410  71      4.400   26.810
87360.0 87360.0  0.0    0.0   174784.0 109341.2  699072.0   699071.7  163352.0 97790.3    689   22.410  75      6.364   28.774
87360.0 87360.0  0.0    0.0   174784.0 143863.5  699072.0   699072.0  163352.0 97768.9    690   22.410  77      8.373   30.783
87360.0 87360.0  0.0    0.0   174784.0 147569.4  699072.0   699066.3  163352.0 97768.9    690   22.410  78      8.494   30.904
87360.0 87360.0 1054.3  0.0   174784.0 174784.0  699072.0   699066.3  163352.0 97768.9    690   22.410  78      8.494   30.904
87360.0 87360.0 87359.7  0.0   174784.0 174784.0  699072.0   699066.3  163352.0 97768.9    691   22.410  79      8.494   30.904
87360.0 87360.0  0.0   12642.7 174784.0 111400.6  699072.0   697178.1  163352.0 97773.0    692   22.788  82     11.139   33.927
87360.0 87360.0 14102.1  0.0   174784.0 174784.0  699072.0   697172.6  163352.0 97773.5    693   22.805  83     11.219   34.023
87360.0 87360.0  0.0   18077.5 174784.0 48182.1   699072.0   697111.5  163352.0 97773.5    694   22.840  83     11.219   34.059
87360.0 87360.0 82963.6  0.0   174784.0 174784.0  699072.0   697111.5  163352.0 97774.0    695   22.870  84     11.277   34.147
87360.0 87360.0 57440.6  0.0   174784.0 174784.0  699072.0   697110.9  163352.0 97774.0    697   22.926  85     11.353   34.278
87360.0 87360.0 20247.8  0.0   174784.0 21174.2   699072.0   696977.6  163352.0 97774.9    699   23.030  85     11.353   34.382
87360.0 87360.0  0.0   20826.8 174784.0 85624.9   699072.0   696976.1  163352.0 97776.4    702   23.141  87     11.503   34.644
87360.0 87360.0 17364.3 87360.0 174784.0 174784.0  699072.0   696958.2  163352.0 97777.0    705   23.221  88     11.580   34.802
87360.0 87360.0 28942.2 87360.0 174784.0 174784.0  699072.0   698737.7  163352.0 97777.3    707   23.471  89     11.580   35.051
87360.0 87360.0  0.0    0.0   174784.0 56639.6   699072.0   699072.0  163352.0 97781.3    707   23.471  92     16.550   40.021
87360.0 87360.0  0.0    0.0   174784.0 90253.0   699072.0   699072.0  163352.0 97781.3    707   23.471  94     19.560   43.031
87360.0 87360.0  0.0    0.0   174784.0 173213.4  699072.0   699072.0  163352.0 97782.3    707   23.471  96     21.842   45.313
87360.0 87360.0 87359.2  0.0   174784.0 174784.0  699072.0   699070.5  163352.0 97783.3    707   23.471  100    24.058   47.529
87360.0 87360.0 87359.8  0.0   174784.0 174784.0  699072.0   699069.0  163352.0 97783.3    707   23.471  103    26.263   49.734
87360.0 87360.0  0.0    0.0   174784.0 50177.3   699072.0   699072.0  163352.0 97787.2    707   23.471  107    30.829   54.300
87360.0 87360.0  0.0    0.0   174784.0 168459.1  699072.0   699072.0  163352.0 97788.0    707   23.471  110    33.007   56.478
87360.0 87360.0  0.0    0.0   174784.0 136065.5  699072.0   699072.0  163352.0 97788.0    708   23.471  113    35.026   58.497
87360.0 87360.0  0.0    0.0   174784.0 109417.5  699072.0   699071.6  163352.0 97791.2    708   23.471  116    37.271   60.742
87360.0 87360.0  0.0    0.0   174784.0 50843.0   699072.0   699071.9  163352.0 97788.2    709   23.471  118    39.537   63.008
87360.0 87360.0 66186.4  0.0   174784.0 174784.0  699072.0   699069.9  163352.0 97788.4    709   23.471  119    39.612   63.083
87360.0 87360.0  0.0    0.0   174784.0 69567.0   699072.0   699072.0  163352.0 97788.3    710   23.471  121    41.691   65.162
87360.0 87360.0  0.0    0.0   174784.0 39575.6   699072.0   699072.0  163352.0 97788.4    711   23.471  124    44.042   67.513
87360.0 87360.0  0.0    0.0   174784.0 132310.1  699072.0   699072.0  163352.0 97788.4    711   23.471  127    45.864   69.336
87360.0 87360.0  0.0    0.0   174784.0 115471.4  699072.0   699072.0  163352.0 97788.4    712   23.471  129    48.021   71.492
87360.0 87360.0 25257.3  0.0   174784.0 174784.0  699072.0   699071.7  163352.0 97791.6    712   23.471  132    49.882   73.353
87360.0 87360.0 5375.9  0.0   174784.0 174784.0  699072.0   699072.0  163352.0 97792.0    713   23.471  134    52.002   75.473
87360.0 87360.0  0.0    0.0   174784.0 118780.9  699072.0   699072.0  163352.0 97792.0    714   23.471  137    54.323   77.794
87360.0 87360.0 17152.4  0.0   174784.0 174784.0  699072.0   699072.0  163352.0 97795.3    714   23.471  138    54.512   77.983
87360.0 87360.0 31591.0  0.0   174784.0 174784.0  699072.0   699071.9  163352.0 97795.5    715   23.471  141    57.081   80.552
87360.0 87360.0 87359.8  0.0   174784.0 174784.0  699072.0   699072.0  163352.0 97795.7    716   23.471  144    59.036   82.507
87360.0 87360.0 87359.9  0.0   174784.0 174784.0  699072.0   699072.0  163352.0 97799.2    716   23.471  146    61.289   84.760
87360.0 87360.0 19343.2  0.0   174784.0 174784.0  699072.0   699072.0  163352.0 97799.3    716   23.471  150    65.556   89.027
87360.0 87360.0 87360.0  0.0   174784.0 174784.0  699072.0   699071.9  163352.0 97800.1    716   23.471  153    68.334   91.805
87360.0 87360.0 87359.9  0.0   174784.0 174784.0  699072.0   699072.0  163352.0 97800.1    716   23.471  155    70.460   93.932
87360.0 87360.0 42703.1  0.0   174784.0 174784.0  699072.0   699071.7  163352.0 97800.1    716   23.471  158    74.635   98.107
87360.0 87360.0 87359.9  0.0   174784.0 174784.0  699072.0   699072.0  163352.0 97800.1    716   23.471  161    77.385  100.857
87360.0 87360.0  0.0    0.0   174784.0 95894.7   699072.0   699072.0  163352.0 97801.5    716   23.471  164    81.555  105.027
87360.0 87360.0  0.0    0.0   174784.0 83999.1   699072.0   699071.9  163352.0 97801.8    716   23.471  166    84.681  108.152
87360.0 87360.0 87360.0  0.0   174784.0 174784.0  699072.0   699072.0  163352.0 97803.3    716   23.471  169    86.883  110.354
87360.0 87360.0 87359.9  0.0   174784.0 174784.0  699072.0   699072.0  163352.0 97803.2    716   23.471  171    88.760  112.231
87360.0 87360.0 87360.0  0.0   174784.0 174784.0  699072.0   699071.8  163352.0 97806.3    716   23.471  175    93.302  116.773
87360.0 87360.0 87359.8  0.0   174784.0 174784.0  699072.0   699071.8  163352.0 97809.8    716   23.471  177    95.200  118.671
87360.0 87360.0 78580.7  0.0   174784.0 174784.0  699072.0   699071.9  163352.0 97810.1    716   23.471  180   100.240  123.712
87360.0 87360.0 87359.9  0.0   174784.0 174784.0  699072.0   699072.0  163352.0 97813.4    716   23.471  183   102.775  126.247
87360.0 87360.0 87360.0  0.0   174784.0 174784.0  699072.0   699072.0  163352.0 97815.0    716   23.471  187   107.145  130.617
87360.0 87360.0 87359.9  0.0   174784.0 174784.0  699072.0   699072.0  163352.0 97817.6    716   23.471  189   109.258  132.729
87360.0 87360.0 53318.3  0.0   174784.0 174784.0  699072.0   699072.0  163352.0 97817.5    716   23.471  192   114.245  137.716
87360.0 87360.0 87360.0  0.0   174784.0 174784.0  699072.0   699072.0  163352.0 97818.2    716   23.471  195   117.065  140.536
87360.0 87360.0 87359.9  0.0   174784.0 174784.0  699072.0   699071.9  163352.0 97818.6    716   23.471  197   119.903  143.374
87360.0 87360.0 26873.6  0.0   174784.0 174784.0  699072.0   699071.9  163352.0 97819.1    716   23.471  200   124.509  147.980
87360.0 87360.0 87359.9  0.0   174784.0 174784.0  699072.0   699072.0  163352.0 97819.9    716   23.471  203   126.745  150.217
87360.0 87360.0 87360.0  0.0   174784.0 174784.0  699072.0   699072.0  163352.0 97825.5    716   23.471  207   131.185  154.656
87360.0 87360.0 87360.0  0.0   174784.0 174784.0  699072.0   699072.0  163352.0 97825.9    716   23.471  209   133.794  157.265
87360.0 87360.0 18509.1  0.0   174784.0 174784.0  699072.0   699071.8  163352.0 97836.6    716   23.471  212   139.154  162.625
87360.0 87360.0 87359.6  0.0   174784.0 174784.0  699072.0   699072.0  163352.0 97847.1    716   23.471  215   141.494  164.966
87360.0 87360.0 87359.7  0.0   174784.0 174784.0  699072.0   699071.9  163352.0 97864.4    716   23.471  217   143.852  167.323
87360.0 87360.0 87359.9  0.0   174784.0 174784.0  699072.0   699072.0  163352.0 97893.2    716   23.471  221   148.958  172.430
87360.0 87360.0 40936.2  0.0   174784.0 174784.0  699072.0   699071.8  163352.0 97902.6    716   23.471  224   153.431  176.902
87360.0 87360.0 87359.9  0.0   174784.0 174784.0  699072.0   699071.9  163352.0 97911.9    716   23.471  227   155.704  179.176
87360.0 87360.0  0.0    0.0   174784.0 84146.9   699072.0   699072.0  163352.0 97911.8    716   23.471  230   160.881  184.353
87360.0 87360.0 87359.9  0.0   174784.0 174784.0  699072.0   699071.9  163352.0 97918.0    716   23.471  233   163.317  186.788
87360.0 87360.0 87359.9  0.0   174784.0 174784.0  699072.0   699071.9  163352.0 97919.1    716   23.471  235   165.667  189.138
87360.0 87360.0 87359.8  0.0   174784.0 174784.0  699072.0   699072.0  163352.0 97925.5    716   23.471  239   170.671  194.142
87360.0 87360.0 54911.8  0.0   174784.0 174784.0  699072.0   699072.0  163352.0 97925.5    716   23.471  242   175.034  198.506
87360.0 87360.0  0.0    0.0   174784.0 86817.3   699072.0   699072.0  163352.0 97925.9    716   23.471  245   179.315  202.786
87360.0 87360.0 87360.0  0.0   174784.0 174784.0  699072.0   699072.0  163352.0 97928.3    716   23.471  249   181.978  205.449
87360.0 87360.0 70276.8  0.0   174784.0 174784.0  699072.0   699072.0  163352.0 97931.9    716   23.471  252   186.367  209.838
87360.0 87360.0 87359.8  0.0   174784.0 174784.0  699072.0   699071.8  163352.0 97932.1    716   23.471  255   188.526  211.997
87360.0 87360.0 87359.9  0.0   174784.0 174784.0  699072.0   699072.0  163352.0 97932.3    716   23.471  259   193.263  216.734
87360.0 87360.0 87360.0  0.0   174784.0 174784.0  699072.0   699072.0  163352.0 97957.4    716   23.471  263   197.629  221.100
87360.0 87360.0 87360.0  0.0   174784.0 174784.0  699072.0   699071.9  163352.0 97957.4    716   23.471  265   199.793  223.264
87360.0 87360.0 87360.0  0.0   174784.0 174784.0  699072.0   699072.0  163352.0 97972.0    716   23.471  269   204.380  227.851
87360.0 87360.0 87356.4  0.0   174784.0 174784.0  699072.0   699072.0  163352.0 97975.3    716   23.471  271   206.789  230.260
87360.0 87360.0  0.0   87360.0 174784.0 174784.0  699072.0   698844.8  163352.0 97975.3    717   23.854  275   212.119  235.974
87360.0 87360.0  0.0   87360.0 174784.0 174784.0  699072.0   699072.0  163352.0 97975.3    717   23.854  277   214.573  238.427
87360.0 87360.0  0.0   87360.0 174784.0 174784.0  699072.0   699071.9  163352.0 97975.8    717   23.854  281   219.193  243.047
87360.0 87360.0  0.0   87360.0 174784.0 174784.0  699072.0   699071.9  163352.0 97976.3    717   23.854  283   222.013  245.867
87360.0 87360.0  0.0   87360.0 174784.0 174784.0  699072.0   699071.9  163352.0 97981.6    717   23.854  287   226.940  250.795
87360.0 87360.0  0.0   87347.6 174784.0 174784.0  699072.0   699071.9  163352.0 97981.8    717   23.854  289   230.195  254.049
87360.0 87360.0  0.0   87360.0 174784.0 174784.0  699072.0   699072.0  163352.0 97982.4    717   23.854  293   235.324  259.179
87360.0 87360.0  0.0    0.0   174784.0 123641.4  699072.0   699072.0  163352.0 97982.3    717   23.854  296   240.165  264.020
87360.0 87360.0  0.0   87360.0 174784.0 174784.0  699072.0   699072.0  163352.0 97982.3    717   23.854  299   242.876  266.731
87360.0 87360.0  0.0   87359.8 174784.0 174784.0  699072.0   699072.0  163352.0 97982.3    717   23.854  301   245.379  269.233
87360.0 87360.0  0.0   87360.0 174784.0 174784.0  699072.0   699072.0  163352.0 97982.3    717   23.854  305   250.025  273.879
87360.0 87360.0  0.0   21015.2 174784.0 174784.0  699072.0   699071.7  163352.0 97985.3    717   23.854  308   255.178  279.032
87360.0 87360.0  0.0   87359.9 174784.0 174784.0  699072.0   699072.0  163352.0 97992.0    717   23.854  311   257.448  281.302
87360.0 87360.0  0.0   87360.0 174784.0 174784.0  699072.0   699072.0  163352.0 97994.4    717   23.854  315   262.958  286.812
87360.0 87360.0  0.0   87360.0 174784.0 174784.0  699072.0   699072.0  163352.0 97997.8    717   23.854  317   265.632  289.486
87360.0 87360.0  0.0   87359.7 174784.0 174784.0  699072.0   699072.0  163544.0 98018.2    717   23.854  321   270.650  294.504
87360.0 87360.0  0.0   87351.2 174784.0 174784.0  699072.0   699072.0  163544.0 98018.2    717   23.854  323   273.596  297.450
87360.0 87360.0  0.0   79634.7 174784.0 174784.0  699072.0   699072.0  163544.0 98026.9    717   23.854  326   279.112  302.967
87360.0 87360.0  0.0   87359.9 174784.0 174784.0  699072.0   699072.0  163544.0 98027.2    717   23.854  329   281.697  305.552
87360.0 87360.0  0.0   87359.7 174784.0 174784.0  699072.0   699072.0  163544.0 98027.2    717   23.854  333   286.649  310.504
87360.0 87360.0  0.0   87360.0 174784.0 174784.0  699072.0   699072.0  163544.0 98072.6    717   23.854  335   289.686  313.541
87360.0 87360.0  0.0   66266.7 174784.0 174784.0  699072.0   699071.8  163544.0 98073.4    717   23.854  338   294.986  318.840
87360.0 87360.0  0.0   87360.0 174784.0 174784.0  699072.0   699072.0  163544.0 98073.4    717   23.854  341   297.451  321.305
87360.0 87360.0  0.0   87360.0 174784.0 174784.0  699072.0   699071.9  163544.0 98077.9    717   23.854  345   302.660  326.514
87360.0 87360.0  0.0   87360.0 174784.0 174784.0  699072.0   699072.0  163544.0 98089.4    717   23.854  347   305.415  329.269
87360.0 87360.0  0.0   87354.7 174784.0 174784.0  699072.0   699071.5  163544.0 98091.6    717   23.854  351   310.939  334.793
87360.0 87360.0  0.0   87360.0 174784.0 174784.0  699072.0   699072.0  163544.0 98091.8    717   23.854  353   313.565  337.419
87360.0 87360.0  0.0   87359.9 174784.0 174784.0  699072.0   699072.0  163544.0 98097.4    717   23.854  357   318.883  342.737
87360.0 87360.0  0.0   87360.0 174784.0 174784.0  699072.0   699072.0  163544.0 98098.3    717   23.854  359   321.487  345.342
87360.0 87360.0  0.0   87360.0 174784.0 174784.0  699072.0   699072.0  163544.0 98102.8    717   23.854  363   326.737  350.592
87360.0 87360.0  0.0   75001.9 174784.0 174784.0  699072.0   699071.9  163544.0 98103.0    717   23.854  366   331.829  355.683
87360.0 87360.0  0.0   87359.9 174784.0 174784.0  699072.0   699071.9  163544.0 98103.0    717   23.854  369   334.453  358.307
87360.0 87360.0  0.0   87359.8 174784.0 174784.0  699072.0   699072.0  163544.0 98107.9    717   23.854  373   339.304  363.158
87360.0 87360.0  0.0   87359.9 174784.0 174784.0  699072.0   699071.9  163544.0 98108.8    717   23.854  375   342.398  366.253
87360.0 87360.0  0.0   87359.1 174784.0 174784.0  699072.0   699071.9  163544.0 98109.3    717   23.854  379   347.653  371.508
87360.0 87360.0  0.0   87360.0 174784.0 174784.0  699072.0   699071.8  163544.0 98110.3    717   23.854  381   350.035  373.890
87360.0 87360.0  0.0   87359.9 174784.0 174784.0  699072.0   699072.0  163544.0 98110.5    717   23.854  385   355.512  379.367
87360.0 87360.0  0.0   40549.3 174784.0 174784.0  699072.0   699071.8  163544.0 98110.8    717   23.854  388   360.778  384.632
87360.0 87360.0  0.0   87360.0 174784.0 174784.0  699072.0   699071.8  163544.0 98110.8    717   23.854  391   363.995  387.849
87360.0 87360.0  0.0   87360.0 174784.0 174784.0  699072.0   699071.9  163544.0 98110.8    717   23.854  393   366.989  390.844
87360.0 87360.0  0.0   23015.8 174784.0 174784.0  699072.0   699071.7  163544.0 98111.2    717   23.854  396   372.956  396.810
87360.0 87360.0  0.0   87355.6 174784.0 174784.0  699072.0   699072.0  163544.0 98111.5    717   23.854  399   376.198  400.053
87360.0 87360.0  0.0   87359.9 174784.0 174784.0  699072.0   699072.0  163544.0 98111.5    717   23.854  401   378.897  402.752
87360.0 87360.0  0.0   87359.9 174784.0 174784.0  699072.0   699072.0  163544.0 98111.5    717   23.854  405   384.947  408.802
87360.0 87360.0  0.0   11103.3 174784.0 174784.0  699072.0   699072.0  163544.0 98111.7    717   23.854  407   389.943  413.797
87360.0 87360.0  0.0   87344.2 174784.0 174784.0  699072.0   699072.0  163544.0 98112.0    717   23.854  410   392.755  416.609
87360.0 87360.0  0.0   87360.0 174784.0 174784.0  699072.0   699072.0  163544.0 98112.0    717   23.854  412   396.303  420.157
87360.0 87360.0  0.0   87360.0 174784.0 174784.0  699072.0   699072.0  163544.0 98112.0    717   23.854  416   402.022  425.876
87360.0 87360.0  0.0   87360.0 174784.0 174784.0  699072.0   699072.0  163544.0 98112.4    717   23.854  418   404.473  428.328
87360.0 87360.0  0.0   87360.0 174784.0 174784.0  699072.0   699072.0  163544.0 98112.4    717   23.854  422   409.785  433.639
87360.0 87360.0  0.0   87359.8 174784.0 174784.0  699072.0   699072.0  163544.0 98112.6    717   23.854  426   415.165  439.019
87360.0 87360.0  0.0   87359.9 174784.0 174784.0  699072.0   699071.9  163544.0 98113.2    717   23.854  428   417.670  441.524
87360.0 87360.0  0.0   87360.0 174784.0 174784.0  699072.0   699071.9  163544.0 98113.2    717   23.854  430   421.529  445.384
87360.0 87360.0  0.0   87360.0 174784.0 174784.0  699072.0   698932.1  163544.0 98140.8    717   23.854  434   427.364  451.218
87360.0 87360.0  0.0   87360.0 174784.0 174784.0  699072.0   697536.3  163736.0 98144.5    717   23.854  436   430.655  454.509
87360.0 87360.0  0.0   87360.0 174784.0 174784.0  699072.0   698820.0  163736.0 98146.8    717   23.854  440   436.363  460.217
87360.0 87360.0  0.0   87360.0 174784.0 174784.0  699072.0   699066.8  163736.0 98165.9    717   23.854  442   439.592  463.446
87360.0 87360.0  0.0   87360.0 174784.0 174784.0  699072.0   698979.0  163736.0 98231.0    717   23.854  446   445.987  469.842
87360.0 87360.0  0.0   87360.0 174784.0 174784.0  699072.0   699012.2  163736.0 98313.9    717   23.854  448   449.846  473.701
87360.0 87360.0  0.0   87360.0 174784.0 174784.0  699072.0   699045.8  163928.0 98515.5    717   23.854  450   452.794  476.648
87360.0 87360.0  0.0   87360.0 174784.0 174784.0  699072.0   698771.1  164380.0 98587.4    717   23.854  453   458.110  481.965
87360.0 87360.0  0.0   87360.0 174784.0 174784.0  699072.0   699001.6  164380.0 98589.8    717   23.854  455   460.888  484.742
87360.0 87360.0  0.0   87360.0 174784.0 174784.0  699072.0   698822.1  164380.0 98599.0    717   23.854  459   467.069  490.924
87360.0 87360.0  0.0   87360.0 174784.0 174784.0  699072.0   699064.8  164380.0 98600.9    717   23.854  461   470.222  494.076
87360.0 87360.0  0.0   87360.0 174784.0 174784.0  699072.0   699030.6  164380.0 98605.6    717   23.854  463   474.352  498.207
87360.0 87360.0  0.0   87359.7 174784.0 174784.0  699072.0   699071.9  164572.0 98750.0    717   23.854  466   479.072  502.926
87360.0 87360.0  0.0   87360.0 174784.0 174784.0  699072.0   699072.0  164764.0 98826.9    717   23.854  468   482.741  506.595
87360.0 87360.0  0.0   87359.8 174784.0 174784.0  699072.0   699071.7  164956.0 98932.0    717   23.854  472   488.802  512.656
87360.0 87360.0  0.0   87359.8 174784.0 174784.0  699072.0   699072.0  164956.0 98938.1    717   23.854  474   491.859  515.714
87360.0 87360.0  0.0   87356.3 174784.0 174784.0  699072.0   699071.9  164956.0 98947.7    717   23.854  476   495.174  519.029
87360.0 87360.0  0.0   87360.0 174784.0 174784.0  699072.0   699072.0  164956.0 98956.2    717   23.854  480   501.923  525.777
87360.0 87360.0  0.0   87360.0 174784.0 174784.0  699072.0   699072.0  164956.0 98957.1    717   23.854  482   504.744  528.599
87360.0 87360.0  0.0   87360.0 174784.0 174784.0  699072.0   699072.0  164956.0 98967.8    717   23.854  486   511.173  535.028
87360.0 87360.0  0.0   87359.9 174784.0 174784.0  699072.0   699072.0  164956.0 99016.8    717   23.854  487   514.195  538.049
87360.0 87360.0  0.0   87359.9 174784.0 174784.0  699072.0   699072.0  165148.0 99024.1    717   23.854  491   519.517  543.372
87360.0 87360.0  0.0   87359.7 174784.0 174784.0  699072.0   699072.0  165148.0 99028.5    717   23.854  493   522.372  546.226
87360.0 87360.0  0.0   87360.0 174784.0 174784.0  699072.0   699072.0  165148.0 99036.7    717   23.854  496   527.874  551.728
87360.0 87360.0  0.0   87360.0 174784.0 174784.0  699072.0   699072.0  165148.0 99160.2    717   23.854  499   532.775  556.630
87360.0 87360.0  0.0   87360.0 174784.0 174784.0  699072.0   699072.0  165340.0 99178.1    717   23.854  501   536.364  560.218
87360.0 87360.0  0.0   87360.0 174784.0 174784.0  699072.0   699072.0  165340.0 99196.8    717   23.854  503   539.875  563.729
87360.0 87360.0  0.0   87360.0 174784.0 174784.0  699072.0   699072.0  165340.0 99196.6    717   23.854  505   543.942  567.797
87360.0 87360.0  0.0   87359.9 174784.0 174784.0  699072.0   699071.9  165532.0 99218.8    717   23.854  508   549.843  573.697
87360.0 87360.0  0.0   50656.1 174784.0 174784.0  699072.0   699072.0  165532.0 99222.5    717   23.854  511   556.105  579.959
87360.0 87360.0  0.0   87360.0 174784.0 174784.0  699072.0   699072.0  165532.0 99227.3    717   23.854  514   559.508  583.362
87360.0 87360.0  0.0   87360.0 174784.0 174784.0  699072.0   699072.0  165532.0 99232.0    717   23.854  516   562.805  586.659
87360.0 87360.0  0.0   53412.5 174784.0 174779.8  699072.0   699072.0  165532.0 99237.4    717   23.854  519   569.603  593.457
87360.0 87360.0  0.0   87359.7 174784.0 174784.0  699072.0   699072.0  165532.0 99243.4    717   23.854  522   573.312  597.167
87360.0 87360.0  0.0   87359.8 174784.0 174784.0  699072.0   699072.0  165532.0 99253.3    717   23.854  524   576.453  600.308
87360.0 87360.0  0.0   74138.5 174784.0 174784.0  699072.0   699072.0  165532.0 99259.0    717   23.854  527   582.885  606.739
87360.0 87360.0  0.0   87346.1 174784.0 174784.0  699072.0   699072.0  165532.0 99192.4    717   23.854  530   586.218  610.072
87360.0 87360.0  0.0   87359.9 174784.0 174784.0  699072.0   699072.0  165532.0 98967.9    717   23.854  532   589.218  613.073
87360.0 87360.0  0.0   87359.8 174784.0 174784.0  699072.0   699072.0  165532.0 98974.4    717   23.854  536   595.540  619.394
87360.0 87360.0  0.0   87358.5 174784.0 174784.0  699072.0   699070.6  165532.0 98976.1    717   23.854  538   598.522  622.376
87360.0 87360.0  0.0   87340.4 174784.0 174784.0  699072.0   699072.0  165532.0 98981.0    717   23.854  542   605.061  628.916
87360.0 87360.0  0.0   87360.0 174784.0 174784.0  699072.0   699072.0  165532.0 98983.1    717   23.854  544   609.208  633.063
87360.0 87360.0  0.0   87356.4 174784.0 174784.0  699072.0   699071.2  165532.0 98983.4    717   23.854  546   612.812  636.667
87360.0 87360.0  0.0   87360.0 174784.0 174784.0  699072.0   699072.0  165532.0 98984.0    717   23.854  549   618.676  642.530
87360.0 87360.0  0.0   87359.9 174784.0 174784.0  699072.0   699072.0  165532.0 98984.0    717   23.854  551   622.055  645.909
87360.0 87360.0  0.0   87360.0 174784.0 174784.0  699072.0   699072.0  165532.0 98985.3    717   23.854  555   628.805  652.659
87360.0 87360.0  0.0   87360.0 174784.0 174784.0  699072.0   699072.0  165532.0 98986.2    717   23.854  557   631.833  655.687
87360.0 87360.0  0.0   87360.0 174784.0 174784.0  699072.0   699072.0  165532.0 98986.2    717   23.854  561   637.910  661.765
87360.0 87360.0  0.0   57004.2 174784.0 174784.0  699072.0   699072.0  165532.0 98986.2    717   23.854  563   642.967  666.821
87360.0 87360.0  0.0   87359.9 174784.0 174784.0  699072.0   699072.0  165532.0 98988.6    717   23.854  567   646.296  670.151
87360.0 87360.0  0.0   87359.9 174784.0 174784.0  699072.0   699072.0  165532.0 98985.2    717   23.854  571   651.669  675.523
87360.0 87360.0  0.0   87360.0 174784.0 174784.0  699072.0   699072.0  165532.0 98985.4    717   23.854  573   654.302  678.157
87360.0 87360.0  0.0   87359.8 174784.0 174784.0  699072.0   699072.0  165532.0 98959.2    717   23.854  577   660.146  684.000
87360.0 87360.0  0.0   87360.0 174784.0 174784.0  699072.0   699072.0  165532.0 98959.2    717   23.854  579   663.739  687.594
87360.0 87360.0  0.0   87360.0 174784.0 174784.0  699072.0   699072.0  165532.0 98959.2    717   23.854  583   669.011  692.866
87360.0 87360.0  0.0   87360.0 174784.0 174784.0  699072.0   699072.0  165532.0 98959.2    717   23.854  587   675.243  699.097
87360.0 87360.0  0.0   87360.0 174784.0 174784.0  699072.0   699072.0  165532.0 98907.1    717   23.854  589   679.029  702.883
87360.0 87360.0  0.0   87360.0 174784.0 174784.0  699072.0   699072.0  165532.0 98907.1    717   23.854  591   682.240  706.094
