 S0C    S1C    S0U    S1U      EC       EU        OC         OU       PC     PU    YGC     YGCT    FGC    FGCT     GCT   
18944.0 18496.0  0.0   11776.0 277120.0 74552.0   420928.0   402232.7  174528.0 96205.4     93    3.291   2      1.416    4.707
18944.0 18496.0  0.0   11776.0 277120.0 74628.4   420928.0   402232.7  174528.0 96205.4     93    3.291   2      1.416    4.707
18944.0 18496.0  0.0   11776.0 277120.0 74667.3   420928.0   402232.7  174528.0 96205.4     93    3.291   2      1.416    4.707
18944.0 18496.0  0.0   11776.0 277120.0 76967.6   420928.0   402232.7  174528.0 96210.7     93    3.291   2      1.416    4.707
18944.0 18496.0  0.0   11776.0 277120.0 77004.0   420928.0   402232.7  174528.0 96210.7     93    3.291   2      1.416    4.707
18944.0 18496.0  0.0   11776.0 277120.0 77080.0   420928.0   402232.7  174528.0 96210.7     93    3.291   2      1.416    4.707
18944.0 18496.0  0.0   11776.0 277120.0 77080.3   420928.0   402232.7  174528.0 96210.7     93    3.291   2      1.416    4.707
18944.0 18496.0  0.0   11776.0 277120.0 77181.8   420928.0   402232.7  174528.0 96210.7     93    3.291   2      1.416    4.707
18944.0 18496.0  0.0   11776.0 277120.0 77256.5   420928.0   402232.7  174528.0 96210.7     93    3.291   2      1.416    4.707
18944.0 18496.0  0.0   11776.0 277120.0 77293.3   420928.0   402232.7  174528.0 96210.7     93    3.291   2      1.416    4.707
18944.0 18496.0  0.0   11776.0 277120.0 77330.3   420928.0   402232.7  174528.0 96210.7     93    3.291   2      1.416    4.707
18944.0 18496.0  0.0   11776.0 277120.0 77407.0   420928.0   402232.7  174528.0 96210.7     93    3.291   2      1.416    4.707
18944.0 18496.0  0.0   11776.0 277120.0 77407.3   420928.0   402232.7  174528.0 96210.7     93    3.291   2      1.416    4.707
18944.0 18496.0  0.0   11776.0 277120.0 77514.2   420928.0   402232.7  174528.0 96210.7     93    3.291   2      1.416    4.707
18944.0 18496.0  0.0   11776.0 277120.0 77558.4   420928.0   402232.7  174528.0 96210.7     93    3.291   2      1.416    4.707
18944.0 18496.0  0.0   11776.0 277120.0 79919.1   420928.0   402232.7  174528.0 96211.8     93    3.291   2      1.416    4.707
18944.0 18496.0  0.0   11776.0 277120.0 79956.1   420928.0   402232.7  174528.0 96211.8     93    3.291   2      1.416    4.707
18944.0 18496.0  0.0   11776.0 277120.0 80034.1   420928.0   402232.7  174528.0 96211.8     93    3.291   2      1.416    4.707
18944.0 18496.0  0.0   11776.0 277120.0 85869.0   420928.0   402232.7  174528.0 96212.3     93    3.291   2      1.416    4.707
23680.0 17984.0  0.0    0.0   305728.0  8517.8   433536.0   287681.6  179840.0 95516.9     95    3.366   3      2.517    5.883
23680.0 17984.0  0.0    0.0   305728.0 11607.1   433536.0   287681.6  179840.0 95527.6     95    3.366   3      2.517    5.883
34560.0 34752.0  0.0   19776.0 280000.0 181453.5  433536.0   357633.9  179840.0 95577.1    101    3.621   3      2.517    6.137
34880.0 36032.0  0.0   18752.0 277440.0 17363.0   433536.0   406918.7  179840.0 95649.3    105    3.765   3      2.517    6.282
35968.0 36800.0  0.0   20320.0 271296.0 193617.8  449664.0   353604.6  177088.0 95701.7    113    4.020   4      3.213    7.233
34880.0 43200.0 34880.0  0.0   263104.0 180969.9  449664.0   424908.7  177088.0 95754.5    118    4.233   4      3.213    7.446
47232.0 49280.0  0.0   15648.0 242944.0 46275.8   508736.0   432464.4  172800.0 95855.2    129    4.734   5      3.972    8.707
39808.0 42304.0 31168.0  0.0   262848.0   0.0     508736.0   491656.6  172800.0 95899.3    134    4.996   6      3.972    8.968
45632.0 30528.0  0.0   30480.0 262080.0  6537.9   579520.0   442246.5  166656.0 95950.4    143    5.389   6      4.855   10.245
37504.0 40448.0 30928.0  0.0   267328.0 164852.1  579520.0   545558.8  166656.0 96035.6    152    5.738   6      4.855   10.593
56256.0 58752.0 7216.0  0.0   228352.0 60185.1   640960.0   491444.5  159808.0 96060.9    160    6.068   7      5.856   11.924
49280.0 52352.0  0.0    0.0   236864.0 199848.6  699072.0   397143.5  153152.0 96153.8    169    6.404   8      6.938   13.342
44864.0 40064.0  0.0   36640.0 263936.0 58534.0   699072.0   416559.6  153152.0 96174.8    175    6.601   8      6.938   13.539
54912.0 43136.0  0.0   43136.0 250048.0 82696.5   699072.0   416559.6  153152.0 96209.8    177    6.684   8      6.938   13.622
73984.0 81920.0 60000.1  0.0   185664.0 108197.3  699072.0   420927.6  153152.0 96290.5    182    6.933   8      6.938   13.870
76672.0 75840.0  0.0   49574.8 188864.0 12699.0   699072.0   434983.7  153152.0 96299.1    185    7.066   8      6.938   14.003
76672.0 75840.0  0.0   49574.8 188864.0 17382.4   699072.0   434983.7  153152.0 96302.1    185    7.066   8      6.938   14.003
76672.0 77248.0 49857.3  0.0   195008.0 56685.8   699072.0   439903.7  153152.0 96303.4    186    7.184   8      6.938   14.122
76672.0 77248.0 49857.3  0.0   195008.0 60054.0   699072.0   439903.7  153152.0 96303.4    186    7.184   8      6.938   14.122
76672.0 77248.0 49857.3  0.0   195008.0 64673.8   699072.0   439903.7  153152.0 96303.4    186    7.184   8      6.938   14.122
76672.0 77248.0 49857.3  0.0   195008.0 67381.0   699072.0   439903.7  153152.0 96303.8    186    7.184   8      6.938   14.122
76672.0 77248.0 49857.3  0.0   195008.0 68478.2   699072.0   439903.7  153152.0 96303.8    186    7.184   8      6.938   14.122
76672.0 77248.0 49857.3  0.0   195008.0 68549.5   699072.0   439903.7  153152.0 96303.8    186    7.184   8      6.938   14.122
76672.0 77248.0 49857.3  0.0   195008.0 68585.3   699072.0   439903.7  153152.0 96303.8    186    7.184   8      6.938   14.122
74432.0 74304.0 48518.8  0.0   195712.0 11299.7   699072.0   439903.7  153152.0 96303.9    188    7.271   8      6.938   14.209
74432.0 74304.0 48518.8  0.0   195712.0 83938.3   699072.0   439903.7  153152.0 96304.0    188    7.271   8      6.938   14.209
74432.0 74304.0 48518.8  0.0   195712.0 87857.0   699072.0   439903.7  153152.0 96304.0    188    7.271   8      6.938   14.209
74432.0 74304.0 48518.8  0.0   195712.0 87981.3   699072.0   439903.7  153152.0 96304.0    188    7.271   8      6.938   14.209
74432.0 74304.0 48518.8  0.0   195712.0 88320.3   699072.0   439903.7  153152.0 96304.0    188    7.271   8      6.938   14.209
74432.0 74304.0 48518.8  0.0   195712.0 88320.5   699072.0   439903.7  153152.0 96304.0    188    7.271   8      6.938   14.209
74432.0 74304.0 48518.8  0.0   195712.0 88391.9   699072.0   439903.7  153152.0 96304.0    188    7.271   8      6.938   14.209
74432.0 74304.0 48518.8  0.0   195712.0 88426.8   699072.0   439903.7  153152.0 96304.0    188    7.271   8      6.938   14.209
74432.0 74304.0 48518.8  0.0   195712.0 90821.2   699072.0   439903.7  153152.0 96304.0    188    7.271   8      6.938   14.209
74432.0 74304.0 48518.8  0.0   195712.0 90856.6   699072.0   439903.7  153152.0 96304.0    188    7.271   8      6.938   14.209
74432.0 74304.0 48518.8  0.0   195712.0 92742.6   699072.0   439903.7  153152.0 96304.0    188    7.271   8      6.938   14.209
74432.0 74304.0 48518.8  0.0   195712.0 92742.9   699072.0   439903.7  153152.0 96304.0    188    7.271   8      6.938   14.209
74432.0 74304.0 48518.8  0.0   195712.0 92841.5   699072.0   439903.7  153152.0 96304.0    188    7.271   8      6.938   14.209
74432.0 74304.0 48518.8  0.0   195712.0 92876.8   699072.0   439903.7  153152.0 96304.0    188    7.271   8      6.938   14.209
74432.0 74304.0 48518.8  0.0   195712.0 92913.6   699072.0   439903.7  153152.0 96304.0    188    7.271   8      6.938   14.209
74432.0 74304.0 48518.8  0.0   195712.0 92981.5   699072.0   439903.7  153152.0 96304.0    188    7.271   8      6.938   14.209
74432.0 74304.0 48518.8  0.0   195712.0 93053.4   699072.0   439903.7  153152.0 96304.0    188    7.271   8      6.938   14.209
74432.0 74304.0 48518.8  0.0   195712.0 93344.0   699072.0   439903.7  153152.0 96304.0    188    7.271   8      6.938   14.209
74432.0 74304.0 48518.8  0.0   195712.0 93415.4   699072.0   439903.7  153152.0 96304.0    188    7.271   8      6.938   14.209
74432.0 74304.0 48518.8  0.0   195712.0 93661.6   699072.0   439903.7  153152.0 96304.0    188    7.271   8      6.938   14.209
74432.0 74304.0 48518.8  0.0   195712.0 95969.4   699072.0   439903.7  153152.0 96304.0    188    7.271   8      6.938   14.209
74432.0 74304.0 48518.8  0.0   195712.0 97551.6   699072.0   439903.7  153152.0 96304.0    188    7.271   8      6.938   14.209
74432.0 74304.0 48518.8  0.0   195712.0 107997.1  699072.0   439903.7  153152.0 96344.8    188    7.271   8      6.938   14.209
73152.0 75456.0 55729.4  0.0   198464.0 182867.8  699072.0   439903.7  153152.0 96525.1    190    7.366   8      6.938   14.303
86208.0 84032.0 52486.9  0.0   179264.0 110700.2  699072.0   452383.7  153152.0 96541.9    194    7.623   8      6.938   14.561
84992.0 67072.0  0.0   67040.1 182976.0 123547.8  699072.0   477592.7  153152.0 96541.9    199    7.943   8      6.938   14.881
79552.0 35200.0  0.0   35168.0 185856.0 10479.2   699072.0   513656.7  153152.0 96547.3    205    8.256   8      6.938   15.194
75968.0 7744.0  0.0   7744.0 198464.0   0.0     699072.0   590605.8  153152.0 96556.5    213    8.556   8      6.938   15.494
62912.0 65088.0  0.0   16512.0 214784.0 54064.6   699072.0   642485.2  153152.0 96558.7    219    8.765   8      6.938   15.703
54912.0 53504.0  0.0   35664.0 236800.0 174843.3  699072.0   655333.2  153152.0 96561.3    225    8.950   8      6.938   15.888
61824.0 65088.0 34720.0  0.0   212928.0 142708.3  699072.0   678957.4  153152.0 96564.5    232    9.278   8      6.938   16.215
59968.0 18368.0  0.0   18368.0 227264.0 178935.8  686784.0   417613.3  147008.0 96476.6    239    9.611   9      8.212   17.823
52736.0 55040.0  0.0   17376.0 236672.0 192457.1  686784.0   470981.4  147008.0 96485.9    245    9.830   9      8.212   18.043
39936.0 41984.0  0.0   21248.0 261184.0 215362.3  686784.0   575777.7  147008.0 96513.5    255   10.268   9      8.212   18.481
35264.0 36224.0 5216.0  0.0   273984.0 203720.8  699072.0   382301.5  141184.0 96543.4    264   10.599  10      9.248   19.846
35584.0 37440.0  0.0   17989.1 272128.0 12195.2   699072.0   489849.8  141184.0 96611.0    273   10.932  10      9.248   20.180
33856.0 34624.0 12640.0  0.0   276480.0 273270.9  699072.0   502972.0  141184.0 96646.2    274   10.963  10      9.248   20.210
43008.0 45888.0 33616.0  0.0   257728.0 239267.6  699072.0   540860.0  141184.0 96667.7    280   11.161  10      9.248   20.409
44032.0 43264.0  0.0   29408.0 259392.0 107076.8  699072.0   545916.1  141184.0 96673.6    283   11.260  10      9.248   20.507
49344.0 38272.0  0.0   38256.0 257216.0 112741.5  699072.0   545916.1  141184.0 96681.3    285   11.336  10      9.248   20.583
56960.0 61120.0 47344.0  0.0   227264.0   0.0     699072.0   545916.1  141184.0 96703.7    288   11.534  10      9.248   20.782
65920.0 51520.0  0.0   51472.0 227264.0 200720.8  699072.0   545916.1  141184.0 96710.5    289   11.584  10      9.248   20.832
76864.0 59712.0  0.0   59664.0 206912.0 72181.9   699072.0   545916.1  141184.0 96711.1    291   11.782  10      9.248   21.030
76864.0 81024.0 59216.0  0.0   187456.0 165487.9  699072.0   545916.1  141184.0 96835.3    292   11.839  10      9.248   21.087
93696.0 93568.0  0.0   60416.0 161792.0 98856.8   699072.0   564396.1  141184.0 96840.1    297   12.147  10      9.248   21.395
85952.0 89600.0 46592.0  0.0   162240.0 105002.3  699072.0   573388.2  141184.0 96857.5    298   12.199  10      9.248   21.447
76352.0 80192.0 48851.7  0.0   180800.0 50204.2   699072.0   586052.2  141184.0 96863.8    302   12.378  10      9.248   21.625
77120.0 78656.0 30128.0  0.0   189824.0 16499.2   699072.0   597866.6  141184.0 96865.0    304   12.517  10      9.248   21.765
73088.0 69888.0  0.0   57472.0 204480.0 83508.6   699072.0   606640.1  141184.0 96866.9    311   12.908  10      9.248   22.156
73088.0 71744.0 32768.0  0.0   204672.0 120108.3  699072.0   610776.1  141184.0 96866.9    312   12.992  10      9.248   22.239
70528.0 68288.0 36064.0  0.0   206912.0 173679.4  699072.0   621880.1  141184.0 96869.7    314   13.072  10      9.248   22.320
65728.0 67392.0  0.0   29024.0 211712.0 44921.6   699072.0   636808.1  141184.0 96870.2    317   13.232  10      9.248   22.480
65728.0 65216.0 21968.0  0.0   214208.0 203639.8  699072.0   636808.1  141184.0 96870.5    318   13.258  10      9.248   22.505
60480.0 59072.0 35952.0  0.0   224256.0 92281.7   699072.0   636808.1  141184.0 96870.6    322   13.418  10      9.248   22.665
57216.0 58752.0 43472.0  0.0   228416.0 49199.5   699072.0   636808.1  141184.0 96870.6    324   13.540  10      9.248   22.788
53632.0 55232.0  0.0   34720.0 234240.0 165185.9  699072.0   636808.1  141184.0 96875.1    327   13.650  10      9.248   22.898
51968.0 53760.0 43616.1  0.0   240832.0   0.0     699072.0   639440.1  141184.0 96876.2    330   13.780  10      9.248   23.028
55680.0 45120.0 4896.0 45104.0 240832.0 240832.0  699072.0   643264.2  141184.0 96879.2    332   13.826  10      9.248   23.074
53184.0 52928.0 39920.0  0.0   239232.0 232910.5  699072.0   647608.2  141184.0 96883.3    334   13.950  10      9.248   23.197
54528.0 56000.0 46464.0  0.0   237504.0 191738.9  699072.0   653640.2  141184.0 96932.5    338   14.300  10      9.248   23.547
55360.0 56640.0  0.0   30064.0 233472.0   0.0     699072.0   690795.8  141184.0 96935.5    347   14.753  11      9.248   24.001
55744.0 55808.0 30848.0  0.0   236928.0 113174.6  685760.0   353282.2  135488.0 96943.0    354   14.983  11     10.147   25.131
41920.0 44352.0  0.0   18848.0 254976.0 141685.8  685760.0   446097.3  135488.0 96954.2    363   15.261  11     10.147   25.409
39296.0 40256.0 25856.0  0.0   268992.0 122193.0  685760.0   468473.4  135488.0 96996.8    368   15.402  11     10.147   25.550
35328.0 34880.0 21952.0  0.0   275136.0 154317.8  685760.0   491165.6  135488.0 97012.8    374   15.578  11     10.147   25.726
32448.0 32064.0 18016.0  0.0   283904.0 77883.9   685760.0   511933.6  135488.0 97023.2    380   15.802  11     10.147   25.950
46528.0 46976.0  0.0   5792.0 248960.0 181826.3  699072.0   420664.9  130176.0 97030.9    393   16.324  12     11.140   27.463
38848.0 41408.0 11995.1  0.0   261824.0 72185.5   699072.0   463791.8  130176.0 97046.2    398   16.480  12     11.140   27.620
36032.0 35328.0  0.0   23104.0 275392.0 242322.1  699072.0   491303.9  130176.0 97067.9    403   16.639  12     11.140   27.779
39360.0 37312.0  0.0   37312.0 272832.0 127950.2  699072.0   528480.0  130176.0 97083.9    409   16.848  12     11.140   27.988
35968.0 39488.0 13424.0 224.0  265216.0 265216.0  699072.0   557871.7  130176.0 97097.7    413   16.963  12     11.140   28.103
33984.0 34880.0  0.0   18752.0 274560.0 147766.1  699072.0   605127.3  130176.0 97121.4    417   17.189  12     11.140   28.328
36992.0 29632.0  0.0   29616.0 280320.0 167947.8  699072.0   611247.4  130176.0 97131.8    421   17.299  12     11.140   28.439
45504.0 35776.0  0.0   35760.0 265536.0 264029.3  699072.0   612399.4  130176.0 97141.4    425   17.474  12     11.140   28.613
43072.0 42816.0 12096.0  0.0   259136.0 193745.6  699072.0   632367.4  130176.0 97149.8    428   17.578  12     11.140   28.717
40064.0 40640.0 18662.3  0.0   266368.0 89129.3   699072.0   640527.1  130176.0 97166.1    432   17.705  12     11.140   28.845
42624.0 33088.0  0.0   33056.0 267200.0 68917.9   699072.0   640527.1  130176.0 97171.9    435   17.835  12     11.140   28.975
44480.0 34816.0  0.0   34784.0 264384.0 144988.9  699072.0   640527.1  130176.0 97177.6    437   17.906  12     11.140   29.046
47296.0 38528.0  0.0   38480.0 260288.0 39144.0   699072.0   640527.1  130176.0 97183.8    439   18.027  12     11.140   29.167
47296.0 52544.0 46880.0  0.0   244416.0 108122.6  699072.0   640527.1  130176.0 97185.4    440   18.073  12     11.140   29.213
53440.0 55488.0 41952.0  0.0   238528.0 117689.7  699072.0   640527.1  130176.0 97187.8    442   18.159  12     11.140   29.299
57984.0 60288.0 45696.0  0.0   228928.0 146181.9  699072.0   644711.2  130176.0 97192.0    444   18.253  12     11.140   29.393
62016.0 65152.0 50880.0  0.0   219200.0 172337.3  699072.0   648719.2  130176.0 97193.1    446   18.415  12     11.140   29.555
59648.0 62400.0 39120.0  0.0   219904.0 65816.1   699072.0   651871.3  130176.0 97197.2    448   18.508  12     11.140   29.648
62080.0 62400.0  0.0   43440.0 219904.0 66788.4   699072.0   652927.3  130176.0 97197.9    449   18.557  12     11.140   29.697
60096.0 61248.0 42320.0  0.0   225024.0 177902.2  699072.0   655839.4  130176.0 97197.9    450   18.601  12     11.140   29.741
59200.0 61248.0  0.0   37232.0 225024.0 182975.2  699072.0   658311.4  130176.0 97198.9    451   18.644  12     11.140   29.783
56704.0 57344.0  0.0   31118.4 229056.0  6470.0   699072.0   662351.4  130176.0 97204.9    453   18.824  12     11.140   29.963
56704.0 57344.0  0.0   31118.4 229056.0 140889.9  699072.0   662351.4  130176.0 97204.9    453   18.824  12     11.140   29.963
55360.0 56192.0 29312.0  0.0   235456.0 81571.6   699072.0   665351.4  130176.0 97204.9    454   18.861  12     11.140   30.000
55360.0 56192.0 29312.0  0.0   235456.0 117052.8  699072.0   665351.4  130176.0 97205.4    454   18.861  12     11.140   30.000
54656.0 55424.0 29696.0  0.0   236736.0 111692.9  699072.0   670319.4  130176.0 97205.5    456   18.929  12     11.140   30.069
55488.0 55424.0  0.0   22087.9 236736.0 31016.6   699072.0   673663.4  130176.0 97206.0    457   18.960  12     11.140   30.099
53824.0 27008.0  0.0   26976.0 238592.0 83029.2   699072.0   676303.4  130176.0 97206.0    459   19.060  12     11.140   30.200
51840.0 53632.0  0.0   27824.0 239808.0   0.0     699072.0   677815.4  130176.0 97206.2    461   19.151  12     11.140   30.290
51840.0 51520.0 19720.0  0.0   242368.0 12758.2   699072.0   677895.5  130176.0 97206.8    462   19.176  12     11.140   30.316
51840.0 51520.0 19720.0  0.0   242368.0 183791.5  699072.0   677895.5  130176.0 97208.4    462   19.176  12     11.140   30.316
47360.0 49024.0 27897.6  0.0   246720.0 217822.1  699072.0   681983.5  130176.0 97213.4    464   19.248  12     11.140   30.387
47360.0 49024.0 27897.6  0.0   246720.0 224716.2  699072.0   681983.5  130176.0 97213.4    464   19.248  12     11.140   30.387
42432.0 44480.0 28080.2  0.0   257088.0 111423.5  699072.0   682231.5  130176.0 97215.1    468   19.415  12     11.140   30.555
39488.0 41984.0 26600.5  0.0   261440.0 80254.2   699072.0   683887.5  130176.0 97216.0    470   19.529  12     11.140   30.668
37504.0 39744.0 26208.2  0.0   266432.0 187440.3  699072.0   686467.4  130176.0 97216.3    472   19.594  12     11.140   30.733
39232.0 40640.0 33504.2  0.0   268224.0 167839.4  699072.0   686539.4  130176.0 97216.3    474   19.656  12     11.140   30.796
40128.0 40640.0  0.0   29280.2 268224.0 261042.6  699072.0   686603.4  130176.0 97216.3    475   19.690  12     11.140   30.829
39936.0 28480.0  0.0   28461.3 267456.0 96646.0   699072.0   686843.6  130176.0 97216.5    477   19.804  12     11.140   30.944
41472.0 36288.0  0.0   36256.0 268736.0 43119.7   699072.0   690803.8  130176.0 97221.2    479   19.882  12     11.140   31.021
40704.0 40512.0  0.0   32528.0 267520.0 232450.2  699072.0   694171.8  130176.0 97221.2    481   19.966  12     11.140   31.106
42304.0 35776.0  0.0   35776.0 267008.0 255004.8  699072.0   694611.8  130176.0 97221.2    483   20.046  12     11.140   31.186
42304.0 41984.0  0.0    0.0   265216.0 157051.1  699072.0   330532.4  125952.0 97219.3    484   20.089  13     12.041   32.130
45248.0 45760.0 14793.4  0.0   257984.0 166081.2  699072.0   330532.4  125952.0 97229.7    486   20.122  13     12.041   32.164
45184.0 18880.0  0.0   18854.6 257984.0 179086.4  699072.0   330532.4  125952.0 97230.3    487   20.147  13     12.041   32.188
42688.0 28352.0  0.0   28304.0 260160.0 92536.7   699072.0   330532.4  125952.0 97235.6    489   20.206  13     12.041   32.247
42688.0 28352.0  0.0   28304.0 260160.0 130765.8  699072.0   330532.4  125952.0 97235.6    489   20.206  13     12.041   32.247
42688.0 41216.0 24800.0  0.0   262272.0 112308.9  699072.0   330532.4  125952.0 97235.6    490   20.231  13     12.041   32.272
46016.0 41216.0  0.0   41200.0 262272.0 96851.2   699072.0   333676.4  125952.0 97235.6    491   20.277  13     12.041   32.318
46016.0 41216.0  0.0   41200.0 262272.0 99676.7   699072.0   333676.4  125952.0 97235.6    491   20.277  13     12.041   32.318
53760.0 44480.0  0.0   44432.0 249024.0 51602.2   699072.0   333676.4  125952.0 97236.9    493   20.369  13     12.041   32.410
53760.0 44480.0  0.0   44432.0 249024.0 182530.4  699072.0   333676.4  125952.0 97236.9    493   20.369  13     12.041   32.410
53760.0 52672.0 33968.0  0.0   243072.0 238000.5  699072.0   333676.4  125952.0 97238.0    494   20.402  13     12.041   32.443
53760.0 52672.0 33968.0  0.0   243072.0 240027.6  699072.0   333676.4  125952.0 97238.0    494   20.402  13     12.041   32.443
53696.0 52672.0  0.0   39808.0 243072.0 225338.2  699072.0   333676.4  125952.0 97241.9    495   20.443  13     12.041   32.484
53696.0 53440.0 37006.5  0.0   242368.0 58915.6   699072.0   333676.4  125952.0 97241.9    496   20.479  13     12.041   32.520
55104.0 42752.0  0.0   42720.0 242368.0 84585.2   699072.0   333676.4  125952.0 97241.9    497   20.519  13     12.041   32.560
55104.0 42752.0  0.0   42720.0 242368.0 119158.5  699072.0   333676.4  125952.0 97241.9    497   20.519  13     12.041   32.560
55104.0 42752.0  0.0   42720.0 242368.0 121365.0  699072.0   333676.4  125952.0 97241.9    497   20.519  13     12.041   32.560
55104.0 42752.0  0.0   42720.0 242368.0 121365.3  699072.0   333676.4  125952.0 97241.9    497   20.519  13     12.041   32.560
57856.0 45184.0  0.0   45168.0 237376.0 99522.6   699072.0   333676.4  125952.0 97245.9    499   20.604  13     12.041   32.645
57856.0 56192.0 36863.8  0.0   235456.0 170532.4  699072.0   337207.7  125952.0 97256.8    500   20.640  13     12.041   32.681
57856.0 56192.0 36863.8  0.0   235456.0 209941.6  699072.0   337207.7  125952.0 97256.8    500   20.640  13     12.041   32.681
55808.0 55488.0 40464.0  0.0   235776.0 196901.0  699072.0   341079.7  125952.0 97261.2    502   20.729  13     12.041   32.770
54400.0 55488.0  0.0   31653.1 235776.0 67971.7   699072.0   346135.8  125952.0 97261.2    503   20.764  13     12.041   32.806
54144.0 53568.0 30064.0 2112.0 239040.0 239040.0  699072.0   349195.7  125952.0 97262.1    505   20.798  13     12.041   32.839
52672.0 53568.0  0.0   37998.6 239040.0 65458.3   699072.0   349291.7  125952.0 97262.8    505   20.891  13     12.041   32.933
52672.0 53568.0  0.0   37998.6 239040.0 67707.8   699072.0   349291.7  125952.0 97262.8    505   20.891  13     12.041   32.933
52672.0 53568.0  0.0   37998.6 239040.0 70646.8   699072.0   349291.7  125952.0 97262.8    505   20.891  13     12.041   32.933
52672.0 53568.0  0.0   37998.6 239040.0 70682.3   699072.0   349291.7  125952.0 97262.8    505   20.891  13     12.041   32.933
52672.0 54848.0 46015.7  0.0   239616.0 64959.2   699072.0   349323.7  125952.0 97262.8    506   20.936  13     12.041   32.978
57536.0 48896.0  0.0   48832.1 239616.0 55271.0   699072.0   352251.7  125952.0 97262.8    507   21.054  13     12.041   33.095
57536.0 55872.0 35908.6  0.0   236096.0  2714.1   699072.0   356347.7  125952.0 97285.0    508   21.093  13     12.041   33.134
57536.0 55872.0 35908.6  0.0   236096.0  9951.7   699072.0   356347.7  125952.0 97285.0    508   21.093  13     12.041   33.134
57216.0 55872.0  0.0   46096.1 236096.0  8870.4   699072.0   357651.7  125952.0 97285.0    509   21.139  13     12.041   33.181
57216.0 58176.0 46177.2  0.0   233152.0  6504.5   699072.0   361419.8  125952.0 97285.8    510   21.189  13     12.041   33.230
59776.0 48768.0  0.0   48705.2 233152.0 166521.6  699072.0   361483.8  125952.0 97287.8    511   21.236  13     12.041   33.277
59776.0 48768.0  0.0   48705.2 233152.0 169430.9  699072.0   361483.8  125952.0 97287.8    511   21.236  13     12.041   33.277
59776.0 48768.0  0.0   48705.2 233152.0 173355.5  699072.0   361483.8  125952.0 97287.8    511   21.236  13     12.041   33.277
59776.0 48768.0  0.0   48705.2 233152.0 173389.2  699072.0   361483.8  125952.0 97287.8    511   21.236  13     12.041   33.277
59776.0 48768.0  0.0   48705.2 233152.0 173977.4  699072.0   361483.8  125952.0 97287.8    511   21.236  13     12.041   33.277
59776.0 48768.0  0.0   48705.2 233152.0 174014.7  699072.0   361483.8  125952.0 97287.8    511   21.236  13     12.041   33.277
56384.0 40448.0  0.0   40442.6 231680.0 37412.8   699072.0   362803.8  125952.0 97289.7    513   21.316  13     12.041   33.357
56384.0 40448.0  0.0   40442.6 231680.0 40255.0   699072.0   362803.8  125952.0 97289.7    513   21.316  13     12.041   33.357
56384.0 56704.0 45344.0  0.0   231360.0 41126.9   699072.0   365643.8  125952.0 97290.8    514   21.361  13     12.041   33.402
56384.0 56704.0 45344.0  0.0   231360.0 43327.8   699072.0   365643.8  125952.0 97290.8    514   21.361  13     12.041   33.402
56384.0 56704.0 45344.0  0.0   231360.0 51256.0   699072.0   365643.8  125952.0 97290.8    514   21.361  13     12.041   33.402
58688.0 56704.0  0.0   50209.2 231360.0 44877.3   699072.0   367379.8  125952.0 97290.8    515   21.412  13     12.041   33.453
58944.0 59456.0  0.0   35143.8 230592.0 60938.9   699072.0   373811.8  125952.0 97304.8    517   21.500  13     12.041   33.542
58944.0 59456.0  0.0   35143.8 230592.0 82158.6   699072.0   373811.8  125952.0 97305.3    517   21.500  13     12.041   33.542
58944.0 59456.0  0.0   35143.8 230592.0 83233.4   699072.0   373811.8  125952.0 97305.3    517   21.500  13     12.041   33.542
56384.0 57792.0 38377.0  0.0   231104.0 87459.8   699072.0   373851.8  125952.0 97305.3    518   21.537  13     12.041   33.578
56384.0 57792.0 38377.0  0.0   231104.0 90010.6   699072.0   373851.8  125952.0 97305.3    518   21.537  13     12.041   33.578
56384.0 57792.0 38377.0  0.0   231104.0 91341.2   699072.0   373851.8  125952.0 97305.3    518   21.537  13     12.041   33.578
56384.0 57792.0 38377.0  0.0   231104.0 93408.4   699072.0   373851.8  125952.0 97305.3    518   21.537  13     12.041   33.578
54336.0 55232.0 38753.2  0.0   235456.0 126653.1  699072.0   377835.8  125952.0 97305.6    520   21.620  13     12.041   33.662
54016.0 55232.0  0.0   41680.0 235456.0 126282.3  699072.0   377911.8  125952.0 97305.6    521   21.662  13     12.041   33.703
54016.0 55232.0  0.0   41680.0 235456.0 130592.2  699072.0   377911.8  125952.0 97305.6    521   21.662  13     12.041   33.703
54016.0 55232.0  0.0   41680.0 235456.0 202624.6  699072.0   377911.8  125952.0 97306.1    521   21.662  13     12.041   33.703
52032.0 52864.0  0.0   39120.0 240256.0 25585.9   699072.0   382032.9  125952.0 97306.1    523   21.751  13     12.041   33.792
52032.0 52864.0  0.0   39120.0 240256.0 26948.5   699072.0   382032.9  125952.0 97306.1    523   21.751  13     12.041   33.792
51008.0 51520.0 42480.0  0.0   244608.0 15793.2   699072.0   386096.9  125952.0 97306.1    524   21.798  13     12.041   33.839
51008.0 51520.0 42480.0  0.0   244608.0 149305.3  699072.0   386096.9  125952.0 97306.1    524   21.798  13     12.041   33.839
51904.0 51520.0  0.0   32416.0 244608.0 40917.6   699072.0   390073.0  125952.0 97306.1    525   21.838  13     12.041   33.880
51904.0 51520.0  0.0   32416.0 244608.0 74230.9   699072.0   390073.0  125952.0 97306.1    525   21.838  13     12.041   33.880
51904.0 51520.0  0.0   32416.0 244608.0 111017.8  699072.0   390073.0  125952.0 97306.1    525   21.838  13     12.041   33.880
51904.0 52992.0 27136.0  0.0   243520.0 192493.4  699072.0   390113.0  125952.0 97306.1    526   21.868  13     12.041   33.909
51904.0 52992.0 27136.0  0.0   243520.0 195959.3  699072.0   390113.0  125952.0 97306.1    526   21.868  13     12.041   33.909
51904.0 52992.0 27136.0  0.0   243520.0 198306.0  699072.0   390113.0  125952.0 97306.2    526   21.868  13     12.041   33.909
51904.0 52992.0 27136.0  0.0   243520.0 200166.0  699072.0   390113.0  125952.0 97306.2    526   21.868  13     12.041   33.909
52544.0 52992.0  0.0   32864.0 243520.0 185232.0  699072.0   390193.0  125952.0 97311.6    527   21.955  13     12.041   33.996
50688.0 51840.0 34048.0  0.0   243968.0 172842.7  699072.0   390305.0  125952.0 97311.6    528   21.993  13     12.041   34.034
51072.0 51840.0  0.0   34304.0 243968.0 163379.6  699072.0   390441.0  125952.0 97311.6    529   22.030  13     12.041   34.071
51072.0 51840.0  0.0   34304.0 243968.0 236775.5  699072.0   390441.0  125952.0 97311.6    529   22.030  13     12.041   34.071
51072.0 51840.0  0.0   34304.0 243968.0 239055.0  699072.0   390441.0  125952.0 97311.6    529   22.030  13     12.041   34.071
51072.0 51584.0 26309.0  0.0   246336.0 224877.9  699072.0   393521.0  125952.0 97313.1    530   22.060  13     12.041   34.102
49024.0 50176.0 32864.0  0.0   246720.0 223742.1  699072.0   394537.0  125952.0 97313.4    532   22.326  13     12.041   34.367
49408.0 50176.0  0.0   37312.0 246720.0 209976.1  699072.0   394705.1  125952.0 97313.4    533   22.365  13     12.041   34.406
51200.0 45824.0  0.0   45824.0 249920.0 181045.6  699072.0   396209.1  125952.0 97313.4    535   22.451  13     12.041   34.493
51200.0 50112.0 34926.5  0.0   248192.0 200037.1  699072.0   398825.2  125952.0 97314.2    536   22.487  13     12.041   34.528
49216.0 37824.0  0.0   37801.2 248192.0 105068.4  699072.0   399257.2  125952.0 97314.2    537   22.528  13     12.041   34.569
49216.0 48512.0 33312.0  0.0   248896.0 95824.1   699072.0   403009.2  125952.0 97317.2    538   22.564  13     12.041   34.605
49536.0 48512.0  0.0   42416.0 248896.0 116778.1  699072.0   403073.2  125952.0 97317.2    539   22.641  13     12.041   34.682
49536.0 49408.0 30448.0  0.0   250560.0 131365.1  699072.0   407129.2  125952.0 97317.2    540   22.678  13     12.041   34.719
49536.0 49408.0 30448.0  0.0   250560.0 136002.9  699072.0   407129.2  125952.0 97317.2    540   22.678  13     12.041   34.719
49536.0 49408.0 30448.0  0.0   250560.0 200638.6  699072.0   407129.2  125952.0 97317.2    540   22.678  13     12.041   34.719
48448.0 48128.0  0.0   40319.7 250944.0 86189.8   699072.0   407313.2  125952.0 97318.5    543   22.794  13     12.041   34.835
48448.0 52928.0 48432.0  0.0   243648.0 69035.0   699072.0   410896.9  125952.0 97318.6    544   22.844  13     12.041   34.885
53632.0 60992.0 53616.0  0.0   227520.0 40066.9   699072.0   417600.9  125952.0 97318.6    546   22.957  13     12.041   34.999
53632.0 60992.0 53616.0  0.0   227520.0 215622.4  699072.0   417600.9  125952.0 97320.0    546   22.957  13     12.041   34.999
58112.0 59200.0  0.0   42761.4 228736.0 39431.2   699072.0   421752.9  125952.0 97324.1    549   23.079  13     12.041   35.120
58112.0 59200.0  0.0   42761.4 228736.0 48449.7   699072.0   421752.9  125952.0 97324.1    549   23.079  13     12.041   35.120
56640.0 57728.0 33216.1  0.0   232192.0 115244.1  699072.0   421808.9  125952.0 97324.1    550   23.149  13     12.041   35.190
56640.0 57728.0 33216.1  0.0   232192.0 120215.2  699072.0   421808.9  125952.0 97324.1    550   23.149  13     12.041   35.190
56448.0 57728.0  0.0   37472.1 232192.0   0.0     699072.0   422736.9  125952.0 97324.1    551   23.191  13     12.041   35.232
55232.0 55744.0 34352.1  0.0   235328.0 188016.9  699072.0   425960.9  125952.0 97324.2    552   23.248  13     12.041   35.290
54144.0 55744.0  0.0   39264.1 235328.0 25084.9   699072.0   425984.9  125952.0 97324.2    553   23.290  13     12.041   35.331
54144.0 54464.0 44240.1  0.0   238208.0 23159.8   699072.0   428648.9  125952.0 97324.2    554   23.386  13     12.041   35.427
53760.0 56384.0 50480.1  0.0   236736.0 194557.3  699072.0   431816.9  125952.0 97325.6    556   23.547  13     12.041   35.588
56640.0 55040.0 38688.1  0.0   237824.0 25314.6   699072.0   438320.9  125952.0 97327.0    558   23.623  13     12.041   35.664
56640.0 55040.0 38688.1  0.0   237824.0 26920.9   699072.0   438320.9  125952.0 97327.0    558   23.623  13     12.041   35.664
55232.0 55040.0  0.0   44128.1 237824.0 60033.9   699072.0   438368.9  125952.0 97327.0    559   23.668  13     12.041   35.709
55232.0 54592.0 34766.5  0.0   238464.0 20301.4   699072.0   438368.9  125952.0 97327.4    560   23.703  13     12.041   35.744
54336.0 54464.0 41878.7  0.0   239616.0 82135.6   699072.0   438368.9  125952.0 97331.2    562   23.855  13     12.041   35.896
55488.0 46720.0  0.0   46656.1 239616.0 77267.8   699072.0   438784.9  125952.0 97331.2    563   23.902  13     12.041   35.943
55488.0 46720.0  0.0   46656.1 239616.0 116988.0  699072.0   438784.9  125952.0 97331.2    563   23.902  13     12.041   35.943
55488.0 46720.0  0.0   46656.1 239616.0 122821.8  699072.0   438784.9  125952.0 97331.2    563   23.902  13     12.041   35.943
55488.0 46720.0  0.0   46656.1 239616.0 154984.3  699072.0   438784.9  125952.0 97331.2    563   23.902  13     12.041   35.943
55488.0 46720.0  0.0   46656.1 239616.0 193239.3  699072.0   438784.9  125952.0 97331.2    563   23.902  13     12.041   35.943
53504.0 42240.0  0.0   42192.0 239680.0 17612.6   699072.0   442692.4  125952.0 97331.2    565   23.988  13     12.041   36.029
53504.0 53184.0 35270.6  0.0   240000.0 224187.9  699072.0   443708.4  125952.0 97333.6    566   24.023  13     12.041   36.064
53504.0 53184.0 35270.6  0.0   240000.0 231150.0  699072.0   443708.4  125952.0 97333.6    566   24.023  13     12.041   36.064
52224.0 53184.0  0.0   38176.0 240000.0 27678.0   699072.0   446812.4  125952.0 97333.6    567   24.066  13     12.041   36.107
52224.0 53440.0 46512.0  0.0   241600.0 19056.7   699072.0   446852.4  125952.0 97334.1    568   24.111  13     12.041   36.152
54976.0 52928.0  0.0   52912.0 241600.0 14413.1   699072.0   446916.4  125952.0 97334.1    569   24.163  13     12.041   36.204
54976.0 52928.0  0.0   52912.0 241600.0 221671.1  699072.0   446916.4  125952.0 97341.3    569   24.163  13     12.041   36.204
54976.0 55552.0 39887.8  0.0   238400.0 209257.2  699072.0   449828.4  125952.0 97341.3    570   24.203  13     12.041   36.244
54400.0 55168.0 47110.6  0.0   238208.0 140944.5  699072.0   454980.4  125952.0 97343.2    572   24.303  13     12.041   36.345
54656.0 55168.0  0.0   37408.0 238208.0 237087.3  699072.0   455012.4  125952.0 97344.2    573   24.342  13     12.041   36.383
52736.0 53760.0  0.0   40096.0 239680.0 157903.1  699072.0   455076.4  125952.0 97344.2    575   24.484  13     12.041   36.525
50432.0 51648.0 41329.2  0.0   243008.0 186046.2  699072.0   458092.4  125952.0 97345.5    576   24.528  13     12.041   36.569
50432.0 51648.0 41329.2  0.0   243008.0 228372.1  699072.0   458092.4  125952.0 97345.5    576   24.528  13     12.041   36.569
51776.0 51648.0  0.0   34190.0 243008.0 213225.0  699072.0   461244.4  125952.0 97345.5    577   24.564  13     12.041   36.606
51776.0 51648.0  0.0   34190.0 243008.0 220355.1  699072.0   461244.4  125952.0 97345.5    577   24.564  13     12.041   36.606
50368.0 51008.0 38673.2  0.0   246080.0 11544.8   699072.0   463236.4  125952.0 97345.5    578   24.607  13     12.041   36.649
52224.0 51008.0  0.0   46528.0 246080.0 30494.1   699072.0   463388.4  125952.0 97345.5    579   24.654  13     12.041   36.695
52224.0 51008.0  0.0   46528.0 246080.0 65197.6   699072.0   463388.4  125952.0 97345.5    579   24.654  13     12.041   36.695
53056.0 53696.0  0.0   38309.1 242112.0  3600.8   699072.0   467404.4  125952.0 97350.6    581   24.750  13     12.041   36.791
53056.0 53696.0  0.0   38309.1 242112.0  6863.8   699072.0   467404.4  125952.0 97350.6    581   24.750  13     12.041   36.791
52416.0 53056.0 34497.2  0.0   242752.0 28327.5   699072.0   471476.5  125952.0 97350.6    582   24.793  13     12.041   36.834
52416.0 53056.0 34497.2  0.0   242752.0 130967.8  699072.0   471476.5  125952.0 97350.6    582   24.793  13     12.041   36.834
54016.0 27712.0  0.0   27665.2 242752.0 156679.1  699072.0   471572.5  125952.0 97350.6    583   24.860  13     12.041   36.901
54016.0 53376.0 34513.2  0.0   242112.0 81042.6   699072.0   471620.5  125952.0 97358.4    584   24.897  13     12.041   36.938
54016.0 53376.0 34513.2  0.0   242112.0 83678.9   699072.0   471620.5  125952.0 97358.4    584   24.897  13     12.041   36.938
52032.0 38272.0  0.0   38238.5 242112.0 74828.9   699072.0   471685.6  125952.0 97358.4    585   24.935  13     12.041   36.976
52032.0 51072.0 36720.0  0.0   243072.0 32446.7   699072.0   471965.6  125952.0 97358.4    586   25.018  13     12.041   37.059
49856.0 51072.0  0.0   38592.0 243072.0 25220.0   699072.0   474877.6  125952.0 97358.4    587   25.062  13     12.041   37.103
49856.0 48896.0 37462.6  0.0   247360.0 201682.8  699072.0   477221.6  125952.0 97359.6    588   25.104  13     12.041   37.145
48192.0 48896.0  0.0   36576.0 247360.0 183715.5  699072.0   480037.7  125952.0 97364.2    589   25.145  13     12.041   37.187
48192.0 48896.0  0.0   36576.0 247360.0 189206.4  699072.0   480037.7  125952.0 97364.2    589   25.145  13     12.041   37.187
48192.0 48896.0  0.0   36576.0 247360.0 193373.0  699072.0   480037.7  125952.0 97364.2    589   25.145  13     12.041   37.187
48064.0 47296.0 37728.0  0.0   251648.0 176296.6  699072.0   480069.7  125952.0 97366.3    590   25.185  13     12.041   37.226
48064.0 47296.0 37728.0  0.0   251648.0 180817.0  699072.0   480069.7  125952.0 97366.3    590   25.185  13     12.041   37.226
48064.0 47296.0 37728.0  0.0   251648.0 180852.5  699072.0   480069.7  125952.0 97366.3    590   25.185  13     12.041   37.226
47040.0 46720.0  0.0   41600.0 253824.0 66204.8   699072.0   484229.7  125952.0 97369.4    593   25.317  13     12.041   37.358
47040.0 49024.0 46318.5  0.0   251456.0 95365.8   699072.0   487693.7  125952.0 97369.4    594   25.366  13     12.041   37.407
50176.0 45376.0  0.0   45328.0 251456.0 139152.5  699072.0   488285.7  125952.0 97369.4    595   25.412  13     12.041   37.453
50176.0 45376.0  0.0   45328.0 251456.0 143426.5  699072.0   488285.7  125952.0 97369.4    595   25.412  13     12.041   37.453
50176.0 49536.0 38160.0  0.0   249792.0 65152.2   699072.0   488333.7  125952.0 97369.4    596   25.452  13     12.041   37.493
49408.0 48768.0 37376.0  0.0   250432.0 141506.5  699072.0   493909.7  125952.0 97369.4    598   25.578  13     12.041   37.620
48128.0 48448.0 37776.0  0.0   251264.0 106032.9  699072.0   496509.7  125952.0 97369.4    600   25.652  13     12.041   37.693
48128.0 48448.0 37776.0  0.0   251264.0 152085.9  699072.0   496509.7  125952.0 97369.4    600   25.652  13     12.041   37.693
49408.0 54080.0 49376.1  0.0   241344.0 71173.4   699072.0   501485.7  125952.0 97369.4    602   25.806  13     12.041   37.847
55296.0 57344.0 45808.0  0.0   234816.0 53311.7   699072.0   502069.8  125952.0 97369.8    604   25.902  13     12.041   37.944
58432.0 49088.0  0.0   49063.9 234816.0 54729.3   699072.0   506357.8  125952.0 97369.8    605   25.961  13     12.041   38.002
58432.0 49088.0  0.0   49063.9 234816.0 56933.5   699072.0   506357.8  125952.0 97369.8    605   25.961  13     12.041   38.002
58432.0 60416.0 52272.0  0.0   228672.0 84151.5   699072.0   510637.8  125952.0 97370.2    606   26.027  13     12.041   38.068
59136.0 59776.0 47497.4  0.0   229312.0 75600.5   699072.0   513829.8  125952.0 97391.8    608   26.115  13     12.041   38.156
59136.0 59776.0 47497.4  0.0   229312.0 114720.3  699072.0   513829.8  125952.0 97391.8    608   26.115  13     12.041   38.156
59136.0 59776.0 47497.4  0.0   229312.0 156015.6  699072.0   513829.8  125952.0 97391.8    608   26.115  13     12.041   38.156
59136.0 59776.0  0.0   37702.7 229312.0 186867.6  699072.0   513893.8  125952.0 97391.8    609   26.160  13     12.041   38.201
59136.0 59776.0  0.0   37702.7 229312.0 188226.4  699072.0   513893.8  125952.0 97391.8    609   26.160  13     12.041   38.201
59136.0 59776.0  0.0   37702.7 229312.0 191438.8  699072.0   513893.8  125952.0 97391.8    609   26.160  13     12.041   38.201
58112.0 58880.0  0.0   36656.0 230592.0 147958.5  699072.0   518045.8  125952.0 97391.8    611   26.241  13     12.041   38.282
58112.0 58880.0  0.0   36656.0 230592.0 187447.8  699072.0   518045.8  125952.0 97391.8    611   26.241  13     12.041   38.282
56576.0 39936.0  0.0   39888.0 231872.0 59206.3   699072.0   522021.9  125952.0 97391.8    613   26.319  13     12.041   38.360
56576.0 39936.0  0.0   39888.0 231872.0 61046.8   699072.0   522021.9  125952.0 97391.8    613   26.319  13     12.041   38.360
56576.0 39936.0  0.0   39888.0 231872.0 133344.6  699072.0   522021.9  125952.0 97391.8    613   26.319  13     12.041   38.360
55040.0 56512.0  0.0   38160.0 233216.0 38738.0   699072.0   522077.9  125952.0 97391.8    615   26.445  13     12.041   38.486
55040.0 56512.0  0.0   38160.0 233216.0 205171.5  699072.0   522077.9  125952.0 97391.8    615   26.445  13     12.041   38.486
54144.0 54976.0  0.0   33664.0 236480.0 191596.2  699072.0   525021.9  125952.0 97391.8    617   26.515  13     12.041   38.556
52288.0 53120.0  0.0   33625.4 240384.0 10837.7   699072.0   530349.9  125952.0 97394.1    619   26.598  13     12.041   38.639
51456.0 51520.0 33152.0  0.0   244096.0 38234.0   699072.0   530413.9  125952.0 97394.1    620   26.635  13     12.041   38.677
51456.0 51520.0 33152.0  0.0   244096.0 39007.9   699072.0   530413.9  125952.0 97394.1    620   26.635  13     12.041   38.677
51456.0 51520.0 33152.0  0.0   244096.0 41369.5   699072.0   530413.9  125952.0 97395.2    620   26.635  13     12.041   38.677
51072.0 51520.0  0.0   30912.0 244096.0 93531.7   699072.0   530477.9  125952.0 97395.2    621   26.666  13     12.041   38.708
51072.0 51520.0  0.0   30912.0 244096.0 99391.3   699072.0   530477.9  125952.0 97395.2    621   26.666  13     12.041   38.708
51072.0 51520.0  0.0   30912.0 244096.0 137655.7  699072.0   530477.9  125952.0 97395.2    621   26.666  13     12.041   38.708
52800.0 53760.0 38030.6  0.0   241984.0 51091.0   699072.0   540421.6  125952.0 97395.4    624   26.803  13     12.041   38.844
52800.0 53760.0 38030.6  0.0   241984.0 88693.3   699072.0   540421.6  125952.0 97395.4    624   26.803  13     12.041   38.844
52800.0 53760.0 38030.6  0.0   241984.0 123535.9  699072.0   540421.6  125952.0 97395.4    624   26.803  13     12.041   38.844
52800.0 53760.0 38030.6  0.0   241984.0 125963.9  699072.0   540421.6  125952.0 97395.4    624   26.803  13     12.041   38.844
50560.0 52160.0 35408.0  0.0   242240.0 98604.7   699072.0   544149.6  125952.0 97395.4    626   26.876  13     12.041   38.917
50944.0 52160.0  0.0   37830.6 242240.0 51256.0   699072.0   544269.6  125952.0 97395.4    627   26.916  13     12.041   38.957
50944.0 52160.0  0.0   37830.6 242240.0 51860.0   699072.0   544269.6  125952.0 97395.4    627   26.916  13     12.041   38.957
49664.0 50496.0 31911.9  0.0   246400.0 119312.9  699072.0   544269.6  125952.0 97397.5    628   26.950  13     12.041   38.991
49216.0 50496.0  0.0   37040.0 246400.0 97839.8   699072.0   544269.6  125952.0 97397.5    629   26.989  13     12.041   39.030
49216.0 50496.0  0.0   37040.0 246400.0 104031.6  699072.0   544269.6  125952.0 97397.5    629   26.989  13     12.041   39.030
49216.0 50496.0  0.0   37040.0 246400.0 107101.9  699072.0   544269.6  125952.0 97397.5    629   26.989  13     12.041   39.030
48384.0 48576.0 33358.5  0.0   249792.0 88386.7   699072.0   547333.6  125952.0 97397.5    630   27.087  13     12.041   39.128
48384.0 48576.0 33358.5  0.0   249792.0 94939.0   699072.0   547333.6  125952.0 97397.5    630   27.087  13     12.041   39.128
48384.0 48576.0 33358.5  0.0   249792.0 129160.6  699072.0   547333.6  125952.0 97397.5    630   27.087  13     12.041   39.128
48384.0 48576.0 33358.5  0.0   249792.0 130917.8  699072.0   547333.6  125952.0 97397.5    630   27.087  13     12.041   39.128
47936.0 48576.0  0.0   37920.0 249792.0 223999.4  699072.0   548269.6  125952.0 97400.8    631   27.129  13     12.041   39.170
46592.0 47040.0 37238.7  0.0   252992.0 13495.9   699072.0   548301.6  125952.0 97400.8    632   27.172  13     12.041   39.213
48192.0 47040.0  0.0   42544.0 252992.0  2840.2   699072.0   548829.6  125952.0 97400.8    633   27.215  13     12.041   39.256
48192.0 47040.0  0.0   42544.0 252992.0 34402.5   699072.0   548829.6  125952.0 97400.8    633   27.215  13     12.041   39.256
48192.0 49984.0 44944.0  0.0   249536.0 15614.9   699072.0   552381.6  125952.0 97400.8    634   27.265  13     12.041   39.306
51392.0 45120.0  0.0   45072.0 249536.0 62263.7   699072.0   556413.7  125952.0 97400.8    635   27.314  13     12.041   39.355
51392.0 53952.0 48976.0 11200.0 241600.0 241600.0  699072.0   556517.7  125952.0 97400.8    637   27.363  13     12.041   39.404
56192.0 49664.0  0.0   49632.0 241600.0 34284.1   699072.0   556621.7  125952.0 97400.8    637   27.413  13     12.041   39.455
56192.0 49664.0  0.0   49632.0 241600.0 36325.1   699072.0   556621.7  125952.0 97400.8    637   27.413  13     12.041   39.455
56192.0 57984.0 49696.0  0.0   233536.0 24080.4   699072.0   556661.7  125952.0 97401.1    638   27.463  13     12.041   39.504
56192.0 57984.0 49696.0  0.0   233536.0 28779.9   699072.0   556661.7  125952.0 97401.1    638   27.463  13     12.041   39.504
56192.0 57984.0 49696.0  0.0   233536.0 62185.4   699072.0   556661.7  125952.0 97401.1    638   27.463  13     12.041   39.504
56448.0 57984.0  0.0   41040.0 233536.0 90217.2   699072.0   556693.7  125952.0 97401.1    639   27.506  13     12.041   39.547
54400.0 55552.0 38054.6  0.0   235072.0 44992.3   699072.0   558309.7  125952.0 97401.1    640   27.591  13     12.041   39.632
54400.0 55552.0 38054.6  0.0   235072.0 86938.8   699072.0   558309.7  125952.0 97401.1    640   27.591  13     12.041   39.632
54400.0 55552.0 38054.6  0.0   235072.0 188995.4  699072.0   558309.7  125952.0 97401.1    640   27.591  13     12.041   39.632
53760.0 54656.0 36864.0  0.0   238336.0 179608.3  699072.0   564749.7  125952.0 97401.1    642   27.670  13     12.041   39.711
53760.0 54656.0 36864.0  0.0   238336.0 186055.1  699072.0   564749.7  125952.0 97401.3    642   27.670  13     12.041   39.711
54144.0 54656.0  0.0   35470.5 239808.0 97617.0   699072.0   570533.7  125952.0 97402.1    645   27.801  13     12.041   39.842
50944.0 52800.0 39744.0  0.0   240704.0 127133.3  699072.0   573189.9  125952.0 97402.1    646   27.847  13     12.041   39.888
51776.0 52800.0  0.0   39040.0 240704.0 10099.2   699072.0   573277.9  125952.0 97403.2    647   27.888  13     12.041   39.930
52288.0 50944.0  0.0   46502.7 244928.0 11643.8   699072.0   573317.9  125952.0 97405.3    649   27.982  13     12.041   40.024
52288.0 50944.0  0.0   46502.7 244928.0 56565.2   699072.0   573317.9  125952.0 97405.8    649   27.982  13     12.041   40.024
52288.0 50944.0  0.0   46502.7 244928.0 56639.3   699072.0   573317.9  125952.0 97405.8    649   27.982  13     12.041   40.024
52288.0 50944.0  0.0   46502.7 244928.0 228240.1  699072.0   573317.9  125952.0 97405.8    649   27.982  13     12.041   40.024
52288.0 51968.0 35360.1  0.0   245248.0 40213.5   699072.0   576565.9  125952.0 97407.1    650   28.023  13     12.041   40.064
52288.0 51968.0 35360.1  0.0   245248.0 217361.7  699072.0   576565.9  125952.0 97407.1    650   28.023  13     12.041   40.064
52288.0 51968.0 35360.1  0.0   245248.0 217511.9  699072.0   576565.9  125952.0 97407.1    650   28.023  13     12.041   40.064
52288.0 51968.0 35360.1  0.0   245248.0 220604.5  699072.0   576565.9  125952.0 97407.1    650   28.023  13     12.041   40.064
52288.0 51968.0 35360.1  0.0   245248.0 220674.7  699072.0   576565.9  125952.0 97407.1    650   28.023  13     12.041   40.064
51264.0 37184.0  0.0   37168.0 245248.0 200977.6  699072.0   576565.9  125952.0 97407.1    651   28.116  13     12.041   40.157
51264.0 51456.0 31920.0  0.0   245056.0 27811.1   699072.0   580925.9  125952.0 97407.5    652   28.157  13     12.041   40.198
50816.0 51456.0  0.0   35264.1 245056.0 198457.8  699072.0   585229.9  125952.0 97411.2    653   28.198  13     12.041   40.239
50816.0 51456.0  0.0   35264.1 245056.0 203869.8  699072.0   585229.9  125952.0 97411.2    653   28.198  13     12.041   40.239
50816.0 51584.0 26773.1  0.0   246016.0 224386.6  699072.0   585493.9  125952.0 97411.5    654   28.232  13     12.041   40.273
50752.0 51584.0  0.0   33936.0 246016.0 85204.7   699072.0   585517.9  125952.0 97411.5    655   28.270  13     12.041   40.311
50752.0 51584.0  0.0   33936.0 246016.0 156993.6  699072.0   585517.9  125952.0 97411.5    655   28.270  13     12.041   40.311
50752.0 51584.0  0.0   33936.0 246016.0 157065.2  699072.0   585517.9  125952.0 97411.5    655   28.270  13     12.041   40.311
50752.0 51584.0  0.0   33936.0 246016.0 157547.2  699072.0   585517.9  125952.0 97411.5    655   28.270  13     12.041   40.311
50752.0 51584.0  0.0   33936.0 246016.0 158181.3  699072.0   585517.9  125952.0 97411.5    655   28.270  13     12.041   40.311
50752.0 51584.0  0.0   33936.0 246016.0 158216.3  699072.0   585517.9  125952.0 97411.5    655   28.270  13     12.041   40.311
50752.0 51584.0  0.0   33936.0 246016.0 158314.7  699072.0   585517.9  125952.0 97411.5    655   28.270  13     12.041   40.311
50752.0 51584.0  0.0   33936.0 246016.0 158315.0  699072.0   585517.9  125952.0 97411.5    655   28.270  13     12.041   40.311
50752.0 51584.0  0.0   33936.0 246016.0 159318.5  699072.0   585517.9  125952.0 97411.5    655   28.270  13     12.041   40.311
50176.0 50432.0 31008.1  0.0   247168.0 144156.9  699072.0   585605.9  125952.0 97411.5    656   28.303  13     12.041   40.344
49664.0 50432.0  0.0   38240.0 247168.0  3824.8   699072.0   585637.9  125952.0 97411.5    657   28.347  13     12.041   40.388
48896.0 49024.0 32855.9  0.0   249408.0 161172.3  699072.0   586341.9  125952.0 97414.0    658   28.389  13     12.041   40.431
48896.0 49024.0 32855.9  0.0   249408.0 163669.8  699072.0   586341.9  125952.0 97415.0    658   28.389  13     12.041   40.431
48640.0 49024.0  0.0   31225.4 249408.0 90184.7   699072.0   588998.0  125952.0 97415.0    659   28.427  13     12.041   40.468
48640.0 49024.0  0.0   31225.4 249408.0 149398.8  699072.0   588998.0  125952.0 97415.0    659   28.427  13     12.041   40.468
46976.0 47680.0 33520.0  0.0   251840.0 125842.1  699072.0   589862.0  125952.0 97415.0    660   28.465  13     12.041   40.506
46976.0 47680.0 33520.0  0.0   251840.0 126390.2  699072.0   589862.0  125952.0 97415.0    660   28.465  13     12.041   40.506
46976.0 47680.0 33520.0  0.0   251840.0 170430.1  699072.0   589862.0  125952.0 97415.0    660   28.465  13     12.041   40.506
45312.0 46080.0 33712.0  0.0   254912.0 118246.7  699072.0   590918.0  125952.0 97416.2    662   28.545  13     12.041   40.586
45312.0 46080.0 33712.0  0.0   254912.0 189760.0  699072.0   590918.0  125952.0 97416.2    662   28.545  13     12.041   40.586
45312.0 46080.0 33712.0  0.0   254912.0 192184.0  699072.0   590918.0  125952.0 97416.2    662   28.545  13     12.041   40.586
45312.0 46080.0 33712.0  0.0   254912.0 194100.3  699072.0   590918.0  125952.0 97416.2    662   28.545  13     12.041   40.586
47168.0 46080.0  0.0   23005.2 254912.0 170611.3  699072.0   594038.0  125952.0 97416.2    663   28.578  13     12.041   40.619
47168.0 47296.0 25744.0  0.0   254912.0 44915.1   699072.0   598070.0  125952.0 97416.2    664   28.613  13     12.041   40.655
47168.0 47296.0 25744.0  0.0   254912.0 86771.3   699072.0   598070.0  125952.0 97418.3    664   28.613  13     12.041   40.655
47168.0 47296.0 25744.0  0.0   254912.0 86851.9   699072.0   598070.0  125952.0 97418.3    664   28.613  13     12.041   40.655
47168.0 47296.0 25744.0  0.0   254912.0 182957.7  699072.0   598070.0  125952.0 97418.3    664   28.613  13     12.041   40.655
46016.0 33664.0  0.0   33614.5 254912.0 61185.4   699072.0   598118.0  125952.0 97418.3    665   28.663  13     12.041   40.705
46016.0 33664.0  0.0   33614.5 254912.0 64321.5   699072.0   598118.0  125952.0 97418.3    665   28.663  13     12.041   40.705
46016.0 33664.0  0.0   33614.5 254912.0 166837.9  699072.0   598118.0  125952.0 97418.3    665   28.663  13     12.041   40.705
46016.0 44992.0 31970.8  0.0   256064.0 135305.8  699072.0   598230.0  125952.0 97419.7    666   28.735  13     12.041   40.776
46016.0 44992.0 31970.8  0.0   256064.0 137501.6  699072.0   598230.0  125952.0 97420.1    666   28.735  13     12.041   40.776
46016.0 44992.0 31970.8  0.0   256064.0 207037.7  699072.0   598230.0  125952.0 97420.1    666   28.735  13     12.041   40.776
46016.0 44992.0 31970.8  0.0   256064.0 209193.4  699072.0   598230.0  125952.0 97420.1    666   28.735  13     12.041   40.776
46016.0 44992.0 31970.8  0.0   256064.0 209644.2  699072.0   598230.0  125952.0 97420.1    666   28.735  13     12.041   40.776
44160.0 44992.0  0.0   31126.6 256064.0 182216.2  699072.0   598246.0  125952.0 97420.1    667   28.773  13     12.041   40.814
43968.0 43136.0 33312.0  0.0   259520.0 115341.2  699072.0   598270.0  125952.0 97420.2    668   28.811  13     12.041   40.852
43968.0 43136.0 33312.0  0.0   259520.0 119610.0  699072.0   598270.0  125952.0 97421.4    668   28.811  13     12.041   40.852
43968.0 43136.0 33312.0  0.0   259520.0 121815.1  699072.0   598270.0  125952.0 97421.4    668   28.811  13     12.041   40.852
43968.0 43136.0 33312.0  0.0   259520.0 123995.5  699072.0   598270.0  125952.0 97422.5    668   28.811  13     12.041   40.852
43968.0 43136.0 33312.0  0.0   259520.0 124034.1  699072.0   598270.0  125952.0 97422.5    668   28.811  13     12.041   40.852
43968.0 43136.0 33312.0  0.0   259520.0 124069.2  699072.0   598270.0  125952.0 97422.5    668   28.811  13     12.041   40.852
43968.0 43136.0 33312.0  0.0   259520.0 129306.5  699072.0   598270.0  125952.0 97422.5    668   28.811  13     12.041   40.852
43968.0 43136.0 33312.0  0.0   259520.0 131852.2  699072.0   598270.0  125952.0 97422.5    668   28.811  13     12.041   40.852
43968.0 43136.0 33312.0  0.0   259520.0 132349.2  699072.0   598270.0  125952.0 97422.5    668   28.811  13     12.041   40.852
43968.0 43136.0 33312.0  0.0   259520.0 134461.8  699072.0   598270.0  125952.0 97422.8    668   28.811  13     12.041   40.852
43968.0 43136.0 33312.0  0.0   259520.0 134500.5  699072.0   598270.0  125952.0 97422.8    668   28.811  13     12.041   40.852
43968.0 43136.0 33312.0  0.0   259520.0 136864.3  699072.0   598270.0  125952.0 97423.5    668   28.811  13     12.041   40.852
42816.0 43520.0 37294.6  0.0   261696.0 39660.1   699072.0   598398.0  125952.0 97423.8    670   28.888  13     12.041   40.929
42816.0 43520.0 37294.6  0.0   261696.0 48346.0   699072.0   598398.0  125952.0 97423.8    670   28.888  13     12.041   40.929
42816.0 43520.0 37294.6  0.0   261696.0 48417.3   699072.0   598398.0  125952.0 97423.8    670   28.888  13     12.041   40.929
42816.0 43520.0 37294.6  0.0   261696.0 50747.5   699072.0   598398.0  125952.0 97423.8    670   28.888  13     12.041   40.929
42816.0 43520.0 37294.6  0.0   261696.0 50787.2   699072.0   598398.0  125952.0 97423.8    670   28.888  13     12.041   40.929
42816.0 43520.0 37294.6  0.0   261696.0 50822.6   699072.0   598398.0  125952.0 97423.8    670   28.888  13     12.041   40.929
44288.0 43520.0  0.0   43504.0 261696.0 22540.9   699072.0   601898.7  125952.0 97423.8    671   28.936  13     12.041   40.978
44288.0 43520.0  0.0   43504.0 261696.0 23621.2   699072.0   601898.7  125952.0 97423.8    671   28.936  13     12.041   40.978
44288.0 43520.0  0.0   43504.0 261696.0 195207.4  699072.0   601898.7  125952.0 97428.4    671   28.936  13     12.041   40.978
44288.0 43520.0  0.0   43504.0 261696.0 195513.4  699072.0   601898.7  125952.0 97428.4    671   28.936  13     12.041   40.978
44288.0 43520.0  0.0   43504.0 261696.0 197909.9  699072.0   601898.7  125952.0 97428.4    671   28.936  13     12.041   40.978
44288.0 46336.0 34111.8  0.0   256832.0 165094.2  699072.0   603914.8  125952.0 97428.4    672   28.975  13     12.041   41.017
47168.0 47296.0 38647.9  0.0   254912.0 191313.3  699072.0   606010.8  125952.0 97428.9    674   29.062  13     12.041   41.104
47168.0 47296.0 38647.9  0.0   254912.0 204100.7  699072.0   606010.8  125952.0 97428.9    674   29.062  13     12.041   41.104
47808.0 40000.0  0.0   39936.1 254912.0 174555.2  699072.0   607402.8  125952.0 97428.9    675   29.105  13     12.041   41.146
47808.0 40000.0  0.0   39936.1 254912.0 177472.6  699072.0   607402.8  125952.0 97428.9    675   29.105  13     12.041   41.146
47808.0 40000.0  0.0   39936.1 254912.0 177511.5  699072.0   607402.8  125952.0 97428.9    675   29.105  13     12.041   41.146
47808.0 47296.0 37665.2  0.0   254400.0 157518.1  699072.0   611074.8  125952.0 97428.9    676   29.149  13     12.041   41.190
47808.0 47296.0 37665.2  0.0   254400.0 157599.5  699072.0   611074.8  125952.0 97428.9    676   29.149  13     12.041   41.190
46848.0 37952.0  0.0   37936.1 254400.0 106590.7  699072.0   614122.8  125952.0 97429.8    677   29.253  13     12.041   41.294
46848.0 37952.0  0.0   37936.1 254400.0 107769.7  699072.0   614122.8  125952.0 97430.1    677   29.253  13     12.041   41.294
46848.0 37952.0  0.0   37936.1 254400.0 108477.7  699072.0   614122.8  125952.0 97430.4    677   29.253  13     12.041   41.294
46848.0 37952.0  0.0   37936.1 254400.0 108516.6  699072.0   614122.8  125952.0 97430.4    677   29.253  13     12.041   41.294
46848.0 37952.0  0.0   37936.1 254400.0 110874.1  699072.0   614122.8  125952.0 97430.4    677   29.253  13     12.041   41.294
46848.0 37952.0  0.0   37936.1 254400.0 111208.7  699072.0   614122.8  125952.0 97430.4    677   29.253  13     12.041   41.294
