 S0C    S1C    S0U    S1U      EC       EU        OC         OU       PC     PU    YGC     YGCT    FGC    FGCT     GCT   
68800.0 76928.0 19886.4  0.0   183424.0 58114.5   349568.0   266258.1  87424.0 87330.2     26    1.047   1      0.138    1.184
68800.0 76928.0 19886.4  0.0   183424.0 59961.4   349568.0   266258.1  87424.0 87334.7     26    1.047   1      0.138    1.184
68800.0 76928.0 19886.4  0.0   183424.0 63281.7   349568.0   266258.1  87424.0 87358.4     26    1.047   1      0.138    1.184
68800.0 76928.0 19886.4  0.0   183424.0 63282.0   349568.0   266258.1  87424.0 87359.0     26    1.047   1      0.138    1.184
68800.0 76928.0 19886.4  0.0   183424.0 66975.6   349568.0   266258.1  87424.0 87398.8     26    1.047   1      0.138    1.184
68800.0 76928.0 19886.4  0.0   183424.0 66975.9   349568.0   266258.1  87424.0 87398.8     26    1.047   1      0.138    1.184
68800.0 76928.0 19886.4  0.0   183424.0 68199.1   349568.0   266258.1  87424.0 87398.8     26    1.047   1      0.138    1.184
68800.0 76928.0 19886.4  0.0   183424.0 72917.8   349568.0   266258.1  87424.0 87419.9     26    1.047   1      0.138    1.184
68800.0 76928.0 19886.4  0.0   183424.0 75199.2   349568.0   266258.1  87424.0 87420.8     26    1.047   1      0.138    1.184
68800.0 76928.0 19886.4  0.0   183424.0 75199.6   349568.0   266258.1  87424.0 87421.1     26    1.047   1      0.138    1.184
68800.0 76928.0 19886.4  0.0   183424.0 77046.4   349568.0   266258.1  87616.0 87424.4     26    1.047   1      0.138    1.184
68800.0 76928.0 19886.4  0.0   183424.0 77046.7   349568.0   266258.1  87616.0 87424.6     26    1.047   1      0.138    1.184
68800.0 76928.0 19886.4  0.0   183424.0 77047.1   349568.0   266258.1  87616.0 87424.6     26    1.047   1      0.138    1.184
68800.0 76928.0 19886.4  0.0   183424.0 77047.4   349568.0   266258.1  87616.0 87428.4     26    1.047   1      0.138    1.184
68800.0 76928.0 19886.4  0.0   183424.0 79668.5   349568.0   266258.1  87616.0 87441.0     26    1.047   1      0.138    1.184
68800.0 76928.0 19886.4  0.0   183424.0 79668.8   349568.0   266258.1  87616.0 87441.0     26    1.047   1      0.138    1.184
68800.0 76928.0 19886.4  0.0   183424.0 82435.5   349568.0   266258.1  87616.0 87464.9     26    1.047   1      0.138    1.184
68800.0 76928.0 19886.4  0.0   183424.0 82435.8   349568.0   266258.1  87616.0 87464.9     26    1.047   1      0.138    1.184
68800.0 76928.0 19886.4  0.0   183424.0 82440.4   349568.0   266258.1  87616.0 87464.9     26    1.047   1      0.138    1.184
68800.0 76928.0 19886.4  0.0   183424.0 82440.7   349568.0   266258.1  87616.0 87465.2     26    1.047   1      0.138    1.184
68800.0 76928.0 19886.4  0.0   183424.0 84288.1   349568.0   266258.1  87616.0 87467.7     26    1.047   1      0.138    1.184
68800.0 76928.0 19886.4  0.0   183424.0 84288.4   349568.0   266258.1  87616.0 87467.7     26    1.047   1      0.138    1.184
68800.0 76928.0 19886.4  0.0   183424.0 86135.3   349568.0   266258.1  87616.0 87470.7     26    1.047   1      0.138    1.184
68800.0 76928.0 19886.4  0.0   183424.0 86135.6   349568.0   266258.1  87616.0 87470.7     26    1.047   1      0.138    1.184
68800.0 76928.0 19886.4  0.0   183424.0 86136.0   349568.0   266258.1  87616.0 87470.7     26    1.047   1      0.138    1.184
68800.0 76928.0 19886.4  0.0   183424.0 86546.6   349568.0   266258.1  87616.0 87470.7     26    1.047   1      0.138    1.184
68800.0 76928.0 19886.4  0.0   183424.0 89167.5   349568.0   266258.1  87616.0 87488.0     26    1.047   1      0.138    1.184
68800.0 76928.0 19886.4  0.0   183424.0 89167.8   349568.0   266258.1  87616.0 87488.0     26    1.047   1      0.138    1.184
68800.0 76928.0 19886.4  0.0   183424.0 91014.6   349568.0   266258.1  87616.0 87488.5     26    1.047   1      0.138    1.184
68800.0 76928.0 19886.4  0.0   183424.0 91014.9   349568.0   266258.1  87616.0 87488.5     26    1.047   1      0.138    1.184
68800.0 76928.0 19886.4  0.0   183424.0 91539.4   349568.0   266258.1  87616.0 87488.5     26    1.047   1      0.138    1.184
68800.0 76928.0 19886.4  0.0   183424.0 91543.9   349568.0   266258.1  87616.0 87488.5     26    1.047   1      0.138    1.184
68800.0 76928.0 19886.4  0.0   183424.0 92791.6   349568.0   266258.1  87616.0 87493.8     26    1.047   1      0.138    1.184
68800.0 76928.0 19886.4  0.0   183424.0 101291.2  349568.0   266258.1  88576.0 88448.8     26    1.047   1      0.138    1.184
68800.0 76928.0 19886.4  0.0   183424.0 107237.7  349568.0   266258.1  88576.0 88452.1     26    1.047   1      0.138    1.184
68800.0 76928.0 19886.4  0.0   183424.0 107238.1  349568.0   266258.1  88576.0 88453.5     26    1.047   1      0.138    1.184
68800.0 76928.0 19886.4  0.0   183424.0 107238.4  349568.0   266258.1  88576.0 88453.8     26    1.047   1      0.138    1.184
74176.0 76928.0  0.0   13313.9 183424.0 30369.3   349568.0   279025.0  92032.0 91963.8     27    1.104   1      0.138    1.242
74176.0 76928.0  0.0   13313.9 183424.0 66611.1   349568.0   279025.0  92992.0 92824.1     27    1.104   1      0.138    1.242
74176.0 76928.0  0.0   13313.9 183424.0 101280.9  349568.0   279025.0  93760.0 93748.2     27    1.104   1      0.138    1.242
74176.0 76928.0  0.0   13313.9 183424.0 101820.1  349568.0   279025.0  93760.0 93749.3     27    1.104   1      0.138    1.242
74176.0 76928.0  0.0   13313.9 183424.0 102230.1  349568.0   279025.0  93760.0 93749.7     27    1.104   1      0.138    1.242
74176.0 76928.0  0.0   13313.9 183424.0 180849.3  349568.0   279025.0  95296.0 95197.6     27    1.104   1      0.138    1.242
66176.0 71552.0 11935.0  0.0   198400.0  2122.3   349568.0   287284.4  95296.0 95213.6     28    1.165   1      0.138    1.302
66176.0 71552.0 11935.0  0.0   198400.0 12436.3   349568.0   287284.4  95296.0 95229.8     28    1.165   1      0.138    1.302
66176.0 71552.0 11935.0  0.0   198400.0 16474.4   349568.0   287284.4  95296.0 95235.9     28    1.165   1      0.138    1.302
66176.0 71552.0 11935.0  0.0   198400.0 19336.8   349568.0   287284.4  95296.0 95241.6     28    1.165   1      0.138    1.302
66176.0 71552.0 11935.0  0.0   198400.0 40951.7   349568.0   287284.4  95488.0 95335.9     28    1.165   1      0.138    1.302
66176.0 71552.0 11935.0  0.0   198400.0 41626.6   349568.0   287284.4  95488.0 95335.9     28    1.165   1      0.138    1.302
66176.0 71552.0 11935.0  0.0   198400.0 42744.8   349568.0   287284.4  95488.0 95335.9     28    1.165   1      0.138    1.302
66176.0 71552.0 11935.0  0.0   198400.0 45271.5   349568.0   287284.4  95488.0 95341.5     28    1.165   1      0.138    1.302
66176.0 71552.0 11935.0  0.0   198400.0 59172.6   349568.0   287284.4  95680.0 95543.0     28    1.165   1      0.138    1.302
66176.0 71552.0 11935.0  0.0   198400.0 68042.3   349568.0   287284.4  95680.0 95561.2     28    1.165   1      0.138    1.302
66176.0 71552.0 11935.0  0.0   198400.0 83634.1   349568.0   287284.4  95680.0 95637.9     28    1.165   1      0.138    1.302
66176.0 71552.0 11935.0  0.0   198400.0 95403.1   349568.0   287284.4  95872.0 95683.1     28    1.165   1      0.138    1.302
66176.0 71552.0 11935.0  0.0   198400.0 124032.7  349568.0   287284.4  95872.0 95786.5     28    1.165   1      0.138    1.302
66176.0 71552.0 11935.0  0.0   198400.0 142084.9  349568.0   287284.4  95872.0 95833.3     28    1.165   1      0.138    1.302
66176.0 71552.0 11935.0  0.0   198400.0 185861.6  349568.0   287284.4  96832.0 96685.3     28    1.165   1      0.138    1.302
63488.0 67520.0 5578.5  0.0   208640.0 31153.5   349568.0   296585.5  97216.0 97213.4     30    1.234   1      0.138    1.372
60864.0 64192.0 1696.0  0.0   216064.0 134089.0  349568.0   299754.6  97408.0 97374.9     32    1.273   1      0.138    1.410
50496.0 54272.0 4675.4  0.0   232512.0 179291.1  349568.0   301927.8  97792.0 97717.9     36    1.321   1      0.138    1.458
46272.0 49024.0  0.0   4240.0 243648.0 105630.2  349568.0   306636.8  97984.0 97874.8     39    1.375   1      0.138    1.513
35648.0 38848.0 3488.0  0.0   264768.0 262538.4  349568.0   312558.9  98176.0 98108.5     43    1.459   1      0.138    1.597
27456.0 29888.0 4925.6  0.0   283136.0 274097.8  349568.0   320493.1  98560.0 98373.1     46    1.523   1      0.138    1.661
21760.0 22976.0  0.0   4133.3 298880.0 51891.9   349568.0   331947.2  98560.0 98532.0     51    1.612   1      0.138    1.750
17024.0 18112.0  0.0   4960.1 309632.0 80667.9   349568.0   337139.4  98752.0 98634.5     55    1.684   1      0.138    1.821
15808.0 16192.0  0.0    0.0   314368.0 264288.8  489280.0   321221.1  186816.0 98619.0     57    1.717   2      1.606    3.323
12864.0 13248.0 5994.4  0.0   320768.0 83768.3   489280.0   335392.7  186816.0 98737.5     62    1.806   2      1.606    3.412
11968.0 12096.0 7216.2  0.0   324288.0 66783.3   489280.0   350949.7  186816.0 98791.7     66    1.891   2      1.606    3.496
10816.0 11200.0  0.0   5626.3 325824.0 104808.7  489280.0   359798.9  186816.0 98891.3     69    1.969   2      1.606    3.574
10816.0 10624.0 6867.0  0.0   327296.0 246341.0  489280.0   362039.0  186816.0 98920.8     70    1.999   2      1.606    3.605
10176.0 9920.0 5702.3  0.0   328384.0 253596.3  489280.0   366732.9  186816.0 98997.1     72    2.050   2      1.606    3.656
9088.0 8960.0 6001.3  0.0   330688.0 151951.5  489280.0   375505.0  186816.0 99035.5     76    2.127   2      1.606    3.733
9152.0 10560.0 5055.7  0.0   328384.0 132499.3  489280.0   389862.5  186816.0 99062.3     80    2.204   2      1.606    3.810
9536.0 10048.0 7088.8  0.0   328768.0 292070.7  489280.0   395264.4  186816.0 99229.5     82    2.252   2      1.606    3.858
10240.0 10176.0  0.0   4625.2 328960.0  3111.9   489280.0   415481.2  186816.0 99476.4     87    2.426   2      1.606    4.032
10048.0 6976.0  0.0   6967.6 329088.0 56167.8   489280.0   419381.0  186816.0 99506.3     89    2.486   2      1.606    4.091
10048.0 9792.0  0.0   8024.9 329408.0 155742.0  489280.0   426091.4  186816.0 99543.1     91    2.537   2      1.606    4.143
10048.0 10048.0  0.0   4098.6 329408.0 73217.2   489280.0   433063.3  186816.0 99557.1     93    2.590   2      1.606    4.196
9152.0 9344.0 5562.6  0.0   330048.0 311987.5  489280.0   437946.5  186816.0 99604.6     96    2.638   2      1.606    4.243
8960.0 8960.0 4260.8  0.0   331264.0 57096.5   489280.0   446335.8  186816.0 99616.7    100    2.701   2      1.606    4.307
8768.0 8960.0  0.0   4255.9 331264.0 287927.2  489280.0   447777.6  186816.0 99621.6    101    2.738   2      1.606    4.344
8448.0 8576.0  0.0   4182.7 331776.0 99200.5   489280.0   450388.4  186816.0 99630.5    103    2.803   2      1.606    4.408
8448.0 8832.0 7064.1  0.0   331840.0 269746.1  489280.0   451475.9  186816.0 99637.9    104    2.836   2      1.606    4.441
8064.0 8320.0 4546.5  0.0   332160.0 230504.0  489280.0   455515.9  186816.0 99647.2    106    2.877   2      1.606    4.482
8128.0 8320.0  0.0   4714.0 332160.0 307633.3  489280.0   457115.7  186816.0 99651.2    107    2.912   2      1.606    4.518
7616.0 7808.0  0.0   4805.4 333056.0 244562.3  489280.0   460777.5  186816.0 99652.6    109    2.971   2      1.606    4.577
6848.0 7168.0 5206.3  0.0   334656.0 78005.3   489280.0   467360.3  186816.0 99669.3    112    3.033   2      1.606    4.638
6656.0 6912.0 5109.6  0.0   335232.0 309191.0  489280.0   471345.0  186816.0 99676.1    114    3.081   2      1.606    4.687
6784.0 6720.0  0.0   4115.9 335680.0 217456.4  489280.0   478628.6  186816.0 99687.9    117    3.167   2      1.606    4.773
6976.0 8896.0  0.0    0.0   331712.0 72180.7   627968.0   414441.5  191104.0 99701.5    120    3.230   3      2.620    5.850
9344.0 6208.0  0.0   6199.2 330048.0 76276.4   627968.0   431970.8  191104.0 99752.7    125    3.322   3      2.620    5.943
9536.0 8896.0  0.0   8522.7 331008.0 273962.3  627968.0   442149.6  191104.0 99776.3    129    3.409   3      2.620    6.029
10688.0 10944.0 4972.2  0.0   327296.0 275716.9  627968.0   462842.4  191104.0 99836.3    134    3.540   3      2.620    6.161
11520.0 12096.0 9808.2  0.0   325312.0   0.0     627968.0   488992.3  191104.0 99871.9    140    3.683   3      2.620    6.303
12544.0 12352.0  0.0   9536.3 324608.0 176387.4  627968.0   514009.7  191104.0 99890.9    145    3.798   3      2.620    6.418
11712.0 11840.0  0.0   8250.5 325568.0 17355.3   627968.0   541648.1  191104.0 99905.4    151    3.924   3      2.620    6.544
11520.0 11456.0 5824.2  0.0   326144.0 244320.3  627968.0   565631.9  191104.0 99946.5    156    4.030   3      2.620    6.650
11072.0 11648.0 10099.0  0.0   326208.0 191329.9  627968.0   594926.8  191104.0 99973.2    162    4.169   3      2.620    6.789
11520.0 11648.0  0.0    0.0   326080.0 10510.0   699072.0   535947.3  187328.0 99980.5    167    4.295   4      3.815    8.110
10944.0 11008.0 6617.9  0.0   327040.0  3338.6   699072.0   556400.3  187328.0 100014.3    172    4.394   4      3.815    8.208
10752.0 10880.0  0.0   6432.2 327552.0 51288.2   699072.0   566263.3  187328.0 100021.2    175    4.470   4      3.815    8.284
10176.0 10176.0 8090.2  0.0   328832.0 294028.4  699072.0   590869.9  187328.0 100035.0    180    4.567   4      3.815    8.381
10048.0 10112.0 4752.0  0.0   329280.0 187463.6  699072.0   606512.1  187328.0 100042.8    184    4.647   4      3.815    8.461
10688.0 9088.0  0.0   9046.1 328704.0 10968.6   699072.0   628833.6  187328.0 100051.8    189    4.760   4      3.815    8.575
10624.0 10688.0 5597.2  0.0   327744.0 282554.6  699072.0   653673.5  187328.0 100070.4    194    4.866   4      3.815    8.680
10496.0 10816.0 8784.1  0.0   327872.0 281824.3  699072.0   681261.0  187328.0 100127.1    200    4.996   4      3.815    8.810
11392.0 11648.0  0.0   6759.9 326208.0 111576.5  699072.0   638200.6  181568.0 99612.6    205    5.125   5      5.214   10.339
11456.0 11584.0 5626.2  0.0   326336.0 43791.9   699072.0   680218.3  181568.0 99647.5    212    5.273   5      5.214   10.487
11328.0 11200.0  0.0   11184.2 326976.0   0.0     699072.0   671247.5  174912.0 99656.5    217    5.387   6      6.158   11.546
17216.0 17344.0  0.0    0.0   314816.0 196262.7  699072.0   688709.2  167680.0 99682.4    221    5.494   7      7.046   12.540
17600.0 20288.0  0.0    0.0   308928.0 287867.5  699072.0   696499.0  153344.0 99591.5    224    5.573   9      8.810   14.383
17600.0 20288.0  0.0    0.0   308928.0 308928.0  699072.0   699071.8  139968.0 99499.7    224    5.573  12     12.007   17.581
17600.0 20288.0  0.0    0.0   308928.0 308928.0  699072.0   698871.0  125376.0 99511.5    224    5.573  15     14.690   20.264
17600.0 20288.0  0.0    0.0   308928.0 78095.8   699072.0   699070.8  112704.0 99514.0    224    5.573  18     18.221   23.794
17600.0 20288.0  0.0    0.0   308928.0 308928.0  699072.0   699070.7  107840.0 99522.9    224    5.573  22     20.951   26.524
17600.0 20288.0  0.0    0.0   308928.0 308928.0  699072.0   697442.9  104064.0 99525.1    224    5.573  25     23.959   29.532
17600.0 20288.0  0.0    0.0   308928.0 308928.0  699072.0   699071.3  102400.0 99526.0    224    5.573  28     26.904   32.477
17600.0 20288.0  0.0    0.0   308928.0 57010.7   699072.0   699071.0  100992.0 99506.3    224    5.573  30     30.783   36.356
17600.0 20288.0  0.0    0.0   308928.0 308928.0  699072.0   699071.6  100800.0 99508.6    224    5.573  33     33.412   38.985
17600.0 20288.0  0.0    0.0   308928.0 230017.1  699072.0   699069.1  100096.0 99369.6    224    5.573  36     37.778   43.351
17600.0 20288.0  0.0    0.0   308928.0 308928.0  699072.0   699068.4  99904.0 99372.0    224    5.573  40     40.723   46.296
17600.0 20288.0  0.0    0.0   308928.0 308928.0  699072.0   699068.6  99776.0 99365.8    224    5.573  43     43.542   49.115
17600.0 20288.0  0.0    0.0   308928.0 308928.0  699072.0   699070.3  99712.0 99368.8    224    5.573  46     46.655   52.228
17600.0 20288.0  0.0    0.0   308928.0 308928.0  699072.0   699069.1  99712.0 99375.3    224    5.573  49     50.513   56.086
17600.0 20288.0  0.0    0.0   308928.0 308928.0  699072.0   699071.2  99712.0 99372.8    224    5.573  52     53.736   59.309
17600.0 20288.0  0.0    0.0   308928.0 183152.7  699072.0   699069.5  99648.0 99373.8    224    5.573  55     57.874   63.447
17600.0 20288.0  0.0    0.0   308928.0 308928.0  699072.0   699068.4  99648.0 99379.0    224    5.573  58     60.026   65.599
17600.0 20288.0  0.0    0.0   308928.0 300898.5  699072.0   699068.4  99648.0 99381.7    224    5.573  61     64.219   69.792
17600.0 20288.0  0.0    0.0   308928.0 308928.0  699072.0   699068.1  99648.0 99383.1    224    5.573  65     67.069   72.642
17600.0 20288.0  0.0    0.0   308928.0 295275.9  699072.0   699068.4  99648.0 99384.6    224    5.573  67     70.289   75.862
17600.0 20288.0  0.0    0.0   308928.0 167857.8  699072.0   699070.7  99648.0 99386.8    224    5.573  70     73.592   79.165
17600.0 20288.0  0.0    0.0   308928.0 308928.0  699072.0   699068.7  99648.0 99386.8    224    5.573  73     76.083   81.656
17600.0 20288.0  0.0    0.0   308928.0 116809.2  699072.0   699070.0  99648.0 99387.4    224    5.573  75     79.554   85.127
17600.0 20288.0  0.0    0.0   308928.0 308928.0  699072.0   699069.2  99648.0 99390.4    224    5.573  78     81.665   87.238
17600.0 20288.0  0.0    0.0   308928.0 308928.0  699072.0   699071.7  99456.0 99390.8    224    5.573  81     84.896   90.469
17600.0 20288.0  0.0    0.0   308928.0 308928.0  699072.0   699069.5  99456.0 99391.4    224    5.573  84     88.203   93.776
17600.0 20288.0  0.0    0.0   308928.0 308928.0  699072.0   699068.6  99456.0 99391.6    224    5.573  87     91.584   97.157
17600.0 20288.0  0.0    0.0   308928.0 243581.7  699072.0   699068.9  99456.0 99392.0    224    5.573  89     94.865  100.439
17600.0 20288.0  0.0    0.0   308928.0 146516.0  699072.0   699069.0  99456.0 99394.1    224    5.573  92     98.319  103.892
17600.0 20288.0  0.0    0.0   308928.0 124360.7  699072.0   699071.1  99456.0 99394.3    224    5.573  95    101.255  106.828
17600.0 20288.0  0.0    0.0   308928.0 308928.0  699072.0   699068.4  99456.0 99394.3    224    5.573  98    103.335  108.908
17600.0 20288.0  0.0    0.0   308928.0 308928.0  699072.0   699071.5  99456.0 99394.3    224    5.573  101   106.762  112.335
17600.0 20288.0  0.0    0.0   308928.0 299471.0  699072.0   699068.2  99456.0 99394.6    224    5.573  104   110.708  116.281
17600.0 20288.0  0.0    0.0   308928.0 308928.0  699072.0   699068.1  99392.0 99391.5    224    5.573  108   113.899  119.472
17600.0 20288.0  0.0    0.0   308928.0 308928.0  699072.0   699070.6  99392.0 99391.8    224    5.573  111   116.758  122.331
17600.0 20288.0  0.0    0.0   308928.0 308928.0  699072.0   699069.5  99456.0 99392.2    224    5.573  114   119.769  125.342
17600.0 20288.0  0.0    0.0   308928.0 138171.9  699072.0   699069.0  99456.0 99393.2    224    5.573  117   123.905  129.478
17600.0 20288.0  0.0    0.0   308928.0 308928.0  699072.0   699068.7  99456.0 99393.7    224    5.573  120   126.027  131.600
17600.0 20288.0  0.0    0.0   308928.0 308928.0  699072.0   699071.5  99392.0 99346.6    224    5.573  123   129.619  135.192
17600.0 20288.0  0.0    0.0   308928.0 308928.0  699072.0   699071.7  99392.0 99346.6    224    5.573  126   132.910  138.483
17600.0 20288.0  0.0    0.0   308928.0 308928.0  699072.0   699069.8  99392.0 99346.5    224    5.573  129   136.098  141.671
17600.0 20288.0  0.0    0.0   308928.0 308926.3  699072.0   699071.5  99392.0 99346.5    224    5.573  132   139.228  144.801
17600.0 20288.0  0.0    0.0   308928.0 206850.8  699072.0   699070.6  99392.0 99346.5    224    5.573  135   143.643  149.216
17600.0 20288.0  0.0    0.0   308928.0 283615.2  699072.0   699071.7  99392.0 99346.7    224    5.573  138   146.691  152.264
17600.0 20288.0  0.0    0.0   308928.0 308928.0  699072.0   699068.1  99392.0 99343.6    224    5.573  142   150.027  155.600
17600.0 20288.0  0.0    0.0   308928.0 308928.0  699072.0   699070.2  99392.0 99344.1    224    5.573  145   153.060  158.633
17600.0 20288.0  0.0    0.0   308928.0 237966.8  699072.0   699068.2  99392.0 99345.8    224    5.573  148   157.006  162.579
17600.0 20288.0  0.0    0.0   308928.0 262290.6  699072.0   699070.2  99392.0 99345.8    224    5.573  151   160.398  165.971
17600.0 20288.0  0.0    0.0   308928.0 308928.0  699072.0   699069.7  99392.0 99345.8    224    5.573  155   163.597  169.170
17600.0 20288.0  0.0    0.0   308928.0 287822.4  699072.0   699071.6  99392.0 99346.1    224    5.573  157   166.928  172.501
17600.0 20288.0  0.0    0.0   308928.0 175620.3  699072.0   699069.0  99392.0 99347.7    224    5.573  161   170.887  176.460
17600.0 20288.0  0.0    0.0   308928.0 308928.0  699072.0   699072.0  99392.0 99349.6    224    5.573  165   174.214  179.787
17600.0 20288.0  0.0    0.0   308928.0 308928.0  699072.0   699068.9  99392.0 99352.2    224    5.573  169   178.208  183.781
17600.0 20288.0  0.0    0.0   308928.0 230383.0  699072.0   699071.6  99392.0 99352.4    224    5.573  171   181.859  187.433
17600.0 20288.0  0.0    0.0   308928.0 308928.0  699072.0   699070.5  99392.0 99352.4    224    5.573  175   185.267  190.840
17600.0 20288.0  0.0    0.0   308928.0 188593.6  699072.0   699068.3  99392.0 99353.0    224    5.573  178   189.371  194.944
17600.0 20288.0  0.0    0.0   308928.0 308928.0  699072.0   699069.4  99392.0 99355.0    224    5.573  182   192.744  198.317
17600.0 20288.0  0.0    0.0   308928.0 280597.4  699072.0   698270.4  99392.0 99359.1    224    5.573  185   197.130  202.703
17600.0 20288.0  0.0    0.0   308928.0 308928.0  699072.0   697777.1  99392.0 99337.8    224    5.573  189   200.452  206.026
17600.0 20288.0  0.0    0.0   308928.0 308928.0  699072.0   699070.1  99392.0 99341.3    224    5.573  193   204.713  210.287
17600.0 20288.0  0.0    0.0   308928.0 308928.0  699072.0   699069.9  99392.0 99342.5    224    5.573  196   207.853  213.426
17600.0 20288.0  0.0    0.0   308928.0 308928.0  699072.0   699071.8  99392.0 99345.2    224    5.573  200   211.880  217.453
17600.0 20288.0  0.0    0.0   308928.0 235665.1  699072.0   699071.2  99392.0 99346.8    224    5.573  203   216.233  221.806
17600.0 20288.0  0.0    0.0   308928.0 308928.0  699072.0   699071.0  99392.0 99347.3    224    5.573  207   219.517  225.090
17600.0 20288.0  0.0    0.0   308928.0 308928.0  699072.0   699069.6  99392.0 99350.1    224    5.573  211   224.367  229.940
17600.0 20288.0  0.0    0.0   308928.0 308928.0  699072.0   699071.6  99392.0 99350.2    224    5.573  215   228.694  234.267
17600.0 20288.0  0.0    0.0   308928.0 270107.1  699072.0   699068.9  99392.0 99351.3    224    5.573  218   233.172  238.745
17600.0 20288.0  0.0    0.0   308928.0 225170.3  699072.0   699069.4  99392.0 99351.3    224    5.573  222   237.504  243.077
17600.0 20288.0  0.0    0.0   308928.0 308928.0  699072.0   699071.9  99392.0 99348.9    224    5.573  226   240.957  246.530
17600.0 20288.0  0.0    0.0   308928.0 308928.0  699072.0   699071.5  99392.0 99351.0    224    5.573  230   245.211  250.784
17600.0 20288.0  0.0    0.0   308928.0 308928.0  699072.0   699071.8  99392.0 99351.0    224    5.573  234   249.624  255.197
17600.0 20288.0  0.0    0.0   308928.0 308928.0  699072.0   699070.4  99392.0 99362.3    224    5.573  238   253.979  259.552
17600.0 20288.0  0.0    0.0   308928.0 308928.0  699072.0   699069.9  99392.0 99362.7    224    5.573  241   258.050  263.623
17600.0 20288.0  0.0    0.0   308928.0 308928.0  699072.0   699068.4  99392.0 99363.4    224    5.573  245   262.308  267.881
17600.0 20288.0  0.0    0.0   308928.0 308928.0  699072.0   698232.8  99392.0 99361.5    224    5.573  249   266.749  272.322
17600.0 20288.0  0.0    0.0   308928.0 308928.0  699072.0   698215.6  99392.0 99366.9    224    5.573  253   270.989  276.562
17600.0 20288.0  0.0    0.0   308928.0 308928.0  699072.0   698203.4  99392.0 99366.9    224    5.573  257   275.138  280.711
17600.0 20288.0  0.0    0.0   308928.0 239356.5  699072.0   698201.4  99392.0 99366.8    224    5.573  261   280.541  286.114
17600.0 20288.0  0.0    0.0   308928.0 255425.0  699072.0   697683.8  99392.0 99367.4    224    5.573  265   284.934  290.507
17600.0 20288.0  0.0    0.0   308928.0 308928.0  699072.0   697683.6  99392.0 99367.7    224    5.573  270   289.131  294.704
17600.0 20288.0  0.0    0.0   308928.0 308928.0  699072.0   697683.0  99392.0 99367.9    224    5.573  273   292.870  298.443
17600.0 20288.0  0.0    0.0   308928.0 246594.1  699072.0   697682.1  99392.0 99367.9    224    5.573  277   298.306  303.880
17600.0 20288.0  0.0    0.0   308928.0 308928.0  699072.0   697682.0  99392.0 99367.9    224    5.573  282   302.570  308.143
17600.0 20288.0  0.0    0.0   308928.0 308883.5  699072.0   697681.9  99392.0 99367.9    224    5.573  286   307.014  312.588
17600.0 20288.0  0.0    0.0   308928.0 308928.0  699072.0   697681.9  99392.0 99367.9    224    5.573  290   311.671  317.244
17600.0 20288.0  0.0    0.0   308928.0 308928.0  699072.0   697681.3  99392.0 99367.9    224    5.573  294   316.339  321.912
17600.0 20288.0  0.0    0.0   308928.0 258735.6  699072.0   697708.7  99392.0 99367.9    224    5.573  298   320.934  326.508
17600.0 20288.0  0.0    0.0   308928.0 308928.0  699072.0   697639.2  99392.0 99369.8    224    5.573  302   325.417  330.990
17600.0 20288.0  0.0    0.0   308928.0 308928.0  699072.0   697639.1  99392.0 99372.3    224    5.573  306   329.666  335.239
17600.0 20288.0  0.0    0.0   308928.0 308928.0  699072.0   697638.5  99392.0 99372.3    224    5.573  310   334.071  339.644
17600.0 20288.0  0.0    0.0   308928.0 308928.0  699072.0   697637.9  99392.0 99372.3    224    5.573  314   338.300  343.873
17600.0 20288.0  0.0    0.0   308928.0 308928.0  699072.0   697637.6  99392.0 99372.3    224    5.573  319   343.454  349.027
17600.0 20288.0  0.0    0.0   308928.0 308928.0  699072.0   697636.3  99392.0 99372.3    224    5.573  323   348.070  353.643
17600.0 20288.0  0.0    0.0   308928.0 308928.0  699072.0   697636.2  99392.0 99372.3    224    5.573  327   352.257  357.830
17600.0 20288.0  0.0    0.0   308928.0 308928.0  699072.0   697635.1  99392.0 99374.0    224    5.573  331   356.450  362.023
17600.0 20288.0  0.0    0.0   308928.0 290634.8  699072.0   697635.0  99392.0 99375.4    224    5.573  335   361.998  367.572
17600.0 20288.0  0.0    0.0   308928.0 308928.0  699072.0   697635.0  99392.0 99373.4    224    5.573  340   366.193  371.766
17600.0 20288.0  0.0    0.0   308928.0 308928.0  699072.0   697634.9  99392.0 99373.4    224    5.573  344   370.550  376.123
17600.0 20288.0  0.0    0.0   308928.0 308928.0  699072.0   697634.9  99392.0 99373.4    224    5.573  349   375.606  381.180
17600.0 20288.0  0.0    0.0   308928.0 308928.0  699072.0   697634.8  99392.0 99373.4    224    5.573  353   379.883  385.457
17600.0 20288.0  0.0    0.0   308928.0 308928.0  699072.0   697634.2  99392.0 99373.4    224    5.573  357   384.506  390.079
17600.0 20288.0  0.0    0.0   308928.0 308928.0  699072.0   697634.2  99392.0 99374.1    224    5.573  362   389.554  395.127
17600.0 20288.0  0.0    0.0   308928.0 308928.0  699072.0   697634.2  99392.0 99374.1    224    5.573  366   393.943  399.516
17600.0 20288.0  0.0    0.0   308928.0 308928.0  699072.0   697634.0  99392.0 99374.1    224    5.573  370   398.113  403.686
17600.0 20288.0  0.0    0.0   308928.0 308928.0  699072.0   697634.0  99392.0 99374.1    224    5.573  375   403.431  409.004
17600.0 20288.0  0.0    0.0   308928.0 308928.0  699072.0   697633.9  99392.0 99374.1    224    5.573  379   407.836  413.409
17600.0 20288.0  0.0    0.0   308928.0 308928.0  699072.0   697633.9  99392.0 99374.1    224    5.573  383   412.076  417.649
17600.0 20288.0  0.0    0.0   308928.0 308928.0  699072.0   697633.7  99392.0 99374.1    224    5.573  387   416.279  421.852
17600.0 20288.0  0.0    0.0   308928.0 308928.0  699072.0   697633.7  99392.0 99374.1    224    5.573  392   421.446  427.019
17600.0 20288.0  0.0    0.0   308928.0 308926.3  699072.0   697633.6  99392.0 99374.1    224    5.573  396   425.878  431.451
17600.0 20288.0  0.0    0.0   308928.0 308928.0  699072.0   697633.6  99392.0 99374.1    224    5.573  401   431.429  437.002
17600.0 20288.0  0.0    0.0   308928.0 308928.0  699072.0   697633.6  99392.0 99374.1    224    5.573  405   435.480  441.053
17600.0 20288.0  0.0    0.0   308928.0 308928.0  699072.0   697633.5  99392.0 99374.1    224    5.573  410   440.853  446.426
17600.0 20288.0  0.0    0.0   308928.0 308928.0  699072.0   697633.5  99392.0 99374.1    224    5.573  413   444.548  450.121
17600.0 20288.0  0.0    0.0   308928.0 308928.0  699072.0   697633.4  99392.0 99374.1    224    5.573  418   449.998  455.571
17600.0 20288.0  0.0    0.0   308928.0 308928.0  699072.0   697633.4  99392.0 99374.1    224    5.573  423   455.336  460.909
17600.0 20288.0  0.0    0.0   308928.0 308928.0  699072.0   697633.2  99392.0 99371.1    224    5.573  427   459.897  465.470
17600.0 20288.0  0.0    0.0   308928.0 308928.0  699072.0   697633.0  99392.0 99368.0    224    5.573  431   464.626  470.199
17600.0 20288.0  0.0    0.0   308928.0 308916.6  699072.0   697630.6  99392.0 99362.0    224    5.573  435   469.241  474.814
17600.0 20288.0  0.0    0.0   308928.0 308928.0  699072.0   697630.2  99392.0 99363.1    224    5.573  439   474.047  479.620
17600.0 20288.0  0.0    0.0   308928.0 308928.0  699072.0   697630.1  99392.0 99363.1    224    5.573  443   478.850  484.423
17600.0 20288.0  0.0    0.0   308928.0 308928.0  699072.0   697630.0  99392.0 99363.7    224    5.573  448   484.398  489.971
17600.0 20288.0  0.0    0.0   308928.0 308928.0  699072.0   697629.9  99392.0 99365.6    224    5.573  452   488.748  494.321
17600.0 20288.0  0.0    0.0   308928.0 308928.0  699072.0   697629.8  99392.0 99365.6    224    5.573  456   493.207  498.780
17600.0 20288.0  0.0    0.0   308928.0 304894.5  699072.0   697629.8  99392.0 99365.6    224    5.573  461   498.598  504.171
17600.0 20288.0  0.0    0.0   308928.0 308928.0  699072.0   697629.6  99392.0 99365.6    224    5.573  464   501.957  507.530
17600.0 20288.0  0.0    0.0   308928.0 308928.0  699072.0   697621.1  99392.0 99365.6    224    5.573  469   507.809  513.382
17600.0 20288.0  0.0    0.0   308928.0 308928.0  699072.0   697621.1  99392.0 99365.6    224    5.573  473   512.332  517.905
17600.0 20288.0  0.0    0.0   308928.0 308928.0  699072.0   697621.1  99392.0 99365.6    224    5.573  477   516.490  522.063
17600.0 20288.0  0.0    0.0   308928.0 308928.0  699072.0   697621.1  99392.0 99365.6    224    5.573  482   521.805  527.378
17600.0 20288.0  0.0    0.0   308928.0 308928.0  699072.0   697615.3  99392.0 99362.3    224    5.573  486   526.476  532.049
17600.0 20288.0  0.0    0.0   308928.0 308928.0  699072.0   697615.3  99392.0 99365.3    224    5.573  490   531.059  536.632
17600.0 20288.0  0.0    0.0   308928.0 292171.8  699072.0   697613.9  99392.0 99365.3    224    5.573  494   536.548  542.121
17600.0 20288.0  0.0    0.0   308928.0 308928.0  699072.0   697613.9  99392.0 99365.3    224    5.573  499   540.558  546.131
17600.0 20288.0  0.0    0.0   308928.0 308928.0  699072.0   697613.9  99392.0 99365.3    224    5.573  504   545.579  551.152
17600.0 20288.0  0.0    0.0   308928.0 308928.0  699072.0   697613.9  99392.0 99365.3    224    5.573  509   550.695  556.268
17600.0 20288.0  0.0    0.0   308928.0 308928.0  699072.0   697613.9  99392.0 99365.3    224    5.573  513   554.940  560.513
17600.0 20288.0  0.0    0.0   308928.0 308928.0  699072.0   697610.3  99392.0 99356.6    224    5.573  518   560.332  565.905
17600.0 20288.0  0.0    0.0   308928.0 308928.0  699072.0   697610.3  99392.0 99356.6    224    5.573  523   565.292  570.865
17600.0 20288.0  0.0    0.0   308928.0 308928.0  699072.0   697610.2  99392.0 99356.6    224    5.573  528   570.334  575.907
17600.0 20288.0  0.0    0.0   308928.0 308928.0  699072.0   697610.2  99392.0 99356.6    224    5.573  533   575.268  580.841
17600.0 20288.0  0.0    0.0   308928.0 308928.0  699072.0   697607.6  99392.0 99350.5    224    5.573  537   579.440  585.013
17600.0 20288.0  0.0    0.0   308928.0 308928.0  699072.0   697576.2  99328.0 99307.8    224    5.573  542   584.722  590.295
17600.0 20288.0  0.0    0.0   308928.0 308928.0  699072.0   697576.0  99328.0 99307.8    224    5.573  546   589.235  594.809
17600.0 20288.0  0.0    0.0   308928.0 308928.0  699072.0   697561.6  99328.0 99307.8    224    5.573  550   593.872  599.445
17600.0 20288.0  0.0    0.0   308928.0 308928.0  699072.0   697534.9  99328.0 99307.8    224    5.573  555   599.063  604.636
17600.0 20288.0  0.0    0.0   308928.0 308928.0  699072.0   697534.9  99328.0 99307.8    224    5.573  560   604.109  609.682
17600.0 20288.0  0.0    0.0   308928.0 308928.0  699072.0   697531.0  99328.0 99298.6    224    5.573  565   609.263  614.836
17600.0 20288.0  0.0    0.0   308928.0 308928.0  699072.0   697530.8  99328.0 99298.6    224    5.573  569   613.480  619.053
17600.0 20288.0  0.0    0.0   308928.0 308928.0  699072.0   697530.6  99328.0 99298.6    224    5.573  574   618.633  624.206
17600.0 20288.0  0.0    0.0   308928.0 308928.0  699072.0   697530.6  99328.0 99298.6    224    5.573  579   623.737  629.311
17600.0 20288.0  0.0    0.0   308928.0 308928.0  699072.0   697527.3  99328.0 99298.6    224    5.573  583   628.419  633.992
17600.0 20288.0  0.0    0.0   308928.0 308928.0  699072.0   697526.8  99328.0 99298.6    224    5.573  587   632.989  638.562
17600.0 20288.0  0.0    0.0   308928.0 308928.0  699072.0   697521.9  99328.0 99298.6    224    5.573  592   638.265  643.838
17600.0 20288.0  0.0    0.0   308928.0 308928.0  699072.0   697521.8  99328.0 99298.6    224    5.573  596   642.827  648.401
17600.0 20288.0  0.0    0.0   308928.0 308928.0  699072.0   697521.8  99328.0 99298.6    224    5.573  601   647.963  653.536
17600.0 20288.0  0.0    0.0   308928.0 308928.0  699072.0   697521.2  99328.0 99298.6    224    5.573  606   653.403  658.976
17600.0 20288.0  0.0    0.0   308928.0 308928.0  699072.0   697519.3  99328.0 99298.6    224    5.573  610   657.865  663.438
17600.0 20288.0  0.0    0.0   308928.0 308928.0  699072.0   697519.3  99328.0 99298.6    224    5.573  615   662.821  668.394
17600.0 20288.0  0.0    0.0   308928.0 308928.0  699072.0   697518.6  99328.0 99295.4    224    5.573  619   667.155  672.728
17600.0 20288.0  0.0    0.0   308928.0 308928.0  699072.0   697518.6  99328.0 99295.4    224    5.573  624   672.129  677.702
17600.0 20288.0  0.0    0.0   308928.0 308928.0  699072.0   697518.6  99328.0 99296.7    224    5.573  629   677.118  682.691
17600.0 20288.0  0.0    0.0   308928.0 308928.0  699072.0   697518.6  99328.0 99296.7    224    5.573  634   682.238  687.812
17600.0 20288.0  0.0    0.0   308928.0 308928.0  699072.0   697516.1  99328.0 99296.7    224    5.573  638   686.817  692.390
17600.0 20288.0  0.0    0.0   308928.0 308928.0  699072.0   697516.0  99328.0 99296.7    224    5.573  642   690.867  696.441
17600.0 20288.0  0.0    0.0   308928.0 308928.0  699072.0   697585.0  99328.0 99296.7    224    5.573  647   696.522  702.095
17600.0 20288.0  0.0    0.0   308928.0 308928.0  699072.0   697518.4  99328.0 99299.8    224    5.573  652   701.567  707.140
17600.0 20288.0  0.0    0.0   308928.0 308920.1  699072.0   697518.4  99328.0 99299.8    224    5.573  657   706.535  712.108
17600.0 20288.0  0.0    0.0   308928.0 308928.0  699072.0   697518.4  99328.0 99299.8    224    5.573  662   711.496  717.069
17600.0 20288.0  0.0    0.0   308928.0 308928.0  699072.0   697518.3  99328.0 99299.8    224    5.573  667   716.548  722.121
17600.0 20288.0  0.0    0.0   308928.0 308917.9  699072.0   697518.3  99328.0 99299.8    224    5.573  672   721.550  727.123
17600.0 20288.0  0.0    0.0   308928.0 305943.3  699072.0   697518.2  99328.0 99299.8    224    5.573  677   726.514  732.087
17600.0 20288.0  0.0    0.0   308928.0 308928.0  699072.0   697518.2  99328.0 99299.8    224    5.573  681   730.445  736.018
17600.0 20288.0  0.0    0.0   308928.0 302556.2  699072.0   697479.9  99328.0 99296.6    224    5.573  685   736.286  741.860
17600.0 20288.0  0.0    0.0   308928.0 308928.0  699072.0   697479.9  99328.0 99296.6    224    5.573  690   740.311  745.884
17600.0 20288.0  0.0    0.0   308928.0 308928.0  699072.0   697479.9  99328.0 99296.6    224    5.573  695   745.242  750.815
17600.0 20288.0  0.0    0.0   308928.0 308928.0  699072.0   697478.6  99328.0 99293.6    224    5.573  700   750.584  756.157
17600.0 20288.0  0.0    0.0   308928.0 308928.0  699072.0   697478.6  99328.0 99293.6    224    5.573  705   755.551  761.124
17600.0 20288.0  0.0    0.0   308928.0 308928.0  699072.0   697478.6  99328.0 99293.6    224    5.573  710   760.507  766.080
17600.0 20288.0  0.0    0.0   308928.0 308928.0  699072.0   699069.4  99456.0 99164.2    224    5.573  714   765.000  770.573
17600.0 20288.0  0.0    0.0   308928.0 308928.0  699072.0   699069.4  99456.0 99164.2    224    5.573  719   770.076  775.649
17600.0 20288.0  0.0    0.0   308928.0 308928.0  699072.0   699069.4  99456.0 99164.2    224    5.573  723   774.281  779.854
17600.0 20288.0  0.0    0.0   308928.0 308928.0  699072.0   699069.4  99456.0 99164.2    224    5.573  728   779.514  785.087
17600.0 20288.0  0.0    0.0   308928.0 308928.0  699072.0   699070.4  99456.0 99164.2    224    5.573  732   784.068  789.641
17600.0 20288.0  0.0    0.0   308928.0 308928.0  699072.0   699070.4  99456.0 99164.2    224    5.573  737   789.228  794.801
17600.0 20288.0  0.0    0.0   308928.0 308928.0  699072.0   699070.4  99456.0 99164.2    224    5.573  742   794.528  800.101
17600.0 20288.0  0.0    0.0   308928.0 308928.0  699072.0   699070.4  99456.0 99164.2    224    5.573  746   798.510  804.083
17600.0 20288.0  0.0    0.0   308928.0 308900.6  699072.0   699070.0  99456.0 99161.2    224    5.573  751   804.020  809.593
17600.0 20288.0  0.0    0.0   308928.0 308920.2  699072.0   699069.9  99456.0 99161.2    224    5.573  755   808.508  814.081
17600.0 20288.0  0.0    0.0   308928.0 308924.4  699072.0   699071.7  99456.0 99158.1    224    5.573  759   813.517  819.090
17600.0 20288.0  0.0    0.0   308928.0 308928.0  699072.0   699071.7  99456.0 99158.1    224    5.573  764   818.444  824.017
17600.0 20288.0  0.0    0.0   308928.0 308928.0  699072.0   699071.8  99456.0 99177.4    224    5.573  768   823.240  828.813
17600.0 20288.0  0.0    0.0   308928.0 308928.0  699072.0   699071.6  99456.0 99177.4    224    5.573  772   827.816  833.389
17600.0 20288.0  0.0    0.0   308928.0 308928.0  699072.0   699071.6  99456.0 99183.5    224    5.573  777   832.889  838.462
17600.0 20288.0  0.0    0.0   308928.0 308928.0  699072.0   699071.6  99456.0 99183.5    224    5.573  782   837.831  843.404
17600.0 20288.0  0.0    0.0   308928.0 308928.0  699072.0   699071.6  99456.0 99183.5    224    5.573  787   842.938  848.512
17600.0 20288.0  0.0    0.0   308928.0 308928.0  699072.0   699071.6  99456.0 99183.5    224    5.573  792   847.984  853.557
17600.0 20288.0  0.0    0.0   308928.0 308928.0  699072.0   699071.6  99456.0 99183.5    224    5.573  796   852.130  857.703
17600.0 20288.0  0.0    0.0   308928.0 308928.0  699072.0   699069.1  99456.0 99174.4    224    5.573  801   857.486  863.059
17600.0 20288.0  0.0    0.0   308928.0 308928.0  699072.0   699069.1  99456.0 99177.8    224    5.573  806   862.442  868.015
17600.0 20288.0  0.0    0.0   308928.0 301399.0  699072.0   699069.1  99456.0 99177.8    224    5.573  810   867.472  873.045
17600.0 20288.0  0.0    0.0   308928.0 308928.0  699072.0   699069.1  99456.0 99177.8    224    5.573  815   871.437  877.010
17600.0 20288.0  0.0    0.0   308928.0 308928.0  699072.0   699069.8  99456.0 99147.3    224    5.573  820   877.085  882.659
17600.0 20288.0  0.0    0.0   308928.0 308928.0  699072.0   699069.3  99456.0 99147.3    224    5.573  824   881.451  887.024
17600.0 20288.0  0.0    0.0   308928.0 300806.3  699072.0   699069.3  99456.0 99147.3    224    5.573  828   886.839  892.412
17600.0 20288.0  0.0    0.0   308928.0 308928.0  699072.0   699069.3  99456.0 99147.3    224    5.573  833   890.818  896.391
17600.0 20288.0  0.0    0.0   308928.0 308928.0  699072.0   699069.3  99456.0 99147.3    224    5.573  838   895.881  901.454
17600.0 20288.0  0.0    0.0   308928.0 308928.0  699072.0   699070.3  99456.0 99144.2    224    5.573  842   901.106  906.679
17600.0 20288.0  0.0    0.0   308928.0 308928.0  699072.0   699070.3  99456.0 99144.2    224    5.573  847   906.199  911.772
17600.0 20288.0  0.0    0.0   308928.0 308928.0  699072.0   699070.2  99456.0 99144.2    224    5.573  851   910.516  916.089
17600.0 20288.0  0.0    0.0   308928.0 308928.0  699072.0   699070.2  99456.0 99144.2    224    5.573  856   915.548  921.121
17600.0 20288.0  0.0    0.0   308928.0 308928.0  699072.0   699070.2  99456.0 99144.2    224    5.573  861   920.524  926.097
17600.0 20288.0  0.0    0.0   308928.0 308928.0  699072.0   699070.2  99456.0 99144.2    224    5.573  866   925.445  931.018
17600.0 20288.0  0.0    0.0   308928.0 308928.0  699072.0   699070.2  99456.0 99144.2    224    5.573  871   930.482  936.055
17600.0 20288.0  0.0    0.0   308928.0 304088.8  699072.0   699070.2  99456.0 99144.2    224    5.573  876   935.375  940.948
17600.0 20288.0  0.0    0.0   308928.0 308928.0  699072.0   699070.2  99456.0 99144.2    224    5.573  880   939.450  945.023
17600.0 20288.0  0.0    0.0   308928.0 308928.0  699072.0   699070.2  99456.0 99141.2    224    5.573  885   944.655  950.228
17600.0 20288.0  0.0    0.0   308928.0 308928.0  699072.0   699071.8  99456.0 99143.2    224    5.573  889   949.918  955.491
17600.0 20288.0  0.0    0.0   308928.0 308928.0  699072.0   699071.2  99456.0 99149.6    224    5.573  893   954.050  959.623
17600.0 20288.0  0.0    0.0   308928.0 308928.0  699072.0   699069.5  99456.0 99155.3    224    5.573  897   958.712  964.285
17600.0 20288.0  0.0    0.0   308928.0 308928.0  699072.0   699068.8  99456.0 99159.4    224    5.573  901   963.602  969.175
17600.0 20288.0  0.0    0.0   308928.0 308928.0  699072.0   699070.0  99520.0 99199.1    224    5.573  906   969.339  974.912
17600.0 20288.0  0.0    0.0   308928.0 308928.0  699072.0   699069.9  99520.0 99202.0    224    5.573  910   973.433  979.006
17600.0 20288.0  0.0    0.0   308928.0 308928.0  699072.0   699071.8  99520.0 99206.3    224    5.573  914   978.610  984.183
17600.0 20288.0  0.0    0.0   308928.0 308928.0  699072.0   699069.1  99520.0 99208.0    224    5.573  919   983.982  989.555
17600.0 20288.0  0.0    0.0   308928.0 308928.0  699072.0   699070.6  99520.0 99215.3    224    5.573  923   988.528  994.102
17600.0 20288.0  0.0    0.0   308928.0 308928.0  699072.0   699070.6  99520.0 99215.3    224    5.573  928   993.514  999.087
17600.0 20288.0  0.0    0.0   308928.0 308928.0  699072.0   699070.6  99520.0 99215.3    224    5.573  933   998.627 1004.200
17600.0 20288.0  0.0    0.0   308928.0 308928.0  699072.0   699070.6  99520.0 99236.5    224    5.573  937  1002.693 1008.266
17600.0 20288.0  0.0    0.0   308928.0 308928.0  699072.0   699070.0  99520.0 99238.1    224    5.573  942  1008.050 1013.623
17600.0 20288.0  0.0    0.0   308928.0 308928.0  699072.0   699069.8  99520.0 99246.6    224    5.573  946  1012.156 1017.729
17600.0 20288.0  0.0    0.0   308928.0 308928.0  699072.0   699071.5  99520.0 99247.8    224    5.573  951  1017.727 1023.300
