 S0C    S1C    S0U    S1U      EC       EU        OC         OU       PC     PU    YGC     YGCT    FGC    FGCT     GCT   
43648.0 43648.0 19561.3  0.0   87424.0  18918.9   625376.0   374543.8  135344.0 81204.7     56    3.017  22      0.787    3.805
43648.0 43648.0 19561.3  0.0   87424.0  20239.1   625376.0   374543.8  135344.0 81205.3     56    3.017  22      0.787    3.805
43648.0 43648.0 19561.3  0.0   87424.0  21130.8   625376.0   374543.8  135344.0 81205.3     56    3.017  22      0.787    3.805
43648.0 43648.0 19561.3  0.0   87424.0  24157.9   625376.0   374543.8  135344.0 81230.5     56    3.017  22      0.787    3.805
43648.0 43648.0 19561.3  0.0   87424.0  24157.9   625376.0   374543.8  135344.0 81230.5     56    3.017  22      0.787    3.805
43648.0 43648.0 19561.3  0.0   87424.0  24157.9   625376.0   374543.8  135344.0 81233.6     56    3.017  22      0.787    3.805
43648.0 43648.0 19561.3  0.0   87424.0  24157.9   625376.0   374543.8  135344.0 81233.6     56    3.017  22      0.787    3.805
43648.0 43648.0 19561.3  0.0   87424.0  24157.9   625376.0   374543.8  135344.0 81233.6     56    3.017  22      0.787    3.805
43648.0 43648.0 19561.3  0.0   87424.0  24603.8   625376.0   374543.8  135344.0 81233.6     56    3.017  22      0.787    3.805
43648.0 43648.0 19561.3  0.0   87424.0  24603.8   625376.0   374543.8  135344.0 81233.6     56    3.017  22      0.787    3.805
43648.0 43648.0 19561.3  0.0   87424.0  24603.8   625376.0   374543.8  135344.0 81233.6     56    3.017  22      0.787    3.805
43648.0 43648.0 19561.3  0.0   87424.0  24896.9   625376.0   374543.8  135344.0 81238.5     56    3.017  22      0.787    3.805
43648.0 43648.0 19561.3  0.0   87424.0  24896.9   625376.0   374543.8  135344.0 81244.4     56    3.017  22      0.787    3.805
43648.0 43648.0  0.0   26233.2 87424.0  54585.9   625376.0   374543.8  135344.0 84278.5     57    3.058  23      0.819    3.877
43648.0 43648.0 40097.2  0.0   87424.0    0.0     630540.0   414160.0  141044.0 87507.1     64    3.359  26      0.966    4.326
43648.0 43648.0  0.0   30676.4 87424.0  34997.3   690244.0   414145.6  146064.0 88337.1     65    3.399  27      1.033    4.433
43648.0 43648.0  0.0   30676.4 87424.0  37480.0   690244.0   414015.9  147236.0 88339.4     65    3.399  28      1.135    4.534
43648.0 43648.0  0.0   30676.4 87424.0  46332.3   690244.0   414015.9  147236.0 88357.5     65    3.399  28      1.135    4.534
43648.0 43648.0  0.0   30676.4 87424.0  46332.3   690244.0   414015.9  147236.0 88357.5     65    3.399  28      1.135    4.534
43648.0 43648.0  0.0   30676.4 87424.0  52622.9   690244.0   414015.9  147236.0 88684.8     65    3.399  28      1.135    4.534
43648.0 43648.0  0.0   40475.2 87424.0  62894.2   690244.0   440115.1  147236.0 89390.7     73    3.764  29      1.256    5.020
43648.0 43648.0  0.0   40475.2 87424.0  68836.0   690244.0   440115.1  147236.0 89394.1     73    3.764  29      1.256    5.020
43648.0 43648.0 21777.8  0.0   87424.0  38258.5   699072.0   450535.1  149376.0 89624.0     76    3.953  30      1.383    5.336
43648.0 43648.0 21777.8  0.0   87424.0  45672.8   699072.0   450535.1  149376.0 89649.4     76    3.953  30      1.383    5.336
43648.0 43648.0  0.0   32478.8 87424.0  21945.7   699072.0   450535.1  149376.0 89772.5     79    4.116  31      1.518    5.634
43648.0 43648.0  0.0   32478.8 87424.0  23172.5   699072.0   450535.1  149376.0 89783.3     79    4.116  31      1.518    5.634
43648.0 43648.0  0.0   22885.1 87424.0  76302.3   699072.0   455832.6  149376.0 89897.6     81    4.223  31      1.518    5.741
43648.0 43648.0  0.0   22885.1 87424.0  77785.9   699072.0   455832.6  149376.0 89901.5     81    4.223  31      1.518    5.741
43648.0 43648.0  0.0   22885.1 87424.0  81123.7   699072.0   455832.6  149376.0 89909.4     81    4.223  31      1.518    5.741
43648.0 43648.0 18882.8  0.0   87424.0  30269.1   699072.0   455832.6  149376.0 89949.3     82    4.289  31      1.518    5.807
43648.0 43648.0 18882.8  0.0   87424.0  33240.2   699072.0   455832.6  149376.0 89953.0     82    4.289  31      1.518    5.807
43648.0 43648.0 18882.8  0.0   87424.0  66142.5   699072.0   455832.6  149376.0 89980.9     82    4.289  31      1.518    5.807
43648.0 43648.0 18882.8  0.0   87424.0  67448.5   699072.0   455832.6  149376.0 89987.1     82    4.289  31      1.518    5.807
43648.0 43648.0 18882.8  0.0   87424.0  69059.1   699072.0   455832.6  149376.0 89990.6     82    4.289  31      1.518    5.807
43648.0 43648.0  0.0   28321.1 87424.0  19283.0   699072.0   455832.6  149376.0 90097.9     83    4.349  31      1.518    5.867
43648.0 43648.0 20231.4  0.0   87424.0  38185.6   699072.0   455832.6  149376.0 90128.6     84    4.414  31      1.518    5.932
43648.0 43648.0 22669.6  0.0   87424.0  53682.1   699072.0   436705.8  150188.0 90127.4     86    4.529  33      1.798    6.327
43648.0 43648.0 42835.4  0.0   87424.0   6657.6   699072.0   451505.2  150188.0 90234.4     90    4.797  33      1.798    6.595
43648.0 43648.0 42835.4  0.0   87424.0  73676.5   699072.0   451505.2  150188.0 90253.9     90    4.797  33      1.798    6.595
43648.0 43648.0  0.0   19764.7 87424.0  15388.0   699072.0   454739.6  150188.0 90310.2     93    5.010  33      1.798    6.808
43648.0 43648.0  0.0   19764.7 87424.0  51947.1   699072.0   454739.6  150188.0 90319.2     93    5.010  33      1.798    6.808
43648.0 43648.0 32079.5  0.0   87424.0  19332.6   699072.0   454739.6  150188.0 90329.3     96    5.223  33      1.798    7.021
43648.0 43648.0 25812.8  0.0   87424.0  76350.1   699072.0   459636.6  150188.0 90363.2     98    5.369  33      1.798    7.167
43648.0 43648.0 29919.5  0.0   87424.0   1377.2   699072.0   459632.3  150188.0 92113.5    102    5.584  34      1.861    7.446
43648.0 43648.0 34726.6  0.0   87424.0  57206.5   699072.0   456369.2  150188.0 92130.5    104    5.735  34      1.861    7.596
43648.0 43648.0 16970.2 8668.3 87424.0  87424.0   699072.0   458493.6  150188.0 92224.3    107    5.896  34      1.861    7.757
43648.0 43648.0 20110.5  0.0   87424.0  49994.3   699072.0   461973.1  153736.0 92243.7    108    6.065  35      1.980    8.045
43648.0 43648.0  0.0   20207.2 87424.0  46040.6   699072.0   461973.1  153736.0 92252.1    109    6.117  35      1.980    8.097
43648.0 43648.0  0.0   32368.8 87424.0  60255.6   699072.0   461973.1  153736.0 92322.2    111    6.232  35      1.980    8.212
43648.0 43648.0 32411.7  0.0   87424.0  34048.2   699072.0   465064.0  153736.0 94343.5    116    6.488  35      1.980    8.468
43648.0 43648.0 32411.7  0.0   87424.0  37980.3   699072.0   465064.0  153736.0 94348.0    116    6.488  35      1.980    8.468
43648.0 43648.0 32411.7  0.0   87424.0  38232.0   699072.0   465064.0  153736.0 94348.0    116    6.488  35      1.980    8.468
43648.0 43648.0  0.0   25859.1 87424.0  23375.4   699072.0   469895.1  153736.0 94367.0    117    6.568  35      1.980    8.548
43648.0 43648.0  0.0   25859.1 87424.0  27921.9   699072.0   469895.1  153736.0 94368.5    117    6.568  35      1.980    8.548
43648.0 43648.0 19389.8  0.0   87424.0   6687.5   699072.0   469895.1  153736.0 94380.1    118    6.614  35      1.980    8.593
43648.0 43648.0  0.0   28657.9 87424.0  11764.8   699072.0   469895.1  153736.0 94452.9    121    6.722  35      1.980    8.702
43648.0 43648.0  0.0   28657.9 87424.0  14060.2   699072.0   469895.1  153736.0 94459.1    121    6.722  35      1.980    8.702
43648.0 43648.0  0.0   28657.9 87424.0  51480.4   699072.0   469895.1  153736.0 94461.6    121    6.722  35      1.980    8.702
43648.0 43648.0  0.0   19565.1 87424.0  18543.7   699072.0   473644.8  153736.0 94477.8    123    6.851  35      1.980    8.831
43648.0 43648.0  0.0   19565.1 87424.0  18626.8   699072.0   473644.8  153736.0 94477.8    123    6.851  35      1.980    8.831
43648.0 43648.0 13169.6 8737.2 87424.0  87424.0   699072.0   473644.8  153736.0 94513.9    125    6.895  35      1.980    8.875
43648.0 43648.0 29384.6  0.0   87424.0  21624.8   699072.0   473644.8  153736.0 94520.0    126    7.035  35      1.980    9.015
43648.0 43648.0  0.0   29709.2 87424.0  23841.8   699072.0   477520.4  153736.0 94534.6    129    7.199  35      1.980    9.179
43648.0 43648.0 25244.0  0.0   87424.0  76606.5   699072.0   477095.9  153736.0 95648.6    136    7.501  36      2.040    9.541
43648.0 43648.0  0.0   31270.4 87424.0  40112.1   699072.0   477095.9  159492.0 95695.4    137    7.562  36      2.040    9.602
43648.0 43648.0  0.0   31270.4 87424.0  74117.1   699072.0   477095.9  159492.0 95700.2    137    7.562  36      2.040    9.602
43648.0 43648.0 40314.7  0.0   87424.0  44954.2   699072.0   477095.9  159492.0 95728.5    140    7.803  37      2.194    9.997
43648.0 43648.0  0.0   28245.5 87424.0  13863.8   699072.0   487266.3  159492.0 95748.4    143    8.011  38      2.332   10.343
43648.0 43648.0  0.0   22546.4 87424.0  77856.1   699072.0   465467.2  159684.0 95781.0    145    8.141  38      2.332   10.473
43648.0 43648.0 21172.5 13395.5 87424.0  87424.0   699072.0   465467.2  159684.0 95789.7    149    8.300  39      2.486   10.787
43648.0 43648.0  0.0   20916.3 87424.0  51866.7   699072.0   473458.0  159684.0 95854.1    153    8.654  39      2.486   11.140
43648.0 43648.0  0.0   17950.2 87424.0   6671.1   699072.0   473458.0  159684.0 95857.2    155    8.747  39      2.486   11.233
43648.0 43648.0  0.0   17950.2 87424.0  13842.3   699072.0   473458.0  159684.0 95869.4    155    8.747  39      2.486   11.233
43648.0 43648.0  0.0   22535.2 87424.0  24082.3   699072.0   475403.8  159684.0 95927.3    159    9.000  39      2.486   11.487
43648.0 43648.0  0.0   22535.2 87424.0  26732.6   699072.0   475403.8  159684.0 95928.0    159    9.000  39      2.486   11.487
43648.0 43648.0  0.0   30317.9 87424.0  80815.0   699072.0   475403.8  159684.0 95930.3    161    9.123  39      2.486   11.610
43648.0 43648.0  0.0   30317.9 87424.0  86661.6   699072.0   475403.8  159684.0 95932.0    161    9.123  39      2.486   11.610
43648.0 43648.0  0.0   26349.8 87424.0  29708.9   699072.0   478755.4  159684.0 95935.9    165    9.418  39      2.486   11.904
43648.0 43648.0  0.0   26349.8 87424.0  41316.3   699072.0   478755.4  159684.0 95954.5    165    9.418  39      2.486   11.904
43648.0 43648.0  0.0   26349.8 87424.0  41573.0   699072.0   453496.0  159920.0 95951.0    165    9.418  40      2.641   12.059
43648.0 43648.0 20164.3 20760.4 87424.0  87424.0   699072.0   457656.9  159920.0 95953.1    168    9.528  41      2.805   12.332
43648.0 43648.0  0.0   28989.2 87424.0  49654.8   699072.0   460228.4  159920.0 95970.8    171    9.750  41      2.805   12.555
43648.0 43648.0  0.0   12858.8 87424.0  24313.3   699072.0   464940.1  159920.0 95978.6    173    9.862  41      2.805   12.666
43648.0 43648.0  0.0   24043.0 87424.0   2577.5   699072.0   464939.8  159920.0 95983.9    175    9.980  42      2.954   12.933
43648.0 43648.0  0.0   24043.0 87424.0   4151.9   699072.0   464939.8  159920.0 95984.0    175    9.980  42      2.954   12.933
43648.0 43648.0  0.0   36157.2 87424.0  55907.6   699072.0   464741.2  159920.0 95986.3    177   10.116  42      2.954   13.069
43648.0 43648.0  0.0   36157.2 87424.0  59481.2   699072.0   464741.2  159920.0 95986.3    177   10.116  42      2.954   13.069
43648.0 43648.0 25994.3  0.0   87424.0  10563.9   699072.0   470140.7  159920.0 95987.8    178   10.196  42      2.954   13.149
43648.0 43648.0 25994.3  0.0   87424.0  45627.0   699072.0   454233.9  160112.0 95987.4    178   10.196  42      2.954   13.149
43648.0 43648.0  0.0   15090.5 87424.0  29422.2   699072.0   454233.9  160112.0 95987.4    179   10.236  42      2.954   13.190
43648.0 43648.0  0.0   15090.5 87424.0  62517.6   699072.0   454233.9  160112.0 95988.5    179   10.236  43      3.088   13.324
43648.0 43648.0  0.0   15090.5 87424.0  65765.5   699072.0   454233.9  160112.0 95990.3    179   10.236  43      3.088   13.324
43648.0 43648.0  0.0   15090.5 87424.0  66844.0   699072.0   454233.9  160112.0 95990.8    179   10.236  43      3.088   13.324
43648.0 43648.0 28224.8  0.0   87424.0  40033.1   699072.0   454233.9  160112.0 95991.8    182   10.385  43      3.088   13.472
43648.0 43648.0 28224.8  0.0   87424.0  45058.9   699072.0   454233.9  160112.0 96002.2    182   10.385  43      3.088   13.472
43648.0 43648.0 28224.8  0.0   87424.0  82445.9   699072.0   454233.9  160112.0 96002.2    182   10.385  43      3.088   13.472
43648.0 43648.0  0.0   16370.6 87424.0  46668.2   699072.0   455619.1  160112.0 96008.5    185   10.536  43      3.088   13.623
43648.0 43648.0 30999.1  0.0   87424.0  17030.3   699072.0   456607.9  160112.0 96009.3    188   10.690  43      3.088   13.777
43648.0 43648.0 30999.1  0.0   87424.0  57592.3   699072.0   456607.9  160112.0 96009.5    188   10.690  43      3.088   13.777
43648.0 43648.0  0.0   20161.7 87424.0  23343.1   699072.0   460818.7  160112.0 96030.4    191   10.888  43      3.088   13.975
43648.0 43648.0 23592.9  0.0   87424.0  42352.9   699072.0   460818.7  160112.0 96031.4    192   10.948  43      3.088   14.036
43648.0 43648.0 23592.9  0.0   87424.0  45450.4   699072.0   460818.7  160112.0 96050.8    192   10.948  43      3.088   14.036
43648.0 43648.0  0.0   12611.7 87424.0  57775.0   699072.0   470186.3  160112.0 96065.3    199   11.200  44      3.314   14.514
43648.0 43648.0 24560.0  0.0   87424.0  31015.7   699072.0   470186.3  160112.0 96065.3    200   11.230  44      3.314   14.544
43648.0 43648.0 24007.1  0.0   87424.0  85910.4   699072.0   469330.2  160112.0 96067.7    202   11.337  44      3.314   14.651
43648.0 43648.0  0.0   19090.3 87424.0   4355.9   699072.0   469330.2  160112.0 96068.4    203   11.408  44      3.314   14.722
43648.0 43648.0  0.0   19090.3 87424.0   5160.1   699072.0   469330.2  160112.0 96069.4    203   11.408  44      3.314   14.722
43648.0 43648.0  0.0   19090.3 87424.0   7347.9   699072.0   469330.2  160112.0 96070.1    203   11.408  44      3.314   14.722
43648.0 43648.0 35952.9  0.0   87424.0  64458.7   699072.0   484606.7  160112.0 96073.0    208   11.609  44      3.314   14.923
43648.0 43648.0  0.0   28783.5 87424.0  82261.8   699072.0   484228.9  160112.0 96081.8    209   11.673  44      3.314   14.988
43648.0 43648.0  0.0   28783.5 87424.0  82712.5   699072.0   484228.9  160112.0 96081.8    209   11.673  44      3.314   14.988
43648.0 43648.0  0.0   28783.5 87424.0  84746.2   699072.0   484228.9  160112.0 96082.1    209   11.673  44      3.314   14.988
43648.0 43648.0 28872.4  0.0   87424.0   1461.8   699072.0   484228.9  160112.0 96082.1    210   11.743  44      3.314   15.058
43648.0 43648.0 28872.4  0.0   87424.0   2094.3   699072.0   484228.9  160112.0 96082.1    210   11.743  44      3.314   15.058
43648.0 43648.0 28872.4  0.0   87424.0  34016.4   699072.0   484228.9  160112.0 96082.5    210   11.743  44      3.314   15.058
43648.0 43648.0 28872.4  0.0   87424.0  36366.2   699072.0   484228.9  160112.0 96084.1    210   11.743  44      3.314   15.058
43648.0 43648.0  0.0   28679.5 87424.0  13128.4   699072.0   484200.8  160112.0 96084.5    211   11.811  44      3.314   15.126
43648.0 43648.0  0.0   28679.5 87424.0  85141.8   699072.0   484038.0  160112.0 96091.3    211   11.811  44      3.314   15.126
43648.0 43648.0  0.0   28679.5 87424.0  86858.6   699072.0   484038.0  160112.0 96091.9    211   11.811  44      3.314   15.126
43648.0 43648.0  0.0   30979.8 87424.0   4289.0   699072.0   493847.1  160112.0 96094.6    215   12.148  44      3.314   15.462
43648.0 43648.0  0.0   30979.8 87424.0  76437.2   699072.0   479360.5  160112.0 96103.8    215   12.148  44      3.314   15.462
43648.0 43648.0 19008.1  0.0   87424.0  23416.3   699072.0   479360.5  160112.0 96104.5    216   12.201  44      3.314   15.515
43648.0 43648.0 23617.5  0.0   87424.0  76260.2   699072.0   479360.5  160112.0 95539.5    218   12.298  44      3.314   15.612
43648.0 43648.0  0.0   31644.6 87424.0  26262.6   699072.0   479360.5  160112.0 95539.9    221   12.474  44      3.314   15.789
43648.0 43648.0  0.0   31644.6 87424.0  60182.2   699072.0   479360.5  160112.0 95542.8    221   12.474  44      3.314   15.789
43648.0 43648.0 32585.8  0.0   87424.0  16750.0   699072.0   484243.6  160112.0 95545.8    224   12.668  44      3.314   15.982
43648.0 43648.0 32585.8  0.0   87424.0  16789.4   699072.0   484243.6  160112.0 95545.8    224   12.668  44      3.314   15.982
43648.0 43648.0 23408.9  0.0   87424.0  70945.6   699072.0   489057.8  160112.0 95548.5    226   12.795  44      3.314   16.109
43648.0 43648.0  0.0   19607.5 87424.0  18952.9   699072.0   489057.8  160112.0 95548.7    227   12.861  44      3.314   16.176
43648.0 43648.0  0.0   19607.5 87424.0  21272.5   699072.0   489057.8  160112.0 95548.7    227   12.861  44      3.314   16.176
43648.0 43648.0 30723.0  0.0   87424.0  58870.6   699072.0   489057.8  160112.0 95549.4    230   13.051  44      3.314   16.366
43648.0 43648.0  0.0   25307.3 87424.0   6822.9   699072.0   494298.9  160112.0 95552.8    231   13.131  44      3.314   16.446
43648.0 43648.0  0.0   25307.3 87424.0  45110.9   699072.0   494298.9  160112.0 95554.0    231   13.131  44      3.314   16.446
43648.0 43648.0  0.0   25307.3 87424.0  45954.8   699072.0   494298.9  160112.0 95554.1    231   13.131  44      3.314   16.446
43648.0 43648.0  0.0   25307.3 87424.0  45993.4   699072.0   494298.9  160112.0 95554.1    231   13.131  44      3.314   16.446
43648.0 43648.0  0.0   25307.3 87424.0  78974.3   699072.0   494298.9  160112.0 95554.1    231   13.131  44      3.314   16.446
43648.0 43648.0  0.0   17827.7 87424.0  13107.7   699072.0   494298.9  160112.0 95555.3    233   13.244  44      3.314   16.558
43648.0 43648.0 33402.0  0.0   87424.0  33757.0   699072.0   497141.8  160112.0 95562.6    238   13.544  44      3.314   16.859
43648.0 43648.0 33402.0  0.0   87424.0  37743.3   699072.0   497141.8  160112.0 95564.5    238   13.544  44      3.314   16.859
43648.0 43648.0  0.0   30715.6 87424.0  59240.0   699072.0   507417.0  160112.0 95566.2    243   13.836  44      3.314   17.151
43648.0 43648.0 35457.3  0.0   87424.0  14102.3   699072.0   510070.3  160112.0 95566.7    246   14.028  44      3.314   17.343
43648.0 43648.0  0.0   28614.6 87424.0  34091.3   699072.0   513847.4  160112.0 95567.9    249   14.215  44      3.314   17.529
43648.0 43648.0  0.0   35589.2 87424.0  16841.2   699072.0   516850.5  160112.0 95571.9    253   14.457  44      3.314   17.771
43648.0 43648.0  0.0   35589.2 87424.0  20517.5   699072.0   516850.5  160112.0 95572.4    253   14.457  44      3.314   17.771
43648.0 43648.0  0.0   35589.2 87424.0  21857.3   699072.0   516850.5  160112.0 95572.4    253   14.457  44      3.314   17.771
43648.0 43648.0  0.0   35589.2 87424.0  23453.3   699072.0   516850.5  160112.0 95573.5    253   14.457  44      3.314   17.771
43648.0 43648.0 25022.5  0.0   87424.0   8920.3   699072.0   522789.5  160112.0 95573.5    254   14.539  44      3.314   17.853
43648.0 43648.0 25022.5  0.0   87424.0  40851.5   699072.0   522789.5  160112.0 95573.5    254   14.539  44      3.314   17.853
43648.0 43648.0  0.0   28520.9 87424.0  42412.5   699072.0   522789.5  160112.0 95574.1    257   14.656  44      3.314   17.971
43648.0 43648.0  0.0   28520.9 87424.0  77260.8   699072.0   522789.5  160112.0 95574.3    257   14.656  44      3.314   17.971
43648.0 43648.0  0.0   30079.5 87424.0  18612.0   699072.0   531509.8  160112.0 95575.7    263   15.035  44      3.314   18.349
43648.0 43648.0  0.0   30079.5 87424.0  86228.6   699072.0   531509.8  160112.0 95576.4    263   15.035  44      3.314   18.349
43648.0 43648.0 22917.8  0.0   87424.0   2140.6   699072.0   535788.4  160112.0 95577.2    264   15.103  44      3.314   18.418
43648.0 43648.0  0.0   14705.9 87424.0  77591.6   699072.0   568886.1  160112.0 95578.7    271   15.440  45      3.428   18.867
43648.0 43648.0  0.0   19377.8 87424.0  30719.0   699072.0   568886.1  160112.0 95579.7    275   15.642  45      3.428   19.070
43648.0 43648.0  0.0   27212.1 87424.0  54151.6   699072.0   478334.8  160112.0 95069.4    277   15.764  47      3.635   19.398
43648.0 43648.0 29325.4  0.0   87424.0  70739.0   699072.0   478334.8  160112.0 95071.3    278   15.842  47      3.635   19.477
43648.0 43648.0 36896.3  0.0   87424.0  15808.6   699072.0   478334.8  160112.0 95072.4    282   16.063  47      3.635   19.697
43648.0 43648.0 11853.6  0.0   87424.0  16584.0   699072.0   485665.6  160112.0 95074.4    288   16.418  48      3.686   20.105
43648.0 43648.0 20646.7  0.0   87424.0  72879.3   699072.0   485665.6  160112.0 95075.0    290   16.501  49      3.772   20.273
43648.0 43648.0  0.0   28326.6 87424.0  45354.5   699072.0   485665.6  160112.0 95084.4    293   16.685  49      3.772   20.456
43648.0 43648.0  0.0   28326.6 87424.0  85692.4   699072.0   484123.9  160112.0 95084.6    293   16.685  50      3.911   20.596
43648.0 43648.0  0.0   31763.5 87424.0  60727.7   699072.0   471998.2  160112.0 95085.4    299   17.059  51      4.038   21.098
43648.0 43648.0  0.0   32800.7 87424.0  44350.1   699072.0   477705.8  160112.0 95093.7    303   17.302  51      4.038   21.340
43648.0 43648.0 21598.8  0.0   87424.0  29007.1   699072.0   479700.1  160112.0 95099.6    306   17.509  52      4.195   21.704
43648.0 43648.0 30941.1  0.0   87424.0  32684.8   699072.0   450459.2  160112.0 94915.3    312   17.881  53      4.339   22.219
43648.0 43648.0  0.0   33191.7 87424.0  21330.7   699072.0   456909.7  160112.0 94917.9    315   18.072  53      4.339   22.411
43648.0 43648.0 26758.3  0.0   87424.0  56955.3   699072.0   463167.7  160112.0 94918.8    318   18.259  53      4.339   22.598
43648.0 43648.0 32966.1  0.0   87424.0   6958.9   699072.0   465472.3  160112.0 94920.9    322   18.493  54      4.437   22.930
43648.0 43648.0 32966.1  0.0   87424.0  12062.6   699072.0   465472.3  160112.0 94922.1    322   18.493  54      4.437   22.930
43648.0 43648.0  0.0   29134.4 87424.0  12907.3   699072.0   450162.9  160112.0 94925.8    325   18.684  55      4.578   23.262
43648.0 43648.0  0.0   29134.4 87424.0  52809.7   699072.0   450162.9  160112.0 94926.4    325   18.684  55      4.578   23.262
43648.0 43648.0 23185.5  0.0   87424.0  73793.0   699072.0   454360.7  160112.0 94931.7    326   18.758  55      4.578   23.336
43648.0 43648.0  0.0   31095.3 87424.0  40164.7   699072.0   454360.7  160112.0 94938.2    329   18.869  55      4.578   23.447
43648.0 43648.0  0.0   18741.4 87424.0   6928.6   699072.0   440495.5  160112.0 94938.3    331   18.989  57      4.833   23.822
43648.0 43648.0 12750.0  0.0   87424.0  37928.8   699072.0   444656.7  160112.0 94946.5    336   19.192  57      4.833   24.025
43648.0 43648.0  0.0   22722.7 87424.0  30225.9   699072.0   447098.8  160112.0 94947.2    341   19.409  58      4.967   24.376
43648.0 43648.0  0.0   31969.4 87424.0  46933.1   699072.0   434722.2  160112.0 94947.6    345   19.631  58      4.967   24.598
43648.0 43648.0 28974.5  0.0   87424.0  16080.9   699072.0   436695.4  160112.0 94953.2    348   19.808  59      5.119   24.927
43648.0 43648.0  0.0   25990.2 87424.0  39648.7   699072.0   445069.8  160112.0 94961.4    353   20.173  59      5.119   25.293
43648.0 43648.0 27382.5  0.0   87424.0  37186.6   699072.0   449352.7  160112.0 94961.4    356   20.417  59      5.119   25.536
43648.0 43648.0 18817.3  0.0   87424.0  43886.8   699072.0   452251.4  160112.0 94971.2    358   20.572  59      5.119   25.692
43648.0 43648.0 18817.3  0.0   87424.0  81636.5   699072.0   452251.4  160112.0 94974.4    358   20.572  59      5.119   25.692
43648.0 43648.0  0.0   27095.3 87424.0  48683.6   699072.0   450504.6  160112.0 94975.8    361   20.731  60      5.299   26.031
43648.0 43648.0  0.0   22076.4 87424.0  18848.8   699072.0   456596.5  160112.0 94991.2    367   21.090  60      5.299   26.389
43648.0 43648.0 34726.6  0.0   87424.0  22590.0   699072.0   457831.5  160112.0 94992.8    372   21.322  60      5.299   26.621
43648.0 43648.0  0.0   26102.7 87424.0  66836.0   699072.0   463018.7  160112.0 94994.5    373   21.414  60      5.299   26.714
43648.0 43648.0  0.0   17982.1 87424.0  80878.5   699072.0   458776.1  160112.0 95000.4    377   21.655  60      5.299   26.955
43648.0 43648.0 32958.3  0.0   87424.0  87019.5   699072.0   458776.1  160112.0 95001.4    381   21.855  61      5.485   27.340
43648.0 43648.0  0.0   31498.8 87424.0  43336.4   699072.0   466290.4  160112.0 95002.3    387   22.292  61      5.485   27.777
43648.0 43648.0  0.0   28769.5 87424.0  44853.7   699072.0   471347.9  160112.0 95007.3    391   22.607  62      5.485   28.092
43648.0 43648.0  0.0   26183.3 87424.0  84066.2   699072.0   480881.0  160112.0 95009.1    395   22.915  62      5.791   28.706
43648.0 43648.0 13940.0  0.0   87424.0  85989.5   699072.0   477826.5  160112.0 95012.4    398   23.043  62      5.791   28.834
43648.0 43648.0 19808.7  0.0   87424.0  76107.6   699072.0   477217.1  160112.0 95017.7    400   23.149  62      5.791   28.941
43648.0 43648.0  0.0   32860.7 87424.0  31163.9   699072.0   458197.3  160112.0 95021.5    407   23.577  62      5.791   29.368
43648.0 43648.0 25921.8  0.0   87424.0  57795.2   699072.0   461470.5  160112.0 95026.7    412   23.944  63      5.974   29.918
43648.0 43648.0 13168.7  0.0   87424.0  45058.0   699072.0   470892.1  160112.0 95030.3    418   24.350  63      5.974   30.324
43648.0 43648.0 30519.8  0.0   87424.0  61900.5   699072.0   470892.1  160112.0 95031.3    420   24.470  63      5.974   30.444
43648.0 43648.0  0.0   28669.0 87424.0  62104.4   699072.0   476223.8  160112.0 95035.1    423   24.652  63      5.974   30.626
43648.0 43648.0  0.0   28669.0 87424.0  62996.0   699072.0   476223.8  160112.0 95035.1    423   24.652  63      5.974   30.626
43648.0 43648.0  0.0   19206.4 87424.0  62415.4   699072.0   480303.5  160112.0 95037.0    425   24.768  63      5.974   30.742
43648.0 43648.0  0.0   15484.5 87424.0  76551.8   699072.0   480303.5  160112.0 95037.6    427   24.863  63      5.974   30.837
43648.0 43648.0 23573.9  0.0   87424.0  27536.8   699072.0   482142.9  160112.0 95037.6    430   25.043  64      6.165   31.208
43648.0 43648.0  0.0   14395.4 87424.0  12050.7   699072.0   481467.0  160112.0 95038.1    431   25.082  64      6.165   31.247
43648.0 43648.0 10968.7  0.0   87424.0  59333.5   699072.0   472030.1  160112.0 95041.5    432   25.121  64      6.165   31.286
43648.0 43648.0  0.0   26030.9 87424.0  60857.1   699072.0   455905.8  160112.0 95041.5    435   25.253  64      6.165   31.418
43648.0 43648.0 18877.3  0.0   87424.0  15393.5   699072.0   457052.4  160112.0 95047.6    436   25.317  64      6.165   31.481
43648.0 43648.0  0.0   18687.8 87424.0  83190.2   699072.0   453916.8  160112.0 94913.4    441   25.577  65      6.329   31.906
43648.0 43648.0 27886.8  0.0   87424.0  67965.0   699072.0   463859.9  160112.0 94928.2    448   26.035  65      6.329   32.363
43648.0 43648.0  0.0   28672.7 87424.0   9236.6   699072.0   471707.3  160112.0 94930.1    457   26.586  65      6.329   32.915
43648.0 43648.0 33563.5  0.0   87424.0  43896.0   699072.0   495627.0  160112.0 94934.0    468   27.273  65      6.329   33.601
43648.0 43648.0 22926.0  0.0   87424.0  57648.9   699072.0   499928.3  160112.0 94934.5    472   27.533  65      6.329   33.861
43648.0 43648.0 33717.7  0.0   87424.0  39983.9   699072.0   499928.3  160112.0 94934.8    474   27.676  65      6.329   34.005
43648.0 43648.0 24594.4  0.0   87424.0  79694.6   699072.0   483586.4  160112.0 94944.3    481   28.041  66      6.450   34.491
43648.0 43648.0  0.0   21035.0 87424.0  18993.1   699072.0   486181.6  160112.0 94944.9    483   28.214  67      6.576   34.790
43648.0 43648.0 30925.1  0.0   87424.0  60523.8   699072.0   486181.6  160112.0 94945.1    486   28.409  67      6.576   34.985
43648.0 43648.0  0.0   26316.0 87424.0  10843.6   699072.0   486181.6  160112.0 94945.1    487   28.473  67      6.576   35.050
43648.0 43648.0 37072.1  0.0   87424.0  48435.4   699072.0   486181.6  160112.0 94945.7    490   28.695  67      6.576   35.271
43648.0 43648.0 22079.1  0.0   87424.0  35918.8   699072.0   495230.4  160112.0 94954.8    494   28.976  68      6.751   35.727
43648.0 43648.0  0.0   29323.2 87424.0  69300.8   699072.0   481105.5  160112.0 94955.7    497   29.096  68      6.751   35.848
43648.0 43648.0  0.0   36117.3 87424.0  51860.3   699072.0   461497.3  160112.0 94890.7    501   29.298  69      6.808   36.106
43648.0 43648.0 31695.4  0.0   87424.0  59573.7   699072.0   467690.4  160112.0 94895.6    504   29.522  69      6.808   36.330
43648.0 43648.0 23774.8  0.0   87424.0  31412.8   699072.0   473706.3  160112.0 94899.2    510   29.798  70      6.861   36.659
43648.0 43648.0 25188.3  0.0   87424.0  76480.9   699072.0   462397.7  160112.0 94901.0    514   30.080  70      6.861   36.941
43648.0 43648.0 31287.8  0.0   87424.0   7893.6   699072.0   461821.0  160112.0 94901.4    522   30.600  71      7.033   37.633
43648.0 43648.0  0.0   23859.3 87424.0  28332.7   699072.0   466460.6  160112.0 94901.4    523   30.676  71      7.033   37.709
43648.0 43648.0  0.0   22178.9 87424.0  10854.1   699072.0   469979.7  160112.0 94901.8    527   30.907  72      7.181   38.088
43648.0 43648.0 15003.9  0.0   87424.0  26538.7   699072.0   450399.1  160112.0 94903.3    528   30.953  72      7.181   38.134
43648.0 43648.0 17230.4  0.0   87424.0  27480.1   699072.0   450399.1  160112.0 94906.1    530   31.042  72      7.181   38.223
43648.0 43648.0 36004.4  0.0   87424.0   7247.6   699072.0   450399.1  160112.0 94908.0    534   31.269  72      7.181   38.451
43648.0 43648.0 36004.4  0.0   87424.0  61158.4   699072.0   450399.1  160112.0 94908.0    534   31.269  72      7.181   38.451
43648.0 43648.0 42619.5  0.0   87424.0  22104.0   699072.0   458658.9  160112.0 94909.9    542   31.744  72      7.181   38.925
43648.0 43648.0  0.0   6663.9 87424.0  26611.4   699072.0   491762.0  160112.0 94910.8    545   31.930  73      7.271   39.201
43648.0 43648.0  0.0   19587.0 87424.0  31675.6   699072.0   491762.0  160112.0 94914.3    549   32.112  73      7.271   39.383
43648.0 43648.0 23492.7  0.0   87424.0  38875.6   699072.0   491762.0  160112.0 94914.5    552   32.275  73      7.271   39.546
43648.0 43648.0  0.0   30262.6 87424.0  40625.2   699072.0   452058.3  160112.0 94916.1    555   32.469  74      7.437   39.906
43648.0 43648.0  0.0   15643.4 87424.0  45575.2   699072.0   459718.2  160112.0 94916.1    557   32.611  75      7.574   40.185
43648.0 43648.0  0.0   22271.0 87424.0  22657.4   699072.0   459718.2  160112.0 94916.1    563   32.925  75      7.574   40.498
43648.0 43648.0 28497.4  0.0   87424.0  80449.0   699072.0   461985.1  160112.0 94922.1    566   33.109  75      7.574   40.683
43648.0 43648.0  0.0   31558.1 87424.0  50696.2   699072.0   464099.2  160112.0 94922.1    569   33.322  75      7.574   40.896
43648.0 43648.0  0.0   31558.1 87424.0  85101.6   699072.0   464099.2  160112.0 94922.1    569   33.322  75      7.574   40.896
43648.0 43648.0  0.0   17369.8 87424.0  17155.1   699072.0   469050.1  160112.0 94922.1    571   33.442  75      7.574   41.015
43648.0 43648.0 27118.5  0.0   87424.0  36939.5   699072.0   473310.9  160112.0 94922.8    576   33.736  75      7.574   41.310
43648.0 43648.0  0.0   29534.0 87424.0  79625.9   699072.0   476807.6  160112.0 94924.0    579   33.930  76      7.713   41.642
43648.0 43648.0  0.0   17926.4 87424.0  68231.1   699072.0   445329.8  160112.0 94925.3    581   34.043  76      7.713   41.755
43648.0 43648.0  0.0   29232.2 87424.0  13545.2   699072.0   450820.9  160112.0 94925.3    587   34.405  77      7.869   42.273
43648.0 43648.0 29026.0  0.0   87424.0  20322.3   699072.0   454956.4  160112.0 94927.1    590   34.597  77      7.869   42.466
43648.0 43648.0  0.0   32966.1 87424.0  38992.6   699072.0   459205.9  160112.0 94927.1    593   34.809  77      7.869   42.677
43648.0 43648.0  0.0   34157.0 87424.0  21980.6   699072.0   463304.8  160112.0 94927.1    597   35.127  77      7.869   42.996
43648.0 43648.0 30838.5  0.0   87424.0  44212.4   699072.0   464539.1  160112.0 94927.9    602   35.433  77      7.869   43.301
43648.0 43648.0 26976.1  0.0   87424.0  24472.2   699072.0   468177.3  160112.0 94928.1    606   35.678  78      8.006   43.684
43648.0 43648.0  0.0   24370.3 87424.0   3296.1   699072.0   468082.6  160112.0 94928.1    607   35.734  78      8.006   43.741
43648.0 43648.0  0.0   33478.2 87424.0  83943.5   699072.0   466382.1  160112.0 94929.6    610   35.882  78      8.006   43.888
43648.0 43648.0 26820.2  0.0   87424.0  12021.8   699072.0   474917.1  160112.0 94929.6    610   35.980  78      8.006   43.987
43648.0 43648.0 26820.2  0.0   87424.0  46345.6   699072.0   474759.3  160112.0 94929.6    610   35.980  78      8.006   43.987
43648.0 43648.0  0.0   20759.3 87424.0  82384.5   699072.0   473690.3  160112.0 94929.6    613   36.127  78      8.006   44.134
43648.0 43648.0 20140.0  0.0   87424.0  30071.1   699072.0   473690.3  160112.0 94929.6    614   36.192  78      8.006   44.198
43648.0 43648.0  0.0   19029.0 87424.0  17893.4   699072.0   473558.4  160112.0 94930.5    615   36.249  78      8.006   44.255
43648.0 43648.0  0.0   19029.0 87424.0  83957.0   699072.0   473375.1  160112.0 94930.5    615   36.249  78      8.006   44.255
43648.0 43648.0 13484.1  0.0   87424.0  66711.2   699072.0   473374.6  160112.0 94930.5    616   36.297  78      8.006   44.304
43648.0 43648.0  0.0   17856.7 87424.0  13560.1   699072.0   473374.6  160112.0 94930.5    617   36.353  78      8.006   44.359
43648.0 43648.0  0.0   17856.7 87424.0  52655.4   699072.0   473372.5  160112.0 94930.5    617   36.353  78      8.006   44.359
43648.0 43648.0 25818.6  0.0   87424.0  51386.7   699072.0   476342.2  160112.0 94930.5    620   36.524  78      8.006   44.530
43648.0 43648.0 16951.7  0.0   87424.0  18566.5   699072.0   477811.2  160112.0 94930.5    622   36.639  78      8.006   44.645
43648.0 43648.0 18937.9  0.0   87424.0   219.2    699072.0   477365.0  160112.0 94930.5    626   36.829  78      8.006   44.835
43648.0 43648.0 27361.8  0.0   87424.0  18721.1   699072.0   470576.9  160112.0 94930.5    634   37.314  78      8.006   45.321
43648.0 43648.0  0.0   13908.1 87424.0  82986.0   699072.0   476500.5  160112.0 94930.5    639   37.651  78      8.006   45.657
43648.0 43648.0  0.0   33536.3 87424.0  73708.5   699072.0   480596.8  160112.0 94930.8    643   37.848  78      8.006   45.854
43648.0 43648.0 25420.9  0.0   87424.0  23749.4   699072.0   485396.3  160112.0 94930.9    644   37.932  78      8.006   45.938
43648.0 43648.0  0.0   29880.4 87424.0  29328.4   699072.0   485396.3  160112.0 94931.0    649   38.227  78      8.006   46.234
43648.0 43648.0  0.0   26787.0 87424.0  40931.5   699072.0   507156.4  160112.0 94933.3    657   38.703  78      8.006   46.709
43648.0 43648.0  0.0   15992.4 87424.0  57744.8   699072.0   508051.3  160112.0 94933.3    659   38.794  79      8.128   46.921
43648.0 43648.0  0.0   31295.3 87424.0  43695.4   699072.0   511159.7  160112.0 94934.1    663   39.016  80      8.128   47.144
43648.0 43648.0 20413.7  0.0   87424.0  26469.3   699072.0   514702.4  160112.0 94934.1    666   39.228  80      8.287   47.515
43648.0 43648.0 27937.1  0.0   87424.0  37468.1   699072.0   521816.7  160112.0 94935.4    670   39.527  80      8.287   47.815
43648.0 43648.0  0.0   32870.9 87424.0   6745.7   699072.0   521204.6  160112.0 94936.3    673   39.759  80      8.287   48.046
43648.0 43648.0  0.0   32870.9 87424.0   9404.3   699072.0   521204.6  160112.0 94936.9    673   39.759  80      8.287   48.046
43648.0 43648.0  0.0   32870.9 87424.0  47513.8   699072.0   521204.3  160112.0 94937.2    673   39.759  80      8.287   48.046
43648.0 43648.0  0.0   32870.9 87424.0  82059.8   699072.0   521204.3  160112.0 94938.0    673   39.759  80      8.287   48.046
43648.0 43648.0 19908.9  0.0   87424.0   8704.9   699072.0   524355.6  160112.0 94938.0    678   40.050  80      8.287   48.337
43648.0 43648.0  0.0   33229.4 87424.0  19171.4   699072.0   518778.4  160112.0 94938.8    683   40.500  80      8.287   48.787
43648.0 43648.0 25272.9  0.0   87424.0  24235.0   699072.0   524659.0  160112.0 94938.8    684   40.585  80      8.287   48.872
43648.0 43648.0 13990.1  0.0   87424.0  51712.9   699072.0   520405.5  160112.0 94938.8    686   40.663  80      8.287   48.950
43648.0 43648.0 33990.2  0.0   87424.0  25301.0   699072.0   515050.2  160112.0 94938.8    690   40.912  80      8.287   49.199
43648.0 43648.0 26538.2  0.0   87424.0  67743.6   699072.0   502321.3  160112.0 94939.6    694   41.144  80      8.287   49.431
43648.0 43648.0 33131.1  0.0   87424.0  25856.5   699072.0   508551.3  160112.0 94940.5    698   41.435  81      8.421   49.856
43648.0 43648.0 19378.8  0.0   87424.0  68295.3   699072.0   515251.1  160112.0 94940.5    700   41.567  81      8.421   49.988
43648.0 43648.0  0.0   26749.3 87424.0  42053.9   699072.0   557129.3  160112.0 94941.0    711   42.253  81      8.421   50.674
43648.0 43648.0  0.0   25757.7 87424.0   9350.2   699072.0   496925.8  160112.0 94941.0    717   42.551  83      8.671   51.222
43648.0 43648.0  0.0   25757.7 87424.0  81867.3   699072.0   496925.8  160112.0 94941.0    717   42.551  83      8.671   51.222
43648.0 43648.0  0.0   25757.7 87424.0  86682.8   699072.0   496925.8  160112.0 94941.3    717   42.551  83      8.671   51.222
43648.0 43648.0  0.0   19045.2 87424.0  21251.2   699072.0   498042.4  160112.0 94945.8    725   42.962  84      8.775   51.736
43648.0 43648.0  0.0   23004.6 87424.0  27173.6   699072.0   479554.6  160112.0 94945.8    727   43.200  84      8.775   51.975
43648.0 43648.0  0.0   34534.2 87424.0  73770.1   699072.0   497329.2  160112.0 94948.1    735   43.698  85      8.932   52.630
43648.0 43648.0  0.0   33487.5 87424.0  13387.2   699072.0   469120.6  160112.0 94951.1    741   44.028  87      9.177   53.204
43648.0 43648.0 20238.4  0.0   87424.0  38672.0   699072.0   490882.3  160112.0 94955.3    750   44.639  87      9.177   53.815
43648.0 43648.0  0.0   21338.1 87424.0    0.0     699072.0   505186.5  160112.0 94961.9    757   45.052  87      9.177   54.228
43648.0 43648.0 40105.8  0.0   87424.0  42775.1   699072.0   483223.1  160112.0 94971.0    760   45.257  88      9.314   54.571
43648.0 43648.0 43648.0  0.0   87424.0  36060.8   699072.0   497300.7  160112.0 94974.6    768   45.731  89      9.448   55.178
43648.0 43648.0  0.0   21603.9 87424.0   9176.9   699072.0   518468.0  160112.0 94980.3    775   46.254  89      9.448   55.702
43648.0 43648.0 29442.3  0.0   87424.0  75836.6   699072.0   522929.2  160112.0 94988.4    780   46.586  89      9.448   56.033
43648.0 43648.0  0.0   26999.1 87424.0  45861.0   699072.0   493406.3  160112.0 94990.2    783   46.774  90      9.619   56.394
43648.0 43648.0 21318.3  0.0   87424.0   9163.3   699072.0   496750.7  160112.0 94994.9    786   46.930  91      9.749   56.680
43648.0 43648.0 20864.0  0.0   87424.0  11740.3   699072.0   498864.6  160112.0 94999.0    788   47.075  91      9.749   56.825
43648.0 43648.0 20864.0  0.0   87424.0  15552.7   699072.0   498864.6  160112.0 94999.5    788   47.075  91      9.749   56.825
43648.0 43648.0  0.0   23564.7 87424.0  18678.0   699072.0   500889.1  160112.0 95002.4    791   47.236  91      9.749   56.986
43648.0 43648.0 22695.6 32358.6 87424.0  87424.0   699072.0   504780.3  160112.0 95006.6    794   47.353  91      9.749   57.102
43648.0 43648.0 25026.9  0.0   87424.0  54032.0   699072.0   504780.3  160112.0 95007.1    794   47.450  91      9.749   57.199
43648.0 43648.0 30400.5  0.0   87424.0  59222.1   699072.0   504780.3  160112.0 95007.5    796   47.601  91      9.749   57.351
43648.0 43648.0 26837.0  0.0   87424.0  59992.4   699072.0   512956.9  160112.0 95012.7    800   47.939  91      9.749   57.689
43648.0 43648.0  0.0   28529.6 87424.0  63533.4   699072.0   515187.9  160112.0 95013.4    803   48.108  91      9.749   57.858
43648.0 43648.0 22373.1  0.0   87424.0   1667.1   699072.0   519496.9  160112.0 95013.4    804   48.183  91      9.749   57.932
43648.0 43648.0  0.0   35116.9 87424.0  17066.7   699072.0   519496.9  160112.0 95013.4    807   48.356  91      9.749   58.105
43648.0 43648.0  0.0   28405.5 87424.0  30590.1   699072.0   527539.2  160112.0 95013.4    811   48.518  91      9.749   58.267
43648.0 43648.0 26808.8  0.0   87424.0  45226.1   699072.0   527539.2  160112.0 95013.4    814   48.698  92      9.749   58.447
43648.0 43648.0  0.0   32644.9 87424.0  21842.0   699072.0   531878.1  160112.0 95013.4    815   48.777  92      9.892   58.669
43648.0 43648.0  0.0   23095.9 87424.0  67279.8   699072.0   531358.4  160112.0 95013.6    819   48.985  92      9.892   58.877
43648.0 43648.0  0.0   32806.9 87424.0   4723.1   699072.0   518661.4  160112.0 95015.6    825   49.318  92      9.892   59.210
43648.0 43648.0  0.0   30147.3 87424.0  39902.1   699072.0   484767.4  160112.0 95016.6    831   49.636  93     10.043   59.678
43648.0 43648.0  0.0   30147.3 87424.0  43730.9   699072.0   484767.4  160112.0 95016.6    831   49.636  93     10.043   59.678
43648.0 43648.0  0.0   21757.7 87424.0  60501.4   699072.0   495382.3  160112.0 95016.6    835   49.915  94     10.182   60.097
43648.0 43648.0  0.0   19538.5 87424.0  56604.0   699072.0   495181.7  160112.0 95017.1    837   50.039  94     10.182   60.221
43648.0 43648.0  0.0   18154.7 87424.0  21833.6   699072.0   495177.0  160112.0 95017.5    839   50.143  94     10.182   60.326
43648.0 43648.0 27572.3  0.0   87424.0  80046.2   699072.0   502560.1  160112.0 95017.6    842   50.345  94     10.182   60.527
43648.0 43648.0  0.0   23403.4 87424.0  30276.9   699072.0   503461.6  160112.0 95020.4    843   50.415  94     10.182   60.597
43648.0 43648.0 30666.3  0.0   87424.0  31401.7   699072.0   483918.7  160112.0 95020.4    846   50.520  94     10.182   60.702
43648.0 43648.0 30666.3  0.0   87424.0  35223.5   699072.0   483918.7  160112.0 95020.4    846   50.520  94     10.182   60.702
43648.0 43648.0 30666.3  0.0   87424.0  69288.3   699072.0   478835.0  160112.0 95020.4    846   50.520  94     10.182   60.702
43648.0 43648.0 33166.8  0.0   87424.0  41930.4   699072.0   491066.6  160112.0 95026.0    852   50.851  95     10.244   61.095
43648.0 43648.0  0.0   35537.7 87424.0  74026.7   699072.0   486406.4  160112.0 95027.7    855   51.047  96     10.360   61.407
43648.0 43648.0 28257.0  0.0   87424.0  29546.2   699072.0   497223.1  160112.0 95030.3    856   51.154  96     10.360   61.514
43648.0 43648.0 35814.7  0.0   87424.0  54665.0   699072.0   493859.6  160112.0 95031.8    866   51.670  97     10.409   62.078
43648.0 43648.0 29405.4  0.0   87424.0  30714.1   699072.0   505503.0  160112.0 95033.2    870   51.875  98     10.465   62.340
43648.0 43648.0 32092.2  0.0   87424.0  72377.4   699072.0   483197.3  160112.0 95038.3    876   52.247  99     10.571   62.818
43648.0 43648.0  0.0   23644.6 87424.0  71131.5   699072.0   485379.1  160112.0 95038.9    879   52.445  100    10.696   63.141
43648.0 43648.0  0.0   28168.8 87424.0  54500.0   699072.0   477128.0  160112.0 95042.7    885   52.880  101    10.820   63.700
43648.0 43648.0  0.0   23521.1 87424.0   8372.0   699072.0   477233.9  160112.0 95042.7    889   53.053  102    10.967   64.020
43648.0 43648.0 30970.4  0.0   87424.0    0.0     699072.0   467142.6  160112.0 95042.7    898   53.569  103    11.099   64.668
43648.0 43648.0  0.0   38427.7 87424.0  59899.9   699072.0   510493.1  160112.0 95046.6    911   54.298  105    11.264   65.562
43648.0 43648.0  0.0   37923.5 87424.0  70653.1   699072.0   520705.9  160112.0 95046.8    917   54.654  106    11.398   66.052
43648.0 43648.0  0.0   37226.3 87424.0  47133.9   699072.0   504635.6  160112.0 95048.3    923   55.072  107    11.507   66.579
43648.0 43648.0 30812.7  0.0   87424.0  15613.2   699072.0   495076.8  160112.0 95049.9    934   55.778  109    11.755   67.533
43648.0 43648.0  0.0   20374.4 87424.0  79587.4   699072.0   500979.3  160112.0 95060.5    941   56.216  110    11.876   68.092
43648.0 43648.0  0.0   33524.1 87424.0  22336.0   699072.0   506520.9  160112.0 95063.5    947   56.618  111    12.011   68.629
43648.0 43648.0 35029.0  0.0   87424.0  18187.9   699072.0   516254.6  160112.0 95065.0    952   57.022  111    12.011   69.033
43648.0 43648.0  0.0   25956.3 87424.0  17090.7   699072.0   518796.5  160112.0 95067.0    955   57.108  112    12.062   69.170
43648.0 43648.0  0.0   22342.9 87424.0  72951.8   699072.0   503828.2  160112.0 95067.9    957   57.279  112    12.062   69.342
43648.0 43648.0  0.0   20563.8 87424.0  84945.1   699072.0   502490.4  160112.0 95068.0    960   57.394  113    12.199   69.593
43648.0 43648.0  0.0   25874.6 87424.0  35381.4   699072.0   508628.3  160112.0 95068.0    961   57.580  113    12.199   69.779
43648.0 43648.0 21947.3  0.0   87424.0  19120.6   699072.0   469268.0  160112.0 95068.0    962   57.636  114    12.261   69.897
43648.0 43648.0 21308.0  0.0   87424.0  41063.8   699072.0   471622.1  160112.0 95069.4    966   57.898  115    12.393   70.291
43648.0 43648.0  0.0   28328.5 87424.0   8269.0   699072.0   478219.5  160112.0 95069.7    969   58.109  115    12.393   70.502
43648.0 43648.0  0.0   28328.5 87424.0  41155.9   699072.0   478219.5  160112.0 95069.7    969   58.109  115    12.393   70.502
43648.0 43648.0  0.0   27419.9 87424.0  48969.4   699072.0   460824.5  160112.0 95069.6    975   58.434  117    12.626   71.060
43648.0 43648.0 22108.2  0.0   87424.0  86600.2   699072.0   464672.8  160112.0 95069.6    978   58.650  117    12.626   71.276
43648.0 43648.0  0.0   34271.7 87424.0  58516.6   699072.0   464672.8  160112.0 95072.8    981   58.847  117    12.626   71.473
43648.0 43648.0  0.0   27561.1 87424.0  15581.6   699072.0   520227.4  160112.0 95072.9    995   59.569  118    12.659   72.228
43648.0 43648.0  0.0   27561.1 87424.0  49477.4   699072.0   520227.4  160112.0 95072.9    995   59.569  118    12.659   72.228
43648.0 43648.0 31746.7  0.0   87424.0   2498.9   699072.0   520227.4  160112.0 95073.9    996   59.641  118    12.659   72.299
43648.0 43648.0  0.0   33132.0 87424.0  82595.9   699072.0   485755.1  160112.0 95073.9   1000   59.869  120    12.826   72.695
43648.0 43648.0 29863.8  0.0   87424.0  68206.8   699072.0   495818.6  160112.0 95075.0   1010   60.514  123    13.056   73.571
43648.0 43648.0  0.0   25756.8 87424.0  40489.7   699072.0   501677.8  160112.0 95075.4   1011   60.608  124    13.188   73.796
43648.0 43648.0 31632.7  0.0   87424.0  21418.7   699072.0   508063.3  160112.0 95075.4   1014   60.889  124    13.188   74.077
43648.0 43648.0  0.0   25360.8 87424.0  60440.4   699072.0   486833.1  160112.0 95075.4   1017   61.049  125    13.299   74.348
43648.0 43648.0 18367.8 27073.2 87424.0  87424.0   699072.0   492983.7  160112.0 95075.4   1022   61.311  125    13.299   74.610
43648.0 43648.0 24127.9  0.0   87424.0  21787.4   699072.0   486592.3  160112.0 95075.4   1026   61.620  126    13.437   75.057
43648.0 43648.0 21606.2  0.0   87424.0  11742.0   699072.0   485620.6  160112.0 95075.4   1030   61.850  127    13.556   75.406
43648.0 43648.0 23482.0  0.0   87424.0  81202.2   699072.0   489788.7  160112.0 95075.6   1034   62.144  127    13.556   75.700
43648.0 43648.0 30253.4  0.0   87424.0  31082.1   699072.0   489788.7  160112.0 95075.6   1038   62.405  127    13.556   75.961
43648.0 43648.0  0.0   28348.4 87424.0   3521.6   699072.0   478006.7  160112.0 95075.6   1041   62.652  128    13.616   76.268
43648.0 43648.0  0.0   23188.8 87424.0  56261.8   699072.0   488697.7  160112.0 95075.7   1049   63.153  129    13.755   76.908
43648.0 43648.0 33620.1  0.0   87424.0  19615.1   699072.0   492799.8  160112.0 95075.7   1054   63.355  130    13.814   77.169
43648.0 43648.0 33620.1  0.0   87424.0  59859.2   699072.0   492185.3  160112.0 95075.7   1054   63.355  130    13.814   77.169
43648.0 43648.0 33620.1  0.0   87424.0  64341.3   699072.0   492185.3  160112.0 95086.7   1054   63.355  130    13.814   77.169
43648.0 43648.0  0.0   31788.9 87424.0  43431.9   699072.0   478230.4  160112.0 95146.7   1057   63.540  130    13.814   77.354
43648.0 43648.0 29587.0  0.0   87424.0  15586.9   699072.0   486410.9  160112.0 95242.6   1060   63.625  131    13.867   77.492
43648.0 43648.0 29587.0  0.0   87424.0  55194.9   699072.0   486410.9  160112.0 95242.6   1060   63.625  131    13.867   77.492
43648.0 43648.0 29587.0  0.0   87424.0  55863.9   699072.0   486410.9  160112.0 95242.6   1060   63.625  131    13.867   77.492
43648.0 43648.0 29587.0  0.0   87424.0  57576.6   699072.0   486410.9  160112.0 95242.6   1060   63.625  131    13.867   77.492
43648.0 43648.0  0.0   22985.7 87424.0  36213.5   699072.0   489781.5  160112.0 95242.6   1061   63.654  131    13.867   77.521
43648.0 43648.0  0.0   22985.7 87424.0  81057.8   699072.0   489781.5  160112.0 95244.8   1061   63.654  131    13.867   77.521
43648.0 43648.0  0.0   25093.4 87424.0    0.0     699072.0   488595.7  160112.0 95244.8   1065   63.871  132    14.013   77.884
43648.0 43648.0 32645.8  0.0   87424.0  64479.6   699072.0   556680.4  160112.0 95246.0   1080   64.552  133    14.066   78.618
43648.0 43648.0 37058.6 12594.7 87424.0  87424.0   699072.0   529468.0  160112.0 95246.0   1083   64.693  135    14.237   78.930
43648.0 43648.0 32799.3  0.0   87424.0  10893.2   699072.0   524954.2  160112.0 95250.1   1094   65.434  137    14.397   79.831
43648.0 43648.0 27107.9  0.0   87424.0  61239.0   699072.0   540545.4  160112.0 95250.1   1100   65.795  137    14.397   80.191
43648.0 43648.0  0.0   19193.0 87424.0   9238.2   699072.0   520389.6  160112.0 95254.3   1107   66.209  139    14.613   80.821
43648.0 43648.0  0.0   9705.9 87424.0  60067.2   699072.0   589751.1  160112.0 95257.9   1123   67.066  141    14.745   81.811
43648.0 43648.0 18998.6 18576.0 87424.0  87424.0   699072.0   587804.4  160112.0 95258.5   1132   67.391  143    14.865   82.256
43648.0 43648.0 25555.9  0.0   87424.0  49745.9   699072.0   595537.1  160112.0 95261.4   1140   67.902  144    14.865   82.767
43648.0 43648.0 32508.4  0.0   87424.0  49305.2   699072.0   592284.7  160112.0 95271.4   1150   68.396  145    15.108   83.504
43648.0 43648.0 18772.7  0.0   87424.0  78703.6   699072.0   572053.2  160112.0 95277.7   1158   68.829  147    15.240   84.069
43648.0 43648.0  0.0   27292.3 87424.0  25788.0   699072.0   553343.8  160112.0 95281.0   1165   69.251  149    15.356   84.607
43648.0 43648.0  0.0   32194.1 87424.0  82506.9   699072.0   575355.3  160112.0 95286.4   1175   69.967  149    15.471   85.438
43648.0 43648.0  0.0   36147.4 87424.0  44727.9   699072.0   566984.1  160112.0 95301.3   1189   70.702  151    15.625   86.327
43648.0 43648.0  0.0   21874.4 87424.0  81262.3   699072.0   551504.9  160112.0 95301.6   1193   70.856  153    15.808   86.664
43648.0 43648.0 31045.5 18938.5 87424.0  87424.0   699072.0   591106.5  160112.0 95307.7   1207   71.624  153    15.808   87.432
43648.0 43648.0 12831.1  0.0   87424.0  43624.9   699072.0   599635.6  160112.0 95316.5   1216   71.977  155    15.877   87.854
43648.0 43648.0 33682.1  0.0   87424.0  58346.4   699072.0   581513.3  160112.0 95319.3   1226   72.328  157    15.969   88.297
43648.0 43648.0  0.0   20808.8 87424.0  24548.4   699072.0   570559.6  160112.0 95332.5   1229   72.473  159    16.024   88.497
43648.0 43648.0 13477.1  0.0   87424.0  78024.1   699072.0   612008.4  160112.0 95346.2   1242   73.084  161    16.209   89.294
43648.0 43648.0  0.0   23129.9 87424.0  20785.2   699072.0   587448.7  160112.0 95360.0   1249   73.437  163    16.485   89.922
43648.0 43648.0  0.0   29234.1 87424.0   8254.2   699072.0   584734.2  160112.0 95388.9   1261   73.878  166    16.658   90.536
43648.0 43648.0  0.0   38313.1 87424.0  30049.7   699072.0   565842.4  160112.0 95401.7   1277   74.596  169    16.853   91.449
43648.0 43648.0  0.0   28891.7 87424.0   4643.9   699072.0   583408.5  160112.0 95432.9   1287   75.045  171    17.007   92.052
43648.0 43648.0  0.0   31151.2 87424.0  72744.4   699072.0   583408.5  160112.0 95444.2   1293   75.351  171    17.007   92.358
43648.0 43648.0 27918.2  0.0   87424.0  80988.6   699072.0   558361.1  160112.0 95471.1   1304   75.828  172    17.157   92.984
43648.0 43648.0 22598.5  0.0   87424.0  60150.1   699072.0   565569.2  160112.0 95472.2   1308   76.059  173    17.284   93.343
43648.0 43648.0 31214.0 21902.5 87424.0  87424.0   699072.0   564543.9  160112.0 95473.4   1313   76.294  174    17.414   93.709
43648.0 43648.0  0.0   21703.9 87424.0  21128.0   699072.0   558085.5  160112.0 95501.4   1319   76.634  174    17.414   94.049
43648.0 43648.0 20074.4  0.0   87424.0  68237.8   699072.0   533244.0  160112.0 95519.7   1320   76.701  174    17.414   94.115
43648.0 43648.0 35266.4  0.0   87424.0  61200.1   699072.0   543388.9  160112.0 95521.2   1328   77.175  175    17.553   94.727
43648.0 43648.0 30485.5  0.0   87424.0  30048.6   699072.0   542048.3  160112.0 95521.9   1334   77.554  176    17.611   95.165
43648.0 43648.0 21675.9  0.0   87424.0  72521.0   699072.0   552802.9  160112.0 95523.6   1344   78.165  177    17.732   95.897
43648.0 43648.0  0.0   29179.2 87424.0    0.0     699072.0   585767.4  160112.0 95525.5   1357   78.926  179    17.884   96.810
43648.0 43648.0  0.0   29179.2 87424.0  66140.1   699072.0   585767.4  160112.0 95581.9   1357   78.926  179    17.884   96.810
43648.0 43648.0  0.0   29179.2 87424.0  66551.1   699072.0   585767.4  160112.0 95581.9   1357   78.926  179    17.884   96.810
43648.0 43648.0  0.0   29179.2 87424.0  66806.2   699072.0   585767.4  160112.0 95581.9   1357   78.926  179    17.884   96.810
43648.0 43648.0  0.0   13496.5 87424.0  34023.3   699072.0   570191.4  160112.0 95586.0   1363   79.349  181    18.115   97.465
43648.0 43648.0 21184.6  0.0   87424.0  84648.5   699072.0   570191.4  160112.0 95586.0   1364   79.410  181    18.115   97.526
43648.0 43648.0  0.0   18427.0 87424.0   408.0    699072.0   570191.4  160112.0 95586.0   1365   79.478  181    18.115   97.594
43648.0 43648.0  0.0   27392.6 87424.0  28482.1   699072.0   570191.4  160112.0 95586.0   1367   79.583  181    18.115   97.698
43648.0 43648.0  0.0   24756.2 87424.0   2723.5   699072.0   570191.4  160112.0 95586.0   1369   79.708  181    18.115   97.823
43648.0 43648.0  0.0   40562.8 87424.0  28276.4   699072.0   558962.6  160112.0 95586.0   1373   79.873  182    18.166   98.040
43648.0 43648.0  0.0   20118.4 87424.0  80821.4   699072.0   560109.1  160112.0 95586.0   1375   80.095  183    18.288   98.383
43648.0 43648.0 26036.8  0.0   87424.0  70628.6   699072.0   560109.1  160112.0 95586.0   1378   80.278  183    18.288   98.566
43648.0 43648.0  0.0   29801.3 87424.0  30488.1   699072.0   560109.1  160112.0 95586.0   1379   80.358  183    18.288   98.646
43648.0 43648.0  0.0   29801.3 87424.0  62978.8   699072.0   560109.1  160112.0 95586.0   1379   80.358  183    18.288   98.646
43648.0 43648.0 27755.4  0.0   87424.0   7843.0   699072.0   561244.1  160112.0 95586.0   1380   80.433  183    18.288   98.721
43648.0 43648.0 27755.4  0.0   87424.0   7926.4   699072.0   561244.1  160112.0 95586.0   1380   80.433  183    18.288   98.721
43648.0 43648.0 27755.4  0.0   87424.0  72461.6   699072.0   561244.1  160112.0 95587.6   1380   80.433  183    18.288   98.721
43648.0 43648.0  0.0   28109.6 87424.0  17678.9   699072.0   561244.1  160112.0 95587.6   1381   80.503  183    18.288   98.791
43648.0 43648.0  0.0   28109.6 87424.0  49909.8   699072.0   539836.0  160112.0 95588.7   1381   80.503  184    18.428   98.931
43648.0 43648.0 27871.7  0.0   87424.0  26858.9   699072.0   539836.0  160112.0 95588.7   1382   80.570  184    18.428   98.998
43648.0 43648.0 27871.7  0.0   87424.0  58857.7   699072.0   539836.0  160112.0 95588.7   1382   80.570  185    18.565   99.135
43648.0 43648.0 27871.7  0.0   87424.0  59009.1   699072.0   539836.0  160112.0 95588.7   1382   80.570  185    18.565   99.135
43648.0 43648.0 27871.7  0.0   87424.0  59012.2   699072.0   539836.0  160112.0 95588.7   1382   80.570  185    18.565   99.135
43648.0 43648.0  0.0   26537.7 87424.0   4577.0   699072.0   539836.0  160112.0 95588.7   1383   80.639  185    18.565   99.203
43648.0 43648.0  0.0   26537.7 87424.0  68553.6   699072.0   539836.0  160112.0 95588.7   1383   80.639  185    18.565   99.203
43648.0 43648.0  0.0   27916.4 87424.0  21975.6   699072.0   539836.0  160112.0 95588.7   1385   80.774  185    18.565   99.339
43648.0 43648.0  0.0   27916.4 87424.0  22014.4   699072.0   539836.0  160112.0 95588.7   1385   80.774  185    18.565   99.339
43648.0 43648.0  0.0   27916.4 87424.0  22130.5   699072.0   539836.0  160112.0 95588.7   1385   80.774  185    18.565   99.339
43648.0 43648.0  0.0   27916.4 87424.0  22502.0   699072.0   539836.0  160112.0 95589.0   1385   80.774  185    18.565   99.339
43648.0 43648.0  0.0   27916.4 87424.0  22886.7   699072.0   539836.0  160112.0 95589.0   1385   80.774  185    18.565   99.339
43648.0 43648.0  0.0   27916.4 87424.0  22925.1   699072.0   539836.0  160112.0 95589.0   1385   80.774  185    18.565   99.339
43648.0 43648.0  0.0   27916.4 87424.0  22963.7   699072.0   539836.0  160112.0 95589.0   1385   80.774  185    18.565   99.339
43648.0 43648.0  0.0   27916.4 87424.0  23002.1   699072.0   539836.0  160112.0 95589.0   1385   80.774  185    18.565   99.339
43648.0 43648.0  0.0   27916.4 87424.0  23076.3   699072.0   539836.0  160112.0 95589.0   1385   80.774  185    18.565   99.339
43648.0 43648.0  0.0   27916.4 87424.0  23112.2   699072.0   539836.0  160112.0 95589.0   1385   80.774  185    18.565   99.339
43648.0 43648.0  0.0   27916.4 87424.0  23186.6   699072.0   539836.0  160112.0 95589.0   1385   80.774  185    18.565   99.339
