 S0C    S1C    S0U    S1U      EC       EU        OC         OU       PC     PU    YGC     YGCT    FGC    FGCT     GCT   
43648.0 43648.0  0.0   22481.0 87424.0   6016.5   450736.0   270440.4  128004.0 81058.4     53    2.308  19      0.687    2.995
43648.0 43648.0  0.0   22481.0 87424.0   6016.5   450736.0   270440.4  128004.0 81058.4     53    2.308  19      0.687    2.995
43648.0 43648.0  0.0   22481.0 87424.0   9261.2   450736.0   270440.4  128004.0 81082.5     53    2.308  19      0.687    2.995
43648.0 43648.0  0.0   22481.0 87424.0   9261.2   450736.0   270440.4  128004.0 81085.6     53    2.308  19      0.687    2.995
43648.0 43648.0  0.0   22481.0 87424.0   9261.2   450736.0   270440.4  128004.0 81085.6     53    2.308  19      0.687    2.995
43648.0 43648.0  0.0   22481.0 87424.0   9261.2   450736.0   270440.4  128004.0 81085.6     53    2.308  19      0.687    2.995
43648.0 43648.0  0.0   22481.0 87424.0   9707.0   450736.0   270440.4  128004.0 81085.6     53    2.308  19      0.687    2.995
43648.0 43648.0  0.0   22481.0 87424.0   9707.0   450736.0   270440.4  128004.0 81085.6     53    2.308  19      0.687    2.995
43648.0 43648.0  0.0   22481.0 87424.0   9707.0   450736.0   270440.4  128004.0 81085.6     53    2.308  19      0.687    2.995
43648.0 43648.0  0.0   22481.0 87424.0  10000.0   450736.0   270440.4  128004.0 81089.2     53    2.308  19      0.687    2.995
43648.0 43648.0  0.0   22481.0 87424.0  10000.0   450736.0   270440.4  128004.0 81090.3     53    2.308  19      0.687    2.995
43648.0 43648.0  0.0   22481.0 87424.0  10000.0   450736.0   270440.4  128004.0 81096.1     53    2.308  19      0.687    2.995
43648.0 43648.0  0.0   22481.0 87424.0  10000.0   450736.0   270440.4  128004.0 81097.3     53    2.308  19      0.687    2.995
43648.0 43648.0  0.0   22481.0 87424.0  10000.0   450736.0   270440.4  128004.0 81097.3     53    2.308  19      0.687    2.995
43648.0 43648.0  0.0   22481.0 87424.0  12376.0   450736.0   270440.4  128004.0 81108.8     53    2.308  19      0.687    2.995
43648.0 43648.0  0.0   22481.0 87424.0  12376.0   450736.0   270440.4  128004.0 81109.0     53    2.308  19      0.687    2.995
43648.0 43648.0  0.0   22481.0 87424.0  12376.0   450736.0   270440.4  128004.0 81109.0     53    2.308  19      0.687    2.995
43648.0 43648.0  0.0   22481.0 87424.0  38135.1   450736.0   270440.4  128004.0 82660.3     53    2.308  19      0.687    2.995
43648.0 43648.0 29330.1  0.0   87424.0  19908.1   450736.0   270440.4  128004.0 83840.2     54    2.336  19      0.687    3.023
43648.0 43648.0 29330.1  0.0   87424.0  21840.3   450736.0   270440.4  128004.0 83858.9     54    2.336  19      0.687    3.023
43648.0 43648.0 40840.8  0.0   87424.0  36660.2   450736.0   266894.0  140428.0 84491.7     56    2.404  21      0.805    3.209
43648.0 43648.0  0.0   42287.3 87424.0  25536.4   462644.0   296398.6  142268.0 87800.9     61    2.704  24      0.975    3.679
43648.0 43648.0 23208.3  0.0   87424.0  23973.4   493952.0   307216.6  146728.0 88289.2     62    2.753  24      0.975    3.728
43648.0 43648.0 32467.3  0.0   87424.0  84502.2   493952.0   315211.1  146728.0 88729.9     64    2.903  25      1.077    3.980
43648.0 43648.0 34645.5  0.0   87424.0  28425.8   493952.0   341280.4  146728.0 89123.6     70    3.295  25      1.077    4.372
43648.0 43648.0 34645.5  0.0   87424.0  34433.6   493952.0   341280.4  146728.0 89144.1     70    3.295  25      1.077    4.372
43648.0 43648.0  0.0   21819.7 87424.0   5464.4   602720.0   361630.9  148880.0 89398.4     73    3.469  26      1.183    4.652
43648.0 43648.0  0.0   21819.7 87424.0  43728.2   602720.0   361630.9  148880.0 89438.2     73    3.469  27      1.308    4.776
43648.0 43648.0 19896.7  0.0   87424.0  70635.1   602720.0   361630.9  148880.0 89524.6     76    3.577  27      1.308    4.885
43648.0 43648.0 38366.8  0.0   87424.0  84232.2   602720.0   368613.0  148880.0 89687.7     80    3.772  28      1.362    5.134
43648.0 43648.0  0.0   21681.1 87424.0  51126.7   602720.0   352436.2  149396.0 89637.5     83    3.957  28      1.362    5.318
43648.0 43648.0 32503.1  0.0   87424.0  52496.3   602720.0   352436.2  149396.0 89826.6     86    4.104  29      1.506    5.610
43648.0 43648.0 32503.1  0.0   87424.0  55897.4   602720.0   352436.2  149396.0 89835.5     86    4.104  29      1.506    5.610
43648.0 43648.0  0.0   23259.0 87424.0   3923.1   602720.0   357951.3  149396.0 89866.8     87    4.192  29      1.506    5.698
43648.0 43648.0  0.0   23259.0 87424.0  37684.2   602720.0   357951.3  149396.0 89875.2     87    4.192  29      1.506    5.698
43648.0 43648.0  0.0   23706.8 87424.0  84552.4   602720.0   337355.3  149840.0 89904.6     91    4.469  30      1.642    6.111
43648.0 43648.0 25642.9  0.0   87424.0  59675.7   602720.0   337355.3  149840.0 89977.9     92    4.540  31      1.776    6.316
43648.0 43648.0 25642.9  0.0   87424.0  65436.6   602720.0   337355.3  149840.0 89977.9     92    4.540  31      1.776    6.316
43648.0 43648.0  0.0   30320.1 87424.0  44380.4   602720.0   339731.2  149840.0 90004.7     93    4.614  31      1.776    6.391
43648.0 43648.0 15779.1  0.0   87424.0  68101.2   602720.0   339731.2  149840.0 90037.1     94    4.669  31      1.776    6.445
43648.0 43648.0 29721.0  0.0   87424.0  34705.2   602720.0   349613.5  149840.0 90089.7    100    5.059  32      1.936    6.996
43648.0 43648.0 29721.0  0.0   87424.0  35617.9   602720.0   349613.5  149840.0 90089.7    100    5.059  32      1.936    6.996
43648.0 43648.0  0.0   34057.0 87424.0  22069.8   602720.0   348934.5  150388.0 90405.7    107    5.614  33      2.119    7.733
43648.0 43648.0 12528.4  0.0   87424.0  34144.9   602720.0   361176.2  150388.0 90463.5    114    6.046  33      2.119    8.165
43648.0 43648.0  0.0   29020.9 87424.0  78525.1   602720.0   361176.2  150388.0 90494.4    115    6.124  33      2.119    8.243
43648.0 43648.0 22731.0  0.0   87424.0  28882.0   602720.0   365573.0  150388.0 90514.0    116    6.203  33      2.119    8.322
43648.0 43648.0  0.0   32958.5 87424.0  47596.3   602720.0   361097.2  150892.0 90535.5    121    6.488  34      2.278    8.766
43648.0 43648.0 32388.9  0.0   87424.0  52403.3   602720.0   366077.2  150892.0 90557.2    124    6.690  35      2.427    9.117
43648.0 43648.0  0.0   24954.1 87424.0  59104.2   602720.0   382757.0  150892.0 90590.5    131    7.129  35      2.427    9.556
43648.0 43648.0  0.0   18197.3 87424.0    0.0     602720.0   382757.0  150892.0 90606.8    135    7.355  35      2.427    9.783
43648.0 43648.0 36307.9  0.0   87424.0  54357.2   602720.0   382757.0  150892.0 90618.1    136    7.442  35      2.427    9.869
43648.0 43648.0 29211.5  0.0   87424.0  57501.7   602720.0   393919.6  150892.0 90686.3    142    7.820  35      2.427   10.247
43648.0 43648.0 36660.1  0.0   87424.0  45589.8   602720.0   406290.1  150892.0 90716.4    150    8.286  35      2.427   10.714
43648.0 43648.0  0.0   25895.0 87424.0  39206.8   602720.0   411516.8  150892.0 90724.7    153    8.474  36      2.593   11.067
43648.0 43648.0  0.0   18759.2 87424.0  18041.0   639784.0   383868.5  151320.0 90794.3    155    8.551  36      2.593   11.144
43648.0 43648.0 18573.0  0.0   87424.0    0.0     639784.0   383868.5  151320.0 90833.1    156    8.619  37      2.730   11.349
43648.0 43648.0  0.0   7296.7 87424.0  43329.8   639784.0   403032.5  151320.0 90923.4    163    9.063  37      2.730   11.794
43648.0 43648.0  0.0   33124.8 87424.0  25189.3   639784.0   403032.5  151320.0 90935.3    167    9.312  37      2.730   12.042
43648.0 43648.0 16206.1  0.0   87424.0  32123.9   639784.0   409530.2  151320.0 90949.7    170    9.495  37      2.730   12.225
43648.0 43648.0 31124.7  0.0   87424.0  42206.6   639784.0   367419.5  151616.0 90969.2    178   10.095  38      2.862   12.957
43648.0 43648.0 19502.9  0.0   87424.0   2448.7   639784.0   374378.8  151616.0 90972.6    180   10.227  39      2.988   13.215
43648.0 43648.0 19462.9  0.0   87424.0  39429.1   639784.0   374378.8  151616.0 90986.3    182   10.320  39      2.988   13.308
43648.0 43648.0 26669.6  0.0   87424.0  22196.7   639784.0   393407.1  151616.0 90992.3    190   10.669  40      3.166   13.834
43648.0 43648.0  0.0   38527.4 87424.0  27866.5   639784.0   372724.8  151808.0 91004.7    193   10.851  41      3.285   14.136
43648.0 43648.0  0.0   38527.4 87424.0  62129.4   639784.0   372724.8  151808.0 91008.3    193   10.851  41      3.285   14.136
43648.0 43648.0 28538.9  0.0   87424.0  12752.8   639784.0   382827.7  151808.0 91010.5    194   10.956  41      3.285   14.241
43648.0 43648.0  0.0   15069.5 87424.0  66775.4   639784.0   382804.6  151808.0 91012.0    195   11.026  42      3.424   14.451
43648.0 43648.0 15683.5  0.0   87424.0   6305.5   639784.0   382733.0  151808.0 91017.0    198   11.178  42      3.424   14.602
43648.0 43648.0  0.0   16795.9 87424.0  37992.1   639784.0   363743.4  151808.0 91028.2    201   11.337  43      3.565   14.902
43648.0 43648.0 20802.7  0.0   87424.0    0.0     639784.0   371165.0  151808.0 91270.9    206   11.656  43      3.565   15.221
43648.0 43648.0  0.0   22759.5 87424.0  14946.7   639784.0   371486.9  151808.0 91281.1    209   11.842  43      3.565   15.407
43648.0 43648.0  0.0   34885.9 87424.0  45516.0   639784.0   389487.1  151808.0 91364.7    217   12.265  43      3.565   15.830
43648.0 43648.0  0.0   22718.0 87424.0  59636.4   639784.0   395181.3  151808.0 91385.9    221   12.477  44      3.629   16.106
43648.0 43648.0 15302.9 25288.2 87424.0  87424.0   645320.0   387189.8  152352.0 91411.9    230   12.877  44      3.629   16.506
43648.0 43648.0  0.0   30586.5 87424.0  53961.6   645320.0   414751.2  152352.0 91421.5    231   12.991  45      3.700   16.691
43648.0 43648.0 8734.8  0.0   87424.0   8315.6   645320.0   414751.2  152352.0 91428.8    232   13.025  45      3.700   16.725
43648.0 43648.0 18961.8  0.0   87424.0  33264.9   645320.0   414751.2  152352.0 91432.3    236   13.216  45      3.700   16.916
43648.0 43648.0 22863.8  0.0   87424.0  43620.5   645320.0   377458.1  152544.0 91441.5    240   13.466  46      3.878   17.344
43648.0 43648.0  0.0   32699.8 87424.0  66857.6   645320.0   399903.6  152544.0 91461.8    251   14.090  47      4.001   18.091
43648.0 43648.0  0.0   38515.2 87424.0  13062.8   645320.0   412177.2  152544.0 91467.3    255   14.325  47      4.001   18.326
43648.0 43648.0 20060.3  0.0   87424.0  46161.5   645320.0   381780.3  152544.0 91486.6    262   14.652  50      4.356   19.008
43648.0 43648.0  0.0   35181.6 87424.0  10585.2   645320.0   376486.5  152544.0 91488.6    263   14.688  50      4.356   19.043
43648.0 43648.0 30971.7  0.0   87424.0  34672.7   645320.0   362012.0  152544.0 91500.7    268   15.032  51      4.495   19.528
43648.0 43648.0  0.0   25086.4 87424.0  52449.0   645320.0   349529.4  152544.0 91503.0    269   15.084  52      4.635   19.719
43648.0 43648.0  0.0   25086.4 87424.0  66722.0   645320.0   345331.2  152544.0 91502.8    269   15.084  52      4.635   19.719
43648.0 43648.0 16304.6  0.0   87424.0  34645.0   645320.0   345331.2  152544.0 91503.2    270   15.131  53      4.751   19.881
43648.0 43648.0  0.0   24322.7 87424.0  78999.8   645320.0   331205.7  152544.0 91503.5    273   15.278  54      4.862   20.140
43648.0 43648.0  0.0   24327.9 87424.0  38941.6   645320.0   331205.7  152544.0 91503.8    275   15.394  55      5.004   20.398
43648.0 43648.0 32485.6  0.0   87424.0  36828.7   645320.0   331156.7  152544.0 91508.0    278   15.542  56      5.062   20.604
43648.0 43648.0 31193.9  0.0   87424.0  22348.3   645320.0   334259.1  152544.0 91513.0    282   15.722  57      5.202   20.924
43648.0 43648.0  0.0   23010.1 87424.0  72768.2   645320.0   335497.1  152544.0 91514.8    283   15.782  57      5.202   20.985
43648.0 43648.0 24930.7  0.0   87424.0  72477.1   645320.0   335497.1  152544.0 91516.7    286   15.946  57      5.202   21.149
43648.0 43648.0 24930.7  0.0   87424.0  74973.5   645320.0   335497.1  152544.0 91517.7    286   15.946  57      5.202   21.149
43648.0 43648.0 16842.0  0.0   87424.0  42835.8   645320.0   335497.1  152544.0 91517.7    288   16.066  57      5.202   21.269
43648.0 43648.0  0.0   21924.6 87424.0  13749.5   645320.0   336306.3  152544.0 93112.5    293   16.364  58      5.306   21.671
43648.0 43648.0  0.0   25462.0 87424.0  76892.0   645320.0   336306.3  156280.0 94117.9    295   16.438  59      5.348   21.787
43648.0 43648.0 19264.9  0.0   87424.0  29564.1   645320.0   336306.3  156280.0 94144.7    296   16.502  59      5.348   21.850
43648.0 43648.0  0.0   38973.4 87424.0  84654.3   645320.0   344413.8  156280.0 94147.3    301   16.836  60      5.528   22.364
43648.0 43648.0 32326.1  0.0   87424.0  75342.8   645320.0   353099.1  156280.0 94150.5    302   16.931  60      5.528   22.459
43648.0 43648.0 32190.1  0.0   87424.0  48714.3   645320.0   346119.2  156928.0 94164.2    308   17.265  61      5.655   22.920
43648.0 43648.0  0.0   14076.8 87424.0  83415.0   645320.0   354342.5  156928.0 94190.2    313   17.622  61      5.655   23.277
43648.0 43648.0 14628.1  0.0   87424.0  82897.6   645320.0   354342.5  156928.0 94234.2    316   17.677  61      5.655   23.332
43648.0 43648.0  0.0   14328.0 87424.0  64793.8   645320.0   354342.5  156928.0 94245.2    317   17.721  61      5.655   23.376
43648.0 43648.0 17474.5  0.0   87424.0  87424.0   645320.0   357098.0  156928.0 94250.0    322   17.949  61      5.655   23.604
43648.0 43648.0 14676.4  0.0   87424.0  31662.3   645320.0   359419.1  156928.0 94250.4    324   18.064  61      5.655   23.719
43648.0 43648.0 32341.2  0.0   87424.0  11945.6   645320.0   361678.0  156928.0 96154.4    330   18.385  62      5.838   24.223
43648.0 43648.0 15903.1  0.0   87424.0   6207.1   645320.0   366249.1  156928.0 96179.7    332   18.501  62      5.838   24.339
43648.0 43648.0 28526.8  0.0   87424.0   7094.4   645320.0   384740.9  156928.0 96183.0    338   18.875  62      5.838   24.713
43648.0 43648.0 28526.8  0.0   87424.0  57177.0   645320.0   384739.1  156928.0 96183.0    338   18.875  62      5.838   24.713
43648.0 43648.0  0.0   19792.8 87424.0  66791.8   645320.0   382708.6  156928.0 96218.1    343   19.248  62      5.838   25.087
43648.0 43648.0  0.0   33865.0 87424.0  23182.3   645320.0   385632.8  160388.0 96234.0    347   19.491  62      5.838   25.329
43648.0 43648.0  0.0   33865.0 87424.0  30793.7   645320.0   385632.8  160388.0 96235.7    347   19.491  62      5.838   25.329
43648.0 43648.0 33596.1  0.0   87424.0  36749.6   645320.0   389767.8  160388.0 96247.5    350   19.645  62      5.838   25.483
43648.0 43648.0 33596.1  0.0   87424.0  66393.7   645320.0   389767.8  160388.0 96248.7    350   19.645  62      5.838   25.483
43648.0 43648.0 22656.0  0.0   87424.0  66882.6   645320.0   398052.2  160388.0 96266.2    354   19.912  62      5.838   25.750
43648.0 43648.0  0.0   14190.6 87424.0  67555.1   645320.0   398052.2  160388.0 96280.2    357   20.108  62      5.838   25.946
43648.0 43648.0  0.0   17599.8 87424.0  23228.1   645320.0   398052.2  160388.0 96286.6    359   20.202  62      5.838   26.040
43648.0 43648.0 43648.0  0.0   87424.0  52863.8   645320.0   409022.8  160388.0 96301.1    364   20.549  63      5.942   26.491
43648.0 43648.0 10657.2  0.0   87424.0  47373.2   645320.0   414120.5  160388.0 96311.4    366   20.652  63      5.942   26.594
43648.0 43648.0  0.0   23053.1 87424.0  59078.4   645320.0   414120.5  160388.0 96328.9    367   20.716  63      5.942   26.658
43648.0 43648.0 13801.4  0.0   87424.0  64825.9   645320.0   414120.5  160388.0 96348.6    370   20.938  63      5.942   26.880
43648.0 43648.0 29217.9  0.0   87424.0  42564.6   645320.0   414120.5  160388.0 96350.5    372   21.073  63      5.942   27.015
43648.0 43648.0  0.0   31874.1 87424.0  13279.4   645320.0   419340.8  160388.0 96351.7    375   21.274  63      5.942   27.216
43648.0 43648.0 23406.8  0.0   87424.0   2215.8   645320.0   424463.1  160388.0 96352.0    376   21.357  63      5.942   27.298
43648.0 43648.0  0.0   21442.3 87424.0  27586.1   645320.0   428015.5  160388.0 96356.0    381   21.599  63      5.942   27.541
43648.0 43648.0  0.0   30391.5 87424.0  22062.4   645320.0   428015.5  160388.0 96358.2    383   21.725  63      5.942   27.667
43648.0 43648.0  0.0   30391.5 87424.0  24307.2   645320.0   428015.5  160388.0 96358.4    383   21.725  63      5.942   27.667
43648.0 43648.0  0.0   30391.5 87424.0  25130.5   645320.0   428015.5  160388.0 96358.4    383   21.725  63      5.942   27.667
43648.0 43648.0  0.0   18172.2 87424.0  40163.9   645320.0   432879.5  160388.0 96359.4    385   21.840  63      5.942   27.782
43648.0 43648.0 34782.1  0.0   87424.0   1285.2   645320.0   432879.5  160388.0 96359.4    386   21.917  63      5.942   27.859
43648.0 43648.0 25110.5  0.0   87424.0  60528.2   645320.0   436481.1  160388.0 96359.9    388   22.006  63      5.942   27.948
43648.0 43648.0  0.0   28541.2 87424.0   5826.8   645320.0   433594.0  160388.0 96394.8    395   22.329  64      6.165   28.493
43648.0 43648.0  0.0   14661.2 87424.0   4944.6   645320.0   429809.9  160388.0 96494.9    397   22.410  64      6.165   28.575
43648.0 43648.0  0.0   30582.9 87424.0  68690.8   645320.0   420391.7  160388.0 96497.6    399   22.537  64      6.165   28.701
43648.0 43648.0  0.0   30582.9 87424.0  74236.6   645320.0   420391.7  160388.0 96497.6    399   22.537  64      6.165   28.701
43648.0 43648.0 32852.6  0.0   87424.0  48379.3   645320.0   408878.9  160388.0 96498.5    402   22.725  64      6.165   28.889
43648.0 43648.0  0.0   29963.3 87424.0  46596.7   645320.0   401134.9  160388.0 96500.8    405   22.903  64      6.165   29.067
43648.0 43648.0  0.0   17399.9 87424.0  75996.7   645320.0   403754.0  160388.0 96519.2    407   23.013  64      6.165   29.177
43648.0 43648.0  0.0   15333.0 87424.0  31322.3   645320.0   403754.0  160388.0 96486.6    409   23.099  64      6.165   29.264
43648.0 43648.0 17539.9  0.0   87424.0  74666.7   672924.0   403754.0  160388.0 95915.3    410   23.138  64      6.165   29.302
43648.0 43648.0 15689.9  0.0   87424.0  28564.2   672924.0   403754.0  160388.0 95915.3    412   23.212  64      6.165   29.377
43648.0 43648.0 15689.9  0.0   87424.0  67675.2   672924.0   403754.0  160388.0 95915.3    412   23.212  64      6.165   29.377
43648.0 43648.0  0.0   25028.5 87424.0  68908.0   672924.0   404884.3  160388.0 95922.6    415   23.463  64      6.165   29.628
43648.0 43648.0  0.0   19852.9 87424.0  57121.9   672924.0   407980.0  160388.0 95944.8    417   23.630  64      6.165   29.794
43648.0 43648.0  0.0   19852.9 87424.0  60895.8   672924.0   407980.0  160388.0 95944.8    417   23.630  64      6.165   29.794
43648.0 43648.0 27158.4  0.0   87424.0  23681.4   672924.0   411988.9  160388.0 95944.8    420   23.877  64      6.165   30.041
43648.0 43648.0 27158.4  0.0   87424.0  26194.4   672924.0   411988.9  160388.0 95944.8    420   23.877  64      6.165   30.041
43648.0 43648.0 24570.7  0.0   87424.0  78879.1   672924.0   413015.3  160388.0 95945.1    422   24.023  64      6.165   30.188
43648.0 43648.0  0.0   18917.4 87424.0   4835.7   672924.0   413105.7  160388.0 95945.1    423   24.093  64      6.165   30.257
43648.0 43648.0  0.0   15227.0 87424.0  28202.9   672924.0   413300.9  160388.0 95961.2    425   24.191  64      6.165   30.355
43648.0 43648.0 39665.0  0.0   87424.0  44704.0   672924.0   421777.3  160388.0 95967.2    430   24.492  64      6.165   30.656
43648.0 43648.0  0.0   24672.0 87424.0  11984.3   672924.0   427022.2  160388.0 95967.2    431   24.562  64      6.165   30.727
43648.0 43648.0  0.0   25957.9 87424.0  20962.5   672924.0   427022.2  160388.0 95970.9    433   24.770  64      6.165   30.934
43648.0 43648.0 27876.5  0.0   87424.0  75284.6   672924.0   442210.2  160388.0 95971.2    440   25.222  64      6.165   31.386
43648.0 43648.0  0.0   36057.8 87424.0  73309.6   672924.0   442210.2  160388.0 95971.2    441   25.362  64      6.165   31.527
43648.0 43648.0  0.0   36057.8 87424.0  76955.3   672924.0   442210.2  160388.0 95971.2    441   25.362  64      6.165   31.527
43648.0 43648.0 42553.8 26281.0 87424.0  87424.0   672924.0   469545.3  160388.0 95971.4    447   25.666  64      6.165   31.831
43648.0 43648.0  0.0   27420.4 87424.0  16780.5   672924.0   479553.7  160388.0 95972.3    447   25.762  64      6.165   31.926
43648.0 43648.0 5450.8  0.0   87424.0  13728.3   672924.0   479553.7  160388.0 95984.6    450   25.883  65      6.262   32.145
43648.0 43648.0 14920.3  0.0   87424.0  10533.2   672924.0   479553.7  160388.0 96002.3    452   26.040  65      6.262   32.302
43648.0 43648.0  0.0   26936.9 87424.0  71743.4   672924.0   479553.7  160388.0 96006.5    455   26.193  65      6.262   32.454
43648.0 43648.0  0.0   26936.9 87424.0  75567.4   672924.0   479553.7  160388.0 96007.4    455   26.193  65      6.262   32.454
43648.0 43648.0 22439.7  0.0   87424.0  60183.0   672924.0   481415.3  160388.0 96009.1    456   26.271  65      6.262   32.532
43648.0 43648.0 24137.3  0.0   87424.0  15671.3   672924.0   486819.8  160388.0 96009.6    460   26.571  65      6.262   32.833
43648.0 43648.0 15570.4  0.0   87424.0  32548.4   672924.0   486819.8  160388.0 96009.8    462   26.679  65      6.262   32.941
43648.0 43648.0 13861.0  0.0   87424.0  46177.7   672924.0   491204.5  160388.0 96009.8    466   26.886  65      6.262   33.148
43648.0 43648.0  0.0   18035.2 87424.0  23918.8   672924.0   491112.1  160388.0 96009.8    469   27.045  66      6.488   33.533
43648.0 43648.0  0.0   32147.0 87424.0  19786.5   672924.0   505211.2  160388.0 96009.9    473   27.248  66      6.488   33.736
43648.0 43648.0 29023.0  0.0   87424.0  21510.1   685784.0   411469.2  160388.0 96005.1    478   27.460  67      6.619   34.080
43648.0 43648.0  0.0   21736.7 87424.0   6517.2   685784.0   417530.6  160388.0 96005.6    479   27.608  67      6.619   34.228
43648.0 43648.0 12793.6 9267.3 87424.0  87424.0   685784.0   417530.6  160388.0 96005.6    481   27.648  67      6.619   34.267
43648.0 43648.0 27363.6  0.0   87424.0  35934.8   685784.0   419685.2  160388.0 96007.8    484   27.879  67      6.619   34.499
43648.0 43648.0 27363.6  0.0   87424.0  37252.0   685784.0   419685.2  160388.0 96007.8    484   27.879  67      6.619   34.499
43648.0 43648.0 14043.8  0.0   87424.0  60466.8   685784.0   383111.9  160388.0 96025.2    490   28.156  68      6.681   34.837
43648.0 43648.0 35044.1  0.0   87424.0  18165.9   685784.0   383111.9  160388.0 96032.9    494   28.392  69      6.803   35.195
43648.0 43648.0  0.0   22411.0 87424.0  41736.8   685784.0   393532.6  160388.0 96035.5    499   28.710  69      6.803   35.513
43648.0 43648.0  0.0   23575.2 87424.0  58529.7   685784.0   395582.9  160388.0 96037.4    501   28.811  69      6.803   35.614
43648.0 43648.0 28935.4  0.0   87424.0  30533.2   685784.0   395582.9  160388.0 96046.0    504   28.983  69      6.803   35.786
43648.0 43648.0  0.0   24370.8 87424.0  14457.4   685784.0   401770.8  160388.0 96046.0    505   29.070  69      6.803   35.874
43648.0 43648.0  0.0   20964.5 87424.0  49567.7   685784.0   405768.4  160388.0 96047.0    509   29.257  69      6.803   36.060
43648.0 43648.0 30134.9  0.0   87424.0  19540.1   685784.0   405535.9  160388.0 96050.4    512   29.424  70      6.950   36.374
43648.0 43648.0  0.0   21231.9 87424.0  16037.9   685784.0   409392.2  160388.0 96050.4    513   29.493  70      6.950   36.443
43648.0 43648.0 32704.7  0.0   87424.0  69595.0   685784.0   396487.6  160388.0 96051.1    518   29.736  70      6.950   36.686
43648.0 43648.0 8222.4  0.0   87424.0   3112.9   695864.0   417517.9  160388.0 96061.0    522   29.993  70      6.950   36.943
43648.0 43648.0 10294.8  0.0   87424.0  37094.5   695864.0   417517.9  160388.0 96061.8    524   30.052  71      7.045   37.097
43648.0 43648.0  0.0   24053.5 87424.0  43000.3   695864.0   417517.9  160388.0 96069.9    525   30.119  71      7.045   37.164
43648.0 43648.0  0.0   28319.0 87424.0  36343.9   695864.0   378350.5  160388.0 96089.5    529   30.449  72      7.162   37.611
43648.0 43648.0  0.0   28319.0 87424.0  41352.2   695864.0   378350.5  160388.0 96089.5    529   30.449  72      7.162   37.611
43648.0 43648.0  0.0   17014.3 87424.0   9933.9   695864.0   385538.2  160388.0 96092.8    535   30.843  73      7.297   38.140
43648.0 43648.0 18220.9  0.0   87424.0  30997.3   695864.0   385538.2  160388.0 96092.8    536   30.929  73      7.297   38.226
43648.0 43648.0  0.0   27354.7 87424.0    0.0     695864.0   385538.2  160388.0 96092.8    539   31.092  73      7.297   38.390
43648.0 43648.0  0.0   27354.7 87424.0  35693.2   695864.0   385538.2  160388.0 96094.6    539   31.092  73      7.297   38.390
43648.0 43648.0 8116.6 31047.0 87424.0  87424.0   695864.0   396288.2  160388.0 96094.6    546   31.552  73      7.297   38.850
43648.0 43648.0  0.0   27163.4 87424.0  53602.7   695864.0   365529.1  160388.0 96094.6    547   31.650  74      7.434   39.085
43648.0 43648.0 33784.3  0.0   87424.0  45834.9   695864.0   367376.0  160388.0 96103.0    552   32.024  75      7.586   39.610
43648.0 43648.0  0.0   24381.4 87424.0  33963.6   695864.0   371936.5  160388.0 96103.9    553   32.110  75      7.586   39.696
43648.0 43648.0  0.0   24381.4 87424.0  69000.3   695864.0   371936.5  160388.0 96103.9    553   32.110  75      7.586   39.696
43648.0 43648.0  0.0   23463.6 87424.0  51740.6   695864.0   377963.7  160388.0 96103.9    557   32.445  75      7.586   40.030
43648.0 43648.0  0.0   21914.3 87424.0  74562.3   695864.0   377808.6  160388.0 96103.9    559   32.607  76      7.839   40.446
43648.0 43648.0 20599.6  0.0   87424.0  27389.8   695864.0   377808.6  160388.0 96103.9    560   32.674  76      7.839   40.513
43648.0 43648.0  0.0   23735.2 87424.0  27341.5   695864.0   376692.6  160388.0 96103.9    563   32.867  76      7.839   40.706
43648.0 43648.0  0.0   26976.7 87424.0  68909.7   695864.0   386410.8  160388.0 96105.6    567   33.179  76      7.839   41.018
43648.0 43648.0  0.0   26966.5 87424.0  58173.4   695864.0   393217.0  160388.0 96105.9    581   34.083  77      7.936   42.019
43648.0 43648.0 29433.0  0.0   87424.0  59667.1   695864.0   397345.8  160388.0 96106.1    584   34.284  77      7.936   42.220
43648.0 43648.0  0.0   26351.7 87424.0  69913.7   695864.0   403393.4  160388.0 96107.1    591   34.730  78      8.077   42.807
43648.0 43648.0 30268.8  0.0   87424.0  36555.0   695864.0   405265.7  160388.0 96107.1    594   34.915  78      8.077   42.992
43648.0 43648.0  0.0   23470.0 87424.0  26479.9   695864.0   373897.0  160388.0 96107.1    595   34.998  78      8.077   43.075
43648.0 43648.0  0.0   23470.0 87424.0  34894.4   695864.0   373897.0  160388.0 96108.9    595   34.998  78      8.077   43.075
43648.0 43648.0  0.0   16737.6 87424.0  29151.9   695864.0   373897.0  160388.0 96110.4    597   35.094  79      8.202   43.296
43648.0 43648.0 16627.7  0.0   87424.0  13214.4   695864.0   375131.4  160388.0 96112.9    602   35.405  79      8.202   43.607
43648.0 43648.0  0.0   25326.4 87424.0  47561.2   695864.0   380506.6  160388.0 96112.9    605   35.694  79      8.202   43.896
43648.0 43648.0  0.0   26074.4 87424.0   1473.6   695864.0   382150.5  160388.0 96113.0    609   35.913  80      8.298   44.210
43648.0 43648.0 16867.9  0.0   87424.0   7812.1   695864.0   354128.2  160388.0 96114.9    616   36.274  81      8.472   44.745
43648.0 43648.0 34012.0  0.0   87424.0  73340.9   695864.0   358825.4  160388.0 96117.2    622   36.603  81      8.472   45.075
43648.0 43648.0  0.0   33322.5 87424.0  24632.8   695864.0   361589.4  160388.0 96117.2    623   36.690  81      8.472   45.161
43648.0 43648.0 27099.2  0.0   87424.0  52871.3   695864.0   362951.2  160388.0 96117.2    628   37.056  81      8.472   45.528
43648.0 43648.0  0.0   13706.2 87424.0  78986.3   695864.0   409005.7  160388.0 96118.7    635   37.655  81      8.472   46.127
43648.0 43648.0 35717.2  0.0   87424.0  39476.7   695864.0   389464.4  160388.0 96121.9    644   38.130  82      8.613   46.743
43648.0 43648.0  0.0   22096.7 87424.0  61859.8   695864.0   393382.6  160388.0 96121.9    645   38.200  83      8.733   46.933
43648.0 43648.0 13236.2  0.0   87424.0  16807.3   695864.0   393382.6  160388.0 96121.9    646   38.244  83      8.733   46.978
43648.0 43648.0 33305.6  0.0   87424.0  19547.3   695864.0   395158.3  160388.0 96122.1    652   38.613  83      8.733   47.346
43648.0 43648.0 24088.2  0.0   87424.0    0.0     695864.0   400157.5  160388.0 96122.1    654   38.744  83      8.733   47.477
43648.0 43648.0  0.0   29186.8 87424.0  23773.4   695864.0   406778.6  160388.0 96130.3    661   39.214  83      8.733   47.947
43648.0 43648.0 39324.9  0.0   87424.0  44198.7   695864.0   401050.9  160388.0 96130.3    666   39.562  84      8.958   48.520
43648.0 43648.0  0.0   43648.0 87424.0  67019.5   695864.0   400788.0  160388.0 96130.9    667   39.670  84      8.958   48.629
43648.0 43648.0 40909.4  0.0   87424.0  38085.1   695864.0   371575.4  160388.0 95673.4    670   39.894  84      8.958   48.852
43648.0 43648.0 43648.0  0.0   87424.0  47252.5   695864.0   389393.3  160388.0 95678.0    676   40.287  85      9.098   49.385
43648.0 43648.0  0.0   16800.9 87424.0  50828.8   695864.0   394485.0  160388.0 95678.0    677   40.364  85      9.098   49.462
43648.0 43648.0 26944.0  0.0   87424.0  71193.0   695864.0   397520.4  160388.0 95678.0    682   40.650  85      9.098   49.748
43648.0 43648.0  0.0   31353.2 87424.0  79612.9   695864.0   397520.4  160388.0 95678.0    685   40.829  85      9.098   49.927
43648.0 43648.0  0.0   26696.4 87424.0  81131.6   695864.0   399351.2  160388.0 95678.0    687   40.975  85      9.098   50.073
43648.0 43648.0  0.0   18784.5 87424.0  56872.8   695864.0   400193.9  160388.0 95679.8    691   41.178  86      9.242   50.419
43648.0 43648.0 23312.6  0.0   87424.0  11494.4   695864.0   401045.8  160388.0 95679.8    692   41.240  86      9.242   50.482
43648.0 43648.0  0.0   16701.7 87424.0  19883.8   695864.0   358363.6  160388.0 95659.7    693   41.296  86      9.242   50.538
43648.0 43648.0  0.0   21116.4 87424.0  64195.4   695864.0   362158.3  160388.0 95661.1    695   41.420  87      9.391   50.811
43648.0 43648.0 20605.2  0.0   87424.0  69368.2   695864.0   370343.6  160388.0 95661.1    700   41.866  87      9.391   51.257
43648.0 43648.0  0.0   16398.4 87424.0  80404.2   695864.0   370349.3  160388.0 95661.1    703   41.983  87      9.391   51.374
43648.0 43648.0  0.0   22171.6 87424.0  71668.2   695864.0   373552.3  160388.0 95664.0    705   42.132  87      9.391   51.523
43648.0 43648.0 27154.9  0.0   87424.0  36318.9   695864.0   373552.3  160388.0 95664.0    708   42.298  87      9.391   51.689
43648.0 43648.0  0.0   33407.5 87424.0   4328.5   695864.0   378575.1  160388.0 95664.0    711   42.511  87      9.391   51.902
43648.0 43648.0  0.0   23810.1 87424.0  16200.5   695864.0   386669.5  160388.0 95672.2    715   42.789  87      9.391   52.180
43648.0 43648.0 21221.4  0.0   87424.0  55421.1   695864.0   386669.5  160388.0 95672.2    718   42.967  87      9.391   52.358
43648.0 43648.0 43325.9  0.0   87424.0  69332.1   695864.0   399967.8  160388.0 95681.9    726   43.430  87      9.391   52.821
43648.0 43648.0 43325.9  0.0   87424.0  77817.2   695864.0   399967.8  160388.0 95681.9    726   43.430  87      9.391   52.821
43648.0 43648.0 43325.9 27553.5 87424.0  87424.0   695864.0   400193.8  160388.0 95681.9    727   43.430  87      9.391   52.821
43648.0 43648.0 33707.7  0.0   87424.0    0.0     695864.0   416058.6  160388.0 95683.8    738   43.912  88      9.564   53.477
43648.0 43648.0  0.0   17099.5 87424.0  73319.9   695864.0   432988.1  160388.0 95683.8    743   44.243  88      9.564   53.808
43648.0 43648.0  0.0   30530.1 87424.0  57704.7   699072.0   420462.0  160388.0 95593.4    747   44.442  89      9.723   54.165
43648.0 43648.0 29638.5  0.0   87424.0  74295.1   699072.0   425158.7  160388.0 95599.3    752   44.696  89      9.723   54.419
43648.0 43648.0 32240.0  0.0   87424.0  77661.3   699072.0   427866.3  160388.0 95599.3    758   45.074  89      9.723   54.797
43648.0 43648.0 29119.3  0.0   87424.0  31854.3   699072.0   440071.4  160388.0 95599.7    762   45.297  89      9.723   55.020
43648.0 43648.0 29119.3  0.0   87424.0  39699.1   699072.0   440071.4  160388.0 95601.2    762   45.297  89      9.723   55.020
43648.0 43648.0 34914.9  0.0   87424.0  78280.4   699072.0   409426.6  160388.0 95592.2    772   45.999  91     10.057   56.055
43648.0 43648.0 25983.8  0.0   87424.0   9623.9   699072.0   426789.0  160388.0 95596.5    778   46.391  91     10.057   56.448
43648.0 43648.0 24411.9  0.0   87424.0  10618.3   699072.0   435755.6  160388.0 95596.7    784   46.789  91     10.057   56.846
43648.0 43648.0  0.0   34614.9 87424.0  17843.6   699072.0   435755.6  160388.0 95597.8    787   46.972  91     10.057   57.028
43648.0 43648.0  0.0   38257.0 87424.0  15746.5   699072.0   440060.8  160388.0 95599.9    793   47.322  92     10.182   57.504
43648.0 43648.0  0.0   13533.7 87424.0   9885.4   699072.0   416713.4  160388.0 95601.4    805   47.928  93     10.275   58.203
43648.0 43648.0 22656.0  0.0   87424.0  67301.3   699072.0   432360.4  160388.0 95610.4    810   48.240  93     10.275   58.516
43648.0 43648.0  0.0   21828.0 87424.0  20816.1   699072.0   432360.4  160388.0 95610.4    811   48.313  93     10.275   58.588
43648.0 43648.0 19741.5  0.0   87424.0  48895.3   699072.0   446030.3  160388.0 95611.9    818   48.762  94     10.275   59.038
43648.0 43648.0  0.0   22117.7 87424.0   9251.8   699072.0   446075.0  160388.0 95611.9    821   48.944  94     10.473   59.418
43648.0 43648.0 30072.2  0.0   87424.0  45357.9   699072.0   391789.0  160388.0 95611.8    824   49.095  95     10.621   59.716
43648.0 43648.0  0.0   33883.1 87424.0  36794.8   699072.0   394803.6  160388.0 95613.4    827   49.272  95     10.621   59.894
43648.0 43648.0 25213.9  0.0   87424.0  58224.5   699072.0   398912.0  160388.0 95613.4    828   49.350  95     10.621   59.971
43648.0 43648.0  0.0   15898.0 87424.0  39879.9   699072.0   398912.0  160388.0 95614.4    829   49.397  95     10.621   60.019
43648.0 43648.0 16573.2  0.0   87424.0  60288.7   699072.0   398912.0  160388.0 95614.4    830   49.445  95     10.621   60.066
43648.0 43648.0 16573.2  0.0   87424.0  67197.9   699072.0   398912.0  160388.0 95614.4    830   49.445  95     10.621   60.066
43648.0 43648.0  0.0   13194.9 87424.0  44230.2   699072.0   359235.3  160388.0 95617.9    839   49.900  97     10.855   60.755
43648.0 43648.0 33841.1  0.0   87424.0  36446.2   699072.0   362652.2  160388.0 95623.2    846   50.296  97     10.855   61.150
43648.0 43648.0  0.0   24705.9 87424.0  23236.0   699072.0   367735.4  160388.0 95626.6    847   50.378  97     10.855   61.233
43648.0 43648.0 35345.7  0.0   87424.0  45457.9   699072.0   371326.7  160388.0 95626.7    852   50.654  97     10.855   61.508
43648.0 43648.0 35761.1  0.0   87424.0  54069.3   699072.0   380627.8  160388.0 95630.1    858   51.067  97     10.855   61.922
43648.0 43648.0  0.0   14316.9 87424.0  36885.7   699072.0   389259.5  160388.0 95633.4    863   51.329  97     10.855   62.183
43648.0 43648.0 21335.1  0.0   87424.0   8396.5   699072.0   423662.0  160388.0 95638.6    874   52.032  97     10.855   62.886
43648.0 43648.0  0.0   30181.7 87424.0  84583.5   699072.0   421954.7  160388.0 95638.8    877   52.209  98     11.003   63.212
43648.0 43648.0 32404.5  0.0   87424.0  44036.9   699072.0   431258.0  160388.0 95639.2    888   52.759  98     11.003   63.762
43648.0 43648.0 29685.9  0.0   87424.0  40035.3   699072.0   431258.0  160388.0 95651.5    894   52.987  99     11.037   64.024
43648.0 43648.0 28313.8  0.0   87424.0  45935.1   699072.0   387245.5  160388.0 95656.8    902   53.354  101    11.306   64.661
43648.0 43648.0  0.0   37202.7 87424.0  80660.5   699072.0   394493.3  160388.0 95657.6    907   53.714  101    11.306   65.020
43648.0 43648.0  0.0   25423.7 87424.0  71193.0   699072.0   368528.6  160388.0 95663.0    911   53.970  102    11.467   65.437
43648.0 43648.0 21640.0  0.0   87424.0  54832.8   699072.0   354888.3  160388.0 95663.9    912   54.028  102    11.467   65.495
43648.0 43648.0  0.0   25634.6 87424.0  37603.1   699072.0   364367.7  160388.0 95666.0    919   54.446  103    11.613   66.059
43648.0 43648.0  0.0   9487.8 87424.0  84778.4   699072.0   372037.7  160388.0 95672.1    930   54.798  105    11.775   66.573
43648.0 43648.0 36712.7  0.0   87424.0   4740.0   699072.0   369815.5  160388.0 95672.8    934   55.058  106    11.859   66.917
43648.0 43648.0  0.0   14394.6 87424.0  21451.3   699072.0   360747.1  160388.0 95676.5    939   55.342  106    11.859   67.200
43648.0 43648.0  0.0   14394.6 87424.0  26679.4   699072.0   360747.1  160388.0 95677.0    939   55.342  106    11.859   67.200
43648.0 43648.0  0.0   14394.6 87424.0  30214.6   699072.0   360747.1  160388.0 95677.0    939   55.342  106    11.859   67.200
43648.0 43648.0 28439.5  0.0   87424.0  66977.3   699072.0   360747.1  160388.0 95677.8    942   55.510  107    11.938   67.448
43648.0 43648.0 18935.1  0.0   87424.0   987.9    699072.0   361978.9  160388.0 95678.4    944   55.624  107    11.938   67.562
43648.0 43648.0  0.0   22136.3 87424.0   3975.3   699072.0   354157.2  160388.0 95678.4    947   55.801  108    12.093   67.894
43648.0 43648.0  0.0   22136.3 87424.0  38009.7   699072.0   339453.7  160388.0 95678.4    947   55.801  108    12.093   67.894
43648.0 43648.0 35532.1  0.0   87424.0  76981.8   699072.0   339453.7  160388.0 95678.4    950   55.976  109    12.235   68.211
43648.0 43648.0  0.0   40056.8 87424.0  74659.8   699072.0   349836.6  160388.0 95678.4    957   56.452  110    12.388   68.840
43648.0 43648.0 37406.7  0.0   87424.0  65500.6   699072.0   350078.8  160388.0 95680.2    958   56.535  110    12.388   68.923
43648.0 43648.0 37406.7  0.0   87424.0  67495.5   699072.0   350078.8  160388.0 95680.2    958   56.535  110    12.388   68.923
43648.0 43648.0 28820.7  0.0   87424.0  48869.9   699072.0   340367.1  160388.0 95682.7    962   56.786  110    12.388   69.175
43648.0 43648.0  0.0   32427.9 87424.0  54656.5   699072.0   344984.2  160388.0 95682.7    965   56.995  111    12.542   69.537
43648.0 43648.0 22621.2  0.0   87424.0  75232.2   699072.0   355492.8  160388.0 95682.7    970   57.343  111    12.542   69.885
43648.0 43648.0  0.0   26361.1 87424.0  67578.6   699072.0   355492.8  160388.0 95682.7    971   57.406  111    12.542   69.949
43648.0 43648.0 30292.5  0.0   87424.0  63752.1   699072.0   355492.8  160388.0 95682.7    974   57.586  111    12.542   70.128
43648.0 43648.0 43648.0  0.0   87424.0  76570.4   699072.0   370911.0  160388.0 95684.6    982   58.072  111    12.542   70.614
43648.0 43648.0  0.0   32857.2 87424.0  26337.8   699072.0   385112.0  160388.0 95684.6    983   58.192  111    12.542   70.734
43648.0 43648.0 23693.7  0.0   87424.0  10801.3   699072.0   385112.0  160388.0 95685.6    986   58.334  111    12.542   70.876
43648.0 43648.0  0.0   30025.9 87424.0  63037.9   699072.0   385112.0  160388.0 95685.7    989   58.559  111    12.542   71.102
43648.0 43648.0 22360.3  0.0   87424.0  77707.9   699072.0   389709.0  160388.0 95689.0    990   58.643  111    12.542   71.185
43648.0 43648.0  0.0   30860.5 87424.0  82642.6   699072.0   389709.0  160388.0 95689.0    993   58.797  111    12.542   71.339
43648.0 43648.0  0.0   32188.2 87424.0  27268.0   699072.0   392273.7  160388.0 95689.4    997   58.985  112    12.610   71.595
43648.0 43648.0  0.0   24318.2 87424.0  81568.4   699072.0   395205.1  160388.0 95690.3    999   59.112  112    12.610   71.722
43648.0 43648.0 38062.5  0.0   87424.0  51226.1   699072.0   396697.9  160388.0 95690.6   1004   59.565  112    12.610   72.175
43648.0 43648.0  0.0   20034.6 87424.0  19356.2   699072.0   389911.9  160388.0 95691.1   1009   59.847  112    12.610   72.457
43648.0 43648.0 35586.0  0.0   87424.0  66136.4   699072.0   389911.9  160388.0 95691.1   1010   59.935  112    12.610   72.545
43648.0 43648.0  0.0   18220.8 87424.0   3621.4   699072.0   399317.1  160388.0 95691.1   1015   60.286  113    12.768   73.054
43648.0 43648.0 18915.9  0.0   87424.0   2323.5   699072.0   412941.0  160388.0 95694.2   1024   60.869  113    12.768   73.637
43648.0 43648.0  0.0   39079.4 87424.0  43847.6   699072.0   414332.0  160388.0 95694.9   1029   61.238  113    12.768   74.006
43648.0 43648.0  0.0   26716.1 87424.0  63058.4   699072.0   424594.5  160388.0 95698.5   1033   61.520  114    12.938   74.458
43648.0 43648.0 33173.6  0.0   87424.0  69981.2   699072.0   423097.6  160388.0 95698.5   1036   61.616  114    12.938   74.554
43648.0 43648.0 40450.0  0.0   87424.0  20509.7   699072.0   428452.2  160388.0 95698.5   1040   61.791  114    12.938   74.729
43648.0 43648.0  0.0   27329.2 87424.0  67868.8   699072.0   435104.2  160388.0 95701.3   1041   61.877  114    12.938   74.815
43648.0 43648.0  0.0   23674.0 87424.0  21912.5   699072.0   440265.9  160388.0 95702.0   1049   62.315  114    12.938   75.253
43648.0 43648.0 34475.8  0.0   87424.0  43294.2   699072.0   419589.3  160388.0 95702.6   1054   62.643  114    12.938   75.581
43648.0 43648.0  0.0   20862.6 87424.0  15420.1   699072.0   442127.7  160388.0 95702.6   1065   63.296  115    13.082   76.378
43648.0 43648.0  0.0   24156.3 87424.0  27119.9   699072.0   447967.6  160388.0 95705.3   1067   63.491  115    13.082   76.573
43648.0 43648.0 33825.9  0.0   87424.0  45690.0   699072.0   382586.9  160388.0 95705.6   1072   63.759  116    13.254   77.012
43648.0 43648.0 21766.5  0.0   87424.0   8935.7   699072.0   387121.7  160388.0 95705.7   1074   63.892  117    13.390   77.282
43648.0 43648.0 21334.3  0.0   87424.0  41018.1   699072.0   398905.4  160388.0 95705.8   1082   64.399  117    13.390   77.789
43648.0 43648.0  0.0   36486.6 87424.0  71197.3   699072.0   398905.4  160388.0 95705.8   1085   64.605  117    13.390   77.995
43648.0 43648.0  0.0   30091.1 87424.0  35466.4   699072.0   410217.3  160388.0 95705.8   1091   64.962  117    13.390   78.353
43648.0 43648.0 25207.1  0.0   87424.0  54958.1   699072.0   419099.7  160388.0 95708.4   1096   65.324  117    13.390   78.714
43648.0 43648.0 25987.2  0.0   87424.0   6689.2   699072.0   428337.1  160388.0 95708.4   1100   65.605  117    13.390   78.995
43648.0 43648.0 29657.2  0.0   87424.0  64625.5   699072.0   428337.1  160388.0 95708.4   1102   65.723  117    13.390   79.113
43648.0 43648.0  0.0   35890.4 87424.0  75137.4   699072.0   429209.4  160388.0 95708.4   1105   65.925  118    13.547   79.471
43648.0 43648.0  0.0   24331.0 87424.0  76667.9   699072.0   432844.4  160388.0 95708.4   1109   66.148  118    13.547   79.694
43648.0 43648.0  0.0   22391.6 87424.0   6916.7   699072.0   411444.4  160388.0 95708.5   1119   66.839  119    13.707   80.546
43648.0 43648.0  0.0   24174.2 87424.0  54219.9   699072.0   418419.2  160388.0 95708.5   1121   67.017  119    13.707   80.724
43648.0 43648.0 28751.2  0.0   87424.0  48462.7   699072.0   421428.8  160388.0 95717.4   1126   67.309  119    13.707   81.016
43648.0 43648.0 34475.1  0.0   87424.0  51250.2   699072.0   431023.8  160388.0 95717.4   1132   67.689  119    13.707   81.395
43648.0 43648.0 19694.4  0.0   87424.0  16928.5   699072.0   440790.5  160388.0 95717.7   1138   68.135  119    13.707   81.841
43648.0 43648.0  0.0   23007.2 87424.0  43549.5   699072.0   440790.5  160388.0 95717.7   1139   68.192  119    13.707   81.898
43648.0 43648.0 20481.5  0.0   87424.0  27340.3   699072.0   445246.8  160388.0 95717.7   1146   68.626  120    13.902   82.528
43648.0 43648.0  0.0   37969.1 87424.0  80895.7   699072.0   444433.0  160388.0 95717.7   1151   68.961  120    13.902   82.863
43648.0 43648.0 16745.0  0.0   87424.0  73235.9   699072.0   443467.1  160388.0 95717.7   1154   69.161  120    13.902   83.063
43648.0 43648.0 31935.2  0.0   87424.0   3205.2   699072.0   452738.2  160388.0 95718.6   1172   69.956  121    13.978   83.933
43648.0 43648.0 43648.0  0.0   87424.0   1306.8   699072.0   413789.3  160388.0 95719.8   1184   70.540  123    14.187   84.727
43648.0 43648.0 27772.4  0.0   87424.0  61394.0   699072.0   407801.1  160388.0 95720.4   1188   70.777  124    14.295   85.072
43648.0 43648.0  0.0   24168.4 87424.0  65891.4   699072.0   414696.9  160388.0 95725.8   1191   70.960  125    14.375   85.335
43648.0 43648.0  0.0   24168.4 87424.0  71134.6   699072.0   414696.9  160388.0 95726.0   1191   70.960  125    14.375   85.335
43648.0 43648.0 26738.8  0.0   87424.0  75897.6   699072.0   423455.6  160388.0 95731.7   1202   71.664  127    14.601   86.265
43648.0 43648.0  0.0   23532.4 87424.0  67943.2   699072.0   407568.7  160388.0 95734.5   1207   72.043  129    14.813   86.857
43648.0 43648.0  0.0   31874.9 87424.0  35929.2   699072.0   426488.8  160388.0 95735.6   1213   72.329  129    14.813   87.142
43648.0 43648.0 27554.2  0.0   87424.0  41854.1   699072.0   419621.5  160388.0 95736.6   1216   72.504  130    14.920   87.424
43648.0 43648.0  0.0   24655.2 87424.0   7610.3   699072.0   424045.5  160388.0 95737.3   1219   72.681  131    15.035   87.716
43648.0 43648.0  0.0   27302.7 87424.0  62777.0   699072.0   424731.8  160388.0 95738.3   1221   72.798  131    15.035   87.833
43648.0 43648.0  0.0   27302.7 87424.0  64131.9   699072.0   424731.8  160388.0 95738.3   1221   72.798  131    15.035   87.833
43648.0 43648.0 31611.3  0.0   87424.0   2526.8   699072.0   426566.1  160388.0 95740.6   1230   73.344  132    15.189   88.533
43648.0 43648.0  0.0   17607.1 87424.0  43021.5   699072.0   403674.9  160388.0 95741.4   1235   73.633  133    15.297   88.931
43648.0 43648.0  0.0   24734.8 87424.0  52100.7   699072.0   390463.1  160388.0 95741.4   1239   73.838  134    15.373   89.211
43648.0 43648.0 34278.0  0.0   87424.0  13133.7   699072.0   378334.1  160388.0 95744.9   1244   74.157  135    15.487   89.644
43648.0 43648.0 34278.0  0.0   87424.0  49948.7   699072.0   378334.1  160388.0 95744.9   1244   74.157  135    15.487   89.644
43648.0 43648.0  0.0   23496.5 87424.0  21091.8   699072.0   376766.5  160388.0 95751.5   1249   74.521  136    15.611   90.132
43648.0 43648.0  0.0   25648.9 87424.0    0.0     699072.0   377777.3  160388.0 95751.5   1253   74.745  137    15.749   90.494
43648.0 43648.0  0.0   26096.7 87424.0  32552.6   699072.0   412385.0  160388.0 95751.4   1263   75.447  139    15.970   91.417
43648.0 43648.0 23470.8  0.0   87424.0  63990.2   699072.0   411202.2  160388.0 95751.4   1266   75.591  140    16.097   91.689
43648.0 43648.0  0.0   29599.3 87424.0  61414.3   699072.0   394410.7  160388.0 95751.4   1269   75.784  140    16.097   91.881
43648.0 43648.0  0.0   29599.3 87424.0  64403.3   699072.0   394410.7  160388.0 95751.4   1269   75.784  140    16.097   91.881
43648.0 43648.0  0.0   14893.0 87424.0  63957.7   699072.0   418704.8  160388.0 95752.9   1279   76.356  141    16.229   92.585
43648.0 43648.0 25759.6  0.0   87424.0   8718.8   699072.0   420665.8  160388.0 95752.9   1288   76.927  142    16.376   93.304
43648.0 43648.0  0.0   26851.7 87424.0  10484.7   699072.0   426011.9  160388.0 95753.7   1291   77.009  143    16.619   93.629
43648.0 43648.0 29414.6  0.0   87424.0   9139.9   699072.0   427995.0  160388.0 95753.7   1294   77.208  143    16.619   93.827
43648.0 43648.0 29414.6  0.0   87424.0  84296.7   699072.0   425134.9  160388.0 95754.1   1294   77.208  144    16.758   93.965
43648.0 43648.0  0.0   30640.1 87424.0  50912.2   699072.0   393687.9  160388.0 95754.7   1297   77.415  144    16.758   94.172
43648.0 43648.0 23505.5  0.0   87424.0  36877.1   699072.0   398980.7  160388.0 95754.7   1298   77.522  145    16.878   94.400
43648.0 43648.0  0.0   29792.9 87424.0  66955.7   699072.0   398210.1  160388.0 95758.2   1301   77.652  146    16.984   94.635
43648.0 43648.0 22022.1 12954.1 87424.0  87424.0   699072.0   398052.6  160388.0 95758.8   1303   77.708  146    16.984   94.692
43648.0 43648.0  0.0   34932.1 87424.0  38687.2   699072.0   369119.2  160388.0 95761.8   1307   78.060  146    16.984   95.044
43648.0 43648.0  0.0   27183.9 87424.0   4145.0   699072.0   384840.3  160388.0 95761.8   1313   78.498  147    17.124   95.622
43648.0 43648.0  0.0   27183.9 87424.0  39592.4   699072.0   384840.3  160388.0 95761.8   1313   78.498  147    17.124   95.622
43648.0 43648.0  0.0   27183.9 87424.0  40745.1   699072.0   360478.3  160388.0 95761.8   1313   78.498  148    17.184   95.682
43648.0 43648.0  0.0   14907.4 87424.0  72672.0   699072.0   362476.3  160388.0 95772.7   1315   78.624  149    17.334   95.958
43648.0 43648.0  0.0   30205.5 87424.0  66151.9   699072.0   363813.5  160388.0 95810.3   1317   78.769  149    17.334   96.103
43648.0 43648.0  0.0   30205.5 87424.0  68946.3   699072.0   363813.5  160388.0 95810.3   1317   78.769  149    17.334   96.103
43648.0 43648.0  0.0   30205.5 87424.0  70192.6   699072.0   363813.5  160388.0 95810.3   1317   78.769  149    17.334   96.103
43648.0 43648.0 30334.4  0.0   87424.0  40908.2   699072.0   370440.5  160388.0 95929.6   1320   78.990  149    17.334   96.324
43648.0 43648.0 30334.4  0.0   87424.0  74589.7   699072.0   370440.5  160388.0 95938.0   1320   78.990  149    17.334   96.324
43648.0 43648.0  0.0   23832.6 87424.0  20540.3   699072.0   376008.4  160388.0 95938.0   1321   79.078  149    17.334   96.412
43648.0 43648.0  0.0   23832.6 87424.0  23495.0   699072.0   376008.4  160388.0 95938.0   1321   79.078  149    17.334   96.412
43648.0 43648.0 14895.3  0.0   87424.0  59937.2   699072.0   376008.4  160388.0 95938.0   1322   79.144  149    17.334   96.478
43648.0 43648.0 28646.6  0.0   87424.0  55315.2   699072.0   375566.0  160388.0 95938.0   1324   79.261  150    17.488   96.749
43648.0 43648.0 28646.6  0.0   87424.0  55319.1   699072.0   375566.0  160388.0 95938.0   1324   79.261  150    17.488   96.749
43648.0 43648.0 28646.6  0.0   87424.0  56241.0   699072.0   375566.0  160388.0 95938.0   1324   79.261  150    17.488   96.749
43648.0 43648.0 28646.6 18547.0 87424.0  87424.0   699072.0   378819.9  160388.0 95938.0   1325   79.261  150    17.488   96.749
43648.0 43648.0  0.0   34912.5 87424.0  51865.7   699072.0   378298.7  160388.0 95941.1   1327   79.465  150    17.488   96.953
43648.0 43648.0  0.0   34912.5 87424.0  56899.6   699072.0   378298.7  160388.0 95944.1   1327   79.465  150    17.488   96.953
43648.0 43648.0 30201.3  0.0   87424.0  56184.1   699072.0   379334.1  160388.0 95944.1   1330   79.681  150    17.488   97.169
43648.0 43648.0 30201.3  0.0   87424.0  57237.9   699072.0   379334.1  160388.0 95944.1   1330   79.681  150    17.488   97.169
43648.0 43648.0  0.0   23574.3 87424.0   2194.9   699072.0   383799.8  160388.0 95944.1   1331   79.760  150    17.488   97.249
43648.0 43648.0  0.0   23574.3 87424.0  14541.5   699072.0   383799.8  160388.0 95944.1   1331   79.760  150    17.488   97.249
43648.0 43648.0 22964.4  0.0   87424.0  42164.1   699072.0   381191.1  160388.0 95944.0   1334   79.937  151    17.622   97.559
43648.0 43648.0 22964.4  0.0   87424.0  70302.9   699072.0   381191.1  160388.0 95944.0   1334   79.937  151    17.622   97.559
43648.0 43648.0  0.0   19253.7 87424.0  83040.8   699072.0   381161.5  160388.0 95944.0   1335   79.986  152    17.780   97.766
43648.0 43648.0  0.0   13077.2 87424.0  14056.0   699072.0   381078.3  160388.0 95944.0   1337   80.079  152    17.780   97.860
43648.0 43648.0 22573.7  0.0   87424.0   3864.4   699072.0   385250.6  160388.0 95944.0   1340   80.279  152    17.780   98.059
43648.0 43648.0 22573.7  0.0   87424.0  80025.5   699072.0   385237.7  160388.0 95944.0   1340   80.279  152    17.780   98.059
43648.0 43648.0  0.0   32901.5 87424.0   6444.6   699072.0   388827.9  160388.0 95944.1   1343   80.450  152    17.780   98.230
43648.0 43648.0  0.0   32901.5 87424.0  74354.9   699072.0   388816.3  160388.0 95945.0   1343   80.450  152    17.780   98.230
43648.0 43648.0  0.0   32901.5 87424.0  78318.7   699072.0   388816.3  160388.0 95946.5   1343   80.450  152    17.780   98.230
43648.0 43648.0 21215.2  0.0   87424.0  35445.0   699072.0   388816.3  160388.0 95946.5   1344   80.505  152    17.780   98.286
43648.0 43648.0 21215.2  0.0   87424.0  69435.7   699072.0   388762.6  160388.0 95947.2   1344   80.505  152    17.780   98.286
43648.0 43648.0  0.0   28270.0 87424.0  78356.4   699072.0   388729.9  160388.0 95947.2   1345   80.567  152    17.780   98.347
43648.0 43648.0  0.0   43648.0 87424.0  53489.4   699072.0   403149.7  160388.0 95948.0   1353   81.079  152    17.780   98.859
43648.0 43648.0 23114.2  0.0   87424.0  11725.9   699072.0   407267.4  160388.0 95948.0   1354   81.158  152    17.780   98.939
43648.0 43648.0 23114.2  0.0   87424.0  17736.1   699072.0   407267.4  160388.0 95948.5   1354   81.158  152    17.780   98.939
43648.0 43648.0 23114.2  0.0   87424.0  51055.0   699072.0   406897.6  160388.0 95948.5   1354   81.158  152    17.780   98.939
43648.0 43648.0 22371.8  0.0   87424.0  52487.8   699072.0   402714.1  160388.0 96004.8   1356   81.259  152    17.780   99.039
43648.0 43648.0 43648.0  0.0   87424.0  68669.3   699072.0   408101.3  160388.0 96004.8   1362   81.737  152    17.780   99.517
43648.0 43648.0 31416.8  0.0   87424.0  67211.7   699072.0   413787.8  160388.0 96005.6   1368   82.024  152    17.780   99.804
43648.0 43648.0 31416.8  0.0   87424.0  69754.7   699072.0   413787.8  160388.0 96005.6   1368   82.024  152    17.780   99.804
43648.0 43648.0 43648.0  0.0   87424.0  71774.0   699072.0   427593.6  160388.0 96007.4   1378   82.664  152    17.780  100.444
43648.0 43648.0  0.0   31496.8 87424.0  58576.6   699072.0   464480.1  160388.0 96007.6   1379   82.786  153    17.847  100.633
43648.0 43648.0 22018.5  0.0   87424.0  27070.8   699072.0   464480.1  160388.0 96007.7   1382   82.931  153    17.847  100.778
43648.0 43648.0 23842.6  0.0   87424.0  78588.4   699072.0   464480.1  160388.0 96007.7   1384   83.030  153    17.847  100.878
43648.0 43648.0  0.0   26647.9 87424.0  23822.6   699072.0   464480.1  160388.0 96007.7   1385   83.102  153    17.847  100.949
43648.0 43648.0 40258.0  0.0   87424.0  22222.2   699072.0   464480.1  160388.0 96007.7   1388   83.251  153    17.847  101.099
43648.0 43648.0 40258.0  0.0   87424.0  29701.6   699072.0   464480.1  160388.0 96007.9   1388   83.251  153    17.847  101.099
43648.0 43648.0 40258.0  0.0   87424.0  31767.7   699072.0   464480.1  160388.0 96007.9   1388   83.251  153    17.847  101.099
43648.0 43648.0  0.0   26871.5 87424.0   9056.7   699072.0   473454.4  160388.0 96007.9   1389   83.353  153    17.847  101.200
43648.0 43648.0  0.0   26871.5 87424.0  10006.3   699072.0   473454.4  160388.0 96007.9   1389   83.353  153    17.847  101.200
43648.0 43648.0  0.0   26871.5 87424.0  43816.0   699072.0   473454.4  160388.0 96008.0   1389   83.353  153    17.847  101.200
43648.0 43648.0  0.0   26871.5 87424.0  79237.8   699072.0   473454.4  160388.0 96008.0   1389   83.353  153    17.847  101.200
43648.0 43648.0 16933.5  0.0   87424.0  57493.2   699072.0   471727.9  160388.0 96008.0   1390   83.400  154    18.002  101.401
43648.0 43648.0  0.0   11888.1 87424.0  47097.2   699072.0   468726.1  160388.0 96008.5   1391   83.447  154    18.002  101.448
43648.0 43648.0 34921.1  0.0   87424.0  84536.5   699072.0   427048.2  160388.0 96009.0   1396   83.732  154    18.002  101.734
43648.0 43648.0  0.0   29419.7 87424.0  50657.9   699072.0   434643.7  160388.0 96008.6   1399   83.937  155    18.141  102.078
43648.0 43648.0  0.0   29419.7 87424.0  51008.8   699072.0   434643.7  160388.0 96008.6   1399   83.937  155    18.141  102.078
43648.0 43648.0  0.0   29419.7 87424.0  83091.0   699072.0   434643.7  160388.0 96008.6   1399   83.937  155    18.141  102.078
43648.0 43648.0 22916.1  0.0   87424.0  30010.6   699072.0   437679.8  160388.0 96008.6   1400   84.011  155    18.141  102.152
43648.0 43648.0 22916.1  0.0   87424.0  30092.3   699072.0   437679.8  160388.0 96008.6   1400   84.011  155    18.141  102.152
43648.0 43648.0 22916.1  0.0   87424.0  30247.9   699072.0   437679.8  160388.0 96009.8   1400   84.011  155    18.141  102.152
43648.0 43648.0  0.0   19608.5 87424.0   8505.7   699072.0   437679.8  160388.0 96009.8   1401   84.110  155    18.141  102.250
43648.0 43648.0  0.0   19608.5 87424.0   9333.5   699072.0   437679.8  160388.0 96009.8   1401   84.110  155    18.141  102.250
43648.0 43648.0  0.0   19608.5 87424.0  10194.6   699072.0   437679.8  160388.0 96009.8   1401   84.110  155    18.141  102.250
43648.0 43648.0  0.0   19608.5 87424.0  13658.3   699072.0   437679.8  160388.0 96009.8   1401   84.110  155    18.141  102.250
43648.0 43648.0  0.0   19608.5 87424.0  14006.7   699072.0   437679.8  160388.0 96009.8   1401   84.110  155    18.141  102.250
43648.0 43648.0  0.0   19608.5 87424.0  15066.9   699072.0   437679.8  160388.0 96009.8   1401   84.110  155    18.141  102.250
43648.0 43648.0  0.0   19608.5 87424.0  15105.2   699072.0   437679.8  160388.0 96009.8   1401   84.110  155    18.141  102.250
43648.0 43648.0  0.0   19608.5 87424.0  15140.6   699072.0   437679.8  160388.0 96009.8   1401   84.110  155    18.141  102.250
43648.0 43648.0  0.0   19608.5 87424.0  15181.0   699072.0   437679.8  160388.0 96009.8   1401   84.110  155    18.141  102.250
43648.0 43648.0  0.0   19608.5 87424.0  15506.0   699072.0   437679.8  160388.0 96009.8   1401   84.110  155    18.141  102.250
43648.0 43648.0  0.0   19608.5 87424.0  15506.0   699072.0   437679.8  160388.0 96009.8   1401   84.110  155    18.141  102.250
43648.0 43648.0  0.0   19608.5 87424.0  15582.5   699072.0   437679.8  160388.0 96009.8   1401   84.110  155    18.141  102.250
43648.0 43648.0  0.0   19608.5 87424.0  15649.3   699072.0   437679.8  160388.0 96009.8   1401   84.110  155    18.141  102.250
43648.0 43648.0  0.0   19608.5 87424.0  15699.7   699072.0   437679.8  160388.0 96009.8   1401   84.110  155    18.141  102.250
43648.0 43648.0  0.0   19608.5 87424.0  17391.0   699072.0   437679.8  160388.0 96009.8   1401   84.110  155    18.141  102.250
43648.0 43648.0  0.0   19608.5 87424.0  22096.4   699072.0   437679.8  160388.0 96009.8   1401   84.110  155    18.141  102.250
43648.0 43648.0  0.0   19608.5 87424.0  23918.1   699072.0   437679.8  160388.0 96009.8   1401   84.110  155    18.141  102.250
43648.0 43648.0  0.0   19608.5 87424.0  26706.0   699072.0   437679.8  160388.0 96009.8   1401   84.110  155    18.141  102.250
43648.0 43648.0  0.0   25634.8 87424.0  78208.7   699072.0   437679.8  160388.0 96009.8   1403   84.214  155    18.141  102.355
43648.0 43648.0  0.0   25634.8 87424.0  78563.5   699072.0   437679.8  160388.0 96009.8   1403   84.214  155    18.141  102.355
43648.0 43648.0  0.0   25634.8 87424.0  79518.5   699072.0   437679.8  160388.0 96009.8   1403   84.214  155    18.141  102.355
43648.0 43648.0  0.0   25634.8 87424.0  80446.2   699072.0   437679.8  160388.0 96011.7   1403   84.214  155    18.141  102.355
43648.0 43648.0  0.0   25634.8 87424.0  81414.5   699072.0   437679.8  160388.0 96011.7   1403   84.214  155    18.141  102.355
43648.0 43648.0  0.0   25634.8 87424.0  82198.3   699072.0   437679.8  160388.0 96011.7   1403   84.214  155    18.141  102.355
43648.0 43648.0  0.0   25634.8 87424.0  82300.9   699072.0   437679.8  160388.0 96011.7   1403   84.214  155    18.141  102.355
43648.0 43648.0  0.0   25634.8 87424.0  82335.2   699072.0   437679.8  160388.0 96011.7   1403   84.214  155    18.141  102.355
43648.0 43648.0  0.0   25634.8 87424.0  82373.4   699072.0   437679.8  160388.0 96011.7   1403   84.214  155    18.141  102.355
43648.0 43648.0  0.0   25634.8 87424.0  83667.2   699072.0   437679.8  160388.0 96011.7   1403   84.214  155    18.141  102.355
43648.0 43648.0  0.0   25634.8 87424.0  87096.9   699072.0   437679.8  160388.0 96011.7   1403   84.214  155    18.141  102.355
43648.0 43648.0  0.0   36799.6 87424.0  19179.3   699072.0   462273.9  160388.0 96011.7   1409   84.721  155    18.141  102.861
43648.0 43648.0  0.0   36799.6 87424.0  59078.4   699072.0   462273.9  160388.0 96012.3   1409   84.721  155    18.141  102.861
43648.0 43648.0 36582.4  0.0   87424.0  31792.9   699072.0   462273.9  160388.0 96014.2   1412   84.940  155    18.141  103.080
43648.0 43648.0 18471.9  0.0   87424.0  85428.2   699072.0   473425.8  160388.0 96014.2   1414   85.105  155    18.141  103.245
43648.0 43648.0 18471.9  0.0   87424.0  86450.4   699072.0   473425.8  160388.0 96014.2   1414   85.105  155    18.141  103.245
43648.0 43648.0  0.0   23997.3 87424.0   3285.9   699072.0   473425.8  160388.0 96014.2   1415   85.174  155    18.141  103.314
43648.0 43648.0  0.0   23997.3 87424.0   5445.1   699072.0   473425.8  160388.0 96014.2   1415   85.174  155    18.141  103.314
43648.0 43648.0  0.0   23997.3 87424.0   7021.9   699072.0   473425.8  160388.0 96014.2   1415   85.174  155    18.141  103.314
43648.0 43648.0  0.0   23997.3 87424.0   7075.2   699072.0   473425.8  160388.0 96014.2   1415   85.174  155    18.141  103.314
43648.0 43648.0  0.0   23997.3 87424.0   7564.1   699072.0   473425.8  160388.0 96014.2   1415   85.174  155    18.141  103.314
43648.0 43648.0  0.0   23997.3 87424.0   8451.8   699072.0   473425.8  160388.0 96014.2   1415   85.174  155    18.141  103.314
43648.0 43648.0  0.0   23997.3 87424.0  10083.7   699072.0   473425.8  160388.0 96014.2   1415   85.174  155    18.141  103.314
43648.0 43648.0  0.0   23997.3 87424.0  10631.1   699072.0   473425.8  160388.0 96014.2   1415   85.174  155    18.141  103.314
43648.0 43648.0  0.0   23997.3 87424.0  45620.9   699072.0   473425.8  160388.0 96014.2   1415   85.174  155    18.141  103.314
43648.0 43648.0  0.0   23997.3 87424.0  55593.9   699072.0   473425.8  160388.0 96016.5   1415   85.174  155    18.141  103.314
43648.0 43648.0  0.0   23997.3 87424.0  60494.9   699072.0   473425.8  160388.0 96017.2   1415   85.174  155    18.141  103.314
43648.0 43648.0 26947.4  0.0   87424.0   7599.2   699072.0   473425.8  160388.0 96018.0   1416   85.234  155    18.141  103.374
43648.0 43648.0 26947.4  0.0   87424.0  10000.0   699072.0   473425.8  160388.0 96018.0   1416   85.234  155    18.141  103.374
43648.0 43648.0 26947.4  0.0   87424.0  45732.0   699072.0   418129.8  160388.0 95755.2   1416   85.234  156    18.346  103.580
43648.0 43648.0 26947.4  0.0   87424.0  48220.8   699072.0   418129.8  160388.0 95755.2   1416   85.234  156    18.346  103.580
43648.0 43648.0 26947.4  0.0   87424.0  48350.2   699072.0   418129.8  160388.0 95755.2   1416   85.234  156    18.346  103.580
43648.0 43648.0 26947.4  0.0   87424.0  52750.0   699072.0   418129.8  160388.0 95755.4   1416   85.234  156    18.346  103.580
43648.0 43648.0 26947.4  0.0   87424.0  56119.8   699072.0   418129.8  160388.0 95756.3   1416   85.234  156    18.346  103.580
43648.0 43648.0  0.0   34280.8 87424.0  21938.4   699072.0   418129.8  160388.0 95756.9   1419   85.432  157    18.491  103.923
43648.0 43648.0  0.0   27326.8 87424.0  87424.0   699072.0   427852.1  160388.0 95757.4   1424   85.710  157    18.491  104.200
43648.0 43648.0  0.0   33292.7 87424.0   5758.7   699072.0   447006.6  160388.0 95757.4   1427   86.099  157    18.491  104.590
43648.0 43648.0  0.0   33292.7 87424.0   7733.7   699072.0   447006.6  160388.0 95758.4   1427   86.099  157    18.491  104.590
43648.0 43648.0  0.0   33292.7 87424.0   9617.4   699072.0   447006.6  160388.0 95760.6   1427   86.099  157    18.491  104.590
43648.0 43648.0  0.0   33292.7 87424.0  14089.8   699072.0   447006.6  160388.0 95761.2   1427   86.099  157    18.491  104.590
43648.0 43648.0  0.0   33292.7 87424.0  78418.7   699072.0   447006.6  160388.0 95761.2   1427   86.099  157    18.491  104.590
43648.0 43648.0  0.0   33292.7 87424.0  80813.6   699072.0   447006.6  160388.0 95761.2   1427   86.099  157    18.491  104.590
43648.0 43648.0 20463.5  0.0   87424.0  28076.2   699072.0   447006.6  160388.0 95761.5   1428   86.166  157    18.491  104.656
43648.0 43648.0 20463.5  0.0   87424.0  30828.2   699072.0   412104.3  160388.0 95638.0   1428   86.166  158    18.641  104.807
